Setting up paths...
Loading pretrained model...
Loading test data...
Loading data from data/enwik8
Created 48 test batches

Analyzing attention patterns...
Visualizing attention patterns...

Creating sparse attention model...

Sparse Attention Configuration:
- Local Window Size: 512
- Global Tokens: 165001
- Sparsity Threshold: 0.01

Comparing attention mechanisms...

Results Summary:
Full Attention:
- Perplexity: 3.46
- Speed: 31008.55 tokens/sec
- Memory: 607.66 MB

Sparse Attention:
- Perplexity: 30.21
- Speed: 22542.01 tokens/sec
- Memory: 603.93 MB

Relative Differences:
- Perplexity degradation: 773.1%
- Speed improvement: -27.3%
- Memory reduction: 0.6%
