Traceback (most recent call last):
  File "/var/scratch/tng204/thesis/bachelor_thesis/analyze_attention.py", line 219, in <module>
    main() 
  File "/var/scratch/tng204/thesis/bachelor_thesis/analyze_attention.py", line 144, in main
    results = analyzer.analyze_sequence(sample_seq, tokenizer)
  File "/var/scratch/tng204/thesis/bachelor_thesis/attention_analysis.py", line 48, in analyze_sequence
    _ = self.model(input_seq)
  File "/var/scratch/tng204/anaconda3/envs/mltrain/lib/python3.10/site-packages/torch/nn/modules/module.py", line 1130, in _call_impl
    return forward_call(*input, **kwargs)
  File "/var/scratch/tng204/thesis/bachelor_thesis/stable_char_transformer.py", line 424, in forward
    x = block(x, src_mask=mask)
  File "/var/scratch/tng204/anaconda3/envs/mltrain/lib/python3.10/site-packages/torch/nn/modules/module.py", line 1130, in _call_impl
    return forward_call(*input, **kwargs)
  File "/var/scratch/tng204/thesis/bachelor_thesis/stable_char_transformer.py", line 278, in forward
    src = src + self._attention_block(src, src_mask)
  File "/var/scratch/tng204/thesis/bachelor_thesis/stable_char_transformer.py", line 243, in _attention_block
    src2, _ = self.self_attn(src2, src2, src2, attn_mask=src_mask, need_weights=False)
  File "/var/scratch/tng204/anaconda3/envs/mltrain/lib/python3.10/site-packages/torch/nn/modules/module.py", line 1151, in _call_impl
    hook_result = hook(self, input, result)
  File "/var/scratch/tng204/thesis/bachelor_thesis/attention_analysis.py", line 25, in attention_hook
    self.attention_maps.append(attn_weights.detach().cpu())
AttributeError: 'NoneType' object has no attribute 'detach'
