Traceback (most recent call last):
  File "/var/scratch/tng204/thesis/bachelor_thesis/analyze_attention.py", line 225, in <module>
    main() 
  File "/var/scratch/tng204/thesis/bachelor_thesis/analyze_attention.py", line 195, in main
    comparison_results = compare_attention_mechanisms(
  File "/var/scratch/tng204/thesis/bachelor_thesis/attention_analysis.py", line 522, in compare_attention_mechanisms
    outputs = m(inputs)
  File "/var/scratch/tng204/anaconda3/envs/mltrain/lib/python3.10/site-packages/torch/nn/modules/module.py", line 1130, in _call_impl
    return forward_call(*input, **kwargs)
  File "/var/scratch/tng204/thesis/bachelor_thesis/stable_char_transformer.py", line 424, in forward
    x = block(x, src_mask=mask)
  File "/var/scratch/tng204/anaconda3/envs/mltrain/lib/python3.10/site-packages/torch/nn/modules/module.py", line 1130, in _call_impl
    return forward_call(*input, **kwargs)
  File "/var/scratch/tng204/thesis/bachelor_thesis/stable_char_transformer.py", line 278, in forward
    src = src + self._attention_block(src, src_mask)
  File "/var/scratch/tng204/thesis/bachelor_thesis/stable_char_transformer.py", line 243, in _attention_block
    src2, attn_weights = self.self_attn(src2, src2, src2, attn_mask=src_mask, need_weights=True)
  File "/var/scratch/tng204/anaconda3/envs/mltrain/lib/python3.10/site-packages/torch/nn/modules/module.py", line 1130, in _call_impl
    return forward_call(*input, **kwargs)
  File "/var/scratch/tng204/thesis/bachelor_thesis/attention_analysis.py", line 349, in forward
    attn_weights = attn_weights.masked_fill(attn_mask.unsqueeze(0).unsqueeze(0), float('-inf'))
RuntimeError: expected mask dtype to be Bool but got Float
