node026:700877:700877 [0] NCCL INFO NET/Plugin : No plugin found (libnccl-net.so), using internal implementation
node026:700877:700877 [0] NCCL INFO NET/IB : Using [0]mlx4_0:1/IB ; OOB ib0:10.149.0.26<0>
node026:700877:700877 [0] NCCL INFO Using network IB
node026:700877:700893 [0] NCCL INFO Trees [0] 4/12/-1->8->0 [1] -1/-1/-1->8->9
node046:723768:723780 [0] NCCL INFO Trees [0] -1/-1/-1->9->10 [1] 10/8/-1->9->11
node046:723768:723780 [0] NCCL INFO Setting affinity for GPU 0 to 0f000f
node047:705084:705096 [0] NCCL INFO Trees [0] 9/11/-1->10->12 [1] -1/-1/-1->10->9
node047:705084:705096 [0] NCCL INFO Setting affinity for GPU 0 to 0f000f
node048:685314:685326 [0] NCCL INFO Trees [0] -1/-1/-1->11->10 [1] 13/9/-1->11->7
node048:685314:685326 [0] NCCL INFO Setting affinity for GPU 0 to 0f000f
node049:672579:672591 [0] NCCL INFO Trees [0] 10/14/-1->12->8 [1] -1/-1/-1->12->13
node049:672579:672591 [0] NCCL INFO Setting affinity for GPU 0 to 0f000f
node050:703583:703595 [0] NCCL INFO Trees [0] -1/-1/-1->13->14 [1] 14/12/-1->13->11
node050:703583:703595 [0] NCCL INFO Setting affinity for GPU 0 to 0f000f
node051:702144:702156 [0] NCCL INFO Trees [0] 13/15/-1->14->12 [1] -1/-1/-1->14->13
node051:702144:702156 [0] NCCL INFO Setting affinity for GPU 0 to 0f000f
node052:696331:696343 [0] NCCL INFO Trees [0] -1/-1/-1->15->14 [1] 7/-1/-1->15->-1
node052:696331:696343 [0] NCCL INFO Setting affinity for GPU 0 to 0f000f
node002:837725:837739 [0] NCCL INFO Channel 00/02 :    0   1   2   3   4   5   6   7   8   9  10  11  12  13  14  15
node002:837725:837739 [0] NCCL INFO Channel 01/02 :    0   1   2   3   4   5   6   7   8   9  10  11  12  13  14  15
node002:837725:837739 [0] NCCL INFO Trees [0] 8/-1/-1->0->-1 [1] -1/-1/-1->0->1
node002:837725:837739 [0] NCCL INFO Setting affinity for GPU 0 to 0f000f
node003:804416:804428 [0] NCCL INFO Trees [0] -1/-1/-1->1->2 [1] 2/0/-1->1->3
node003:804416:804428 [0] NCCL INFO Setting affinity for GPU 0 to 0f000f
node004:782876:782888 [0] NCCL INFO Trees [0] 1/3/-1->2->4 [1] -1/-1/-1->2->1
node004:782876:782888 [0] NCCL INFO Setting affinity for GPU 0 to 0f000f
node005:814919:814931 [0] NCCL INFO Trees [0] -1/-1/-1->3->2 [1] 5/1/-1->3->7
node005:814919:814931 [0] NCCL INFO Setting affinity for GPU 0 to 0f000f
node006:716510:716522 [0] NCCL INFO Trees [0] 2/6/-1->4->8 [1] -1/-1/-1->4->5
node006:716510:716522 [0] NCCL INFO Setting affinity for GPU 0 to 0f000f
node007:685070:685082 [0] NCCL INFO Trees [0] -1/-1/-1->5->6 [1] 6/4/-1->5->3
node007:685070:685082 [0] NCCL INFO Setting affinity for GPU 0 to 0f000f
node024:3578875:3578887 [0] NCCL INFO Trees [0] 5/7/-1->6->4 [1] -1/-1/-1->6->5
node024:3578875:3578887 [0] NCCL INFO Setting affinity for GPU 0 to 0f000f
node025:1006871:1006883 [0] NCCL INFO Trees [0] -1/-1/-1->7->6 [1] 11/3/-1->7->15
node025:1006871:1006883 [0] NCCL INFO Setting affinity for GPU 0 to 0f000f
node026:700877:700893 [0] NCCL INFO Channel 00 : 7[3000] -> 8[82000] [receive] via NET/IB/0
node046:723768:723780 [0] NCCL INFO Channel 00 : 8[82000] -> 9[3000] [receive] via NET/IB/0
node047:705084:705096 [0] NCCL INFO Channel 00 : 9[3000] -> 10[3000] [receive] via NET/IB/0
node048:685314:685326 [0] NCCL INFO Channel 00 : 10[3000] -> 11[3000] [receive] via NET/IB/0
node049:672579:672591 [0] NCCL INFO Channel 00 : 11[3000] -> 12[3000] [receive] via NET/IB/0
node050:703583:703595 [0] NCCL INFO Channel 00 : 12[3000] -> 13[3000] [receive] via NET/IB/0
node051:702144:702156 [0] NCCL INFO Channel 00 : 13[3000] -> 14[3000] [receive] via NET/IB/0
node052:696331:696343 [0] NCCL INFO Channel 00 : 14[3000] -> 15[3000] [receive] via NET/IB/0
node003:804416:804428 [0] NCCL INFO Channel 00 : 0[3000] -> 1[3000] [receive] via NET/IB/0
node004:782876:782888 [0] NCCL INFO Channel 00 : 1[3000] -> 2[3000] [receive] via NET/IB/0
node007:685070:685082 [0] NCCL INFO Channel 00 : 4[3000] -> 5[3000] [receive] via NET/IB/0
node002:837725:837739 [0] NCCL INFO Channel 00 : 15[3000] -> 0[3000] [receive] via NET/IB/0
node006:716510:716522 [0] NCCL INFO Channel 00 : 3[3000] -> 4[3000] [receive] via NET/IB/0
node005:814919:814931 [0] NCCL INFO Channel 00 : 2[3000] -> 3[3000] [receive] via NET/IB/0
node024:3578875:3578887 [0] NCCL INFO Channel 00 : 5[3000] -> 6[3000] [receive] via NET/IB/0
node025:1006871:1006883 [0] NCCL INFO Channel 00 : 6[3000] -> 7[3000] [receive] via NET/IB/0
node026:700877:700893 [0] NCCL INFO Channel 01 : 7[3000] -> 8[82000] [receive] via NET/IB/0
node046:723768:723780 [0] NCCL INFO Channel 01 : 8[82000] -> 9[3000] [receive] via NET/IB/0
node047:705084:705096 [0] NCCL INFO Channel 01 : 9[3000] -> 10[3000] [receive] via NET/IB/0
node048:685314:685326 [0] NCCL INFO Channel 01 : 10[3000] -> 11[3000] [receive] via NET/IB/0
node049:672579:672591 [0] NCCL INFO Channel 01 : 11[3000] -> 12[3000] [receive] via NET/IB/0
node050:703583:703595 [0] NCCL INFO Channel 01 : 12[3000] -> 13[3000] [receive] via NET/IB/0
node052:696331:696343 [0] NCCL INFO Channel 01 : 14[3000] -> 15[3000] [receive] via NET/IB/0
node051:702144:702156 [0] NCCL INFO Channel 01 : 13[3000] -> 14[3000] [receive] via NET/IB/0
node003:804416:804428 [0] NCCL INFO Channel 01 : 0[3000] -> 1[3000] [receive] via NET/IB/0
node004:782876:782888 [0] NCCL INFO Channel 01 : 1[3000] -> 2[3000] [receive] via NET/IB/0
node007:685070:685082 [0] NCCL INFO Channel 01 : 4[3000] -> 5[3000] [receive] via NET/IB/0
node024:3578875:3578887 [0] NCCL INFO Channel 01 : 5[3000] -> 6[3000] [receive] via NET/IB/0
node025:1006871:1006883 [0] NCCL INFO Channel 01 : 6[3000] -> 7[3000] [receive] via NET/IB/0
node005:814919:814931 [0] NCCL INFO Channel 01 : 2[3000] -> 3[3000] [receive] via NET/IB/0
node006:716510:716522 [0] NCCL INFO Channel 01 : 3[3000] -> 4[3000] [receive] via NET/IB/0
node002:837725:837739 [0] NCCL INFO Channel 01 : 15[3000] -> 0[3000] [receive] via NET/IB/0
node026:700877:700893 [0] NCCL INFO Channel 00 : 8[82000] -> 9[3000] [send] via NET/IB/0
node046:723768:723780 [0] NCCL INFO Channel 00 : 9[3000] -> 10[3000] [send] via NET/IB/0
node048:685314:685326 [0] NCCL INFO Channel 00 : 11[3000] -> 12[3000] [send] via NET/IB/0
node047:705084:705096 [0] NCCL INFO Channel 00 : 10[3000] -> 11[3000] [send] via NET/IB/0
node049:672579:672591 [0] NCCL INFO Channel 00 : 12[3000] -> 13[3000] [send] via NET/IB/0
node050:703583:703595 [0] NCCL INFO Channel 00 : 13[3000] -> 14[3000] [send] via NET/IB/0
node051:702144:702156 [0] NCCL INFO Channel 00 : 14[3000] -> 15[3000] [send] via NET/IB/0
node052:696331:696343 [0] NCCL INFO Channel 00 : 15[3000] -> 0[3000] [send] via NET/IB/0
node003:804416:804428 [0] NCCL INFO Channel 00 : 1[3000] -> 2[3000] [send] via NET/IB/0
node007:685070:685082 [0] NCCL INFO Channel 00 : 5[3000] -> 6[3000] [send] via NET/IB/0
node004:782876:782888 [0] NCCL INFO Channel 00 : 2[3000] -> 3[3000] [send] via NET/IB/0
node024:3578875:3578887 [0] NCCL INFO Channel 00 : 6[3000] -> 7[3000] [send] via NET/IB/0
node025:1006871:1006883 [0] NCCL INFO Channel 00 : 7[3000] -> 8[82000] [send] via NET/IB/0
node006:716510:716522 [0] NCCL INFO Channel 00 : 4[3000] -> 5[3000] [send] via NET/IB/0
node005:814919:814931 [0] NCCL INFO Channel 00 : 3[3000] -> 4[3000] [send] via NET/IB/0
node002:837725:837739 [0] NCCL INFO Channel 00 : 0[3000] -> 1[3000] [send] via NET/IB/0
node026:700877:700893 [0] NCCL INFO Channel 01 : 8[82000] -> 9[3000] [send] via NET/IB/0
node046:723768:723780 [0] NCCL INFO Channel 01 : 9[3000] -> 10[3000] [send] via NET/IB/0
node048:685314:685326 [0] NCCL INFO Channel 01 : 11[3000] -> 12[3000] [send] via NET/IB/0
node047:705084:705096 [0] NCCL INFO Channel 01 : 10[3000] -> 11[3000] [send] via NET/IB/0
node049:672579:672591 [0] NCCL INFO Channel 01 : 12[3000] -> 13[3000] [send] via NET/IB/0
node050:703583:703595 [0] NCCL INFO Channel 01 : 13[3000] -> 14[3000] [send] via NET/IB/0
node051:702144:702156 [0] NCCL INFO Channel 01 : 14[3000] -> 15[3000] [send] via NET/IB/0
node052:696331:696343 [0] NCCL INFO Channel 01 : 15[3000] -> 0[3000] [send] via NET/IB/0
node003:804416:804428 [0] NCCL INFO Channel 01 : 1[3000] -> 2[3000] [send] via NET/IB/0
node004:782876:782888 [0] NCCL INFO Channel 01 : 2[3000] -> 3[3000] [send] via NET/IB/0
node007:685070:685082 [0] NCCL INFO Channel 01 : 5[3000] -> 6[3000] [send] via NET/IB/0
node025:1006871:1006883 [0] NCCL INFO Channel 01 : 7[3000] -> 8[82000] [send] via NET/IB/0
node024:3578875:3578887 [0] NCCL INFO Channel 01 : 6[3000] -> 7[3000] [send] via NET/IB/0
node006:716510:716522 [0] NCCL INFO Channel 01 : 4[3000] -> 5[3000] [send] via NET/IB/0
node005:814919:814931 [0] NCCL INFO Channel 01 : 3[3000] -> 4[3000] [send] via NET/IB/0
node002:837725:837739 [0] NCCL INFO Channel 01 : 0[3000] -> 1[3000] [send] via NET/IB/0
node048:685314:685326 [0] NCCL INFO NCCL_IB_TIMEOUT set by environment to 30.
node047:705084:705096 [0] NCCL INFO NCCL_IB_TIMEOUT set by environment to 30.
node049:672579:672591 [0] NCCL INFO NCCL_IB_TIMEOUT set by environment to 30.
node050:703583:703595 [0] NCCL INFO NCCL_IB_TIMEOUT set by environment to 30.
node051:702144:702156 [0] NCCL INFO NCCL_IB_TIMEOUT set by environment to 30.
node046:723768:723780 [0] NCCL INFO NCCL_IB_TIMEOUT set by environment to 30.
node047:705084:705096 [0] NCCL INFO Connected all rings
node048:685314:685326 [0] NCCL INFO Connected all rings
node049:672579:672591 [0] NCCL INFO Connected all rings
node007:685070:685082 [0] NCCL INFO NCCL_IB_TIMEOUT set by environment to 30.
node050:703583:703595 [0] NCCL INFO Connected all rings
node051:702144:702156 [0] NCCL INFO Connected all rings
node046:723768:723780 [0] NCCL INFO Connected all rings
node026:700877:700893 [0] NCCL INFO NCCL_IB_TIMEOUT set by environment to 30.
node024:3578875:3578887 [0] NCCL INFO NCCL_IB_TIMEOUT set by environment to 30.
node025:1006871:1006883 [0] NCCL INFO NCCL_IB_TIMEOUT set by environment to 30.
node004:782876:782888 [0] NCCL INFO NCCL_IB_TIMEOUT set by environment to 30.
node005:814919:814931 [0] NCCL INFO NCCL_IB_TIMEOUT set by environment to 30.
node006:716510:716522 [0] NCCL INFO NCCL_IB_TIMEOUT set by environment to 30.
node003:804416:804428 [0] NCCL INFO NCCL_IB_TIMEOUT set by environment to 30.
node002:837725:837739 [0] NCCL INFO NCCL_IB_TIMEOUT set by environment to 30.
node007:685070:685082 [0] NCCL INFO Connected all rings
node052:696331:696343 [0] NCCL INFO NCCL_IB_TIMEOUT set by environment to 30.
node026:700877:700893 [0] NCCL INFO Connected all rings
node024:3578875:3578887 [0] NCCL INFO Connected all rings
node025:1006871:1006883 [0] NCCL INFO Connected all rings
node004:782876:782888 [0] NCCL INFO Connected all rings
node003:804416:804428 [0] NCCL INFO Connected all rings
node006:716510:716522 [0] NCCL INFO Connected all rings
node002:837725:837739 [0] NCCL INFO Connected all rings
node005:814919:814931 [0] NCCL INFO Connected all rings
node052:696331:696343 [0] NCCL INFO Connected all rings
node047:705084:705096 [0] NCCL INFO Channel 00 : 10[3000] -> 12[3000] [send] via NET/IB/0
node048:685314:685326 [0] NCCL INFO Channel 01 : 9[3000] -> 11[3000] [receive] via NET/IB/0
node049:672579:672591 [0] NCCL INFO Channel 00 : 10[3000] -> 12[3000] [receive] via NET/IB/0
node050:703583:703595 [0] NCCL INFO Channel 01 : 11[3000] -> 13[3000] [receive] via NET/IB/0
node051:702144:702156 [0] NCCL INFO Channel 00 : 12[3000] -> 14[3000] [receive] via NET/IB/0
node046:723768:723780 [0] NCCL INFO Channel 01 : 9[3000] -> 11[3000] [send] via NET/IB/0
node007:685070:685082 [0] NCCL INFO Channel 01 : 3[3000] -> 5[3000] [receive] via NET/IB/0
node026:700877:700893 [0] NCCL INFO Channel 00 : 4[3000] -> 8[82000] [receive] via NET/IB/0
node025:1006871:1006883 [0] NCCL INFO Channel 01 : 3[3000] -> 7[3000] [receive] via NET/IB/0
node024:3578875:3578887 [0] NCCL INFO Channel 00 : 4[3000] -> 6[3000] [receive] via NET/IB/0
node003:804416:804428 [0] NCCL INFO Channel 01 : 1[3000] -> 3[3000] [send] via NET/IB/0
node004:782876:782888 [0] NCCL INFO Channel 00 : 2[3000] -> 4[3000] [send] via NET/IB/0
node006:716510:716522 [0] NCCL INFO Channel 00 : 2[3000] -> 4[3000] [receive] via NET/IB/0
node005:814919:814931 [0] NCCL INFO Channel 01 : 1[3000] -> 3[3000] [receive] via NET/IB/0
node052:696331:696343 [0] NCCL INFO Channel 01 : 7[3000] -> 15[3000] [receive] via NET/IB/0
node002:837725:837739 [0] NCCL INFO Channel 00 : 8[82000] -> 0[3000] [receive] via NET/IB/0
node048:685314:685326 [0] NCCL INFO Channel 01 : 11[3000] -> 13[3000] [send] via NET/IB/0
node049:672579:672591 [0] NCCL INFO Channel 00 : 12[3000] -> 14[3000] [send] via NET/IB/0
node026:700877:700893 [0] NCCL INFO Channel 00 : 8[82000] -> 12[3000] [send] via NET/IB/0
node025:1006871:1006883 [0] NCCL INFO Channel 01 : 7[3000] -> 11[3000] [send] via NET/IB/0
node006:716510:716522 [0] NCCL INFO Channel 00 : 4[3000] -> 6[3000] [send] via NET/IB/0
node052:696331:696343 [0] NCCL INFO Channel 01 : 15[3000] -> 7[3000] [send] via NET/IB/0
node005:814919:814931 [0] NCCL INFO Channel 01 : 3[3000] -> 5[3000] [send] via NET/IB/0
node002:837725:837739 [0] NCCL INFO Channel 00 : 0[3000] -> 8[82000] [send] via NET/IB/0
node046:723768:723780 [0] NCCL INFO Channel 01 : 11[3000] -> 9[3000] [receive] via NET/IB/0
node047:705084:705096 [0] NCCL INFO Channel 00 : 12[3000] -> 10[3000] [receive] via NET/IB/0
node050:703583:703595 [0] NCCL INFO Channel 01 : 13[3000] -> 11[3000] [send] via NET/IB/0
node049:672579:672591 [0] NCCL INFO Channel 00 : 8[82000] -> 12[3000] [receive] via NET/IB/0
node051:702144:702156 [0] NCCL INFO Channel 00 : 14[3000] -> 12[3000] [send] via NET/IB/0
node048:685314:685326 [0] NCCL INFO Channel 01 : 7[3000] -> 11[3000] [receive] via NET/IB/0
node003:804416:804428 [0] NCCL INFO Channel 01 : 3[3000] -> 1[3000] [receive] via NET/IB/0
node004:782876:782888 [0] NCCL INFO Channel 00 : 4[3000] -> 2[3000] [receive] via NET/IB/0
node006:716510:716522 [0] NCCL INFO Channel 00 : 4[3000] -> 8[82000] [send] via NET/IB/0
node024:3578875:3578887 [0] NCCL INFO Channel 00 : 6[3000] -> 4[3000] [send] via NET/IB/0
node007:685070:685082 [0] NCCL INFO Channel 01 : 5[3000] -> 3[3000] [send] via NET/IB/0
node005:814919:814931 [0] NCCL INFO Channel 01 : 3[3000] -> 7[3000] [send] via NET/IB/0
node006:716510:716522 [0] NCCL INFO Channel 00 : 8[82000] -> 4[3000] [receive] via NET/IB/0
node005:814919:814931 [0] NCCL INFO Channel 01 : 7[3000] -> 3[3000] [receive] via NET/IB/0
node026:700877:700893 [0] NCCL INFO Channel 00 : 0[3000] -> 8[82000] [receive] via NET/IB/0
node049:672579:672591 [0] NCCL INFO Channel 00 : 12[3000] -> 8[82000] [send] via NET/IB/0
node048:685314:685326 [0] NCCL INFO Channel 01 : 11[3000] -> 7[3000] [send] via NET/IB/0
node025:1006871:1006883 [0] NCCL INFO Channel 01 : 15[3000] -> 7[3000] [receive] via NET/IB/0
node026:700877:700893 [0] NCCL INFO Channel 00 : 8[82000] -> 0[3000] [send] via NET/IB/0
node025:1006871:1006883 [0] NCCL INFO Channel 01 : 7[3000] -> 15[3000] [send] via NET/IB/0
node002:837725:837739 [0] NCCL INFO Channel 01 : 1[3000] -> 0[3000] [receive] via NET/IB/0
node026:700877:700893 [0] NCCL INFO Channel 00 : 12[3000] -> 8[82000] [receive] via NET/IB/0
node025:1006871:1006883 [0] NCCL INFO Channel 01 : 11[3000] -> 7[3000] [receive] via NET/IB/0
node052:696331:696343 [0] NCCL INFO Channel 00 : 15[3000] -> 14[3000] [send] via NET/IB/0
node026:700877:700893 [0] NCCL INFO Channel 00 : 8[82000] -> 4[3000] [send] via NET/IB/0
node025:1006871:1006883 [0] NCCL INFO Channel 01 : 7[3000] -> 3[3000] [send] via NET/IB/0
node049:672579:672591 [0] NCCL INFO Channel 00 : 14[3000] -> 12[3000] [receive] via NET/IB/0
node048:685314:685326 [0] NCCL INFO Channel 01 : 13[3000] -> 11[3000] [receive] via NET/IB/0
node026:700877:700893 [0] NCCL INFO Channel 01 : 9[3000] -> 8[82000] [receive] via NET/IB/0
node006:716510:716522 [0] NCCL INFO Channel 00 : 6[3000] -> 4[3000] [receive] via NET/IB/0
node025:1006871:1006883 [0] NCCL INFO Channel 00 : 7[3000] -> 6[3000] [send] via NET/IB/0
node005:814919:814931 [0] NCCL INFO Channel 01 : 5[3000] -> 3[3000] [receive] via NET/IB/0
node049:672579:672591 [0] NCCL INFO Channel 00 : 12[3000] -> 10[3000] [send] via NET/IB/0
node048:685314:685326 [0] NCCL INFO Channel 01 : 11[3000] -> 9[3000] [send] via NET/IB/0
node006:716510:716522 [0] NCCL INFO Channel 00 : 4[3000] -> 2[3000] [send] via NET/IB/0
node005:814919:814931 [0] NCCL INFO Channel 01 : 3[3000] -> 1[3000] [send] via NET/IB/0
node051:702144:702156 [0] NCCL INFO Channel 00 : 15[3000] -> 14[3000] [receive] via NET/IB/0
node050:703583:703595 [0] NCCL INFO Channel 00 : 14[3000] -> 13[3000] [receive] via NET/IB/0
node047:705084:705096 [0] NCCL INFO Channel 00 : 11[3000] -> 10[3000] [receive] via NET/IB/0
node049:672579:672591 [0] NCCL INFO Channel 01 : 13[3000] -> 12[3000] [receive] via NET/IB/0
node024:3578875:3578887 [0] NCCL INFO Channel 00 : 7[3000] -> 6[3000] [receive] via NET/IB/0
node046:723768:723780 [0] NCCL INFO Channel 00 : 10[3000] -> 9[3000] [receive] via NET/IB/0
node007:685070:685082 [0] NCCL INFO Channel 00 : 6[3000] -> 5[3000] [receive] via NET/IB/0
node004:782876:782888 [0] NCCL INFO Channel 00 : 3[3000] -> 2[3000] [receive] via NET/IB/0
node048:685314:685326 [0] NCCL INFO Channel 00 : 11[3000] -> 10[3000] [send] via NET/IB/0
node003:804416:804428 [0] NCCL INFO Channel 00 : 2[3000] -> 1[3000] [receive] via NET/IB/0
node006:716510:716522 [0] NCCL INFO Channel 01 : 5[3000] -> 4[3000] [receive] via NET/IB/0
node005:814919:814931 [0] NCCL INFO Channel 00 : 3[3000] -> 2[3000] [send] via NET/IB/0
node051:702144:702156 [0] NCCL INFO Channel 00 : 14[3000] -> 13[3000] [send] via NET/IB/0
node050:703583:703595 [0] NCCL INFO Channel 01 : 14[3000] -> 13[3000] [receive] via NET/IB/0
node047:705084:705096 [0] NCCL INFO Channel 00 : 10[3000] -> 9[3000] [send] via NET/IB/0
node024:3578875:3578887 [0] NCCL INFO Channel 00 : 6[3000] -> 5[3000] [send] via NET/IB/0
node046:723768:723780 [0] NCCL INFO Channel 01 : 10[3000] -> 9[3000] [receive] via NET/IB/0
node007:685070:685082 [0] NCCL INFO Channel 01 : 6[3000] -> 5[3000] [receive] via NET/IB/0
node004:782876:782888 [0] NCCL INFO Channel 00 : 2[3000] -> 1[3000] [send] via NET/IB/0
node003:804416:804428 [0] NCCL INFO Channel 01 : 2[3000] -> 1[3000] [receive] via NET/IB/0
node051:702144:702156 [0] NCCL INFO Channel 01 : 14[3000] -> 13[3000] [send] via NET/IB/0
node050:703583:703595 [0] NCCL INFO Channel 01 : 13[3000] -> 12[3000] [send] via NET/IB/0
node047:705084:705096 [0] NCCL INFO Channel 01 : 10[3000] -> 9[3000] [send] via NET/IB/0
node052:696331:696343 [0] NCCL INFO Connected all trees
node052:696331:696343 [0] NCCL INFO threadThresholds 8/8/64 | 128/8/64 | 8/8/512
node052:696331:696343 [0] NCCL INFO 2 coll channels, 2 p2p channels, 1 p2p channels per peer
node024:3578875:3578887 [0] NCCL INFO Channel 01 : 6[3000] -> 5[3000] [send] via NET/IB/0
node052:696331:696343 [0] NCCL INFO comm 0x7ff498003040 rank 15 nranks 16 cudaDev 0 busId 3000 - Init COMPLETE
node046:723768:723780 [0] NCCL INFO Channel 01 : 9[3000] -> 8[82000] [send] via NET/IB/0
node048:685314:685326 [0] NCCL INFO Connected all trees
node048:685314:685326 [0] NCCL INFO threadThresholds 8/8/64 | 128/8/64 | 8/8/512
node048:685314:685326 [0] NCCL INFO 2 coll channels, 2 p2p channels, 1 p2p channels per peer
node048:685314:685326 [0] NCCL INFO comm 0x7f0d44003040 rank 11 nranks 16 cudaDev 0 busId 3000 - Init COMPLETE
node007:685070:685082 [0] NCCL INFO Channel 01 : 5[3000] -> 4[3000] [send] via NET/IB/0
node049:672579:672591 [0] NCCL INFO Connected all trees
node049:672579:672591 [0] NCCL INFO threadThresholds 8/8/64 | 128/8/64 | 8/8/512
node049:672579:672591 [0] NCCL INFO 2 coll channels, 2 p2p channels, 1 p2p channels per peer
node004:782876:782888 [0] NCCL INFO Channel 01 : 2[3000] -> 1[3000] [send] via NET/IB/0
node049:672579:672591 [0] NCCL INFO comm 0x7fde80003040 rank 12 nranks 16 cudaDev 0 busId 3000 - Init COMPLETE
node050:703583:703595 [0] NCCL INFO Connected all trees
node050:703583:703595 [0] NCCL INFO threadThresholds 8/8/64 | 128/8/64 | 8/8/512
node050:703583:703595 [0] NCCL INFO 2 coll channels, 2 p2p channels, 1 p2p channels per peer
node051:702144:702156 [0] NCCL INFO Connected all trees
node051:702144:702156 [0] NCCL INFO threadThresholds 8/8/64 | 128/8/64 | 8/8/512
node051:702144:702156 [0] NCCL INFO 2 coll channels, 2 p2p channels, 1 p2p channels per peer
node025:1006871:1006883 [0] NCCL INFO Connected all trees
node025:1006871:1006883 [0] NCCL INFO threadThresholds 8/8/64 | 128/8/64 | 8/8/512
node025:1006871:1006883 [0] NCCL INFO 2 coll channels, 2 p2p channels, 1 p2p channels per peer
node003:804416:804428 [0] NCCL INFO Channel 01 : 1[3000] -> 0[3000] [send] via NET/IB/0
node050:703583:703595 [0] NCCL INFO comm 0x7fdf60003040 rank 13 nranks 16 cudaDev 0 busId 3000 - Init COMPLETE
node025:1006871:1006883 [0] NCCL INFO comm 0x7f96b0003040 rank 7 nranks 16 cudaDev 0 busId 3000 - Init COMPLETE
node026:700877:700893 [0] NCCL INFO Connected all trees
node026:700877:700893 [0] NCCL INFO threadThresholds 8/8/64 | 128/8/64 | 8/8/512
node026:700877:700893 [0] NCCL INFO 2 coll channels, 2 p2p channels, 1 p2p channels per peer
node026:700877:700893 [0] NCCL INFO comm 0x7f2280003040 rank 8 nranks 16 cudaDev 0 busId 82000 - Init COMPLETE
node051:702144:702156 [0] NCCL INFO comm 0x7f0794003040 rank 14 nranks 16 cudaDev 0 busId 3000 - Init COMPLETE
node047:705084:705096 [0] NCCL INFO Connected all trees
node047:705084:705096 [0] NCCL INFO threadThresholds 8/8/64 | 128/8/64 | 8/8/512
node047:705084:705096 [0] NCCL INFO 2 coll channels, 2 p2p channels, 1 p2p channels per peer
node046:723768:723780 [0] NCCL INFO Connected all trees
node046:723768:723780 [0] NCCL INFO threadThresholds 8/8/64 | 128/8/64 | 8/8/512
node046:723768:723780 [0] NCCL INFO 2 coll channels, 2 p2p channels, 1 p2p channels per peer
node047:705084:705096 [0] NCCL INFO comm 0x7fdf28003040 rank 10 nranks 16 cudaDev 0 busId 3000 - Init COMPLETE
node046:723768:723780 [0] NCCL INFO comm 0x7f6e6c003040 rank 9 nranks 16 cudaDev 0 busId 3000 - Init COMPLETE
node006:716510:716522 [0] NCCL INFO Connected all trees
node006:716510:716522 [0] NCCL INFO threadThresholds 8/8/64 | 128/8/64 | 8/8/512
node006:716510:716522 [0] NCCL INFO 2 coll channels, 2 p2p channels, 1 p2p channels per peer
node006:716510:716522 [0] NCCL INFO comm 0x7fa89c003040 rank 4 nranks 16 cudaDev 0 busId 3000 - Init COMPLETE
node005:814919:814931 [0] NCCL INFO Connected all trees
node005:814919:814931 [0] NCCL INFO threadThresholds 8/8/64 | 128/8/64 | 8/8/512
node005:814919:814931 [0] NCCL INFO 2 coll channels, 2 p2p channels, 1 p2p channels per peer
node005:814919:814931 [0] NCCL INFO comm 0x7f4eb4003040 rank 3 nranks 16 cudaDev 0 busId 3000 - Init COMPLETE
node007:685070:685082 [0] NCCL INFO Connected all trees
node007:685070:685082 [0] NCCL INFO threadThresholds 8/8/64 | 128/8/64 | 8/8/512
node007:685070:685082 [0] NCCL INFO 2 coll channels, 2 p2p channels, 1 p2p channels per peer
node007:685070:685082 [0] NCCL INFO comm 0x7f1e5c003040 rank 5 nranks 16 cudaDev 0 busId 3000 - Init COMPLETE
node002:837725:837739 [0] NCCL INFO Connected all trees
node002:837725:837739 [0] NCCL INFO threadThresholds 8/8/64 | 128/8/64 | 8/8/512
node002:837725:837739 [0] NCCL INFO 2 coll channels, 2 p2p channels, 1 p2p channels per peer
node024:3578875:3578887 [0] NCCL INFO Connected all trees
node002:837725:837739 [0] NCCL INFO comm 0x7f6240003040 rank 0 nranks 16 cudaDev 0 busId 3000 - Init COMPLETE
node024:3578875:3578887 [0] NCCL INFO threadThresholds 8/8/64 | 128/8/64 | 8/8/512
node024:3578875:3578887 [0] NCCL INFO 2 coll channels, 2 p2p channels, 1 p2p channels per peer
node024:3578875:3578887 [0] NCCL INFO comm 0x7f69c0003040 rank 6 nranks 16 cudaDev 0 busId 3000 - Init COMPLETE
node002:837725:837725 [0] NCCL INFO Launch mode Parallel
node003:804416:804428 [0] NCCL INFO Connected all trees
node003:804416:804428 [0] NCCL INFO threadThresholds 8/8/64 | 128/8/64 | 8/8/512
node003:804416:804428 [0] NCCL INFO 2 coll channels, 2 p2p channels, 1 p2p channels per peer
node003:804416:804428 [0] NCCL INFO comm 0x7f4848003040 rank 1 nranks 16 cudaDev 0 busId 3000 - Init COMPLETE
node004:782876:782888 [0] NCCL INFO Connected all trees
node004:782876:782888 [0] NCCL INFO threadThresholds 8/8/64 | 128/8/64 | 8/8/512
node004:782876:782888 [0] NCCL INFO 2 coll channels, 2 p2p channels, 1 p2p channels per peer
node004:782876:782888 [0] NCCL INFO comm 0x7fd00c003040 rank 2 nranks 16 cudaDev 0 busId 3000 - Init COMPLETE
Process 0/16 initialized successfully
Process 0 using device: cuda:0
Process 8/16 initialized successfully
Loading data...
Process 8 using device: cuda:0
Process 12/16 initialized successfully
Process 4/16 initialized successfully
Process 12 using device: cuda:0
Process 4 using device: cuda:0
Process 10/16 initialized successfully
Process 2/16 initialized successfully
Process 10 using device: cuda:0
Process 14/16 initialized successfully
Process 6/16 initialized successfully
Loading data from data/enwik8
Process 14 using device: cuda:0
Process 2 using device: cuda:0
Process 6 using device: cuda:0
Process 13/16 initialized successfully
Process 9/16 initialized successfully
Process 1/16 initialized successfully
Process 9 using device: cuda:0
Process 3/16 initialized successfully
Process 15/16 initialized successfully
Process 13 using device: cuda:0
Process 11/16 initialized successfully
Process 5/16 initialized successfully
Process 1 using device: cuda:0
Process 7/16 initialized successfully
Process 11 using device: cuda:0
Process 3 using device: cuda:0
Process 5 using device: cuda:0
Process 15 using device: cuda:0
Process 7 using device: cuda:0
Data loaded: 99621832 bytes
Rank 5: Loading data...
Rank 1: Loading data...
Rank 2: Loading data...
Rank 6: Loading data...
Rank 4: Loading data...
Rank 9: Loading data...
Rank 11: Loading data...
Rank 3: Loading data...
Rank 10: Loading data...
Rank 14: Loading data...
Rank 8: Loading data...
Rank 12: Loading data...
Rank 13: Loading data...
Rank 7: Loading data...
Rank 15: Loading data...
Creating byte tokenizer...
Vocabulary size: 256 bytes (fixed)
Encoding text...
Loading data from data/enwik8
Loading data from data/enwik8
Loading data from data/enwik8
Loading data from data/enwik8
Loading data from data/enwik8
Loading data from data/enwik8
Loading data from data/enwik8
Loading data from data/enwik8
Loading data from data/enwik8
Loading data from data/enwik8
Loading data from data/enwik8
Loading data from data/enwik8
Loading data from data/enwik8
Loading data from data/enwik8
Loading data from data/enwik8
Rank 15: Data loaded: 99621832 bytes
Creating byte tokenizer...
Vocabulary size: 256 bytes (fixed)
Encoding text...
Rank 11: Data loaded: 99621832 bytes
Creating byte tokenizer...
Vocabulary size: 256 bytes (fixed)
Encoding text...
Rank 6: Data loaded: 99621832 bytes
Creating byte tokenizer...
Vocabulary size: 256 bytes (fixed)
Encoding text...
Rank 13: Data loaded: 99621832 bytes
Creating byte tokenizer...
Vocabulary size: 256 bytes (fixed)
Encoding text...
Rank 14: Data loaded: 99621832 bytes
Creating byte tokenizer...
Vocabulary size: 256 bytes (fixed)
Encoding text...
Rank 5: Data loaded: 99621832 bytes
Creating byte tokenizer...
Vocabulary size: 256 bytes (fixed)
Encoding text...
Rank 1: Data loaded: 99621832 bytes
Creating byte tokenizer...
Vocabulary size: 256 bytes (fixed)
Encoding text...
Rank 2: Data loaded: 99621832 bytes
Creating byte tokenizer...
Vocabulary size: 256 bytes (fixed)
Encoding text...
Rank 3: Data loaded: 99621832 bytes
Creating byte tokenizer...
Vocabulary size: 256 bytes (fixed)
Encoding text...
Rank 9: Data loaded: 99621832 bytes
Creating byte tokenizer...
Vocabulary size: 256 bytes (fixed)
Encoding text...
Rank 12: Data loaded: 99621832 bytes
Creating byte tokenizer...
Vocabulary size: 256 bytes (fixed)
Encoding text...
Rank 8: Data loaded: 99621832 bytes
Creating byte tokenizer...
Vocabulary size: 256 bytes (fixed)
Encoding text...
Rank 10: Data loaded: 99621832 bytes
Creating byte tokenizer...
Vocabulary size: 256 bytes (fixed)
Encoding text...
Rank 4: Data loaded: 99621832 bytes
Creating byte tokenizer...
Vocabulary size: 256 bytes (fixed)
Encoding text...
Rank 7: Data loaded: 99621832 bytes
Creating byte tokenizer...
Vocabulary size: 256 bytes (fixed)
Encoding text...
Encoded length: 100000000 tokens

Analyzing byte-level tokenization...
Sample text length: 100 bytes
Encoded length: 100 tokens
Token-to-byte ratio: 1.00

Example byte values (first 10):
Byte 0: < (ID: 60)
Byte 1: m (ID: 109)
Byte 2: e (ID: 101)
Byte 3: d (ID: 100)
Byte 4: i (ID: 105)
Byte 5: a (ID: 97)
Byte 6: w (ID: 119)
Byte 7: i (ID: 105)
Byte 8: k (ID: 107)
Byte 9: i (ID: 105)
Error in process 0: shape '[2, 1025]' is invalid for input of size 2049
Encoded length: 100000000 tokens

Analyzing byte-level tokenization...
Sample text length: 100 bytes
Encoded length: 100 tokens
Token-to-byte ratio: 1.00

Example byte values (first 10):
Byte 0: < (ID: 60)
Byte 1: m (ID: 109)
Byte 2: e (ID: 101)
Byte 3: d (ID: 100)
Byte 4: i (ID: 105)
Byte 5: a (ID: 97)
Byte 6: w (ID: 119)
Byte 7: i (ID: 105)
Byte 8: k (ID: 107)
Byte 9: i (ID: 105)
Error in process 11: shape '[2, 1025]' is invalid for input of size 2049
Encoded length: 100000000 tokens

Analyzing byte-level tokenization...
Sample text length: 100 bytes
Encoded length: 100 tokens
Token-to-byte ratio: 1.00

Example byte values (first 10):
Byte 0: < (ID: 60)
Byte 1: m (ID: 109)
Byte 2: e (ID: 101)
Byte 3: d (ID: 100)
Byte 4: i (ID: 105)
Byte 5: a (ID: 97)
Byte 6: w (ID: 119)
Byte 7: i (ID: 105)
Byte 8: k (ID: 107)
Byte 9: i (ID: 105)
Error in process 9: shape '[2, 1025]' is invalid for input of size 2049
Encoded length: 100000000 tokens

Analyzing byte-level tokenization...
Sample text length: 100 bytes
Encoded length: 100 tokens
Token-to-byte ratio: 1.00

Example byte values (first 10):
Byte 0: < (ID: 60)
Byte 1: m (ID: 109)
Byte 2: e (ID: 101)
Byte 3: d (ID: 100)
Byte 4: i (ID: 105)
Byte 5: a (ID: 97)
Byte 6: w (ID: 119)
Byte 7: i (ID: 105)
Byte 8: k (ID: 107)
Byte 9: i (ID: 105)
Error in process 14: shape '[2, 1025]' is invalid for input of size 2049
Encoded length: 100000000 tokens

Analyzing byte-level tokenization...
Sample text length: 100 bytes
Encoded length: 100 tokens
Token-to-byte ratio: 1.00

Example byte values (first 10):
Byte 0: < (ID: 60)
Byte 1: m (ID: 109)
Byte 2: e (ID: 101)
Byte 3: d (ID: 100)
Byte 4: i (ID: 105)
Byte 5: a (ID: 97)
Byte 6: w (ID: 119)
Byte 7: i (ID: 105)
Byte 8: k (ID: 107)
Byte 9: i (ID: 105)
Error in process 13: shape '[2, 1025]' is invalid for input of size 2049
Encoded length: 100000000 tokens

Analyzing byte-level tokenization...
Sample text length: 100 bytes
Encoded length: 100 tokens
Token-to-byte ratio: 1.00

Example byte values (first 10):
Byte 0: < (ID: 60)
Byte 1: m (ID: 109)
Byte 2: e (ID: 101)
Byte 3: d (ID: 100)
Byte 4: i (ID: 105)
Byte 5: a (ID: 97)
Byte 6: w (ID: 119)
Byte 7: i (ID: 105)
Byte 8: k (ID: 107)
Byte 9: i (ID: 105)
Encoded length: 100000000 tokens

Analyzing byte-level tokenization...
Error in process 4: shape '[2, 1025]' is invalid for input of size 2049
Sample text length: 100 bytes
Encoded length: 100 tokens
Token-to-byte ratio: 1.00

Example byte values (first 10):
Byte 0: < (ID: 60)
Byte 1: m (ID: 109)
Byte 2: e (ID: 101)
Byte 3: d (ID: 100)
Byte 4: i (ID: 105)
Byte 5: a (ID: 97)
Byte 6: w (ID: 119)
Byte 7: i (ID: 105)
Byte 8: k (ID: 107)
Byte 9: i (ID: 105)
Error in process 15: shape '[2, 1025]' is invalid for input of size 2049
Encoded length: 100000000 tokens

Analyzing byte-level tokenization...
Sample text length: 100 bytes
Encoded length: 100 tokens
Token-to-byte ratio: 1.00

Example byte values (first 10):
Byte 0: < (ID: 60)
Byte 1: m (ID: 109)
Byte 2: e (ID: 101)
Byte 3: d (ID: 100)
Byte 4: i (ID: 105)
Byte 5: a (ID: 97)
Byte 6: w (ID: 119)
Byte 7: i (ID: 105)
Byte 8: k (ID: 107)
Byte 9: i (ID: 105)
Error in process 5: shape '[2, 1025]' is invalid for input of size 2049
Encoded length: 100000000 tokens

Analyzing byte-level tokenization...
Sample text length: 100 bytes
Encoded length: 100 tokens
Token-to-byte ratio: 1.00

Example byte values (first 10):
Byte 0: < (ID: 60)
Byte 1: m (ID: 109)
Byte 2: e (ID: 101)
Byte 3: d (ID: 100)
Byte 4: i (ID: 105)
Byte 5: a (ID: 97)
Byte 6: w (ID: 119)
Byte 7: i (ID: 105)
Byte 8: k (ID: 107)
Byte 9: i (ID: 105)
Error in process 8: shape '[2, 1025]' is invalid for input of size 2049
Encoded length: 100000000 tokens

Analyzing byte-level tokenization...
Sample text length: 100 bytes
Encoded length: 100 tokens
Token-to-byte ratio: 1.00

Example byte values (first 10):
Byte 0: < (ID: 60)
Byte 1: m (ID: 109)
Byte 2: e (ID: 101)
Byte 3: d (ID: 100)
Byte 4: i (ID: 105)
Byte 5: a (ID: 97)
Byte 6: w (ID: 119)
Byte 7: i (ID: 105)
Byte 8: k (ID: 107)
Byte 9: i (ID: 105)
Error in process 6: shape '[2, 1025]' is invalid for input of size 2049
Encoded length: 100000000 tokens

Analyzing byte-level tokenization...
Sample text length: 100 bytes
Encoded length: 100 tokens
Token-to-byte ratio: 1.00

Example byte values (first 10):
Byte 0: < (ID: 60)
Byte 1: m (ID: 109)
Byte 2: e (ID: 101)
Byte 3: d (ID: 100)
Byte 4: i (ID: 105)
Byte 5: a (ID: 97)
Byte 6: w (ID: 119)
Byte 7: i (ID: 105)
Byte 8: k (ID: 107)
Byte 9: i (ID: 105)
Encoded length: 100000000 tokens

Analyzing byte-level tokenization...
Sample text length: 100 bytes
Encoded length: 100 tokens
Error in process 10: shape '[2, 1025]' is invalid for input of size 2049
Token-to-byte ratio: 1.00

Example byte values (first 10):
Byte 0: < (ID: 60)
Byte 1: m (ID: 109)
Byte 2: e (ID: 101)
Byte 3: d (ID: 100)
Byte 4: i (ID: 105)
Byte 5: a (ID: 97)
Byte 6: w (ID: 119)
Byte 7: i (ID: 105)
Byte 8: k (ID: 107)
Byte 9: i (ID: 105)
Error in process 1: shape '[2, 1025]' is invalid for input of size 2049
Encoded length: 100000000 tokens

Analyzing byte-level tokenization...
Sample text length: 100 bytes
Encoded length: 100 tokens
Token-to-byte ratio: 1.00

Example byte values (first 10):
Byte 0: < (ID: 60)
Byte 1: m (ID: 109)
Byte 2: e (ID: 101)
Byte 3: d (ID: 100)
Byte 4: i (ID: 105)
Byte 5: a (ID: 97)
Byte 6: w (ID: 119)
Byte 7: i (ID: 105)
Byte 8: k (ID: 107)
Byte 9: i (ID: 105)
Error in process 12: shape '[2, 1025]' is invalid for input of size 2049
Encoded length: 100000000 tokens

Analyzing byte-level tokenization...
Sample text length: 100 bytes
Encoded length: 100 tokens
Token-to-byte ratio: 1.00

Example byte values (first 10):
Byte 0: < (ID: 60)
Byte 1: m (ID: 109)
Byte 2: e (ID: 101)
Byte 3: d (ID: 100)
Byte 4: i (ID: 105)
Byte 5: a (ID: 97)
Byte 6: w (ID: 119)
Byte 7: i (ID: 105)
Byte 8: k (ID: 107)
Byte 9: i (ID: 105)
Error in process 2: shape '[2, 1025]' is invalid for input of size 2049
Encoded length: 100000000 tokens

Analyzing byte-level tokenization...
Sample text length: 100 bytes
Encoded length: 100 tokens
Token-to-byte ratio: 1.00

Example byte values (first 10):
Byte 0: < (ID: 60)
Byte 1: m (ID: 109)
Byte 2: e (ID: 101)
Byte 3: d (ID: 100)
Byte 4: i (ID: 105)
Byte 5: a (ID: 97)
Byte 6: w (ID: 119)
Byte 7: i (ID: 105)
Byte 8: k (ID: 107)
Byte 9: i (ID: 105)
Error in process 3: shape '[2, 1025]' is invalid for input of size 2049
Encoded length: 100000000 tokens

Analyzing byte-level tokenization...
Sample text length: 100 bytes
Encoded length: 100 tokens
Token-to-byte ratio: 1.00

Example byte values (first 10):
Byte 0: < (ID: 60)
Byte 1: m (ID: 109)
Byte 2: e (ID: 101)
Byte 3: d (ID: 100)
Byte 4: i (ID: 105)
Byte 5: a (ID: 97)
Byte 6: w (ID: 119)
Byte 7: i (ID: 105)
Byte 8: k (ID: 107)
Byte 9: i (ID: 105)
Error in process 7: shape '[2, 1025]' is invalid for input of size 2049

Distributed Training Configuration:
Rank: 3
World Size: 16
Local Rank: 0
Master Address: node002.localdomain
Master Port: 50581

Distributed Training Configuration:
Rank: 11
World Size: 16
Local Rank: 0
Master Address: node002.localdomain
Master Port: 50581

Distributed Training Configuration:
Rank: 4
World Size: 16
Local Rank: 0
Master Address: node002.localdomain
Master Port: 50581

Distributed Training Configuration:
Rank: 15
World Size: 16
Local Rank: 0
Master Address: node002.localdomain
Master Port: 50581

Distributed Training Configuration:
Rank: 8
World Size: 16
Local Rank: 0
Master Address: node002.localdomain
Master Port: 50581

Distributed Training Configuration:
Rank: 2
World Size: 16
Local Rank: 0
Master Address: node002.localdomain
Master Port: 50581

Distributed Training Configuration:
Rank: 14
World Size: 16
Local Rank: 0
Master Address: node002.localdomain
Master Port: 50581

Distributed Training Configuration:
Rank: 0
World Size: 16
Local Rank: 0
Master Address: node002.localdomain
Master Port: 50581

Distributed Training Configuration:
Rank: 9
World Size: 16
Local Rank: 0
Master Address: node002.localdomain
Master Port: 50581

Distributed Training Configuration:
Rank: 7
World Size: 16
Local Rank: 0
Master Address: node002.localdomain
Master Port: 50581

Distributed Training Configuration:
Rank: 12
World Size: 16
Local Rank: 0
Master Address: node002.localdomain
Master Port: 50581

Distributed Training Configuration:
Rank: 5
World Size: 16
Local Rank: 0
Master Address: node002.localdomain
Master Port: 50581

Distributed Training Configuration:
Rank: 1
World Size: 16
Local Rank: 0
Master Address: node002.localdomain
Master Port: 50581

Distributed Training Configuration:
Rank: 6
World Size: 16
Local Rank: 0
Master Address: node002.localdomain
Master Port: 50581

Distributed Training Configuration:
Rank: 13
World Size: 16
Local Rank: 0
Master Address: node002.localdomain
Master Port: 50581

Distributed Training Configuration:
Rank: 10
World Size: 16
Local Rank: 0
Master Address: node002.localdomain
Master Port: 50581
node002:837743:837743 [0] NCCL INFO Bootstrap : Using ib0:10.149.0.2<0>
node002:837743:837743 [0] NCCL INFO NET/Plugin : No plugin found (libnccl-net.so), using internal implementation
node002:837743:837743 [0] NCCL INFO NET/IB : Using [0]mlx4_0:1/IB ; OOB ib0:10.149.0.2<0>
node002:837743:837743 [0] NCCL INFO Using network IB
NCCL version 2.10.3+cuda11.3
node048:685330:685330 [0] NCCL INFO Bootstrap : Using ib0:10.149.0.48<0>
node006:716526:716526 [0] NCCL INFO Bootstrap : Using ib0:10.149.0.6<0>
node052:696347:696347 [0] NCCL INFO Bootstrap : Using ib0:10.149.0.52<0>
node048:685330:685330 [0] NCCL INFO NET/Plugin : No plugin found (libnccl-net.so), using internal implementation
node049:672595:672595 [0] NCCL INFO Bootstrap : Using ib0:10.149.0.49<0>
node007:685086:685086 [0] NCCL INFO Bootstrap : Using ib0:10.149.0.7<0>
node006:716526:716526 [0] NCCL INFO NET/Plugin : No plugin found (libnccl-net.so), using internal implementation
node050:703599:703599 [0] NCCL INFO Bootstrap : Using ib0:10.149.0.50<0>
node047:705100:705100 [0] NCCL INFO Bootstrap : Using ib0:10.149.0.47<0>
node052:696347:696347 [0] NCCL INFO NET/Plugin : No plugin found (libnccl-net.so), using internal implementation
node046:723784:723784 [0] NCCL INFO Bootstrap : Using ib0:10.149.0.46<0>
node049:672595:672595 [0] NCCL INFO NET/Plugin : No plugin found (libnccl-net.so), using internal implementation
node024:3578891:3578891 [0] NCCL INFO Bootstrap : Using ib0:10.149.0.24<0>
node007:685086:685086 [0] NCCL INFO NET/Plugin : No plugin found (libnccl-net.so), using internal implementation
node005:814935:814935 [0] NCCL INFO Bootstrap : Using ib0:10.149.0.5<0>
node050:703599:703599 [0] NCCL INFO NET/Plugin : No plugin found (libnccl-net.so), using internal implementation
node004:782892:782892 [0] NCCL INFO Bootstrap : Using ib0:10.149.0.4<0>
node047:705100:705100 [0] NCCL INFO NET/Plugin : No plugin found (libnccl-net.so), using internal implementation
node025:1006887:1006887 [0] NCCL INFO Bootstrap : Using ib0:10.149.0.25<0>
node004:782892:782892 [0] NCCL INFO NET/Plugin : No plugin found (libnccl-net.so), using internal implementation
node046:723784:723784 [0] NCCL INFO NET/Plugin : No plugin found (libnccl-net.so), using internal implementation
node024:3578891:3578891 [0] NCCL INFO NET/Plugin : No plugin found (libnccl-net.so), using internal implementation
node051:702160:702160 [0] NCCL INFO Bootstrap : Using ib0:10.149.0.51<0>
node025:1006887:1006887 [0] NCCL INFO NET/Plugin : No plugin found (libnccl-net.so), using internal implementation
node005:814935:814935 [0] NCCL INFO NET/Plugin : No plugin found (libnccl-net.so), using internal implementation
node051:702160:702160 [0] NCCL INFO NET/Plugin : No plugin found (libnccl-net.so), using internal implementation
node048:685330:685330 [0] NCCL INFO NET/IB : Using [0]mlx4_0:1/IB ; OOB ib0:10.149.0.48<0>
node048:685330:685330 [0] NCCL INFO Using network IB
node049:672595:672595 [0] NCCL INFO NET/IB : Using [0]mlx4_0:1/IB ; OOB ib0:10.149.0.49<0>
node049:672595:672595 [0] NCCL INFO Using network IB
node051:702160:702160 [0] NCCL INFO NET/IB : Using [0]mlx4_0:1/IB ; OOB ib0:10.149.0.51<0>
node051:702160:702160 [0] NCCL INFO Using network IB
node047:705100:705100 [0] NCCL INFO NET/IB : Using [0]mlx4_0:1/IB ; OOB ib0:10.149.0.47<0>
node047:705100:705100 [0] NCCL INFO Using network IB
node006:716526:716526 [0] NCCL INFO NET/IB : Using [0]mlx4_0:1/IB ; OOB ib0:10.149.0.6<0>
node006:716526:716526 [0] NCCL INFO Using network IB
node007:685086:685086 [0] NCCL INFO NET/IB : Using [0]mlx4_0:1/IB ; OOB ib0:10.149.0.7<0>
node007:685086:685086 [0] NCCL INFO Using network IB
node046:723784:723784 [0] NCCL INFO NET/IB : Using [0]mlx4_0:1/IB ; OOB ib0:10.149.0.46<0>
node046:723784:723784 [0] NCCL INFO Using network IB
node052:696347:696347 [0] NCCL INFO NET/IB : Using [0]mlx4_0:1/IB ; OOB ib0:10.149.0.52<0>
node052:696347:696347 [0] NCCL INFO Using network IB
node050:703599:703599 [0] NCCL INFO NET/IB : Using [0]mlx4_0:1/IB ; OOB ib0:10.149.0.50<0>
node050:703599:703599 [0] NCCL INFO Using network IB
node005:814935:814935 [0] NCCL INFO NET/IB : Using [0]mlx4_0:1/IB ; OOB ib0:10.149.0.5<0>
node005:814935:814935 [0] NCCL INFO Using network IB
node024:3578891:3578891 [0] NCCL INFO NET/IB : Using [0]mlx4_0:1/IB ; OOB ib0:10.149.0.24<0>
node024:3578891:3578891 [0] NCCL INFO Using network IB
node004:782892:782892 [0] NCCL INFO NET/IB : Using [0]mlx4_0:1/IB ; OOB ib0:10.149.0.4<0>
node004:782892:782892 [0] NCCL INFO Using network IB
node025:1006887:1006887 [0] NCCL INFO NET/IB : Using [0]mlx4_0:1/IB ; OOB ib0:10.149.0.25<0>
node025:1006887:1006887 [0] NCCL INFO Using network IB
node003:804432:804432 [0] NCCL INFO Bootstrap : Using ib0:10.149.0.3<0>
node003:804432:804432 [0] NCCL INFO NET/Plugin : No plugin found (libnccl-net.so), using internal implementation
node003:804432:804432 [0] NCCL INFO NET/IB : Using [0]mlx4_0:1/IB ; OOB ib0:10.149.0.3<0>
node003:804432:804432 [0] NCCL INFO Using network IB
node026:700900:700900 [0] NCCL INFO Bootstrap : Using ib0:10.149.0.26<0>
node026:700900:700900 [0] NCCL INFO NET/Plugin : No plugin found (libnccl-net.so), using internal implementation
node026:700900:700900 [0] NCCL INFO NET/IB : Using [0]mlx4_0:1/IB ; OOB ib0:10.149.0.26<0>
node026:700900:700900 [0] NCCL INFO Using network IB
node026:700900:700916 [0] NCCL INFO Trees [0] 4/12/-1->8->0 [1] -1/-1/-1->8->9
node046:723784:723796 [0] NCCL INFO Trees [0] -1/-1/-1->9->10 [1] 10/8/-1->9->11
node046:723784:723796 [0] NCCL INFO Setting affinity for GPU 0 to 0f000f
node047:705100:705112 [0] NCCL INFO Trees [0] 9/11/-1->10->12 [1] -1/-1/-1->10->9
node047:705100:705112 [0] NCCL INFO Setting affinity for GPU 0 to 0f000f
node048:685330:685342 [0] NCCL INFO Trees [0] -1/-1/-1->11->10 [1] 13/9/-1->11->7
node048:685330:685342 [0] NCCL INFO Setting affinity for GPU 0 to 0f000f
node049:672595:672607 [0] NCCL INFO Trees [0] 10/14/-1->12->8 [1] -1/-1/-1->12->13
node049:672595:672607 [0] NCCL INFO Setting affinity for GPU 0 to 0f000f
node050:703599:703611 [0] NCCL INFO Trees [0] -1/-1/-1->13->14 [1] 14/12/-1->13->11
node050:703599:703611 [0] NCCL INFO Setting affinity for GPU 0 to 0f000f
node051:702160:702172 [0] NCCL INFO Trees [0] 13/15/-1->14->12 [1] -1/-1/-1->14->13
node051:702160:702172 [0] NCCL INFO Setting affinity for GPU 0 to 0f000f
node052:696347:696359 [0] NCCL INFO Trees [0] -1/-1/-1->15->14 [1] 7/-1/-1->15->-1
node052:696347:696359 [0] NCCL INFO Setting affinity for GPU 0 to 0f000f
node002:837743:837757 [0] NCCL INFO Channel 00/02 :    0   1   2   3   4   5   6   7   8   9  10  11  12  13  14  15
node002:837743:837757 [0] NCCL INFO Channel 01/02 :    0   1   2   3   4   5   6   7   8   9  10  11  12  13  14  15
node002:837743:837757 [0] NCCL INFO Trees [0] 8/-1/-1->0->-1 [1] -1/-1/-1->0->1
node002:837743:837757 [0] NCCL INFO Setting affinity for GPU 0 to 0f000f
node003:804432:804444 [0] NCCL INFO Trees [0] -1/-1/-1->1->2 [1] 2/0/-1->1->3
node003:804432:804444 [0] NCCL INFO Setting affinity for GPU 0 to 0f000f
node004:782892:782904 [0] NCCL INFO Trees [0] 1/3/-1->2->4 [1] -1/-1/-1->2->1
node004:782892:782904 [0] NCCL INFO Setting affinity for GPU 0 to 0f000f
node005:814935:814947 [0] NCCL INFO Trees [0] -1/-1/-1->3->2 [1] 5/1/-1->3->7
node005:814935:814947 [0] NCCL INFO Setting affinity for GPU 0 to 0f000f
node006:716526:716538 [0] NCCL INFO Trees [0] 2/6/-1->4->8 [1] -1/-1/-1->4->5
node006:716526:716538 [0] NCCL INFO Setting affinity for GPU 0 to 0f000f
node007:685086:685098 [0] NCCL INFO Trees [0] -1/-1/-1->5->6 [1] 6/4/-1->5->3
node007:685086:685098 [0] NCCL INFO Setting affinity for GPU 0 to 0f000f
node024:3578891:3578903 [0] NCCL INFO Trees [0] 5/7/-1->6->4 [1] -1/-1/-1->6->5
node024:3578891:3578903 [0] NCCL INFO Setting affinity for GPU 0 to 0f000f
node025:1006887:1006899 [0] NCCL INFO Trees [0] -1/-1/-1->7->6 [1] 11/3/-1->7->15
node025:1006887:1006899 [0] NCCL INFO Setting affinity for GPU 0 to 0f000f
node026:700900:700916 [0] NCCL INFO Channel 00 : 7[3000] -> 8[82000] [receive] via NET/IB/0
node046:723784:723796 [0] NCCL INFO Channel 00 : 8[82000] -> 9[3000] [receive] via NET/IB/0
node047:705100:705112 [0] NCCL INFO Channel 00 : 9[3000] -> 10[3000] [receive] via NET/IB/0
node049:672595:672607 [0] NCCL INFO Channel 00 : 11[3000] -> 12[3000] [receive] via NET/IB/0
node048:685330:685342 [0] NCCL INFO Channel 00 : 10[3000] -> 11[3000] [receive] via NET/IB/0
node050:703599:703611 [0] NCCL INFO Channel 00 : 12[3000] -> 13[3000] [receive] via NET/IB/0
node051:702160:702172 [0] NCCL INFO Channel 00 : 13[3000] -> 14[3000] [receive] via NET/IB/0
node052:696347:696359 [0] NCCL INFO Channel 00 : 14[3000] -> 15[3000] [receive] via NET/IB/0
node003:804432:804444 [0] NCCL INFO Channel 00 : 0[3000] -> 1[3000] [receive] via NET/IB/0
node004:782892:782904 [0] NCCL INFO Channel 00 : 1[3000] -> 2[3000] [receive] via NET/IB/0
node002:837743:837757 [0] NCCL INFO Channel 00 : 15[3000] -> 0[3000] [receive] via NET/IB/0
node005:814935:814947 [0] NCCL INFO Channel 00 : 2[3000] -> 3[3000] [receive] via NET/IB/0
node006:716526:716538 [0] NCCL INFO Channel 00 : 3[3000] -> 4[3000] [receive] via NET/IB/0
node007:685086:685098 [0] NCCL INFO Channel 00 : 4[3000] -> 5[3000] [receive] via NET/IB/0
node025:1006887:1006899 [0] NCCL INFO Channel 00 : 6[3000] -> 7[3000] [receive] via NET/IB/0
node024:3578891:3578903 [0] NCCL INFO Channel 00 : 5[3000] -> 6[3000] [receive] via NET/IB/0
node026:700900:700916 [0] NCCL INFO Channel 01 : 7[3000] -> 8[82000] [receive] via NET/IB/0
node046:723784:723796 [0] NCCL INFO Channel 01 : 8[82000] -> 9[3000] [receive] via NET/IB/0
node047:705100:705112 [0] NCCL INFO Channel 01 : 9[3000] -> 10[3000] [receive] via NET/IB/0
node048:685330:685342 [0] NCCL INFO Channel 01 : 10[3000] -> 11[3000] [receive] via NET/IB/0
node049:672595:672607 [0] NCCL INFO Channel 01 : 11[3000] -> 12[3000] [receive] via NET/IB/0
node050:703599:703611 [0] NCCL INFO Channel 01 : 12[3000] -> 13[3000] [receive] via NET/IB/0
node051:702160:702172 [0] NCCL INFO Channel 01 : 13[3000] -> 14[3000] [receive] via NET/IB/0
node052:696347:696359 [0] NCCL INFO Channel 01 : 14[3000] -> 15[3000] [receive] via NET/IB/0
node003:804432:804444 [0] NCCL INFO Channel 01 : 0[3000] -> 1[3000] [receive] via NET/IB/0
node004:782892:782904 [0] NCCL INFO Channel 01 : 1[3000] -> 2[3000] [receive] via NET/IB/0
node007:685086:685098 [0] NCCL INFO Channel 01 : 4[3000] -> 5[3000] [receive] via NET/IB/0
node025:1006887:1006899 [0] NCCL INFO Channel 01 : 6[3000] -> 7[3000] [receive] via NET/IB/0
node005:814935:814947 [0] NCCL INFO Channel 01 : 2[3000] -> 3[3000] [receive] via NET/IB/0
node024:3578891:3578903 [0] NCCL INFO Channel 01 : 5[3000] -> 6[3000] [receive] via NET/IB/0
node006:716526:716538 [0] NCCL INFO Channel 01 : 3[3000] -> 4[3000] [receive] via NET/IB/0
node002:837743:837757 [0] NCCL INFO Channel 01 : 15[3000] -> 0[3000] [receive] via NET/IB/0
node026:700900:700916 [0] NCCL INFO Channel 00 : 8[82000] -> 9[3000] [send] via NET/IB/0
node046:723784:723796 [0] NCCL INFO Channel 00 : 9[3000] -> 10[3000] [send] via NET/IB/0
node047:705100:705112 [0] NCCL INFO Channel 00 : 10[3000] -> 11[3000] [send] via NET/IB/0
node049:672595:672607 [0] NCCL INFO Channel 00 : 12[3000] -> 13[3000] [send] via NET/IB/0
node048:685330:685342 [0] NCCL INFO Channel 00 : 11[3000] -> 12[3000] [send] via NET/IB/0
node050:703599:703611 [0] NCCL INFO Channel 00 : 13[3000] -> 14[3000] [send] via NET/IB/0
node051:702160:702172 [0] NCCL INFO Channel 00 : 14[3000] -> 15[3000] [send] via NET/IB/0
node052:696347:696359 [0] NCCL INFO Channel 00 : 15[3000] -> 0[3000] [send] via NET/IB/0
node003:804432:804444 [0] NCCL INFO Channel 00 : 1[3000] -> 2[3000] [send] via NET/IB/0
node004:782892:782904 [0] NCCL INFO Channel 00 : 2[3000] -> 3[3000] [send] via NET/IB/0
node007:685086:685098 [0] NCCL INFO Channel 00 : 5[3000] -> 6[3000] [send] via NET/IB/0
node025:1006887:1006899 [0] NCCL INFO Channel 00 : 7[3000] -> 8[82000] [send] via NET/IB/0
node024:3578891:3578903 [0] NCCL INFO Channel 00 : 6[3000] -> 7[3000] [send] via NET/IB/0
node005:814935:814947 [0] NCCL INFO Channel 00 : 3[3000] -> 4[3000] [send] via NET/IB/0
node006:716526:716538 [0] NCCL INFO Channel 00 : 4[3000] -> 5[3000] [send] via NET/IB/0
node002:837743:837757 [0] NCCL INFO Channel 00 : 0[3000] -> 1[3000] [send] via NET/IB/0
node026:700900:700916 [0] NCCL INFO Channel 01 : 8[82000] -> 9[3000] [send] via NET/IB/0
