=== Distributed Training Configuration ===
Master node: node002
Master port: 29500
World size: 16
Job nodes: node[002-007,024-026,046-052]
CUDA_VISIBLE_DEVICES: 0
========================================

Distributed Training Configuration:
Rank: 4
World Size: 16
Local Rank: 0
Master Address: node002.localdomain
Master Port: 49945

Distributed Training Configuration:
Rank: 12
World Size: 16
Local Rank: 0
Master Address: node002.localdomain
Master Port: 49945

Distributed Training Configuration:
Rank: 13
World Size: 16
Local Rank: 0
Master Address: node002.localdomain
Master Port: 49945

Distributed Training Configuration:
Rank: 11
World Size: 16
Local Rank: 0
Master Address: node002.localdomain
Master Port: 49945

Distributed Training Configuration:
Rank: 6
World Size: 16
Local Rank: 0
Master Address: node002.localdomain
Master Port: 49945

Distributed Training Configuration:
Rank: 9
World Size: 16
Local Rank: 0
Master Address: node002.localdomain
Master Port: 49945

Distributed Training Configuration:
Rank: 7
World Size: 16
Local Rank: 0
Master Address: node002.localdomain
Master Port: 49945

Distributed Training Configuration:
Rank: 3
World Size: 16
Local Rank: 0
Master Address: node002.localdomain
Master Port: 49945

Distributed Training Configuration:
Rank: 10
World Size: 16
Local Rank: 0
Master Address: node002.localdomain
Master Port: 49945

Distributed Training Configuration:
Rank: 15
World Size: 16
Local Rank: 0
Master Address: node002.localdomain
Master Port: 49945

Distributed Training Configuration:
Rank: 1
World Size: 16
Local Rank: 0
Master Address: node002.localdomain
Master Port: 49945

Distributed Training Configuration:
Rank: 14
World Size: 16
Local Rank: 0
Master Address: node002.localdomain
Master Port: 49945

Distributed Training Configuration:
Rank: 8
World Size: 16
Local Rank: 0
Master Address: node002.localdomain
Master Port: 49945

Distributed Training Configuration:
Rank: 5
World Size: 16
Local Rank: 0
Master Address: node002.localdomain
Master Port: 49945

Distributed Training Configuration:
Rank: 2
World Size: 16
Local Rank: 0
Master Address: node002.localdomain
Master Port: 49945

Distributed Training Configuration:
Rank: 0
World Size: 16
Local Rank: 0
Master Address: node002.localdomain
Master Port: 49945
node002:838007:838007 [0] NCCL INFO Bootstrap : Using ib0:10.149.0.2<0>
node002:838007:838007 [0] NCCL INFO NET/Plugin : No plugin found (libnccl-net.so), using internal implementation
node002:838007:838007 [0] NCCL INFO NET/IB : Using [0]mlx4_0:1/IB ; OOB ib0:10.149.0.2<0>
node002:838007:838007 [0] NCCL INFO Using network IB
NCCL version 2.10.3+cuda11.3
node048:685484:685484 [0] NCCL INFO Bootstrap : Using ib0:10.149.0.48<0>
node050:703753:703753 [0] NCCL INFO Bootstrap : Using ib0:10.149.0.50<0>
node024:3579044:3579044 [0] NCCL INFO Bootstrap : Using ib0:10.149.0.24<0>
node052:696500:696500 [0] NCCL INFO Bootstrap : Using ib0:10.149.0.52<0>
node025:1007043:1007043 [0] NCCL INFO Bootstrap : Using ib0:10.149.0.25<0>
node048:685484:685484 [0] NCCL INFO NET/Plugin : No plugin found (libnccl-net.so), using internal implementation
node046:723974:723974 [0] NCCL INFO Bootstrap : Using ib0:10.149.0.46<0>
node050:703753:703753 [0] NCCL INFO NET/Plugin : No plugin found (libnccl-net.so), using internal implementation
node049:672758:672758 [0] NCCL INFO Bootstrap : Using ib0:10.149.0.49<0>
node052:696500:696500 [0] NCCL INFO NET/Plugin : No plugin found (libnccl-net.so), using internal implementation
node024:3579044:3579044 [0] NCCL INFO NET/Plugin : No plugin found (libnccl-net.so), using internal implementation
node025:1007043:1007043 [0] NCCL INFO NET/Plugin : No plugin found (libnccl-net.so), using internal implementation
node004:783054:783054 [0] NCCL INFO Bootstrap : Using ib0:10.149.0.4<0>
node049:672758:672758 [0] NCCL INFO NET/Plugin : No plugin found (libnccl-net.so), using internal implementation
node005:815092:815092 [0] NCCL INFO Bootstrap : Using ib0:10.149.0.5<0>
node046:723974:723974 [0] NCCL INFO NET/Plugin : No plugin found (libnccl-net.so), using internal implementation
node004:783054:783054 [0] NCCL INFO NET/Plugin : No plugin found (libnccl-net.so), using internal implementation
node005:815092:815092 [0] NCCL INFO NET/Plugin : No plugin found (libnccl-net.so), using internal implementation
node051:702318:702318 [0] NCCL INFO Bootstrap : Using ib0:10.149.0.51<0>
node051:702318:702318 [0] NCCL INFO NET/Plugin : No plugin found (libnccl-net.so), using internal implementation
node007:685250:685250 [0] NCCL INFO Bootstrap : Using ib0:10.149.0.7<0>
node007:685250:685250 [0] NCCL INFO NET/Plugin : No plugin found (libnccl-net.so), using internal implementation
node048:685484:685484 [0] NCCL INFO NET/IB : Using [0]mlx4_0:1/IB ; OOB ib0:10.149.0.48<0>
node048:685484:685484 [0] NCCL INFO Using network IB
node050:703753:703753 [0] NCCL INFO NET/IB : Using [0]mlx4_0:1/IB ; OOB ib0:10.149.0.50<0>
node050:703753:703753 [0] NCCL INFO Using network IB
node025:1007043:1007043 [0] NCCL INFO NET/IB : Using [0]mlx4_0:1/IB ; OOB ib0:10.149.0.25<0>
node025:1007043:1007043 [0] NCCL INFO Using network IB
node046:723974:723974 [0] NCCL INFO NET/IB : Using [0]mlx4_0:1/IB ; OOB ib0:10.149.0.46<0>
node046:723974:723974 [0] NCCL INFO Using network IB
node052:696500:696500 [0] NCCL INFO NET/IB : Using [0]mlx4_0:1/IB ; OOB ib0:10.149.0.52<0>
node052:696500:696500 [0] NCCL INFO Using network IB
node024:3579044:3579044 [0] NCCL INFO NET/IB : Using [0]mlx4_0:1/IB ; OOB ib0:10.149.0.24<0>
node024:3579044:3579044 [0] NCCL INFO Using network IB
node004:783054:783054 [0] NCCL INFO NET/IB : Using [0]mlx4_0:1/IB ; OOB ib0:10.149.0.4<0>
node004:783054:783054 [0] NCCL INFO Using network IB
node005:815092:815092 [0] NCCL INFO NET/IB : Using [0]mlx4_0:1/IB ; OOB ib0:10.149.0.5<0>
node005:815092:815092 [0] NCCL INFO Using network IB
node049:672758:672758 [0] NCCL INFO NET/IB : Using [0]mlx4_0:1/IB ; OOB ib0:10.149.0.49<0>
node049:672758:672758 [0] NCCL INFO Using network IB
node051:702318:702318 [0] NCCL INFO NET/IB : Using [0]mlx4_0:1/IB ; OOB ib0:10.149.0.51<0>
node051:702318:702318 [0] NCCL INFO Using network IB
node007:685250:685250 [0] NCCL INFO NET/IB : Using [0]mlx4_0:1/IB ; OOB ib0:10.149.0.7<0>
node007:685250:685250 [0] NCCL INFO Using network IB
node047:705255:705255 [0] NCCL INFO Bootstrap : Using ib0:10.149.0.47<0>
node047:705255:705255 [0] NCCL INFO NET/Plugin : No plugin found (libnccl-net.so), using internal implementation
node047:705255:705255 [0] NCCL INFO NET/IB : Using [0]mlx4_0:1/IB ; OOB ib0:10.149.0.47<0>
node047:705255:705255 [0] NCCL INFO Using network IB
node006:716681:716681 [0] NCCL INFO Bootstrap : Using ib0:10.149.0.6<0>
node006:716681:716681 [0] NCCL INFO NET/Plugin : No plugin found (libnccl-net.so), using internal implementation
node006:716681:716681 [0] NCCL INFO NET/IB : Using [0]mlx4_0:1/IB ; OOB ib0:10.149.0.6<0>
node006:716681:716681 [0] NCCL INFO Using network IB
node003:804640:804640 [0] NCCL INFO Bootstrap : Using ib0:10.149.0.3<0>
node003:804640:804640 [0] NCCL INFO NET/Plugin : No plugin found (libnccl-net.so), using internal implementation
node003:804640:804640 [0] NCCL INFO NET/IB : Using [0]mlx4_0:1/IB ; OOB ib0:10.149.0.3<0>
node003:804640:804640 [0] NCCL INFO Using network IB
node026:701084:701084 [0] NCCL INFO Bootstrap : Using ib0:10.149.0.26<0>
node026:701084:701084 [0] NCCL INFO NET/Plugin : No plugin found (libnccl-net.so), using internal implementation
node026:701084:701084 [0] NCCL INFO NET/IB : Using [0]mlx4_0:1/IB ; OOB ib0:10.149.0.26<0>
node026:701084:701084 [0] NCCL INFO Using network IB
node026:701084:701100 [0] NCCL INFO Trees [0] 4/12/-1->8->0 [1] -1/-1/-1->8->9
node046:723974:723986 [0] NCCL INFO Trees [0] -1/-1/-1->9->10 [1] 10/8/-1->9->11
node046:723974:723986 [0] NCCL INFO Setting affinity for GPU 0 to 0f000f
node047:705255:705267 [0] NCCL INFO Trees [0] 9/11/-1->10->12 [1] -1/-1/-1->10->9
node047:705255:705267 [0] NCCL INFO Setting affinity for GPU 0 to 0f000f
node048:685484:685496 [0] NCCL INFO Trees [0] -1/-1/-1->11->10 [1] 13/9/-1->11->7
node048:685484:685496 [0] NCCL INFO Setting affinity for GPU 0 to 0f000f
node049:672758:672770 [0] NCCL INFO Trees [0] 10/14/-1->12->8 [1] -1/-1/-1->12->13
node049:672758:672770 [0] NCCL INFO Setting affinity for GPU 0 to 0f000f
node050:703753:703766 [0] NCCL INFO Trees [0] -1/-1/-1->13->14 [1] 14/12/-1->13->11
node050:703753:703766 [0] NCCL INFO Setting affinity for GPU 0 to 0f000f
node051:702318:702330 [0] NCCL INFO Trees [0] 13/15/-1->14->12 [1] -1/-1/-1->14->13
node051:702318:702330 [0] NCCL INFO Setting affinity for GPU 0 to 0f000f
node052:696500:696512 [0] NCCL INFO Trees [0] -1/-1/-1->15->14 [1] 7/-1/-1->15->-1
node052:696500:696512 [0] NCCL INFO Setting affinity for GPU 0 to 0f000f
node002:838007:838021 [0] NCCL INFO Channel 00/02 :    0   1   2   3   4   5   6   7   8   9  10  11  12  13  14  15
node002:838007:838021 [0] NCCL INFO Channel 01/02 :    0   1   2   3   4   5   6   7   8   9  10  11  12  13  14  15
node002:838007:838021 [0] NCCL INFO Trees [0] 8/-1/-1->0->-1 [1] -1/-1/-1->0->1
node002:838007:838021 [0] NCCL INFO Setting affinity for GPU 0 to 0f000f
node003:804640:804652 [0] NCCL INFO Trees [0] -1/-1/-1->1->2 [1] 2/0/-1->1->3
node003:804640:804652 [0] NCCL INFO Setting affinity for GPU 0 to 0f000f
node004:783054:783067 [0] NCCL INFO Trees [0] 1/3/-1->2->4 [1] -1/-1/-1->2->1
node004:783054:783067 [0] NCCL INFO Setting affinity for GPU 0 to 0f000f
node005:815092:815104 [0] NCCL INFO Trees [0] -1/-1/-1->3->2 [1] 5/1/-1->3->7
node005:815092:815104 [0] NCCL INFO Setting affinity for GPU 0 to 0f000f
node006:716681:716693 [0] NCCL INFO Trees [0] 2/6/-1->4->8 [1] -1/-1/-1->4->5
node006:716681:716693 [0] NCCL INFO Setting affinity for GPU 0 to 0f000f
node007:685250:685262 [0] NCCL INFO Trees [0] -1/-1/-1->5->6 [1] 6/4/-1->5->3
node007:685250:685262 [0] NCCL INFO Setting affinity for GPU 0 to 0f000f
node024:3579044:3579056 [0] NCCL INFO Trees [0] 5/7/-1->6->4 [1] -1/-1/-1->6->5
node024:3579044:3579056 [0] NCCL INFO Setting affinity for GPU 0 to 0f000f
node025:1007043:1007055 [0] NCCL INFO Trees [0] -1/-1/-1->7->6 [1] 11/3/-1->7->15
node025:1007043:1007055 [0] NCCL INFO Setting affinity for GPU 0 to 0f000f
node026:701084:701100 [0] NCCL INFO Channel 00 : 7[3000] -> 8[82000] [receive] via NET/IB/0
node046:723974:723986 [0] NCCL INFO Channel 00 : 8[82000] -> 9[3000] [receive] via NET/IB/0
node047:705255:705267 [0] NCCL INFO Channel 00 : 9[3000] -> 10[3000] [receive] via NET/IB/0
node048:685484:685496 [0] NCCL INFO Channel 00 : 10[3000] -> 11[3000] [receive] via NET/IB/0
node049:672758:672770 [0] NCCL INFO Channel 00 : 11[3000] -> 12[3000] [receive] via NET/IB/0
node050:703753:703766 [0] NCCL INFO Channel 00 : 12[3000] -> 13[3000] [receive] via NET/IB/0
node052:696500:696512 [0] NCCL INFO Channel 00 : 14[3000] -> 15[3000] [receive] via NET/IB/0
node051:702318:702330 [0] NCCL INFO Channel 00 : 13[3000] -> 14[3000] [receive] via NET/IB/0
node003:804640:804652 [0] NCCL INFO Channel 00 : 0[3000] -> 1[3000] [receive] via NET/IB/0
node004:783054:783067 [0] NCCL INFO Channel 00 : 1[3000] -> 2[3000] [receive] via NET/IB/0
node024:3579044:3579056 [0] NCCL INFO Channel 00 : 5[3000] -> 6[3000] [receive] via NET/IB/0
node006:716681:716693 [0] NCCL INFO Channel 00 : 3[3000] -> 4[3000] [receive] via NET/IB/0
node002:838007:838021 [0] NCCL INFO Channel 00 : 15[3000] -> 0[3000] [receive] via NET/IB/0
node005:815092:815104 [0] NCCL INFO Channel 00 : 2[3000] -> 3[3000] [receive] via NET/IB/0
node007:685250:685262 [0] NCCL INFO Channel 00 : 4[3000] -> 5[3000] [receive] via NET/IB/0
node025:1007043:1007055 [0] NCCL INFO Channel 00 : 6[3000] -> 7[3000] [receive] via NET/IB/0
node026:701084:701100 [0] NCCL INFO Channel 01 : 7[3000] -> 8[82000] [receive] via NET/IB/0
node046:723974:723986 [0] NCCL INFO Channel 01 : 8[82000] -> 9[3000] [receive] via NET/IB/0
node047:705255:705267 [0] NCCL INFO Channel 01 : 9[3000] -> 10[3000] [receive] via NET/IB/0
node048:685484:685496 [0] NCCL INFO Channel 01 : 10[3000] -> 11[3000] [receive] via NET/IB/0
node049:672758:672770 [0] NCCL INFO Channel 01 : 11[3000] -> 12[3000] [receive] via NET/IB/0
node050:703753:703766 [0] NCCL INFO Channel 01 : 12[3000] -> 13[3000] [receive] via NET/IB/0
node052:696500:696512 [0] NCCL INFO Channel 01 : 14[3000] -> 15[3000] [receive] via NET/IB/0
node051:702318:702330 [0] NCCL INFO Channel 01 : 13[3000] -> 14[3000] [receive] via NET/IB/0
node003:804640:804652 [0] NCCL INFO Channel 01 : 0[3000] -> 1[3000] [receive] via NET/IB/0
node024:3579044:3579056 [0] NCCL INFO Channel 01 : 5[3000] -> 6[3000] [receive] via NET/IB/0
node006:716681:716693 [0] NCCL INFO Channel 01 : 3[3000] -> 4[3000] [receive] via NET/IB/0
node004:783054:783067 [0] NCCL INFO Channel 01 : 1[3000] -> 2[3000] [receive] via NET/IB/0
node007:685250:685262 [0] NCCL INFO Channel 01 : 4[3000] -> 5[3000] [receive] via NET/IB/0
node005:815092:815104 [0] NCCL INFO Channel 01 : 2[3000] -> 3[3000] [receive] via NET/IB/0
node025:1007043:1007055 [0] NCCL INFO Channel 01 : 6[3000] -> 7[3000] [receive] via NET/IB/0
node002:838007:838021 [0] NCCL INFO Channel 01 : 15[3000] -> 0[3000] [receive] via NET/IB/0
node026:701084:701100 [0] NCCL INFO Channel 00 : 8[82000] -> 9[3000] [send] via NET/IB/0
node046:723974:723986 [0] NCCL INFO Channel 00 : 9[3000] -> 10[3000] [send] via NET/IB/0
node047:705255:705267 [0] NCCL INFO Channel 00 : 10[3000] -> 11[3000] [send] via NET/IB/0
node048:685484:685496 [0] NCCL INFO Channel 00 : 11[3000] -> 12[3000] [send] via NET/IB/0
node052:696500:696512 [0] NCCL INFO Channel 00 : 15[3000] -> 0[3000] [send] via NET/IB/0
node049:672758:672770 [0] NCCL INFO Channel 00 : 12[3000] -> 13[3000] [send] via NET/IB/0
node050:703753:703766 [0] NCCL INFO Channel 00 : 13[3000] -> 14[3000] [send] via NET/IB/0
node051:702318:702330 [0] NCCL INFO Channel 00 : 14[3000] -> 15[3000] [send] via NET/IB/0
node003:804640:804652 [0] NCCL INFO Channel 00 : 1[3000] -> 2[3000] [send] via NET/IB/0
node024:3579044:3579056 [0] NCCL INFO Channel 00 : 6[3000] -> 7[3000] [send] via NET/IB/0
node006:716681:716693 [0] NCCL INFO Channel 00 : 4[3000] -> 5[3000] [send] via NET/IB/0
node004:783054:783067 [0] NCCL INFO Channel 00 : 2[3000] -> 3[3000] [send] via NET/IB/0
node007:685250:685262 [0] NCCL INFO Channel 00 : 5[3000] -> 6[3000] [send] via NET/IB/0
node025:1007043:1007055 [0] NCCL INFO Channel 00 : 7[3000] -> 8[82000] [send] via NET/IB/0
node005:815092:815104 [0] NCCL INFO Channel 00 : 3[3000] -> 4[3000] [send] via NET/IB/0
node026:701084:701100 [0] NCCL INFO Channel 01 : 8[82000] -> 9[3000] [send] via NET/IB/0
node002:838007:838021 [0] NCCL INFO Channel 00 : 0[3000] -> 1[3000] [send] via NET/IB/0
node046:723974:723986 [0] NCCL INFO Channel 01 : 9[3000] -> 10[3000] [send] via NET/IB/0
node047:705255:705267 [0] NCCL INFO Channel 01 : 10[3000] -> 11[3000] [send] via NET/IB/0
node048:685484:685496 [0] NCCL INFO Channel 01 : 11[3000] -> 12[3000] [send] via NET/IB/0
node052:696500:696512 [0] NCCL INFO Channel 01 : 15[3000] -> 0[3000] [send] via NET/IB/0
node049:672758:672770 [0] NCCL INFO Channel 01 : 12[3000] -> 13[3000] [send] via NET/IB/0
node050:703753:703766 [0] NCCL INFO Channel 01 : 13[3000] -> 14[3000] [send] via NET/IB/0
node051:702318:702330 [0] NCCL INFO Channel 01 : 14[3000] -> 15[3000] [send] via NET/IB/0
node003:804640:804652 [0] NCCL INFO Channel 01 : 1[3000] -> 2[3000] [send] via NET/IB/0
node024:3579044:3579056 [0] NCCL INFO Channel 01 : 6[3000] -> 7[3000] [send] via NET/IB/0
node006:716681:716693 [0] NCCL INFO Channel 01 : 4[3000] -> 5[3000] [send] via NET/IB/0
node004:783054:783067 [0] NCCL INFO Channel 01 : 2[3000] -> 3[3000] [send] via NET/IB/0
node007:685250:685262 [0] NCCL INFO Channel 01 : 5[3000] -> 6[3000] [send] via NET/IB/0
node025:1007043:1007055 [0] NCCL INFO Channel 01 : 7[3000] -> 8[82000] [send] via NET/IB/0
node005:815092:815104 [0] NCCL INFO Channel 01 : 3[3000] -> 4[3000] [send] via NET/IB/0
node002:838007:838021 [0] NCCL INFO Channel 01 : 0[3000] -> 1[3000] [send] via NET/IB/0
node047:705255:705267 [0] NCCL INFO NCCL_IB_TIMEOUT set by environment to 30.
node048:685484:685496 [0] NCCL INFO NCCL_IB_TIMEOUT set by environment to 30.
node049:672758:672770 [0] NCCL INFO NCCL_IB_TIMEOUT set by environment to 30.
node050:703753:703766 [0] NCCL INFO NCCL_IB_TIMEOUT set by environment to 30.
node051:702318:702330 [0] NCCL INFO NCCL_IB_TIMEOUT set by environment to 30.
node046:723974:723986 [0] NCCL INFO NCCL_IB_TIMEOUT set by environment to 30.
node007:685250:685262 [0] NCCL INFO NCCL_IB_TIMEOUT set by environment to 30.
node047:705255:705267 [0] NCCL INFO Connected all rings
node048:685484:685496 [0] NCCL INFO Connected all rings
node049:672758:672770 [0] NCCL INFO Connected all rings
node050:703753:703766 [0] NCCL INFO Connected all rings
node051:702318:702330 [0] NCCL INFO Connected all rings
node024:3579044:3579056 [0] NCCL INFO NCCL_IB_TIMEOUT set by environment to 30.
node026:701084:701100 [0] NCCL INFO NCCL_IB_TIMEOUT set by environment to 30.
node025:1007043:1007055 [0] NCCL INFO NCCL_IB_TIMEOUT set by environment to 30.
node046:723974:723986 [0] NCCL INFO Connected all rings
node004:783054:783067 [0] NCCL INFO NCCL_IB_TIMEOUT set by environment to 30.
node006:716681:716693 [0] NCCL INFO NCCL_IB_TIMEOUT set by environment to 30.
node005:815092:815104 [0] NCCL INFO NCCL_IB_TIMEOUT set by environment to 30.
node007:685250:685262 [0] NCCL INFO Connected all rings
node003:804640:804652 [0] NCCL INFO NCCL_IB_TIMEOUT set by environment to 30.
node002:838007:838021 [0] NCCL INFO NCCL_IB_TIMEOUT set by environment to 30.
node052:696500:696512 [0] NCCL INFO NCCL_IB_TIMEOUT set by environment to 30.
node024:3579044:3579056 [0] NCCL INFO Connected all rings
node026:701084:701100 [0] NCCL INFO Connected all rings
node025:1007043:1007055 [0] NCCL INFO Connected all rings
node003:804640:804652 [0] NCCL INFO Connected all rings
node004:783054:783067 [0] NCCL INFO Connected all rings
node002:838007:838021 [0] NCCL INFO Connected all rings
node005:815092:815104 [0] NCCL INFO Connected all rings
node006:716681:716693 [0] NCCL INFO Connected all rings
node052:696500:696512 [0] NCCL INFO Connected all rings
node047:705255:705267 [0] NCCL INFO Channel 00 : 10[3000] -> 12[3000] [send] via NET/IB/0
node048:685484:685496 [0] NCCL INFO Channel 01 : 9[3000] -> 11[3000] [receive] via NET/IB/0
node049:672758:672770 [0] NCCL INFO Channel 00 : 10[3000] -> 12[3000] [receive] via NET/IB/0
node050:703753:703766 [0] NCCL INFO Channel 01 : 11[3000] -> 13[3000] [receive] via NET/IB/0
node051:702318:702330 [0] NCCL INFO Channel 00 : 12[3000] -> 14[3000] [receive] via NET/IB/0
node046:723974:723986 [0] NCCL INFO Channel 01 : 9[3000] -> 11[3000] [send] via NET/IB/0
node007:685250:685262 [0] NCCL INFO Channel 01 : 3[3000] -> 5[3000] [receive] via NET/IB/0
node026:701084:701100 [0] NCCL INFO Channel 00 : 4[3000] -> 8[82000] [receive] via NET/IB/0
node024:3579044:3579056 [0] NCCL INFO Channel 00 : 4[3000] -> 6[3000] [receive] via NET/IB/0
node025:1007043:1007055 [0] NCCL INFO Channel 01 : 3[3000] -> 7[3000] [receive] via NET/IB/0
node003:804640:804652 [0] NCCL INFO Channel 01 : 1[3000] -> 3[3000] [send] via NET/IB/0
node004:783054:783067 [0] NCCL INFO Channel 00 : 2[3000] -> 4[3000] [send] via NET/IB/0
node006:716681:716693 [0] NCCL INFO Channel 00 : 2[3000] -> 4[3000] [receive] via NET/IB/0
node005:815092:815104 [0] NCCL INFO Channel 01 : 1[3000] -> 3[3000] [receive] via NET/IB/0
node052:696500:696512 [0] NCCL INFO Channel 01 : 7[3000] -> 15[3000] [receive] via NET/IB/0
node002:838007:838021 [0] NCCL INFO Channel 00 : 8[82000] -> 0[3000] [receive] via NET/IB/0
node048:685484:685496 [0] NCCL INFO Channel 01 : 11[3000] -> 13[3000] [send] via NET/IB/0
node049:672758:672770 [0] NCCL INFO Channel 00 : 12[3000] -> 14[3000] [send] via NET/IB/0
node026:701084:701100 [0] NCCL INFO Channel 00 : 8[82000] -> 12[3000] [send] via NET/IB/0
node025:1007043:1007055 [0] NCCL INFO Channel 01 : 7[3000] -> 11[3000] [send] via NET/IB/0
node006:716681:716693 [0] NCCL INFO Channel 00 : 4[3000] -> 6[3000] [send] via NET/IB/0
node052:696500:696512 [0] NCCL INFO Channel 01 : 15[3000] -> 7[3000] [send] via NET/IB/0
node005:815092:815104 [0] NCCL INFO Channel 01 : 3[3000] -> 5[3000] [send] via NET/IB/0
node002:838007:838021 [0] NCCL INFO Channel 00 : 0[3000] -> 8[82000] [send] via NET/IB/0
node047:705255:705267 [0] NCCL INFO Channel 00 : 12[3000] -> 10[3000] [receive] via NET/IB/0
node046:723974:723986 [0] NCCL INFO Channel 01 : 11[3000] -> 9[3000] [receive] via NET/IB/0
node050:703753:703766 [0] NCCL INFO Channel 01 : 13[3000] -> 11[3000] [send] via NET/IB/0
node051:702318:702330 [0] NCCL INFO Channel 00 : 14[3000] -> 12[3000] [send] via NET/IB/0
node049:672758:672770 [0] NCCL INFO Channel 00 : 8[82000] -> 12[3000] [receive] via NET/IB/0
node048:685484:685496 [0] NCCL INFO Channel 01 : 7[3000] -> 11[3000] [receive] via NET/IB/0
node003:804640:804652 [0] NCCL INFO Channel 01 : 3[3000] -> 1[3000] [receive] via NET/IB/0
node004:783054:783067 [0] NCCL INFO Channel 00 : 4[3000] -> 2[3000] [receive] via NET/IB/0
node007:685250:685262 [0] NCCL INFO Channel 01 : 5[3000] -> 3[3000] [send] via NET/IB/0
node024:3579044:3579056 [0] NCCL INFO Channel 00 : 6[3000] -> 4[3000] [send] via NET/IB/0
node006:716681:716693 [0] NCCL INFO Channel 00 : 4[3000] -> 8[82000] [send] via NET/IB/0
node005:815092:815104 [0] NCCL INFO Channel 01 : 3[3000] -> 7[3000] [send] via NET/IB/0
node006:716681:716693 [0] NCCL INFO Channel 00 : 8[82000] -> 4[3000] [receive] via NET/IB/0
node005:815092:815104 [0] NCCL INFO Channel 01 : 7[3000] -> 3[3000] [receive] via NET/IB/0
node026:701084:701100 [0] NCCL INFO Channel 00 : 0[3000] -> 8[82000] [receive] via NET/IB/0
node049:672758:672770 [0] NCCL INFO Channel 00 : 12[3000] -> 8[82000] [send] via NET/IB/0
node048:685484:685496 [0] NCCL INFO Channel 01 : 11[3000] -> 7[3000] [send] via NET/IB/0
node025:1007043:1007055 [0] NCCL INFO Channel 01 : 15[3000] -> 7[3000] [receive] via NET/IB/0
node026:701084:701100 [0] NCCL INFO Channel 00 : 8[82000] -> 0[3000] [send] via NET/IB/0
node025:1007043:1007055 [0] NCCL INFO Channel 01 : 7[3000] -> 15[3000] [send] via NET/IB/0
node002:838007:838021 [0] NCCL INFO Channel 01 : 1[3000] -> 0[3000] [receive] via NET/IB/0
node026:701084:701100 [0] NCCL INFO Channel 00 : 12[3000] -> 8[82000] [receive] via NET/IB/0
node052:696500:696512 [0] NCCL INFO Channel 00 : 15[3000] -> 14[3000] [send] via NET/IB/0
node025:1007043:1007055 [0] NCCL INFO Channel 01 : 11[3000] -> 7[3000] [receive] via NET/IB/0
node026:701084:701100 [0] NCCL INFO Channel 00 : 8[82000] -> 4[3000] [send] via NET/IB/0
node025:1007043:1007055 [0] NCCL INFO Channel 01 : 7[3000] -> 3[3000] [send] via NET/IB/0
node049:672758:672770 [0] NCCL INFO Channel 00 : 14[3000] -> 12[3000] [receive] via NET/IB/0
node006:716681:716693 [0] NCCL INFO Channel 00 : 6[3000] -> 4[3000] [receive] via NET/IB/0
node048:685484:685496 [0] NCCL INFO Channel 01 : 13[3000] -> 11[3000] [receive] via NET/IB/0
node026:701084:701100 [0] NCCL INFO Channel 01 : 9[3000] -> 8[82000] [receive] via NET/IB/0
node025:1007043:1007055 [0] NCCL INFO Channel 00 : 7[3000] -> 6[3000] [send] via NET/IB/0
node005:815092:815104 [0] NCCL INFO Channel 01 : 5[3000] -> 3[3000] [receive] via NET/IB/0
node049:672758:672770 [0] NCCL INFO Channel 00 : 12[3000] -> 10[3000] [send] via NET/IB/0
node006:716681:716693 [0] NCCL INFO Channel 00 : 4[3000] -> 2[3000] [send] via NET/IB/0
node048:685484:685496 [0] NCCL INFO Channel 01 : 11[3000] -> 9[3000] [send] via NET/IB/0
node005:815092:815104 [0] NCCL INFO Channel 01 : 3[3000] -> 1[3000] [send] via NET/IB/0
node051:702318:702330 [0] NCCL INFO Channel 00 : 15[3000] -> 14[3000] [receive] via NET/IB/0
node047:705255:705267 [0] NCCL INFO Channel 00 : 11[3000] -> 10[3000] [receive] via NET/IB/0
node049:672758:672770 [0] NCCL INFO Channel 01 : 13[3000] -> 12[3000] [receive] via NET/IB/0
node024:3579044:3579056 [0] NCCL INFO Channel 00 : 7[3000] -> 6[3000] [receive] via NET/IB/0
node050:703753:703766 [0] NCCL INFO Channel 00 : 14[3000] -> 13[3000] [receive] via NET/IB/0
node006:716681:716693 [0] NCCL INFO Channel 01 : 5[3000] -> 4[3000] [receive] via NET/IB/0
node048:685484:685496 [0] NCCL INFO Channel 00 : 11[3000] -> 10[3000] [send] via NET/IB/0
node046:723974:723986 [0] NCCL INFO Channel 00 : 10[3000] -> 9[3000] [receive] via NET/IB/0
node004:783054:783067 [0] NCCL INFO Channel 00 : 3[3000] -> 2[3000] [receive] via NET/IB/0
node007:685250:685262 [0] NCCL INFO Channel 00 : 6[3000] -> 5[3000] [receive] via NET/IB/0
node051:702318:702330 [0] NCCL INFO Channel 00 : 14[3000] -> 13[3000] [send] via NET/IB/0
node003:804640:804652 [0] NCCL INFO Channel 00 : 2[3000] -> 1[3000] [receive] via NET/IB/0
node047:705255:705267 [0] NCCL INFO Channel 00 : 10[3000] -> 9[3000] [send] via NET/IB/0
node024:3579044:3579056 [0] NCCL INFO Channel 00 : 6[3000] -> 5[3000] [send] via NET/IB/0
node050:703753:703766 [0] NCCL INFO Channel 01 : 14[3000] -> 13[3000] [receive] via NET/IB/0
node005:815092:815104 [0] NCCL INFO Channel 00 : 3[3000] -> 2[3000] [send] via NET/IB/0
node046:723974:723986 [0] NCCL INFO Channel 01 : 10[3000] -> 9[3000] [receive] via NET/IB/0
node004:783054:783067 [0] NCCL INFO Channel 00 : 2[3000] -> 1[3000] [send] via NET/IB/0
node007:685250:685262 [0] NCCL INFO Channel 01 : 6[3000] -> 5[3000] [receive] via NET/IB/0
node051:702318:702330 [0] NCCL INFO Channel 01 : 14[3000] -> 13[3000] [send] via NET/IB/0
node003:804640:804652 [0] NCCL INFO Channel 01 : 2[3000] -> 1[3000] [receive] via NET/IB/0
node047:705255:705267 [0] NCCL INFO Channel 01 : 10[3000] -> 9[3000] [send] via NET/IB/0
node024:3579044:3579056 [0] NCCL INFO Channel 01 : 6[3000] -> 5[3000] [send] via NET/IB/0
node052:696500:696512 [0] NCCL INFO Connected all trees
node052:696500:696512 [0] NCCL INFO threadThresholds 8/8/64 | 128/8/64 | 8/8/512
node052:696500:696512 [0] NCCL INFO 2 coll channels, 2 p2p channels, 1 p2p channels per peer
node052:696500:696512 [0] NCCL INFO comm 0x7feb24003040 rank 15 nranks 16 cudaDev 0 busId 3000 - Init COMPLETE
node050:703753:703766 [0] NCCL INFO Channel 01 : 13[3000] -> 12[3000] [send] via NET/IB/0
node048:685484:685496 [0] NCCL INFO Connected all trees
node048:685484:685496 [0] NCCL INFO threadThresholds 8/8/64 | 128/8/64 | 8/8/512
node048:685484:685496 [0] NCCL INFO 2 coll channels, 2 p2p channels, 1 p2p channels per peer
node048:685484:685496 [0] NCCL INFO comm 0x7fe634003040 rank 11 nranks 16 cudaDev 0 busId 3000 - Init COMPLETE
node025:1007043:1007055 [0] NCCL INFO Connected all trees
node025:1007043:1007055 [0] NCCL INFO threadThresholds 8/8/64 | 128/8/64 | 8/8/512
node025:1007043:1007055 [0] NCCL INFO 2 coll channels, 2 p2p channels, 1 p2p channels per peer
node046:723974:723986 [0] NCCL INFO Channel 01 : 9[3000] -> 8[82000] [send] via NET/IB/0
node025:1007043:1007055 [0] NCCL INFO comm 0x7f71f0003040 rank 7 nranks 16 cudaDev 0 busId 3000 - Init COMPLETE
node004:783054:783067 [0] NCCL INFO Channel 01 : 2[3000] -> 1[3000] [send] via NET/IB/0
node007:685250:685262 [0] NCCL INFO Channel 01 : 5[3000] -> 4[3000] [send] via NET/IB/0
node049:672758:672770 [0] NCCL INFO Connected all trees
node049:672758:672770 [0] NCCL INFO threadThresholds 8/8/64 | 128/8/64 | 8/8/512
node049:672758:672770 [0] NCCL INFO 2 coll channels, 2 p2p channels, 1 p2p channels per peer
node049:672758:672770 [0] NCCL INFO comm 0x7f71bc003040 rank 12 nranks 16 cudaDev 0 busId 3000 - Init COMPLETE
node005:815092:815104 [0] NCCL INFO Connected all trees
node005:815092:815104 [0] NCCL INFO threadThresholds 8/8/64 | 128/8/64 | 8/8/512
node005:815092:815104 [0] NCCL INFO 2 coll channels, 2 p2p channels, 1 p2p channels per peer
node005:815092:815104 [0] NCCL INFO comm 0x7f953c003040 rank 3 nranks 16 cudaDev 0 busId 3000 - Init COMPLETE
node051:702318:702330 [0] NCCL INFO Connected all trees
node051:702318:702330 [0] NCCL INFO threadThresholds 8/8/64 | 128/8/64 | 8/8/512
node051:702318:702330 [0] NCCL INFO 2 coll channels, 2 p2p channels, 1 p2p channels per peer
node050:703753:703766 [0] NCCL INFO Connected all trees
node050:703753:703766 [0] NCCL INFO threadThresholds 8/8/64 | 128/8/64 | 8/8/512
node050:703753:703766 [0] NCCL INFO 2 coll channels, 2 p2p channels, 1 p2p channels per peer
node003:804640:804652 [0] NCCL INFO Channel 01 : 1[3000] -> 0[3000] [send] via NET/IB/0
node051:702318:702330 [0] NCCL INFO comm 0x7fa6e0003040 rank 14 nranks 16 cudaDev 0 busId 3000 - Init COMPLETE
node050:703753:703766 [0] NCCL INFO comm 0x7f56c0003040 rank 13 nranks 16 cudaDev 0 busId 3000 - Init COMPLETE
node026:701084:701100 [0] NCCL INFO Connected all trees
node026:701084:701100 [0] NCCL INFO threadThresholds 8/8/64 | 128/8/64 | 8/8/512
node026:701084:701100 [0] NCCL INFO 2 coll channels, 2 p2p channels, 1 p2p channels per peer
node026:701084:701100 [0] NCCL INFO comm 0x7fe514003040 rank 8 nranks 16 cudaDev 0 busId 82000 - Init COMPLETE
node047:705255:705267 [0] NCCL INFO Connected all trees
node047:705255:705267 [0] NCCL INFO threadThresholds 8/8/64 | 128/8/64 | 8/8/512
node047:705255:705267 [0] NCCL INFO 2 coll channels, 2 p2p channels, 1 p2p channels per peer
node046:723974:723986 [0] NCCL INFO Connected all trees
node046:723974:723986 [0] NCCL INFO threadThresholds 8/8/64 | 128/8/64 | 8/8/512
node046:723974:723986 [0] NCCL INFO 2 coll channels, 2 p2p channels, 1 p2p channels per peer
node006:716681:716693 [0] NCCL INFO Connected all trees
node006:716681:716693 [0] NCCL INFO threadThresholds 8/8/64 | 128/8/64 | 8/8/512
node006:716681:716693 [0] NCCL INFO 2 coll channels, 2 p2p channels, 1 p2p channels per peer
node047:705255:705267 [0] NCCL INFO comm 0x7f26f8003040 rank 10 nranks 16 cudaDev 0 busId 3000 - Init COMPLETE
node046:723974:723986 [0] NCCL INFO comm 0x7f0248003040 rank 9 nranks 16 cudaDev 0 busId 3000 - Init COMPLETE
node006:716681:716693 [0] NCCL INFO comm 0x7fb754003040 rank 4 nranks 16 cudaDev 0 busId 3000 - Init COMPLETE
node007:685250:685262 [0] NCCL INFO Connected all trees
node007:685250:685262 [0] NCCL INFO threadThresholds 8/8/64 | 128/8/64 | 8/8/512
node007:685250:685262 [0] NCCL INFO 2 coll channels, 2 p2p channels, 1 p2p channels per peer
node007:685250:685262 [0] NCCL INFO comm 0x7f87a4003040 rank 5 nranks 16 cudaDev 0 busId 3000 - Init COMPLETE
node024:3579044:3579056 [0] NCCL INFO Connected all trees
node024:3579044:3579056 [0] NCCL INFO threadThresholds 8/8/64 | 128/8/64 | 8/8/512
node024:3579044:3579056 [0] NCCL INFO 2 coll channels, 2 p2p channels, 1 p2p channels per peer
node002:838007:838021 [0] NCCL INFO Connected all trees
node002:838007:838021 [0] NCCL INFO threadThresholds 8/8/64 | 128/8/64 | 8/8/512
node002:838007:838021 [0] NCCL INFO 2 coll channels, 2 p2p channels, 1 p2p channels per peer
node024:3579044:3579056 [0] NCCL INFO comm 0x7fefc4003040 rank 6 nranks 16 cudaDev 0 busId 3000 - Init COMPLETE
node002:838007:838021 [0] NCCL INFO comm 0x7f36c0003040 rank 0 nranks 16 cudaDev 0 busId 3000 - Init COMPLETE
node002:838007:838007 [0] NCCL INFO Launch mode Parallel
node003:804640:804652 [0] NCCL INFO Connected all trees
node003:804640:804652 [0] NCCL INFO threadThresholds 8/8/64 | 128/8/64 | 8/8/512
node003:804640:804652 [0] NCCL INFO 2 coll channels, 2 p2p channels, 1 p2p channels per peer
node003:804640:804652 [0] NCCL INFO comm 0x7f18e0003040 rank 1 nranks 16 cudaDev 0 busId 3000 - Init COMPLETE
node004:783054:783067 [0] NCCL INFO Connected all trees
node004:783054:783067 [0] NCCL INFO threadThresholds 8/8/64 | 128/8/64 | 8/8/512
node004:783054:783067 [0] NCCL INFO 2 coll channels, 2 p2p channels, 1 p2p channels per peer
node004:783054:783067 [0] NCCL INFO comm 0x7f1004003040 rank 2 nranks 16 cudaDev 0 busId 3000 - Init COMPLETE
Process 0/16 initialized successfully
Process 0 using device: cuda:0
Process 8/16 initialized successfully
Loading data...
Process 8 using device: cuda:0
Process 12/16 initialized successfully
Process 12 using device: cuda:0
Process 4/16 initialized successfully
Process 4 using device: cuda:0
Process 10/16 initialized successfully
Process 6/16 initialized successfully
Process 14/16 initialized successfully
Process 2/16 initialized successfully
Process 10 using device: cuda:0
Process 14 using device: cuda:0
Process 2 using device: cuda:0
Process 6 using device: cuda:0
Process 9/16 initialized successfully
Process 5/16 initialized successfully
Process 15/16 initialized successfully
Process 1/16 initialized successfully
Process 11/16 initialized successfully
Process 9 using device: cuda:0
Process 13/16 initialized successfully
Process 7/16 initialized successfully
Process 5 using device: cuda:0
Process 11 using device: cuda:0
Process 15 using device: cuda:0
Process 1 using device: cuda:0
Process 3/16 initialized successfully
Process 13 using device: cuda:0
Process 7 using device: cuda:0
Process 3 using device: cuda:0
Loading data from data/enwik8
Data loaded: 99621832 bytes
Rank 13: Loading data...
Rank 1: Loading data...
Rank 3: Loading data...
Rank 5: Loading data...
Rank 10: Loading data...
Rank 6: Loading data...
Rank 4: Loading data...
Rank 11: Loading data...
Rank 9: Loading data...
Rank 8: Loading data...
Rank 15: Loading data...
Rank 12: Loading data...
Rank 14: Loading data...
Rank 7: Loading data...
Creating byte tokenizer...
Vocabulary size: 256 bytes (fixed)
Encoding text...
Loading data from data/enwik8
Loading data from data/enwik8
Loading data from data/enwik8
Loading data from data/enwik8
Loading data from data/enwik8
Loading data from data/enwik8
Loading data from data/enwik8
Loading data from data/enwik8
Loading data from data/enwik8
Loading data from data/enwik8
Loading data from data/enwik8
Loading data from data/enwik8
Loading data from data/enwik8
Loading data from data/enwik8
Rank 2: Loading data...
Loading data from data/enwik8
Rank 15: Data loaded: 99621832 bytes
Creating byte tokenizer...
Vocabulary size: 256 bytes (fixed)
Encoding text...
Rank 8: Data loaded: 99621832 bytes
Creating byte tokenizer...
Vocabulary size: 256 bytes (fixed)
Encoding text...
Rank 6: Data loaded: 99621832 bytes
Creating byte tokenizer...
Vocabulary size: 256 bytes (fixed)
Encoding text...
Rank 2: Data loaded: 99621832 bytes
Creating byte tokenizer...
Vocabulary size: 256 bytes (fixed)
Encoding text...
Rank 4: Data loaded: 99621832 bytes
Creating byte tokenizer...
Vocabulary size: 256 bytes (fixed)
Encoding text...
Rank 1: Data loaded: 99621832 bytes
Creating byte tokenizer...
Vocabulary size: 256 bytes (fixed)
Encoding text...
Rank 3: Data loaded: 99621832 bytes
Creating byte tokenizer...
Vocabulary size: 256 bytes (fixed)
Encoding text...
Rank 10: Data loaded: 99621832 bytes
Creating byte tokenizer...
Vocabulary size: 256 bytes (fixed)
Encoding text...
Rank 12: Data loaded: 99621832 bytes
Creating byte tokenizer...
Vocabulary size: 256 bytes (fixed)
Encoding text...
Rank 11: Data loaded: 99621832 bytes
Creating byte tokenizer...
Vocabulary size: 256 bytes (fixed)
Encoding text...
Rank 14: Data loaded: 99621832 bytes
Creating byte tokenizer...
Vocabulary size: 256 bytes (fixed)
Encoding text...
Rank 13: Data loaded: 99621832 bytes
Creating byte tokenizer...
Vocabulary size: 256 bytes (fixed)
Encoding text...
Rank 5: Data loaded: 99621832 bytes
Creating byte tokenizer...
Vocabulary size: 256 bytes (fixed)
Encoding text...
Rank 9: Data loaded: 99621832 bytes
Creating byte tokenizer...
Vocabulary size: 256 bytes (fixed)
Encoding text...
Rank 7: Data loaded: 99621832 bytes
Creating byte tokenizer...
Vocabulary size: 256 bytes (fixed)
Encoding text...
Encoded length: 100000000 tokens

Analyzing byte-level tokenization...
Sample text length: 100 bytes
Encoded length: 100 tokens
Token-to-byte ratio: 1.00

Example byte values (first 10):
Byte 0: < (ID: 60)
Byte 1: m (ID: 109)
Byte 2: e (ID: 101)
Byte 3: d (ID: 100)
Byte 4: i (ID: 105)
Byte 5: a (ID: 97)
Byte 6: w (ID: 119)
Byte 7: i (ID: 105)
Byte 8: k (ID: 107)
Byte 9: i (ID: 105)
Rank 0: Created 2746 batches (sequence range 0-5493)
Rank 0: Batch shapes - Input: torch.Size([2, 1024]), Target: torch.Size([2, 1024])
Rank 0: Created 305 batches (sequence range 0-610)
Rank 0: Batch shapes - Input: torch.Size([2, 1024]), Target: torch.Size([2, 1024])
Created 2746 training batches and 305 validation batches
Encoded length: 100000000 tokens

Analyzing byte-level tokenization...
Sample text length: 100 bytes
Encoded length: 100 tokens
Token-to-byte ratio: 1.00

Example byte values (first 10):
Byte 0: < (ID: 60)
Byte 1: m (ID: 109)
Byte 2: e (ID: 101)
Byte 3: d (ID: 100)
Byte 4: i (ID: 105)
Byte 5: a (ID: 97)
Byte 6: w (ID: 119)
Byte 7: i (ID: 105)
Byte 8: k (ID: 107)
Byte 9: i (ID: 105)
Encoded length: 100000000 tokens

Analyzing byte-level tokenization...
Sample text length: 100 bytes
Encoded length: 100 tokens
Token-to-byte ratio: 1.00

Example byte values (first 10):
Byte 0: < (ID: 60)
Byte 1: m (ID: 109)
Byte 2: e (ID: 101)
Byte 3: d (ID: 100)
Byte 4: i (ID: 105)
Byte 5: a (ID: 97)
Byte 6: w (ID: 119)
Byte 7: i (ID: 105)
Byte 8: k (ID: 107)
Byte 9: i (ID: 105)
Encoded length: 100000000 tokens

Analyzing byte-level tokenization...
Sample text length: 100 bytes
Encoded length: 100 tokens
Token-to-byte ratio: 1.00

Example byte values (first 10):
Byte 0: < (ID: 60)
Byte 1: m (ID: 109)
Byte 2: e (ID: 101)
Byte 3: d (ID: 100)
Byte 4: i (ID: 105)
Byte 5: a (ID: 97)
Byte 6: w (ID: 119)
Byte 7: i (ID: 105)
Byte 8: k (ID: 107)
Byte 9: i (ID: 105)
Encoded length: 100000000 tokens

Analyzing byte-level tokenization...
Sample text length: 100 bytes
Encoded length: 100 tokens
Token-to-byte ratio: 1.00

Example byte values (first 10):
Byte 0: < (ID: 60)
Byte 1: m (ID: 109)
Byte 2: e (ID: 101)
Byte 3: d (ID: 100)
Byte 4: i (ID: 105)
Byte 5: a (ID: 97)
Byte 6: w (ID: 119)
Byte 7: i (ID: 105)
Byte 8: k (ID: 107)
Byte 9: i (ID: 105)
Encoded length: 100000000 tokens

Analyzing byte-level tokenization...
Sample text length: 100 bytes
Encoded length: 100 tokens
Token-to-byte ratio: 1.00

Example byte values (first 10):
Byte 0: < (ID: 60)
Byte 1: m (ID: 109)
Byte 2: e (ID: 101)
Byte 3: d (ID: 100)
Byte 4: i (ID: 105)
Byte 5: a (ID: 97)
Byte 6: w (ID: 119)
Byte 7: i (ID: 105)
Byte 8: k (ID: 107)
Byte 9: i (ID: 105)
Encoded length: 100000000 tokens

Analyzing byte-level tokenization...
Sample text length: 100 bytes
Encoded length: 100 tokens
Token-to-byte ratio: 1.00

Example byte values (first 10):
Byte 0: < (ID: 60)
Byte 1: m (ID: 109)
Byte 2: e (ID: 101)
Byte 3: d (ID: 100)
Byte 4: i (ID: 105)
Byte 5: a (ID: 97)
Byte 6: w (ID: 119)
Byte 7: i (ID: 105)
Byte 8: k (ID: 107)
Byte 9: i (ID: 105)
Encoded length: 100000000 tokens

Analyzing byte-level tokenization...
Sample text length: 100 bytes
Encoded length: 100 tokens
Token-to-byte ratio: 1.00

Example byte values (first 10):
Byte 0: < (ID: 60)
Byte 1: m (ID: 109)
Byte 2: e (ID: 101)
Byte 3: d (ID: 100)
Byte 4: i (ID: 105)
Byte 5: a (ID: 97)
Byte 6: w (ID: 119)
Byte 7: i (ID: 105)
Byte 8: k (ID: 107)
Byte 9: i (ID: 105)
Encoded length: 100000000 tokens

Analyzing byte-level tokenization...
Sample text length: 100 bytes
Encoded length: 100 tokens
Token-to-byte ratio: 1.00

Example byte values (first 10):
Encoded length: 100000000 tokens

Analyzing byte-level tokenization...
Byte 0: < (ID: 60)
Byte 1: m (ID: 109)
Sample text length: 100 bytes
Byte 2: e (ID: 101)
Byte 3: d (ID: 100)
Byte 4: i (ID: 105)
Byte 5: a (ID: 97)
Byte 6: w (ID: 119)
Byte 7: i (ID: 105)
Byte 8: k (ID: 107)
Byte 9: i (ID: 105)
Encoded length: 100 tokens
Token-to-byte ratio: 1.00

Example byte values (first 10):
Byte 0: < (ID: 60)
Byte 1: m (ID: 109)
Byte 2: e (ID: 101)
Byte 3: d (ID: 100)
Byte 4: i (ID: 105)
Byte 5: a (ID: 97)
Byte 6: w (ID: 119)
Byte 7: i (ID: 105)
Byte 8: k (ID: 107)
Byte 9: i (ID: 105)
Rank 15: Created 2746 batches (sequence range 82395-87888)
Rank 15: Batch shapes - Input: torch.Size([2, 1024]), Target: torch.Size([2, 1024])
Rank 15: Created 305 batches (sequence range 9150-9760)
Rank 15: Batch shapes - Input: torch.Size([2, 1024]), Target: torch.Size([2, 1024])
Created 2746 training batches and 305 validation batches
Rank 8: Created 2746 batches (sequence range 43944-49437)
Rank 8: Batch shapes - Input: torch.Size([2, 1024]), Target: torch.Size([2, 1024])
Rank 4: Created 2746 batches (sequence range 21972-27465)
Rank 4: Batch shapes - Input: torch.Size([2, 1024]), Target: torch.Size([2, 1024])
Rank 10: Created 2746 batches (sequence range 54930-60423)
Rank 10: Batch shapes - Input: torch.Size([2, 1024]), Target: torch.Size([2, 1024])
Rank 5: Created 2746 batches (sequence range 27465-32958)
Rank 5: Batch shapes - Input: torch.Size([2, 1024]), Target: torch.Size([2, 1024])
Rank 8: Created 305 batches (sequence range 4880-5490)
Rank 8: Batch shapes - Input: torch.Size([2, 1024]), Target: torch.Size([2, 1024])
Created 2746 training batches and 305 validation batches
Rank 12: Created 2746 batches (sequence range 65916-71409)
Rank 12: Batch shapes - Input: torch.Size([2, 1024]), Target: torch.Size([2, 1024])
Rank 4: Created 305 batches (sequence range 2440-3050)
Rank 4: Batch shapes - Input: torch.Size([2, 1024]), Target: torch.Size([2, 1024])
Created 2746 training batches and 305 validation batches
Encoded length: 100000000 tokens

Analyzing byte-level tokenization...
Sample text length: 100 bytes
Encoded length: 100 tokens
Token-to-byte ratio: 1.00

Example byte values (first 10):
Byte 0: < (ID: 60)
Byte 1: m (ID: 109)
Byte 2: e (ID: 101)
Byte 3: d (ID: 100)
Byte 4: i (ID: 105)
Byte 5: a (ID: 97)
Byte 6: w (ID: 119)
Byte 7: i (ID: 105)
Byte 8: k (ID: 107)
Byte 9: i (ID: 105)
Rank 6: Created 2746 batches (sequence range 32958-38451)
Rank 6: Batch shapes - Input: torch.Size([2, 1024]), Target: torch.Size([2, 1024])
Encoded length: 100000000 tokens

Analyzing byte-level tokenization...
Sample text length: 100 bytes
Encoded length: 100 tokens
Token-to-byte ratio: 1.00

Example byte values (first 10):
Byte 0: < (ID: 60)
Byte 1: m (ID: 109)
Byte 2: e (ID: 101)
Byte 3: d (ID: 100)
Byte 4: i (ID: 105)
Byte 5: a (ID: 97)
Byte 6: w (ID: 119)
Byte 7: i (ID: 105)
Byte 8: k (ID: 107)
Byte 9: i (ID: 105)
Rank 10: Created 305 batches (sequence range 6100-6710)
Rank 10: Batch shapes - Input: torch.Size([2, 1024]), Target: torch.Size([2, 1024])
Created 2746 training batches and 305 validation batches
Rank 5: Created 305 batches (sequence range 3050-3660)
Rank 5: Batch shapes - Input: torch.Size([2, 1024]), Target: torch.Size([2, 1024])
Created 2746 training batches and 305 validation batches
Rank 12: Created 305 batches (sequence range 7320-7930)
Rank 12: Batch shapes - Input: torch.Size([2, 1024]), Target: torch.Size([2, 1024])
Created 2746 training batches and 305 validation batches
Rank 6: Created 305 batches (sequence range 3660-4270)
Rank 6: Batch shapes - Input: torch.Size([2, 1024]), Target: torch.Size([2, 1024])
Created 2746 training batches and 305 validation batches
Rank 14: Created 2746 batches (sequence range 76902-82395)
Rank 14: Batch shapes - Input: torch.Size([2, 1024]), Target: torch.Size([2, 1024])
Rank 13: Created 2746 batches (sequence range 71409-76902)
Rank 13: Batch shapes - Input: torch.Size([2, 1024]), Target: torch.Size([2, 1024])
Rank 14: Created 305 batches (sequence range 8540-9150)
Rank 14: Batch shapes - Input: torch.Size([2, 1024]), Target: torch.Size([2, 1024])
Created 2746 training batches and 305 validation batches
Rank 13: Created 305 batches (sequence range 7930-8540)
Rank 13: Batch shapes - Input: torch.Size([2, 1024]), Target: torch.Size([2, 1024])
Created 2746 training batches and 305 validation batches
Encoded length: 100000000 tokens

Analyzing byte-level tokenization...
Sample text length: 100 bytes
Encoded length: 100 tokens
Token-to-byte ratio: 1.00

Example byte values (first 10):
Byte 0: < (ID: 60)
Byte 1: m (ID: 109)
Byte 2: e (ID: 101)
Byte 3: d (ID: 100)
Byte 4: i (ID: 105)
Byte 5: a (ID: 97)
Byte 6: w (ID: 119)
Byte 7: i (ID: 105)
Byte 8: k (ID: 107)
Byte 9: i (ID: 105)
Rank 1: Created 2746 batches (sequence range 5493-10986)
Rank 1: Batch shapes - Input: torch.Size([2, 1024]), Target: torch.Size([2, 1024])
Rank 11: Created 2746 batches (sequence range 60423-65916)
Rank 11: Batch shapes - Input: torch.Size([2, 1024]), Target: torch.Size([2, 1024])
Rank 1: Created 305 batches (sequence range 610-1220)
Rank 1: Batch shapes - Input: torch.Size([2, 1024]), Target: torch.Size([2, 1024])
Created 2746 training batches and 305 validation batches
Rank 11: Created 305 batches (sequence range 6710-7320)
Rank 11: Batch shapes - Input: torch.Size([2, 1024]), Target: torch.Size([2, 1024])
Created 2746 training batches and 305 validation batches
Encoded length: 100000000 tokens

Analyzing byte-level tokenization...
Sample text length: 100 bytes
Encoded length: 100 tokens
Token-to-byte ratio: 1.00

Example byte values (first 10):
Byte 0: < (ID: 60)
Byte 1: m (ID: 109)
Byte 2: e (ID: 101)
Byte 3: d (ID: 100)
Byte 4: i (ID: 105)
Byte 5: a (ID: 97)
Byte 6: w (ID: 119)
Byte 7: i (ID: 105)
Byte 8: k (ID: 107)
Byte 9: i (ID: 105)
Rank 9: Created 2746 batches (sequence range 49437-54930)
Rank 9: Batch shapes - Input: torch.Size([2, 1024]), Target: torch.Size([2, 1024])
Rank 9: Created 305 batches (sequence range 5490-6100)
Rank 9: Batch shapes - Input: torch.Size([2, 1024]), Target: torch.Size([2, 1024])
Created 2746 training batches and 305 validation batches
Encoded length: 100000000 tokens

Analyzing byte-level tokenization...
Sample text length: 100 bytes
Encoded length: 100 tokens
Token-to-byte ratio: 1.00

Example byte values (first 10):
Byte 0: < (ID: 60)
Byte 1: m (ID: 109)
Byte 2: e (ID: 101)
Byte 3: d (ID: 100)
Byte 4: i (ID: 105)
Byte 5: a (ID: 97)
Byte 6: w (ID: 119)
Byte 7: i (ID: 105)
Byte 8: k (ID: 107)
Byte 9: i (ID: 105)
Rank 2: Created 2746 batches (sequence range 10986-16479)
Rank 2: Batch shapes - Input: torch.Size([2, 1024]), Target: torch.Size([2, 1024])
Rank 2: Created 305 batches (sequence range 1220-1830)
Rank 2: Batch shapes - Input: torch.Size([2, 1024]), Target: torch.Size([2, 1024])
Created 2746 training batches and 305 validation batches
Rank 3: Created 2746 batches (sequence range 16479-21972)
Rank 3: Batch shapes - Input: torch.Size([2, 1024]), Target: torch.Size([2, 1024])
Rank 3: Created 305 batches (sequence range 1830-2440)
Rank 3: Batch shapes - Input: torch.Size([2, 1024]), Target: torch.Size([2, 1024])
Created 2746 training batches and 305 validation batches
Encoded length: 100000000 tokens

Analyzing byte-level tokenization...
Sample text length: 100 bytes
Encoded length: 100 tokens
Token-to-byte ratio: 1.00

Example byte values (first 10):
Byte 0: < (ID: 60)
Byte 1: m (ID: 109)
Byte 2: e (ID: 101)
Byte 3: d (ID: 100)
Byte 4: i (ID: 105)
Byte 5: a (ID: 97)
Byte 6: w (ID: 119)
Byte 7: i (ID: 105)
Byte 8: k (ID: 107)
Byte 9: i (ID: 105)
Model Parameters: 63,677,721 trainable out of 63,677,721 total

=== Training Enhanced Character Transformer Model ===
Training on device: cuda:0
Using mixed precision training (FP16)
Using gradient accumulation with 8 steps
Effective batch size: 16
Rank 7: Created 2746 batches (sequence range 38451-43944)
Rank 7: Batch shapes - Input: torch.Size([2, 1024]), Target: torch.Size([2, 1024])
Rank 7: Created 305 batches (sequence range 4270-4880)
Rank 7: Batch shapes - Input: torch.Size([2, 1024]), Target: torch.Size([2, 1024])
Created 2746 training batches and 305 validation batches
Model Parameters: 63,677,721 trainable out of 63,677,721 total

=== Training Enhanced Character Transformer Model ===
Training on device: cuda:0
Using mixed precision training (FP16)
Using gradient accumulation with 8 steps
Effective batch size: 16
Model Parameters: 63,677,721 trainable out of 63,677,721 total

=== Training Enhanced Character Transformer Model ===
Training on device: cuda:0
Using mixed precision training (FP16)
Using gradient accumulation with 8 steps
Effective batch size: 16
Model Parameters: 63,677,721 trainable out of 63,677,721 total

=== Training Enhanced Character Transformer Model ===
Training on device: cuda:0
Using mixed precision training (FP16)
Using gradient accumulation with 8 steps
Effective batch size: 16
Model Parameters: 63,677,721 trainable out of 63,677,721 total

=== Training Enhanced Character Transformer Model ===
Training on device: cuda:0
Using mixed precision training (FP16)
Using gradient accumulation with 8 steps
Effective batch size: 16
Model Parameters: 63,677,721 trainable out of 63,677,721 total

=== Training Enhanced Character Transformer Model ===
Training on device: cuda:0
Using mixed precision training (FP16)
Using gradient accumulation with 8 steps
Effective batch size: 16
Model Parameters: 63,677,721 trainable out of 63,677,721 total

=== Training Enhanced Character Transformer Model ===
Training on device: cuda:0
Using mixed precision training (FP16)
Using gradient accumulation with 8 steps
Effective batch size: 16
Model Parameters: 63,677,721 trainable out of 63,677,721 total

=== Training Enhanced Character Transformer Model ===
Training on device: cuda:0
Using mixed precision training (FP16)
Using gradient accumulation with 8 steps
Effective batch size: 16
Model Parameters: 63,677,721 trainable out of 63,677,721 total

=== Training Enhanced Character Transformer Model ===
Model Parameters: 63,677,721 trainable out of 63,677,721 total

=== Training Enhanced Character Transformer Model ===
Training on device: cuda:0
Using mixed precision training (FP16)
Using gradient accumulation with 8 steps
Effective batch size: 16
Training on device: cuda:0
Using mixed precision training (FP16)
Using gradient accumulation with 8 steps
Effective batch size: 16
Model Parameters: 63,677,721 trainable out of 63,677,721 total

=== Training Enhanced Character Transformer Model ===
Training on device: cuda:0
Using mixed precision training (FP16)
Using gradient accumulation with 8 steps
Effective batch size: 16
Model Parameters: 63,677,721 trainable out of 63,677,721 total

=== Training Enhanced Character Transformer Model ===
Training on device: cuda:0
Using mixed precision training (FP16)
Using gradient accumulation with 8 steps
