Using device: cuda
Loading existing model from bachelor_thesis/models/sparse_byte_transformer.pt
Loaded model checkpoint with training history

Generating example texts with different temperatures:

Generating samples with different temperatures:

Prompt: The movie was

Temperature 0.6:
The movie wase ativeofumonfrlaupis da hteret.


Temperature 0.8:
The movie was aets, moufol.h.)enivciqural stmofl m.


Temperature 1.0:
The movie wasfe ticovaaltame.ow, .qerysithf/nlavm]eenfoo &lu./q,.aashikritecofh Af.ht,,iasowa.cimelyurnt.of&qie,cd vampl hcrnm.rtha,eifisowh./ w F


Prompt: In the beginning

Temperature 0.6:
In the beginningie tonalubesich.


Temperature 0.8:
In the beginningineatfowf amb.ceur puintaletofichevod.s narruagilfe tpim,


Temperature 1.0:
In the beginningileaeaftorn. friofundickeaiplltteg d, /n. fuomaasernflobicoo.t rheip //wlat/accaggufruobi d,,gleam.tee L&quasitp:.clfiab//gmhreneao pplucildf./.


Prompt: She looked at

Temperature 0.6:
She looked ate oashily tef..cllschetranouinda e,.filichiestarofulv.t eroflicha,


Temperature 0.8:
She looked athealiockt whumoulavqqqreanindfocth,as plhum. 


Temperature 1.0:
She looked atheenasl. aitsiotocum.nhe, s=Cubl s/el apar.onkiseoluhydwiict aal.hro,f ne slueis/wwaltt.oequr /m=


Prompt: The system could

Temperature 0.6:
The system couldumaly esttccoincorbe.helabuf strg.


Temperature 0.8:
The system could ecieaultldrcommpis orengeffayev/tstmlicum anobrfiedong/e alatmucslriundepofib/aef t/hal.cauem dgiontigrsmepl/bcattal Con/wffr.ueeipmasht /tp.


Temperature 1.0:
The system couldussemt. cemochnfolgabarissudot E.che flil/pactoufen r.dths,)


Prompt: Deep learning is

Temperature 0.6:
Deep learning is alenshiorce.uolft, ufarainithlocecos.hr/wwa afubenitiolusch.f/mp; wacenoeigrulashfftp:/d. menson iraly/whtp:/arcend.fouiils weap:/orottrn.chsil. suea/fofp:**/tcintryd eh..aolffus///wiangrch 


Temperature 0.8:
Deep learning isengiacatl.ctoo uuphlstrsffenig.c/ adeachow..rolutimphts/bengat a.urcoleur.


Temperature 1.0:
Deep learning ispsedand sri.


Running in non-interactive mode, skipping interactive prompt
