Using device: cuda
Loading training data...
Loading data from data/enwik8
Training sparse transformer model...
Initial learning rate: 0.000001
Target learning rate: 0.000100
Warmup steps: 4000
Epoch 1/100 | Batch 0/7324 | Loss: 5.6586 | LR: 0.000000
Epoch 1/100 | Batch 100/7324 | Loss: 5.6505 | LR: 0.000000
Epoch 1/100 | Batch 200/7324 | Loss: 5.6026 | LR: 0.000001
Epoch 1/100 | Batch 300/7324 | Loss: 5.5236 | LR: 0.000001
Epoch 1/100 | Batch 400/7324 | Loss: 5.4179 | LR: 0.000001
Epoch 1/100 | Batch 500/7324 | Loss: 5.2983 | LR: 0.000002
Epoch 1/100 | Batch 600/7324 | Loss: 5.0973 | LR: 0.000002
Epoch 1/100 | Batch 700/7324 | Loss: 5.0050 | LR: 0.000002
Epoch 1/100 | Batch 800/7324 | Loss: 4.8338 | LR: 0.000002
Epoch 1/100 | Batch 900/7324 | Loss: 4.7083 | LR: 0.000003
Epoch 1/100 | Batch 1000/7324 | Loss: 4.5783 | LR: 0.000003
Epoch 1/100 | Batch 1100/7324 | Loss: 4.5491 | LR: 0.000003
Epoch 1/100 | Batch 1200/7324 | Loss: 4.4117 | LR: 0.000004
Epoch 1/100 | Batch 1300/7324 | Loss: 4.3418 | LR: 0.000004
Epoch 1/100 | Batch 1400/7324 | Loss: 4.2941 | LR: 0.000004
Epoch 1/100 | Batch 1500/7324 | Loss: 4.2678 | LR: 0.000005
Epoch 1/100 | Batch 1600/7324 | Loss: 4.1606 | LR: 0.000005
Epoch 1/100 | Batch 1700/7324 | Loss: 4.1720 | LR: 0.000005
Epoch 1/100 | Batch 1800/7324 | Loss: 4.1096 | LR: 0.000006
Epoch 1/100 | Batch 1900/7324 | Loss: 4.0564 | LR: 0.000006
Epoch 1/100 | Batch 2000/7324 | Loss: 4.1024 | LR: 0.000006
Epoch 1/100 | Batch 2100/7324 | Loss: 4.0921 | LR: 0.000007
Epoch 1/100 | Batch 2200/7324 | Loss: 4.0652 | LR: 0.000007
Epoch 1/100 | Batch 2300/7324 | Loss: 4.0473 | LR: 0.000007
Epoch 1/100 | Batch 2400/7324 | Loss: 4.0016 | LR: 0.000007
Epoch 1/100 | Batch 2500/7324 | Loss: 3.9159 | LR: 0.000008
Epoch 1/100 | Batch 2600/7324 | Loss: 3.8330 | LR: 0.000008
Epoch 1/100 | Batch 2700/7324 | Loss: 3.8889 | LR: 0.000008
Epoch 1/100 | Batch 2800/7324 | Loss: 3.7919 | LR: 0.000009
Epoch 1/100 | Batch 2900/7324 | Loss: 3.9079 | LR: 0.000009
Epoch 1/100 | Batch 3000/7324 | Loss: 3.6725 | LR: 0.000009
Epoch 1/100 | Batch 3100/7324 | Loss: 3.6794 | LR: 0.000010
Epoch 1/100 | Batch 3200/7324 | Loss: 3.6485 | LR: 0.000010
Epoch 1/100 | Batch 3300/7324 | Loss: 3.6605 | LR: 0.000010
Epoch 1/100 | Batch 3400/7324 | Loss: 3.6175 | LR: 0.000011
Epoch 1/100 | Batch 3500/7324 | Loss: 3.5487 | LR: 0.000011
Epoch 1/100 | Batch 3600/7324 | Loss: 3.4263 | LR: 0.000011
Epoch 1/100 | Batch 3700/7324 | Loss: 3.3988 | LR: 0.000012
Epoch 1/100 | Batch 3800/7324 | Loss: 3.3845 | LR: 0.000012
Epoch 1/100 | Batch 3900/7324 | Loss: 3.4053 | LR: 0.000012
Epoch 1/100 | Batch 4000/7324 | Loss: 3.2957 | LR: 0.000012
Epoch 1/100 | Batch 4100/7324 | Loss: 3.2521 | LR: 0.000013
Epoch 1/100 | Batch 4200/7324 | Loss: 3.1083 | LR: 0.000013
Epoch 1/100 | Batch 4300/7324 | Loss: 3.1439 | LR: 0.000013
Epoch 1/100 | Batch 4400/7324 | Loss: 3.0882 | LR: 0.000014
Epoch 1/100 | Batch 4500/7324 | Loss: 3.1499 | LR: 0.000014
Epoch 1/100 | Batch 4600/7324 | Loss: 2.9264 | LR: 0.000014
Epoch 1/100 | Batch 4700/7324 | Loss: 2.9187 | LR: 0.000015
Epoch 1/100 | Batch 4800/7324 | Loss: 2.9060 | LR: 0.000015
Epoch 1/100 | Batch 4900/7324 | Loss: 2.7561 | LR: 0.000015
Epoch 1/100 | Batch 5000/7324 | Loss: 2.6649 | LR: 0.000016
Epoch 1/100 | Batch 5100/7324 | Loss: 2.6461 | LR: 0.000016
Epoch 1/100 | Batch 5200/7324 | Loss: 2.5164 | LR: 0.000016
Epoch 1/100 | Batch 5300/7324 | Loss: 2.4766 | LR: 0.000017
Epoch 1/100 | Batch 5400/7324 | Loss: 2.4003 | LR: 0.000017
Epoch 1/100 | Batch 5500/7324 | Loss: 2.2918 | LR: 0.000017
Epoch 1/100 | Batch 5600/7324 | Loss: 2.2075 | LR: 0.000017
Epoch 1/100 | Batch 5700/7324 | Loss: 2.1677 | LR: 0.000018
Epoch 1/100 | Batch 5800/7324 | Loss: 2.0644 | LR: 0.000018
Epoch 1/100 | Batch 5900/7324 | Loss: 1.8889 | LR: 0.000018
Epoch 1/100 | Batch 6000/7324 | Loss: 1.8702 | LR: 0.000019
Epoch 1/100 | Batch 6100/7324 | Loss: 1.7701 | LR: 0.000019
Epoch 1/100 | Batch 6200/7324 | Loss: 1.6308 | LR: 0.000019
Epoch 1/100 | Batch 6300/7324 | Loss: 1.5945 | LR: 0.000020
Epoch 1/100 | Batch 6400/7324 | Loss: 1.5094 | LR: 0.000020
Epoch 1/100 | Batch 6500/7324 | Loss: 1.3908 | LR: 0.000020
Epoch 1/100 | Batch 6600/7324 | Loss: 1.4099 | LR: 0.000021
Epoch 1/100 | Batch 6700/7324 | Loss: 1.2957 | LR: 0.000021
Epoch 1/100 | Batch 6800/7324 | Loss: 1.2995 | LR: 0.000021
Epoch 1/100 | Batch 6900/7324 | Loss: 1.2027 | LR: 0.000022
Epoch 1/100 | Batch 7000/7324 | Loss: 1.2290 | LR: 0.000022
Epoch 1/100 | Batch 7100/7324 | Loss: 1.2314 | LR: 0.000022
Epoch 1/100 | Batch 7200/7324 | Loss: 1.1857 | LR: 0.000022
Epoch 1/100 | Batch 7300/7324 | Loss: 1.1635 | LR: 0.000023

Epoch 1/100 Summary:
Average Training Loss: 3.3020
Average Validation Loss: 1.0880
Best Validation Loss: 1.0880
Learning Rate: 0.000023
Epoch 2/100 | Batch 0/7324 | Loss: 1.1885 | LR: 0.000023
Epoch 2/100 | Batch 100/7324 | Loss: 1.1547 | LR: 0.000023
Epoch 2/100 | Batch 200/7324 | Loss: 1.0660 | LR: 0.000023
Epoch 2/100 | Batch 300/7324 | Loss: 1.0325 | LR: 0.000024
Epoch 2/100 | Batch 400/7324 | Loss: 1.0165 | LR: 0.000024
Epoch 2/100 | Batch 500/7324 | Loss: 1.0615 | LR: 0.000024
Epoch 2/100 | Batch 600/7324 | Loss: 0.9749 | LR: 0.000025
Epoch 2/100 | Batch 700/7324 | Loss: 0.9988 | LR: 0.000025
Epoch 2/100 | Batch 800/7324 | Loss: 0.9749 | LR: 0.000025
Epoch 2/100 | Batch 900/7324 | Loss: 0.9794 | LR: 0.000026
Epoch 2/100 | Batch 1000/7324 | Loss: 0.9462 | LR: 0.000026
Epoch 2/100 | Batch 1100/7324 | Loss: 0.9479 | LR: 0.000026
Epoch 2/100 | Batch 1200/7324 | Loss: 0.9511 | LR: 0.000027
Epoch 2/100 | Batch 1300/7324 | Loss: 0.9334 | LR: 0.000027
Epoch 2/100 | Batch 1400/7324 | Loss: 0.9371 | LR: 0.000027
Epoch 2/100 | Batch 1500/7324 | Loss: 0.9656 | LR: 0.000028
Epoch 2/100 | Batch 1600/7324 | Loss: 0.9247 | LR: 0.000028
Epoch 2/100 | Batch 1700/7324 | Loss: 0.9245 | LR: 0.000028
Epoch 2/100 | Batch 1800/7324 | Loss: 0.9135 | LR: 0.000028
Epoch 2/100 | Batch 1900/7324 | Loss: 0.9299 | LR: 0.000029
Epoch 2/100 | Batch 2000/7324 | Loss: 0.9378 | LR: 0.000029
Epoch 2/100 | Batch 2100/7324 | Loss: 0.9472 | LR: 0.000029
Epoch 2/100 | Batch 2200/7324 | Loss: 0.9238 | LR: 0.000030
Epoch 2/100 | Batch 2300/7324 | Loss: 0.9205 | LR: 0.000030
Epoch 2/100 | Batch 2400/7324 | Loss: 0.9092 | LR: 0.000030
Epoch 2/100 | Batch 2500/7324 | Loss: 0.9137 | LR: 0.000031
Epoch 2/100 | Batch 2600/7324 | Loss: 0.9013 | LR: 0.000031
Epoch 2/100 | Batch 2700/7324 | Loss: 0.9037 | LR: 0.000031
Epoch 2/100 | Batch 2800/7324 | Loss: 0.9082 | LR: 0.000032
Epoch 2/100 | Batch 2900/7324 | Loss: 0.9096 | LR: 0.000032
Epoch 2/100 | Batch 3000/7324 | Loss: 0.8966 | LR: 0.000032
Epoch 2/100 | Batch 3100/7324 | Loss: 0.9152 | LR: 0.000033
Epoch 2/100 | Batch 3200/7324 | Loss: 0.8964 | LR: 0.000033
Epoch 2/100 | Batch 3300/7324 | Loss: 0.9046 | LR: 0.000033
Epoch 2/100 | Batch 3400/7324 | Loss: 0.9267 | LR: 0.000033
Epoch 2/100 | Batch 3500/7324 | Loss: 0.9056 | LR: 0.000034
Epoch 2/100 | Batch 3600/7324 | Loss: 0.8945 | LR: 0.000034
Epoch 2/100 | Batch 3700/7324 | Loss: 0.8983 | LR: 0.000034
Epoch 2/100 | Batch 3800/7324 | Loss: 0.8994 | LR: 0.000035
Epoch 2/100 | Batch 3900/7324 | Loss: 0.9094 | LR: 0.000035
Epoch 2/100 | Batch 4000/7324 | Loss: 0.8924 | LR: 0.000035
Epoch 2/100 | Batch 4100/7324 | Loss: 0.8984 | LR: 0.000036
Epoch 2/100 | Batch 4200/7324 | Loss: 0.8910 | LR: 0.000036
Epoch 2/100 | Batch 4300/7324 | Loss: 0.8972 | LR: 0.000036
Epoch 2/100 | Batch 4400/7324 | Loss: 0.8956 | LR: 0.000037
Epoch 2/100 | Batch 4500/7324 | Loss: 0.9011 | LR: 0.000037
Epoch 2/100 | Batch 4600/7324 | Loss: 0.8917 | LR: 0.000037
Epoch 2/100 | Batch 4700/7324 | Loss: 0.8939 | LR: 0.000038
Epoch 2/100 | Batch 4800/7324 | Loss: 0.8914 | LR: 0.000038
Epoch 2/100 | Batch 4900/7324 | Loss: 0.8891 | LR: 0.000038
Epoch 2/100 | Batch 5000/7324 | Loss: 0.8878 | LR: 0.000038
Epoch 2/100 | Batch 5100/7324 | Loss: 0.8896 | LR: 0.000039
Epoch 2/100 | Batch 5200/7324 | Loss: 0.8904 | LR: 0.000039
Epoch 2/100 | Batch 5300/7324 | Loss: 0.8880 | LR: 0.000039
Epoch 2/100 | Batch 5400/7324 | Loss: 0.8967 | LR: 0.000040
Epoch 2/100 | Batch 5500/7324 | Loss: 0.8918 | LR: 0.000040
Epoch 2/100 | Batch 5600/7324 | Loss: 0.8967 | LR: 0.000040
Epoch 2/100 | Batch 5700/7324 | Loss: 0.8898 | LR: 0.000041
Epoch 2/100 | Batch 5800/7324 | Loss: 0.8962 | LR: 0.000041
Epoch 2/100 | Batch 5900/7324 | Loss: 0.8884 | LR: 0.000041
Epoch 2/100 | Batch 6000/7324 | Loss: 0.8898 | LR: 0.000042
Epoch 2/100 | Batch 6100/7324 | Loss: 0.8886 | LR: 0.000042
Epoch 2/100 | Batch 6200/7324 | Loss: 0.8878 | LR: 0.000042
Epoch 2/100 | Batch 6300/7324 | Loss: 0.8875 | LR: 0.000043
Epoch 2/100 | Batch 6400/7324 | Loss: 0.8867 | LR: 0.000043
Epoch 2/100 | Batch 6500/7324 | Loss: 0.8861 | LR: 0.000043
Epoch 2/100 | Batch 6600/7324 | Loss: 0.8874 | LR: 0.000043
Epoch 2/100 | Batch 6700/7324 | Loss: 0.8854 | LR: 0.000044
Epoch 2/100 | Batch 6800/7324 | Loss: 0.8861 | LR: 0.000044
Epoch 2/100 | Batch 6900/7324 | Loss: 0.8868 | LR: 0.000044
Epoch 2/100 | Batch 7000/7324 | Loss: 0.8878 | LR: 0.000045
