Using device: cuda
Loading training data...
Loading data from data/enwik8
Training sparse transformer model...
Initial learning rate: 0.000001
Target learning rate: 0.000100
Warmup steps: 4000
Epoch 1/100 | Batch 0/7324 | Loss: 5.5398 | LR: 0.000000
Epoch 1/100 | Batch 100/7324 | Loss: 5.5363 | LR: 0.000013
Epoch 1/100 | Batch 200/7324 | Loss: 5.5261 | LR: 0.000025
Epoch 1/100 | Batch 300/7324 | Loss: 5.5112 | LR: 0.000038
Epoch 1/100 | Batch 400/7324 | Loss: 5.4888 | LR: 0.000050
Epoch 1/100 | Batch 500/7324 | Loss: 5.4637 | LR: 0.000063
Epoch 1/100 | Batch 600/7324 | Loss: 5.4217 | LR: 0.000075
Epoch 1/100 | Batch 700/7324 | Loss: 5.3902 | LR: 0.000088
Epoch 1/100 | Batch 800/7324 | Loss: 5.3392 | LR: 0.000100
Epoch 1/100 | Batch 900/7324 | Loss: 5.2924 | LR: 0.000113
Epoch 1/100 | Batch 1000/7324 | Loss: 5.2258 | LR: 0.000125
Epoch 1/100 | Batch 1100/7324 | Loss: 5.1728 | LR: 0.000138
Epoch 1/100 | Batch 1200/7324 | Loss: 5.0903 | LR: 0.000150
Epoch 1/100 | Batch 1300/7324 | Loss: 5.0172 | LR: 0.000163
Epoch 1/100 | Batch 1400/7324 | Loss: 4.9346 | LR: 0.000175
Epoch 1/100 | Batch 1500/7324 | Loss: 4.8670 | LR: 0.000188
Epoch 1/100 | Batch 1600/7324 | Loss: 4.7541 | LR: 0.000200
Epoch 1/100 | Batch 1700/7324 | Loss: 4.6720 | LR: 0.000213
Epoch 1/100 | Batch 1800/7324 | Loss: 4.5618 | LR: 0.000225
Epoch 1/100 | Batch 1900/7324 | Loss: 4.4649 | LR: 0.000238
Epoch 1/100 | Batch 2000/7324 | Loss: 4.4113 | LR: 0.000250
Epoch 1/100 | Batch 2100/7324 | Loss: 4.3478 | LR: 0.000263
Epoch 1/100 | Batch 2200/7324 | Loss: 4.2382 | LR: 0.000275
Epoch 1/100 | Batch 2300/7324 | Loss: 4.1724 | LR: 0.000288
Epoch 1/100 | Batch 2400/7324 | Loss: 4.0716 | LR: 0.000300
Epoch 1/100 | Batch 2500/7324 | Loss: 3.9647 | LR: 0.000313
Epoch 1/100 | Batch 2600/7324 | Loss: 3.8235 | LR: 0.000325
Epoch 1/100 | Batch 2700/7324 | Loss: 3.8222 | LR: 0.000338
Epoch 1/100 | Batch 2800/7324 | Loss: 3.7085 | LR: 0.000350
Epoch 1/100 | Batch 2900/7324 | Loss: 3.8190 | LR: 0.000363
Epoch 1/100 | Batch 3000/7324 | Loss: 3.5859 | LR: 0.000375
Epoch 1/100 | Batch 3100/7324 | Loss: 3.6189 | LR: 0.000388
Epoch 1/100 | Batch 3200/7324 | Loss: 3.6004 | LR: 0.000400
Epoch 1/100 | Batch 3300/7324 | Loss: 3.6287 | LR: 0.000413
Epoch 1/100 | Batch 3400/7324 | Loss: 3.6250 | LR: 0.000425
Epoch 1/100 | Batch 3500/7324 | Loss: 3.5620 | LR: 0.000438
Epoch 1/100 | Batch 3600/7324 | Loss: 3.4422 | LR: 0.000450
Epoch 1/100 | Batch 3700/7324 | Loss: 3.4337 | LR: 0.000463
Epoch 1/100 | Batch 3800/7324 | Loss: 3.4432 | LR: 0.000475
Epoch 1/100 | Batch 3900/7324 | Loss: 3.4983 | LR: 0.000488
Epoch 1/100 | Batch 4000/7324 | Loss: 3.3981 | LR: 0.000500
Epoch 1/100 | Batch 4100/7324 | Loss: 3.3952 | LR: 0.000500
Epoch 1/100 | Batch 4200/7324 | Loss: 3.2736 | LR: 0.000500
Epoch 1/100 | Batch 4300/7324 | Loss: 3.3856 | LR: 0.000500
Epoch 1/100 | Batch 4400/7324 | Loss: 3.3477 | LR: 0.000500
Epoch 1/100 | Batch 4500/7324 | Loss: 3.4439 | LR: 0.000500
Epoch 1/100 | Batch 4600/7324 | Loss: 3.2634 | LR: 0.000500
Epoch 1/100 | Batch 4700/7324 | Loss: 3.2948 | LR: 0.000500
Epoch 1/100 | Batch 4800/7324 | Loss: 3.3599 | LR: 0.000500
Epoch 1/100 | Batch 4900/7324 | Loss: 3.2258 | LR: 0.000500
Epoch 1/100 | Batch 5000/7324 | Loss: 3.2033 | LR: 0.000500
Epoch 1/100 | Batch 5100/7324 | Loss: 3.2791 | LR: 0.000500
Epoch 1/100 | Batch 5200/7324 | Loss: 3.2314 | LR: 0.000500
Epoch 1/100 | Batch 5300/7324 | Loss: 3.2477 | LR: 0.000500
Epoch 1/100 | Batch 5400/7324 | Loss: 3.2702 | LR: 0.000500
Epoch 1/100 | Batch 5500/7324 | Loss: 3.2604 | LR: 0.000500
Epoch 1/100 | Batch 5600/7324 | Loss: 3.2499 | LR: 0.000500
Epoch 1/100 | Batch 5700/7324 | Loss: 3.3157 | LR: 0.000500
Epoch 1/100 | Batch 5800/7324 | Loss: 3.2952 | LR: 0.000500
Epoch 1/100 | Batch 5900/7324 | Loss: 3.2017 | LR: 0.000500
Epoch 1/100 | Batch 6000/7324 | Loss: 3.2723 | LR: 0.000500
Epoch 1/100 | Batch 6100/7324 | Loss: 3.2493 | LR: 0.000500
Epoch 1/100 | Batch 6200/7324 | Loss: 3.2032 | LR: 0.000500
Epoch 1/100 | Batch 6300/7324 | Loss: 3.2310 | LR: 0.000500
Epoch 1/100 | Batch 6400/7324 | Loss: 3.2100 | LR: 0.000500
Epoch 1/100 | Batch 6500/7324 | Loss: 3.1635 | LR: 0.000500
Epoch 1/100 | Batch 6600/7324 | Loss: 3.2143 | LR: 0.000500
Epoch 1/100 | Batch 6700/7324 | Loss: 3.1416 | LR: 0.000500
Epoch 1/100 | Batch 6800/7324 | Loss: 3.1876 | LR: 0.000500
Epoch 1/100 | Batch 6900/7324 | Loss: 3.1309 | LR: 0.000500
Epoch 1/100 | Batch 7000/7324 | Loss: 3.1807 | LR: 0.000500
Epoch 1/100 | Batch 7100/7324 | Loss: 3.2187 | LR: 0.000500
Epoch 1/100 | Batch 7200/7324 | Loss: 3.1850 | LR: 0.000500
Epoch 1/100 | Batch 7300/7324 | Loss: 3.2135 | LR: 0.000500
Warning: Output tensor does not require gradients
Warning: Output tensor does not require gradients
Warning: Output tensor does not require gradients
Warning: Output tensor does not require gradients
Warning: Output tensor does not require gradients
Warning: Output tensor does not require gradients
Warning: Output tensor does not require gradients
Warning: Output tensor does not require gradients
Warning: Output tensor does not require gradients
Warning: Output tensor does not require gradients
Warning: Output tensor does not require gradients
Warning: Output tensor does not require gradients
Warning: Output tensor does not require gradients
Warning: Output tensor does not require gradients
Warning: Output tensor does not require gradients
Warning: Output tensor does not require gradients
Warning: Output tensor does not require gradients
Warning: Output tensor does not require gradients
Warning: Output tensor does not require gradients
Warning: Output tensor does not require gradients
Warning: Output tensor does not require gradients
Warning: Output tensor does not require gradients
Warning: Output tensor does not require gradients
Warning: Output tensor does not require gradients
Warning: Output tensor does not require gradients
Warning: Output tensor does not require gradients
Warning: Output tensor does not require gradients
Warning: Output tensor does not require gradients
Warning: Output tensor does not require gradients
Warning: Output tensor does not require gradients
Warning: Output tensor does not require gradients
Warning: Output tensor does not require gradients
Warning: Output tensor does not require gradients
Warning: Output tensor does not require gradients
Warning: Output tensor does not require gradients
Warning: Output tensor does not require gradients
Warning: Output tensor does not require gradients
Warning: Output tensor does not require gradients
Warning: Output tensor does not require gradients
Warning: Output tensor does not require gradients
Warning: Output tensor does not require gradients
Warning: Output tensor does not require gradients
Warning: Output tensor does not require gradients
Warning: Output tensor does not require gradients
Warning: Output tensor does not require gradients
Warning: Output tensor does not require gradients
Warning: Output tensor does not require gradients
Warning: Output tensor does not require gradients
Warning: Output tensor does not require gradients
Warning: Output tensor does not require gradients
Warning: Output tensor does not require gradients
Warning: Output tensor does not require gradients
Warning: Output tensor does not require gradients
Warning: Output tensor does not require gradients
Warning: Output tensor does not require gradients
Warning: Output tensor does not require gradients
Warning: Output tensor does not require gradients
Warning: Output tensor does not require gradients
Warning: Output tensor does not require gradients
Warning: Output tensor does not require gradients
Warning: Output tensor does not require gradients
Warning: Output tensor does not require gradients
Warning: Output tensor does not require gradients
Warning: Output tensor does not require gradients
Warning: Output tensor does not require gradients
Warning: Output tensor does not require gradients
Warning: Output tensor does not require gradients
Warning: Output tensor does not require gradients
Warning: Output tensor does not require gradients
Warning: Output tensor does not require gradients
Warning: Output tensor does not require gradients
Warning: Output tensor does not require gradients
Warning: Output tensor does not require gradients
Warning: Output tensor does not require gradients
Warning: Output tensor does not require gradients
Warning: Output tensor does not require gradients
Warning: Output tensor does not require gradients
Warning: Output tensor does not require gradients
Warning: Output tensor does not require gradients
Warning: Output tensor does not require gradients
Warning: Output tensor does not require gradients
Warning: Output tensor does not require gradients
Warning: Output tensor does not require gradients
Warning: Output tensor does not require gradients
Warning: Output tensor does not require gradients
Warning: Output tensor does not require gradients
Warning: Output tensor does not require gradients
Warning: Output tensor does not require gradients
Warning: Output tensor does not require gradients
Warning: Output tensor does not require gradients
Warning: Output tensor does not require gradients
Warning: Output tensor does not require gradients
Warning: Output tensor does not require gradients
Warning: Output tensor does not require gradients
Warning: Output tensor does not require gradients
Warning: Output tensor does not require gradients
Warning: Output tensor does not require gradients
Warning: Output tensor does not require gradients
Warning: Output tensor does not require gradients
Warning: Output tensor does not require gradients
Warning: Output tensor does not require gradients
Warning: Output tensor does not require gradients
Warning: Output tensor does not require gradients
Warning: Output tensor does not require gradients
Warning: Output tensor does not require gradients
Warning: Output tensor does not require gradients
Warning: Output tensor does not require gradients
Warning: Output tensor does not require gradients
Warning: Output tensor does not require gradients
Warning: Output tensor does not require gradients
Warning: Output tensor does not require gradients
Warning: Output tensor does not require gradients
Warning: Output tensor does not require gradients
Warning: Output tensor does not require gradients
Warning: Output tensor does not require gradients
Warning: Output tensor does not require gradients
Warning: Output tensor does not require gradients
Warning: Output tensor does not require gradients
Warning: Output tensor does not require gradients
Warning: Output tensor does not require gradients
Warning: Output tensor does not require gradients
Warning: Output tensor does not require gradients
Warning: Output tensor does not require gradients
Warning: Output tensor does not require gradients
Warning: Output tensor does not require gradients
Warning: Output tensor does not require gradients
Warning: Output tensor does not require gradients
Warning: Output tensor does not require gradients
Warning: Output tensor does not require gradients
Warning: Output tensor does not require gradients
Warning: Output tensor does not require gradients
Warning: Output tensor does not require gradients
Warning: Output tensor does not require gradients
Warning: Output tensor does not require gradients
Warning: Output tensor does not require gradients
Warning: Output tensor does not require gradients
Warning: Output tensor does not require gradients
Warning: Output tensor does not require gradients
Warning: Output tensor does not require gradients
Warning: Output tensor does not require gradients
Warning: Output tensor does not require gradients
Warning: Output tensor does not require gradients
Warning: Output tensor does not require gradients
Warning: Output tensor does not require gradients
Warning: Output tensor does not require gradients
Warning: Output tensor does not require gradients
Warning: Output tensor does not require gradients
Warning: Output tensor does not require gradients
Warning: Output tensor does not require gradients
Warning: Output tensor does not require gradients
Warning: Output tensor does not require gradients
Warning: Output tensor does not require gradients
Warning: Output tensor does not require gradients
Warning: Output tensor does not require gradients
Warning: Output tensor does not require gradients
Warning: Output tensor does not require gradients
Warning: Output tensor does not require gradients
Warning: Output tensor does not require gradients
Warning: Output tensor does not require gradients
Warning: Output tensor does not require gradients
Warning: Output tensor does not require gradients
Warning: Output tensor does not require gradients
Warning: Output tensor does not require gradients
Warning: Output tensor does not require gradients
Warning: Output tensor does not require gradients
Warning: Output tensor does not require gradients
Warning: Output tensor does not require gradients
Warning: Output tensor does not require gradients
Warning: Output tensor does not require gradients
Warning: Output tensor does not require gradients
Warning: Output tensor does not require gradients
Warning: Output tensor does not require gradients
Warning: Output tensor does not require gradients
Warning: Output tensor does not require gradients
Warning: Output tensor does not require gradients
Warning: Output tensor does not require gradients
Warning: Output tensor does not require gradients
Warning: Output tensor does not require gradients
Warning: Output tensor does not require gradients
Warning: Output tensor does not require gradients
Warning: Output tensor does not require gradients
Warning: Output tensor does not require gradients
Warning: Output tensor does not require gradients
Warning: Output tensor does not require gradients
Warning: Output tensor does not require gradients
Warning: Output tensor does not require gradients
Warning: Output tensor does not require gradients
Warning: Output tensor does not require gradients
Warning: Output tensor does not require gradients
Warning: Output tensor does not require gradients
Warning: Output tensor does not require gradients
Warning: Output tensor does not require gradients
Warning: Output tensor does not require gradients
Warning: Output tensor does not require gradients
Warning: Output tensor does not require gradients
Warning: Output tensor does not require gradients
Warning: Output tensor does not require gradients
Warning: Output tensor does not require gradients
Warning: Output tensor does not require gradients
Warning: Output tensor does not require gradients
Warning: Output tensor does not require gradients
Warning: Output tensor does not require gradients
Warning: Output tensor does not require gradients
Warning: Output tensor does not require gradients
Warning: Output tensor does not require gradients
Warning: Output tensor does not require gradients
Warning: Output tensor does not require gradients
Warning: Output tensor does not require gradients
Warning: Output tensor does not require gradients
Warning: Output tensor does not require gradients
Warning: Output tensor does not require gradients
Warning: Output tensor does not require gradients
Warning: Output tensor does not require gradients
Warning: Output tensor does not require gradients
Warning: Output tensor does not require gradients
Warning: Output tensor does not require gradients
Warning: Output tensor does not require gradients
Warning: Output tensor does not require gradients
Warning: Output tensor does not require gradients
Warning: Output tensor does not require gradients
Warning: Output tensor does not require gradients
Warning: Output tensor does not require gradients
Warning: Output tensor does not require gradients
Warning: Output tensor does not require gradients
Warning: Output tensor does not require gradients
Warning: Output tensor does not require gradients
Warning: Output tensor does not require gradients
Warning: Output tensor does not require gradients
Warning: Output tensor does not require gradients
Warning: Output tensor does not require gradients
Warning: Output tensor does not require gradients
Warning: Output tensor does not require gradients
Warning: Output tensor does not require gradients
Warning: Output tensor does not require gradients
Warning: Output tensor does not require gradients
Warning: Output tensor does not require gradients
Warning: Output tensor does not require gradients
Warning: Output tensor does not require gradients
Warning: Output tensor does not require gradients
Warning: Output tensor does not require gradients
Warning: Output tensor does not require gradients
Warning: Output tensor does not require gradients
Warning: Output tensor does not require gradients
Warning: Output tensor does not require gradients
Warning: Output tensor does not require gradients
Warning: Output tensor does not require gradients
Warning: Output tensor does not require gradients
Warning: Output tensor does not require gradients
Warning: Output tensor does not require gradients
Warning: Output tensor does not require gradients
Warning: Output tensor does not require gradients
Warning: Output tensor does not require gradients
Warning: Output tensor does not require gradients
Warning: Output tensor does not require gradients
Warning: Output tensor does not require gradients
Warning: Output tensor does not require gradients
Warning: Output tensor does not require gradients
Warning: Output tensor does not require gradients
Warning: Output tensor does not require gradients
Warning: Output tensor does not require gradients
Warning: Output tensor does not require gradients
Warning: Output tensor does not require gradients
Warning: Output tensor does not require gradients
Warning: Output tensor does not require gradients
Warning: Output tensor does not require gradients
Warning: Output tensor does not require gradients
Warning: Output tensor does not require gradients
Warning: Output tensor does not require gradients
Warning: Output tensor does not require gradients
Warning: Output tensor does not require gradients
Warning: Output tensor does not require gradients
Warning: Output tensor does not require gradients
Warning: Output tensor does not require gradients
Warning: Output tensor does not require gradients
Warning: Output tensor does not require gradients
Warning: Output tensor does not require gradients
Warning: Output tensor does not require gradients
Warning: Output tensor does not require gradients
Warning: Output tensor does not require gradients
Warning: Output tensor does not require gradients
Warning: Output tensor does not require gradients
Warning: Output tensor does not require gradients
Warning: Output tensor does not require gradients
Warning: Output tensor does not require gradients
Warning: Output tensor does not require gradients
Warning: Output tensor does not require gradients
Warning: Output tensor does not require gradients
Warning: Output tensor does not require gradients
Warning: Output tensor does not require gradients
Warning: Output tensor does not require gradients
Warning: Output tensor does not require gradients
Warning: Output tensor does not require gradients
Warning: Output tensor does not require gradients
Warning: Output tensor does not require gradients
Warning: Output tensor does not require gradients
Warning: Output tensor does not require gradients
Warning: Output tensor does not require gradients
Warning: Output tensor does not require gradients
Warning: Output tensor does not require gradients
Warning: Output tensor does not require gradients
Warning: Output tensor does not require gradients
Warning: Output tensor does not require gradients
Warning: Output tensor does not require gradients
Warning: Output tensor does not require gradients
Warning: Output tensor does not require gradients
Warning: Output tensor does not require gradients
Warning: Output tensor does not require gradients
Warning: Output tensor does not require gradients
Warning: Output tensor does not require gradients
Warning: Output tensor does not require gradients
Warning: Output tensor does not require gradients
Warning: Output tensor does not require gradients
Warning: Output tensor does not require gradients
Warning: Output tensor does not require gradients
Warning: Output tensor does not require gradients
Warning: Output tensor does not require gradients
Warning: Output tensor does not require gradients
Warning: Output tensor does not require gradients
Warning: Output tensor does not require gradients
Warning: Output tensor does not require gradients
Warning: Output tensor does not require gradients
Warning: Output tensor does not require gradients
Warning: Output tensor does not require gradients
Warning: Output tensor does not require gradients
Warning: Output tensor does not require gradients
Warning: Output tensor does not require gradients
Warning: Output tensor does not require gradients
Warning: Output tensor does not require gradients
Warning: Output tensor does not require gradients
Warning: Output tensor does not require gradients
Warning: Output tensor does not require gradients
Warning: Output tensor does not require gradients
Warning: Output tensor does not require gradients
Warning: Output tensor does not require gradients
Warning: Output tensor does not require gradients
Warning: Output tensor does not require gradients
Warning: Output tensor does not require gradients
Warning: Output tensor does not require gradients
Warning: Output tensor does not require gradients
Warning: Output tensor does not require gradients
Warning: Output tensor does not require gradients
Warning: Output tensor does not require gradients
Warning: Output tensor does not require gradients
Warning: Output tensor does not require gradients
Warning: Output tensor does not require gradients
Warning: Output tensor does not require gradients
Warning: Output tensor does not require gradients
Warning: Output tensor does not require gradients
Warning: Output tensor does not require gradients
Warning: Output tensor does not require gradients
Warning: Output tensor does not require gradients
Warning: Output tensor does not require gradients
Warning: Output tensor does not require gradients
Warning: Output tensor does not require gradients
Warning: Output tensor does not require gradients
Warning: Output tensor does not require gradients
Warning: Output tensor does not require gradients
Warning: Output tensor does not require gradients
Warning: Output tensor does not require gradients
Warning: Output tensor does not require gradients
Warning: Output tensor does not require gradients
Warning: Output tensor does not require gradients
Warning: Output tensor does not require gradients
Warning: Output tensor does not require gradients
Warning: Output tensor does not require gradients
Warning: Output tensor does not require gradients
Warning: Output tensor does not require gradients
Warning: Output tensor does not require gradients
Warning: Output tensor does not require gradients
Warning: Output tensor does not require gradients
Warning: Output tensor does not require gradients
Warning: Output tensor does not require gradients
Warning: Output tensor does not require gradients
Warning: Output tensor does not require gradients
Warning: Output tensor does not require gradients
Warning: Output tensor does not require gradients
Warning: Output tensor does not require gradients
Warning: Output tensor does not require gradients
Warning: Output tensor does not require gradients
Warning: Output tensor does not require gradients
Warning: Output tensor does not require gradients
Warning: Output tensor does not require gradients
Warning: Output tensor does not require gradients
Warning: Output tensor does not require gradients
Warning: Output tensor does not require gradients
Warning: Output tensor does not require gradients
Warning: Output tensor does not require gradients
Warning: Output tensor does not require gradients
Warning: Output tensor does not require gradients
Warning: Output tensor does not require gradients
Warning: Output tensor does not require gradients
Warning: Output tensor does not require gradients
Warning: Output tensor does not require gradients
Warning: Output tensor does not require gradients
Warning: Output tensor does not require gradients
Warning: Output tensor does not require gradients
Warning: Output tensor does not require gradients
Warning: Output tensor does not require gradients
Warning: Output tensor does not require gradients
Warning: Output tensor does not require gradients
Warning: Output tensor does not require gradients
Warning: Output tensor does not require gradients
Warning: Output tensor does not require gradients
Warning: Output tensor does not require gradients
Warning: Output tensor does not require gradients
Warning: Output tensor does not require gradients
Warning: Output tensor does not require gradients
Warning: Output tensor does not require gradients
Warning: Output tensor does not require gradients
Warning: Output tensor does not require gradients
Warning: Output tensor does not require gradients
Warning: Output tensor does not require gradients
Warning: Output tensor does not require gradients
Warning: Output tensor does not require gradients
Warning: Output tensor does not require gradients
Warning: Output tensor does not require gradients
Warning: Output tensor does not require gradients
Warning: Output tensor does not require gradients
Warning: Output tensor does not require gradients
Warning: Output tensor does not require gradients
Warning: Output tensor does not require gradients
Warning: Output tensor does not require gradients
Warning: Output tensor does not require gradients
Warning: Output tensor does not require gradients
Warning: Output tensor does not require gradients
Warning: Output tensor does not require gradients
Warning: Output tensor does not require gradients
Warning: Output tensor does not require gradients
Warning: Output tensor does not require gradients
Warning: Output tensor does not require gradients
Warning: Output tensor does not require gradients
Warning: Output tensor does not require gradients
Warning: Output tensor does not require gradients
Warning: Output tensor does not require gradients
Warning: Output tensor does not require gradients
Warning: Output tensor does not require gradients
Warning: Output tensor does not require gradients
Warning: Output tensor does not require gradients
Warning: Output tensor does not require gradients
Warning: Output tensor does not require gradients
Warning: Output tensor does not require gradients
Warning: Output tensor does not require gradients
Warning: Output tensor does not require gradients
Warning: Output tensor does not require gradients
Warning: Output tensor does not require gradients
Warning: Output tensor does not require gradients
Warning: Output tensor does not require gradients
Warning: Output tensor does not require gradients
Warning: Output tensor does not require gradients
Warning: Output tensor does not require gradients
Warning: Output tensor does not require gradients
Warning: Output tensor does not require gradients
Warning: Output tensor does not require gradients
Warning: Output tensor does not require gradients
Warning: Output tensor does not require gradients
Warning: Output tensor does not require gradients
Warning: Output tensor does not require gradients
Warning: Output tensor does not require gradients
Warning: Output tensor does not require gradients
Warning: Output tensor does not require gradients
Warning: Output tensor does not require gradients
Warning: Output tensor does not require gradients
Warning: Output tensor does not require gradients
Warning: Output tensor does not require gradients
Warning: Output tensor does not require gradients
Warning: Output tensor does not require gradients
Warning: Output tensor does not require gradients
Warning: Output tensor does not require gradients
Warning: Output tensor does not require gradients
Warning: Output tensor does not require gradients
Warning: Output tensor does not require gradients
Warning: Output tensor does not require gradients
Warning: Output tensor does not require gradients
Warning: Output tensor does not require gradients
Warning: Output tensor does not require gradients
Warning: Output tensor does not require gradients
Warning: Output tensor does not require gradients
Warning: Output tensor does not require gradients
Warning: Output tensor does not require gradients
Warning: Output tensor does not require gradients
Warning: Output tensor does not require gradients
Warning: Output tensor does not require gradients
Warning: Output tensor does not require gradients
Warning: Output tensor does not require gradients
Warning: Output tensor does not require gradients
Warning: Output tensor does not require gradients
Warning: Output tensor does not require gradients
Warning: Output tensor does not require gradients
Warning: Output tensor does not require gradients
Warning: Output tensor does not require gradients
Warning: Output tensor does not require gradients
Warning: Output tensor does not require gradients
Warning: Output tensor does not require gradients
Warning: Output tensor does not require gradients
Warning: Output tensor does not require gradients
Warning: Output tensor does not require gradients
Warning: Output tensor does not require gradients
Warning: Output tensor does not require gradients
Warning: Output tensor does not require gradients
Warning: Output tensor does not require gradients
Warning: Output tensor does not require gradients
Warning: Output tensor does not require gradients
Warning: Output tensor does not require gradients
Warning: Output tensor does not require gradients
Warning: Output tensor does not require gradients
Warning: Output tensor does not require gradients
Warning: Output tensor does not require gradients
Warning: Output tensor does not require gradients
Warning: Output tensor does not require gradients
Warning: Output tensor does not require gradients
Warning: Output tensor does not require gradients
Warning: Output tensor does not require gradients
Warning: Output tensor does not require gradients
Warning: Output tensor does not require gradients
Warning: Output tensor does not require gradients
Warning: Output tensor does not require gradients
Warning: Output tensor does not require gradients
Warning: Output tensor does not require gradients
Warning: Output tensor does not require gradients
Warning: Output tensor does not require gradients
Warning: Output tensor does not require gradients
Warning: Output tensor does not require gradients
Warning: Output tensor does not require gradients
Warning: Output tensor does not require gradients
Warning: Output tensor does not require gradients
Warning: Output tensor does not require gradients
Warning: Output tensor does not require gradients
Warning: Output tensor does not require gradients
Warning: Output tensor does not require gradients
Warning: Output tensor does not require gradients
Warning: Output tensor does not require gradients
Warning: Output tensor does not require gradients
Warning: Output tensor does not require gradients
Warning: Output tensor does not require gradients
Warning: Output tensor does not require gradients
Warning: Output tensor does not require gradients
Warning: Output tensor does not require gradients
Warning: Output tensor does not require gradients
Warning: Output tensor does not require gradients
Warning: Output tensor does not require gradients
Warning: Output tensor does not require gradients
Warning: Output tensor does not require gradients
Warning: Output tensor does not require gradients
Warning: Output tensor does not require gradients
Warning: Output tensor does not require gradients
Warning: Output tensor does not require gradients
Warning: Output tensor does not require gradients
Warning: Output tensor does not require gradients
Warning: Output tensor does not require gradients
Warning: Output tensor does not require gradients
Warning: Output tensor does not require gradients
Warning: Output tensor does not require gradients
Warning: Output tensor does not require gradients
Warning: Output tensor does not require gradients
Warning: Output tensor does not require gradients
Warning: Output tensor does not require gradients
Warning: Output tensor does not require gradients
Warning: Output tensor does not require gradients
Warning: Output tensor does not require gradients
Warning: Output tensor does not require gradients
Warning: Output tensor does not require gradients
Warning: Output tensor does not require gradients
Warning: Output tensor does not require gradients
Warning: Output tensor does not require gradients
Warning: Output tensor does not require gradients
Warning: Output tensor does not require gradients
Warning: Output tensor does not require gradients
Warning: Output tensor does not require gradients
Warning: Output tensor does not require gradients
Warning: Output tensor does not require gradients
Warning: Output tensor does not require gradients
Warning: Output tensor does not require gradients
Warning: Output tensor does not require gradients
Warning: Output tensor does not require gradients
Warning: Output tensor does not require gradients
Warning: Output tensor does not require gradients
Warning: Output tensor does not require gradients
Warning: Output tensor does not require gradients
Warning: Output tensor does not require gradients
Warning: Output tensor does not require gradients
Warning: Output tensor does not require gradients
Warning: Output tensor does not require gradients
Warning: Output tensor does not require gradients
Warning: Output tensor does not require gradients
Warning: Output tensor does not require gradients
Warning: Output tensor does not require gradients
Warning: Output tensor does not require gradients
Warning: Output tensor does not require gradients
Warning: Output tensor does not require gradients
Warning: Output tensor does not require gradients
Warning: Output tensor does not require gradients
Warning: Output tensor does not require gradients
Warning: Output tensor does not require gradients
Warning: Output tensor does not require gradients
Warning: Output tensor does not require gradients
Warning: Output tensor does not require gradients
Warning: Output tensor does not require gradients
Warning: Output tensor does not require gradients
Warning: Output tensor does not require gradients
Warning: Output tensor does not require gradients
Warning: Output tensor does not require gradients
Warning: Output tensor does not require gradients
Warning: Output tensor does not require gradients
Warning: Output tensor does not require gradients
Warning: Output tensor does not require gradients
Warning: Output tensor does not require gradients
Warning: Output tensor does not require gradients
Warning: Output tensor does not require gradients
Warning: Output tensor does not require gradients
Warning: Output tensor does not require gradients
Warning: Output tensor does not require gradients
Warning: Output tensor does not require gradients
Warning: Output tensor does not require gradients
Warning: Output tensor does not require gradients
Warning: Output tensor does not require gradients
Warning: Output tensor does not require gradients
Warning: Output tensor does not require gradients
Warning: Output tensor does not require gradients
Warning: Output tensor does not require gradients
Warning: Output tensor does not require gradients
Warning: Output tensor does not require gradients
Warning: Output tensor does not require gradients
Warning: Output tensor does not require gradients
Warning: Output tensor does not require gradients
Warning: Output tensor does not require gradients
Warning: Output tensor does not require gradients
Warning: Output tensor does not require gradients
Warning: Output tensor does not require gradients
Warning: Output tensor does not require gradients
Warning: Output tensor does not require gradients
Warning: Output tensor does not require gradients
Warning: Output tensor does not require gradients
Warning: Output tensor does not require gradients
Warning: Output tensor does not require gradients
Warning: Output tensor does not require gradients
Warning: Output tensor does not require gradients
Warning: Output tensor does not require gradients
Warning: Output tensor does not require gradients
Warning: Output tensor does not require gradients
Warning: Output tensor does not require gradients
Warning: Output tensor does not require gradients
Warning: Output tensor does not require gradients
Warning: Output tensor does not require gradients
Warning: Output tensor does not require gradients
Warning: Output tensor does not require gradients
Warning: Output tensor does not require gradients
Warning: Output tensor does not require gradients
Warning: Output tensor does not require gradients
Warning: Output tensor does not require gradients
Warning: Output tensor does not require gradients
Warning: Output tensor does not require gradients
Warning: Output tensor does not require gradients
Warning: Output tensor does not require gradients
Warning: Output tensor does not require gradients
Warning: Output tensor does not require gradients
Warning: Output tensor does not require gradients
Warning: Output tensor does not require gradients
Warning: Output tensor does not require gradients
Warning: Output tensor does not require gradients
Warning: Output tensor does not require gradients
Warning: Output tensor does not require gradients
Warning: Output tensor does not require gradients
Warning: Output tensor does not require gradients
Warning: Output tensor does not require gradients
Warning: Output tensor does not require gradients
Warning: Output tensor does not require gradients
Warning: Output tensor does not require gradients
Warning: Output tensor does not require gradients
Warning: Output tensor does not require gradients
Warning: Output tensor does not require gradients
Warning: Output tensor does not require gradients
Warning: Output tensor does not require gradients
Warning: Output tensor does not require gradients
Warning: Output tensor does not require gradients
Warning: Output tensor does not require gradients
Warning: Output tensor does not require gradients
Warning: Output tensor does not require gradients
Warning: Output tensor does not require gradients
Warning: Output tensor does not require gradients
Warning: Output tensor does not require gradients
Warning: Output tensor does not require gradients
Warning: Output tensor does not require gradients
Warning: Output tensor does not require gradients
Warning: Output tensor does not require gradients
Warning: Output tensor does not require gradients
Warning: Output tensor does not require gradients
Warning: Output tensor does not require gradients
Warning: Output tensor does not require gradients
Warning: Output tensor does not require gradients
Warning: Output tensor does not require gradients
Warning: Output tensor does not require gradients
Warning: Output tensor does not require gradients
Warning: Output tensor does not require gradients
Warning: Output tensor does not require gradients
Warning: Output tensor does not require gradients
Warning: Output tensor does not require gradients
Warning: Output tensor does not require gradients
Warning: Output tensor does not require gradients
Warning: Output tensor does not require gradients
Warning: Output tensor does not require gradients
Warning: Output tensor does not require gradients
Warning: Output tensor does not require gradients
Warning: Output tensor does not require gradients
Warning: Output tensor does not require gradients
Warning: Output tensor does not require gradients
Warning: Output tensor does not require gradients
Warning: Output tensor does not require gradients
Warning: Output tensor does not require gradients
Warning: Output tensor does not require gradients
Warning: Output tensor does not require gradients
Warning: Output tensor does not require gradients
Warning: Output tensor does not require gradients
Warning: Output tensor does not require gradients
Warning: Output tensor does not require gradients
Warning: Output tensor does not require gradients
Warning: Output tensor does not require gradients
Warning: Output tensor does not require gradients
Warning: Output tensor does not require gradients
Warning: Output tensor does not require gradients
Warning: Output tensor does not require gradients
Warning: Output tensor does not require gradients
Warning: Output tensor does not require gradients
Warning: Output tensor does not require gradients
Warning: Output tensor does not require gradients
Warning: Output tensor does not require gradients
Warning: Output tensor does not require gradients
Warning: Output tensor does not require gradients
Warning: Output tensor does not require gradients
Warning: Output tensor does not require gradients
Warning: Output tensor does not require gradients
Warning: Output tensor does not require gradients
Warning: Output tensor does not require gradients
Warning: Output tensor does not require gradients
Warning: Output tensor does not require gradients
Warning: Output tensor does not require gradients
Warning: Output tensor does not require gradients
Warning: Output tensor does not require gradients
Warning: Output tensor does not require gradients
Warning: Output tensor does not require gradients
Warning: Output tensor does not require gradients
Warning: Output tensor does not require gradients
Warning: Output tensor does not require gradients
Warning: Output tensor does not require gradients
Warning: Output tensor does not require gradients
Warning: Output tensor does not require gradients
Warning: Output tensor does not require gradients
Warning: Output tensor does not require gradients
Warning: Output tensor does not require gradients
Warning: Output tensor does not require gradients
Warning: Output tensor does not require gradients
Warning: Output tensor does not require gradients
Warning: Output tensor does not require gradients
Warning: Output tensor does not require gradients
Warning: Output tensor does not require gradients
Warning: Output tensor does not require gradients
Warning: Output tensor does not require gradients
Warning: Output tensor does not require gradients
Warning: Output tensor does not require gradients
Warning: Output tensor does not require gradients
Warning: Output tensor does not require gradients
Warning: Output tensor does not require gradients
Warning: Output tensor does not require gradients
Warning: Output tensor does not require gradients
Warning: Output tensor does not require gradients
Warning: Output tensor does not require gradients
Warning: Output tensor does not require gradients
Warning: Output tensor does not require gradients
Warning: Output tensor does not require gradients
Warning: Output tensor does not require gradients
Warning: Output tensor does not require gradients
Warning: Output tensor does not require gradients
Warning: Output tensor does not require gradients
Warning: Output tensor does not require gradients
Warning: Output tensor does not require gradients
Warning: Output tensor does not require gradients
Warning: Output tensor does not require gradients
Warning: Output tensor does not require gradients
Warning: Output tensor does not require gradients
Warning: Output tensor does not require gradients
Warning: Output tensor does not require gradients
Warning: Output tensor does not require gradients
Warning: Output tensor does not require gradients
Warning: Output tensor does not require gradients
Warning: Output tensor does not require gradients
Warning: Output tensor does not require gradients
Warning: Output tensor does not require gradients
Warning: Output tensor does not require gradients
Warning: Output tensor does not require gradients
Warning: Output tensor does not require gradients
Warning: Output tensor does not require gradients
Warning: Output tensor does not require gradients
Warning: Output tensor does not require gradients
Warning: Output tensor does not require gradients
Warning: Output tensor does not require gradients
Warning: Output tensor does not require gradients
Warning: Output tensor does not require gradients
Warning: Output tensor does not require gradients
Warning: Output tensor does not require gradients
Warning: Output tensor does not require gradients
Warning: Output tensor does not require gradients
Warning: Output tensor does not require gradients
Warning: Output tensor does not require gradients
Warning: Output tensor does not require gradients
Warning: Output tensor does not require gradients
Warning: Output tensor does not require gradients
Warning: Output tensor does not require gradients
Warning: Output tensor does not require gradients
Warning: Output tensor does not require gradients
Warning: Output tensor does not require gradients
Warning: Output tensor does not require gradients
Warning: Output tensor does not require gradients
Warning: Output tensor does not require gradients
Warning: Output tensor does not require gradients

Epoch 1/100 Summary:
Average Training Loss: 3.9135
Average Validation Loss: 3.1574
Best Validation Loss: 3.1574
Learning Rate: 0.000500
Epoch 2/100 | Batch 0/7324 | Loss: 3.2672 | LR: 0.000475
Epoch 2/100 | Batch 100/7324 | Loss: 3.2335 | LR: 0.000475
Epoch 2/100 | Batch 200/7324 | Loss: 3.1334 | LR: 0.000475
Epoch 2/100 | Batch 300/7324 | Loss: 3.1286 | LR: 0.000475
Epoch 2/100 | Batch 400/7324 | Loss: 3.1149 | LR: 0.000475
Epoch 2/100 | Batch 500/7324 | Loss: 3.1735 | LR: 0.000475
Epoch 2/100 | Batch 600/7324 | Loss: 3.0511 | LR: 0.000475
Epoch 2/100 | Batch 700/7324 | Loss: 3.1743 | LR: 0.000475
Epoch 2/100 | Batch 800/7324 | Loss: 3.1182 | LR: 0.000475
Epoch 2/100 | Batch 900/7324 | Loss: 3.1690 | LR: 0.000475
Epoch 2/100 | Batch 1000/7324 | Loss: 3.1215 | LR: 0.000475
Epoch 2/100 | Batch 1100/7324 | Loss: 3.1413 | LR: 0.000475
Epoch 2/100 | Batch 1200/7324 | Loss: 3.1204 | LR: 0.000475
Epoch 2/100 | Batch 1300/7324 | Loss: 3.0879 | LR: 0.000475
Epoch 2/100 | Batch 1400/7324 | Loss: 3.1114 | LR: 0.000475
Epoch 2/100 | Batch 1500/7324 | Loss: 3.1818 | LR: 0.000475
Epoch 2/100 | Batch 1600/7324 | Loss: 3.1138 | LR: 0.000475
Epoch 2/100 | Batch 1700/7324 | Loss: 3.1507 | LR: 0.000475
Epoch 2/100 | Batch 1800/7324 | Loss: 3.0828 | LR: 0.000475
Epoch 2/100 | Batch 1900/7324 | Loss: 3.1104 | LR: 0.000475
Epoch 2/100 | Batch 2000/7324 | Loss: 3.2029 | LR: 0.000475
Epoch 2/100 | Batch 2100/7324 | Loss: 3.1776 | LR: 0.000475
Epoch 2/100 | Batch 2200/7324 | Loss: 3.1703 | LR: 0.000475
Epoch 2/100 | Batch 2300/7324 | Loss: 3.1683 | LR: 0.000475
Epoch 2/100 | Batch 2400/7324 | Loss: 3.1629 | LR: 0.000475
Epoch 2/100 | Batch 2500/7324 | Loss: 3.1312 | LR: 0.000475
Epoch 2/100 | Batch 2600/7324 | Loss: 3.0776 | LR: 0.000475
Epoch 2/100 | Batch 2700/7324 | Loss: 3.1290 | LR: 0.000475
Epoch 2/100 | Batch 2800/7324 | Loss: 3.0922 | LR: 0.000475
Epoch 2/100 | Batch 2900/7324 | Loss: 3.2292 | LR: 0.000475
Epoch 2/100 | Batch 3000/7324 | Loss: 3.0669 | LR: 0.000475
Epoch 2/100 | Batch 3100/7324 | Loss: 3.1365 | LR: 0.000475
Epoch 2/100 | Batch 3200/7324 | Loss: 3.1338 | LR: 0.000475
Epoch 2/100 | Batch 3300/7324 | Loss: 3.1863 | LR: 0.000475
Epoch 2/100 | Batch 3400/7324 | Loss: 3.2112 | LR: 0.000475
Epoch 2/100 | Batch 3500/7324 | Loss: 3.1635 | LR: 0.000475
Epoch 2/100 | Batch 3600/7324 | Loss: 3.1034 | LR: 0.000475
Epoch 2/100 | Batch 3700/7324 | Loss: 3.1247 | LR: 0.000475
Epoch 2/100 | Batch 3800/7324 | Loss: 3.1330 | LR: 0.000475
Epoch 2/100 | Batch 3900/7324 | Loss: 3.2170 | LR: 0.000475
Epoch 2/100 | Batch 4000/7324 | Loss: 3.1497 | LR: 0.000475
Epoch 2/100 | Batch 4100/7324 | Loss: 3.1503 | LR: 0.000475
Epoch 2/100 | Batch 4200/7324 | Loss: 3.0669 | LR: 0.000475
Epoch 2/100 | Batch 4300/7324 | Loss: 3.1545 | LR: 0.000475
Epoch 2/100 | Batch 4400/7324 | Loss: 3.1544 | LR: 0.000475
Epoch 2/100 | Batch 4500/7324 | Loss: 3.2126 | LR: 0.000475
Epoch 2/100 | Batch 4600/7324 | Loss: 3.1154 | LR: 0.000475
Epoch 2/100 | Batch 4700/7324 | Loss: 3.1393 | LR: 0.000475
Epoch 2/100 | Batch 4800/7324 | Loss: 3.1909 | LR: 0.000475
Epoch 2/100 | Batch 4900/7324 | Loss: 3.1259 | LR: 0.000475
Epoch 2/100 | Batch 5000/7324 | Loss: 3.1092 | LR: 0.000475
Epoch 2/100 | Batch 5100/7324 | Loss: 3.1843 | LR: 0.000475
Epoch 2/100 | Batch 5200/7324 | Loss: 3.1366 | LR: 0.000475
Epoch 2/100 | Batch 5300/7324 | Loss: 3.1610 | LR: 0.000475
Epoch 2/100 | Batch 5400/7324 | Loss: 3.1917 | LR: 0.000475
Epoch 2/100 | Batch 5500/7324 | Loss: 3.1744 | LR: 0.000475
Epoch 2/100 | Batch 5600/7324 | Loss: 3.1771 | LR: 0.000475
Epoch 2/100 | Batch 5700/7324 | Loss: 3.2309 | LR: 0.000475
Epoch 2/100 | Batch 5800/7324 | Loss: 3.2338 | LR: 0.000475
Epoch 2/100 | Batch 5900/7324 | Loss: 3.1776 | LR: 0.000475
Epoch 2/100 | Batch 6000/7324 | Loss: 3.2558 | LR: 0.000475
Epoch 2/100 | Batch 6100/7324 | Loss: 3.2123 | LR: 0.000475
Epoch 2/100 | Batch 6200/7324 | Loss: 3.1790 | LR: 0.000475
Epoch 2/100 | Batch 6300/7324 | Loss: 3.2104 | LR: 0.000475
Epoch 2/100 | Batch 6400/7324 | Loss: 3.1792 | LR: 0.000475
Epoch 2/100 | Batch 6500/7324 | Loss: 3.1541 | LR: 0.000475
Epoch 2/100 | Batch 6600/7324 | Loss: 3.2033 | LR: 0.000475
Epoch 2/100 | Batch 6700/7324 | Loss: 3.1456 | LR: 0.000475
Epoch 2/100 | Batch 6800/7324 | Loss: 3.1879 | LR: 0.000475
Epoch 2/100 | Batch 6900/7324 | Loss: 3.1502 | LR: 0.000475
Epoch 2/100 | Batch 7000/7324 | Loss: 3.1910 | LR: 0.000475
Epoch 2/100 | Batch 7100/7324 | Loss: 3.2416 | LR: 0.000475
Epoch 2/100 | Batch 7200/7324 | Loss: 3.2015 | LR: 0.000475
Epoch 2/100 | Batch 7300/7324 | Loss: 3.2475 | LR: 0.000475
Warning: Output tensor does not require gradients
Warning: Output tensor does not require gradients
Warning: Output tensor does not require gradients
Warning: Output tensor does not require gradients
Warning: Output tensor does not require gradients
Warning: Output tensor does not require gradients
Warning: Output tensor does not require gradients
Warning: Output tensor does not require gradients
Warning: Output tensor does not require gradients
Warning: Output tensor does not require gradients
Warning: Output tensor does not require gradients
Warning: Output tensor does not require gradients
Warning: Output tensor does not require gradients
Warning: Output tensor does not require gradients
Warning: Output tensor does not require gradients
Warning: Output tensor does not require gradients
Warning: Output tensor does not require gradients
Warning: Output tensor does not require gradients
Warning: Output tensor does not require gradients
Warning: Output tensor does not require gradients
Warning: Output tensor does not require gradients
Warning: Output tensor does not require gradients
Warning: Output tensor does not require gradients
Warning: Output tensor does not require gradients
Warning: Output tensor does not require gradients
Warning: Output tensor does not require gradients
Warning: Output tensor does not require gradients
Warning: Output tensor does not require gradients
Warning: Output tensor does not require gradients
Warning: Output tensor does not require gradients
Warning: Output tensor does not require gradients
Warning: Output tensor does not require gradients
Warning: Output tensor does not require gradients
Warning: Output tensor does not require gradients
Warning: Output tensor does not require gradients
Warning: Output tensor does not require gradients
Warning: Output tensor does not require gradients
Warning: Output tensor does not require gradients
Warning: Output tensor does not require gradients
Warning: Output tensor does not require gradients
Warning: Output tensor does not require gradients
Warning: Output tensor does not require gradients
Warning: Output tensor does not require gradients
Warning: Output tensor does not require gradients
Warning: Output tensor does not require gradients
Warning: Output tensor does not require gradients
Warning: Output tensor does not require gradients
Warning: Output tensor does not require gradients
Warning: Output tensor does not require gradients
Warning: Output tensor does not require gradients
Warning: Output tensor does not require gradients
Warning: Output tensor does not require gradients
Warning: Output tensor does not require gradients
Warning: Output tensor does not require gradients
Warning: Output tensor does not require gradients
Warning: Output tensor does not require gradients
Warning: Output tensor does not require gradients
Warning: Output tensor does not require gradients
Warning: Output tensor does not require gradients
Warning: Output tensor does not require gradients
Warning: Output tensor does not require gradients
Warning: Output tensor does not require gradients
Warning: Output tensor does not require gradients
Warning: Output tensor does not require gradients
Warning: Output tensor does not require gradients
Warning: Output tensor does not require gradients
Warning: Output tensor does not require gradients
Warning: Output tensor does not require gradients
Warning: Output tensor does not require gradients
Warning: Output tensor does not require gradients
Warning: Output tensor does not require gradients
Warning: Output tensor does not require gradients
Warning: Output tensor does not require gradients
Warning: Output tensor does not require gradients
Warning: Output tensor does not require gradients
Warning: Output tensor does not require gradients
Warning: Output tensor does not require gradients
Warning: Output tensor does not require gradients
Warning: Output tensor does not require gradients
Warning: Output tensor does not require gradients
Warning: Output tensor does not require gradients
Warning: Output tensor does not require gradients
Warning: Output tensor does not require gradients
Warning: Output tensor does not require gradients
Warning: Output tensor does not require gradients
Warning: Output tensor does not require gradients
Warning: Output tensor does not require gradients
Warning: Output tensor does not require gradients
Warning: Output tensor does not require gradients
Warning: Output tensor does not require gradients
Warning: Output tensor does not require gradients
Warning: Output tensor does not require gradients
Warning: Output tensor does not require gradients
Warning: Output tensor does not require gradients
Warning: Output tensor does not require gradients
Warning: Output tensor does not require gradients
Warning: Output tensor does not require gradients
Warning: Output tensor does not require gradients
Warning: Output tensor does not require gradients
Warning: Output tensor does not require gradients
Warning: Output tensor does not require gradients
Warning: Output tensor does not require gradients
Warning: Output tensor does not require gradients
Warning: Output tensor does not require gradients
Warning: Output tensor does not require gradients
Warning: Output tensor does not require gradients
Warning: Output tensor does not require gradients
Warning: Output tensor does not require gradients
Warning: Output tensor does not require gradients
Warning: Output tensor does not require gradients
Warning: Output tensor does not require gradients
Warning: Output tensor does not require gradients
Warning: Output tensor does not require gradients
Warning: Output tensor does not require gradients
Warning: Output tensor does not require gradients
Warning: Output tensor does not require gradients
Warning: Output tensor does not require gradients
Warning: Output tensor does not require gradients
Warning: Output tensor does not require gradients
Warning: Output tensor does not require gradients
Warning: Output tensor does not require gradients
Warning: Output tensor does not require gradients
Warning: Output tensor does not require gradients
Warning: Output tensor does not require gradients
Warning: Output tensor does not require gradients
Warning: Output tensor does not require gradients
Warning: Output tensor does not require gradients
Warning: Output tensor does not require gradients
Warning: Output tensor does not require gradients
Warning: Output tensor does not require gradients
Warning: Output tensor does not require gradients
Warning: Output tensor does not require gradients
Warning: Output tensor does not require gradients
Warning: Output tensor does not require gradients
Warning: Output tensor does not require gradients
Warning: Output tensor does not require gradients
Warning: Output tensor does not require gradients
Warning: Output tensor does not require gradients
Warning: Output tensor does not require gradients
Warning: Output tensor does not require gradients
Warning: Output tensor does not require gradients
Warning: Output tensor does not require gradients
Warning: Output tensor does not require gradients
Warning: Output tensor does not require gradients
Warning: Output tensor does not require gradients
Warning: Output tensor does not require gradients
Warning: Output tensor does not require gradients
Warning: Output tensor does not require gradients
Warning: Output tensor does not require gradients
Warning: Output tensor does not require gradients
Warning: Output tensor does not require gradients
Warning: Output tensor does not require gradients
Warning: Output tensor does not require gradients
Warning: Output tensor does not require gradients
Warning: Output tensor does not require gradients
Warning: Output tensor does not require gradients
Warning: Output tensor does not require gradients
Warning: Output tensor does not require gradients
Warning: Output tensor does not require gradients
Warning: Output tensor does not require gradients
Warning: Output tensor does not require gradients
Warning: Output tensor does not require gradients
Warning: Output tensor does not require gradients
Warning: Output tensor does not require gradients
Warning: Output tensor does not require gradients
Warning: Output tensor does not require gradients
Warning: Output tensor does not require gradients
Warning: Output tensor does not require gradients
Warning: Output tensor does not require gradients
Warning: Output tensor does not require gradients
Warning: Output tensor does not require gradients
Warning: Output tensor does not require gradients
Warning: Output tensor does not require gradients
Warning: Output tensor does not require gradients
Warning: Output tensor does not require gradients
Warning: Output tensor does not require gradients
Warning: Output tensor does not require gradients
Warning: Output tensor does not require gradients
Warning: Output tensor does not require gradients
Warning: Output tensor does not require gradients
Warning: Output tensor does not require gradients
Warning: Output tensor does not require gradients
Warning: Output tensor does not require gradients
Warning: Output tensor does not require gradients
Warning: Output tensor does not require gradients
Warning: Output tensor does not require gradients
Warning: Output tensor does not require gradients
Warning: Output tensor does not require gradients
Warning: Output tensor does not require gradients
Warning: Output tensor does not require gradients
Warning: Output tensor does not require gradients
Warning: Output tensor does not require gradients
Warning: Output tensor does not require gradients
Warning: Output tensor does not require gradients
Warning: Output tensor does not require gradients
Warning: Output tensor does not require gradients
Warning: Output tensor does not require gradients
Warning: Output tensor does not require gradients
Warning: Output tensor does not require gradients
Warning: Output tensor does not require gradients
Warning: Output tensor does not require gradients
Warning: Output tensor does not require gradients
Warning: Output tensor does not require gradients
Warning: Output tensor does not require gradients
Warning: Output tensor does not require gradients
Warning: Output tensor does not require gradients
Warning: Output tensor does not require gradients
Warning: Output tensor does not require gradients
Warning: Output tensor does not require gradients
Warning: Output tensor does not require gradients
Warning: Output tensor does not require gradients
Warning: Output tensor does not require gradients
Warning: Output tensor does not require gradients
Warning: Output tensor does not require gradients
Warning: Output tensor does not require gradients
Warning: Output tensor does not require gradients
Warning: Output tensor does not require gradients
Warning: Output tensor does not require gradients
Warning: Output tensor does not require gradients
Warning: Output tensor does not require gradients
Warning: Output tensor does not require gradients
Warning: Output tensor does not require gradients
Warning: Output tensor does not require gradients
Warning: Output tensor does not require gradients
Warning: Output tensor does not require gradients
Warning: Output tensor does not require gradients
Warning: Output tensor does not require gradients
Warning: Output tensor does not require gradients
Warning: Output tensor does not require gradients
Warning: Output tensor does not require gradients
Warning: Output tensor does not require gradients
Warning: Output tensor does not require gradients
Warning: Output tensor does not require gradients
Warning: Output tensor does not require gradients
Warning: Output tensor does not require gradients
Warning: Output tensor does not require gradients
Warning: Output tensor does not require gradients
Warning: Output tensor does not require gradients
Warning: Output tensor does not require gradients
Warning: Output tensor does not require gradients
Warning: Output tensor does not require gradients
Warning: Output tensor does not require gradients
Warning: Output tensor does not require gradients
Warning: Output tensor does not require gradients
Warning: Output tensor does not require gradients
Warning: Output tensor does not require gradients
Warning: Output tensor does not require gradients
Warning: Output tensor does not require gradients
Warning: Output tensor does not require gradients
Warning: Output tensor does not require gradients
Warning: Output tensor does not require gradients
Warning: Output tensor does not require gradients
Warning: Output tensor does not require gradients
Warning: Output tensor does not require gradients
Warning: Output tensor does not require gradients
Warning: Output tensor does not require gradients
Warning: Output tensor does not require gradients
Warning: Output tensor does not require gradients
Warning: Output tensor does not require gradients
Warning: Output tensor does not require gradients
Warning: Output tensor does not require gradients
Warning: Output tensor does not require gradients
Warning: Output tensor does not require gradients
Warning: Output tensor does not require gradients
Warning: Output tensor does not require gradients
Warning: Output tensor does not require gradients
Warning: Output tensor does not require gradients
Warning: Output tensor does not require gradients
Warning: Output tensor does not require gradients
Warning: Output tensor does not require gradients
Warning: Output tensor does not require gradients
Warning: Output tensor does not require gradients
Warning: Output tensor does not require gradients
Warning: Output tensor does not require gradients
Warning: Output tensor does not require gradients
Warning: Output tensor does not require gradients
Warning: Output tensor does not require gradients
Warning: Output tensor does not require gradients
Warning: Output tensor does not require gradients
Warning: Output tensor does not require gradients
Warning: Output tensor does not require gradients
Warning: Output tensor does not require gradients
Warning: Output tensor does not require gradients
Warning: Output tensor does not require gradients
Warning: Output tensor does not require gradients
Warning: Output tensor does not require gradients
Warning: Output tensor does not require gradients
Warning: Output tensor does not require gradients
Warning: Output tensor does not require gradients
Warning: Output tensor does not require gradients
Warning: Output tensor does not require gradients
Warning: Output tensor does not require gradients
Warning: Output tensor does not require gradients
Warning: Output tensor does not require gradients
Warning: Output tensor does not require gradients
Warning: Output tensor does not require gradients
Warning: Output tensor does not require gradients
Warning: Output tensor does not require gradients
Warning: Output tensor does not require gradients
Warning: Output tensor does not require gradients
Warning: Output tensor does not require gradients
Warning: Output tensor does not require gradients
Warning: Output tensor does not require gradients
Warning: Output tensor does not require gradients
Warning: Output tensor does not require gradients
Warning: Output tensor does not require gradients
Warning: Output tensor does not require gradients
Warning: Output tensor does not require gradients
Warning: Output tensor does not require gradients
Warning: Output tensor does not require gradients
Warning: Output tensor does not require gradients
Warning: Output tensor does not require gradients
Warning: Output tensor does not require gradients
Warning: Output tensor does not require gradients
Warning: Output tensor does not require gradients
Warning: Output tensor does not require gradients
Warning: Output tensor does not require gradients
Warning: Output tensor does not require gradients
Warning: Output tensor does not require gradients
Warning: Output tensor does not require gradients
Warning: Output tensor does not require gradients
Warning: Output tensor does not require gradients
Warning: Output tensor does not require gradients
Warning: Output tensor does not require gradients
Warning: Output tensor does not require gradients
Warning: Output tensor does not require gradients
Warning: Output tensor does not require gradients
Warning: Output tensor does not require gradients
Warning: Output tensor does not require gradients
Warning: Output tensor does not require gradients
Warning: Output tensor does not require gradients
Warning: Output tensor does not require gradients
Warning: Output tensor does not require gradients
Warning: Output tensor does not require gradients
Warning: Output tensor does not require gradients
Warning: Output tensor does not require gradients
Warning: Output tensor does not require gradients
Warning: Output tensor does not require gradients
Warning: Output tensor does not require gradients
Warning: Output tensor does not require gradients
Warning: Output tensor does not require gradients
Warning: Output tensor does not require gradients
Warning: Output tensor does not require gradients
Warning: Output tensor does not require gradients
Warning: Output tensor does not require gradients
Warning: Output tensor does not require gradients
Warning: Output tensor does not require gradients
Warning: Output tensor does not require gradients
Warning: Output tensor does not require gradients
Warning: Output tensor does not require gradients
Warning: Output tensor does not require gradients
Warning: Output tensor does not require gradients
Warning: Output tensor does not require gradients
Warning: Output tensor does not require gradients
Warning: Output tensor does not require gradients
Warning: Output tensor does not require gradients
Warning: Output tensor does not require gradients
Warning: Output tensor does not require gradients
Warning: Output tensor does not require gradients
Warning: Output tensor does not require gradients
Warning: Output tensor does not require gradients
Warning: Output tensor does not require gradients
Warning: Output tensor does not require gradients
Warning: Output tensor does not require gradients
Warning: Output tensor does not require gradients
Warning: Output tensor does not require gradients
Warning: Output tensor does not require gradients
Warning: Output tensor does not require gradients
Warning: Output tensor does not require gradients
Warning: Output tensor does not require gradients
Warning: Output tensor does not require gradients
Warning: Output tensor does not require gradients
Warning: Output tensor does not require gradients
Warning: Output tensor does not require gradients
Warning: Output tensor does not require gradients
Warning: Output tensor does not require gradients
Warning: Output tensor does not require gradients
Warning: Output tensor does not require gradients
Warning: Output tensor does not require gradients
Warning: Output tensor does not require gradients
Warning: Output tensor does not require gradients
Warning: Output tensor does not require gradients
Warning: Output tensor does not require gradients
Warning: Output tensor does not require gradients
Warning: Output tensor does not require gradients
Warning: Output tensor does not require gradients
Warning: Output tensor does not require gradients
Warning: Output tensor does not require gradients
Warning: Output tensor does not require gradients
Warning: Output tensor does not require gradients
Warning: Output tensor does not require gradients
Warning: Output tensor does not require gradients
Warning: Output tensor does not require gradients
Warning: Output tensor does not require gradients
Warning: Output tensor does not require gradients
Warning: Output tensor does not require gradients
Warning: Output tensor does not require gradients
Warning: Output tensor does not require gradients
Warning: Output tensor does not require gradients
Warning: Output tensor does not require gradients
Warning: Output tensor does not require gradients
Warning: Output tensor does not require gradients
Warning: Output tensor does not require gradients
Warning: Output tensor does not require gradients
Warning: Output tensor does not require gradients
Warning: Output tensor does not require gradients
Warning: Output tensor does not require gradients
Warning: Output tensor does not require gradients
Warning: Output tensor does not require gradients
Warning: Output tensor does not require gradients
Warning: Output tensor does not require gradients
Warning: Output tensor does not require gradients
Warning: Output tensor does not require gradients
Warning: Output tensor does not require gradients
Warning: Output tensor does not require gradients
Warning: Output tensor does not require gradients
Warning: Output tensor does not require gradients
Warning: Output tensor does not require gradients
Warning: Output tensor does not require gradients
Warning: Output tensor does not require gradients
Warning: Output tensor does not require gradients
Warning: Output tensor does not require gradients
Warning: Output tensor does not require gradients
Warning: Output tensor does not require gradients
Warning: Output tensor does not require gradients
Warning: Output tensor does not require gradients
Warning: Output tensor does not require gradients
Warning: Output tensor does not require gradients
Warning: Output tensor does not require gradients
Warning: Output tensor does not require gradients
Warning: Output tensor does not require gradients
Warning: Output tensor does not require gradients
Warning: Output tensor does not require gradients
Warning: Output tensor does not require gradients
Warning: Output tensor does not require gradients
Warning: Output tensor does not require gradients
Warning: Output tensor does not require gradients
Warning: Output tensor does not require gradients
Warning: Output tensor does not require gradients
Warning: Output tensor does not require gradients
Warning: Output tensor does not require gradients
Warning: Output tensor does not require gradients
Warning: Output tensor does not require gradients
Warning: Output tensor does not require gradients
Warning: Output tensor does not require gradients
Warning: Output tensor does not require gradients
Warning: Output tensor does not require gradients
Warning: Output tensor does not require gradients
Warning: Output tensor does not require gradients
Warning: Output tensor does not require gradients
Warning: Output tensor does not require gradients
Warning: Output tensor does not require gradients
Warning: Output tensor does not require gradients
Warning: Output tensor does not require gradients
Warning: Output tensor does not require gradients
Warning: Output tensor does not require gradients
Warning: Output tensor does not require gradients
Warning: Output tensor does not require gradients
Warning: Output tensor does not require gradients
Warning: Output tensor does not require gradients
Warning: Output tensor does not require gradients
Warning: Output tensor does not require gradients
Warning: Output tensor does not require gradients
Warning: Output tensor does not require gradients
Warning: Output tensor does not require gradients
Warning: Output tensor does not require gradients
Warning: Output tensor does not require gradients
Warning: Output tensor does not require gradients
Warning: Output tensor does not require gradients
Warning: Output tensor does not require gradients
Warning: Output tensor does not require gradients
Warning: Output tensor does not require gradients
Warning: Output tensor does not require gradients
Warning: Output tensor does not require gradients
Warning: Output tensor does not require gradients
Warning: Output tensor does not require gradients
Warning: Output tensor does not require gradients
Warning: Output tensor does not require gradients
Warning: Output tensor does not require gradients
Warning: Output tensor does not require gradients
Warning: Output tensor does not require gradients
Warning: Output tensor does not require gradients
Warning: Output tensor does not require gradients
Warning: Output tensor does not require gradients
Warning: Output tensor does not require gradients
Warning: Output tensor does not require gradients
Warning: Output tensor does not require gradients
Warning: Output tensor does not require gradients
Warning: Output tensor does not require gradients
Warning: Output tensor does not require gradients
Warning: Output tensor does not require gradients
Warning: Output tensor does not require gradients
Warning: Output tensor does not require gradients
Warning: Output tensor does not require gradients
Warning: Output tensor does not require gradients
Warning: Output tensor does not require gradients
Warning: Output tensor does not require gradients
Warning: Output tensor does not require gradients
Warning: Output tensor does not require gradients
Warning: Output tensor does not require gradients
Warning: Output tensor does not require gradients
Warning: Output tensor does not require gradients
Warning: Output tensor does not require gradients
Warning: Output tensor does not require gradients
Warning: Output tensor does not require gradients
Warning: Output tensor does not require gradients
Warning: Output tensor does not require gradients
Warning: Output tensor does not require gradients
Warning: Output tensor does not require gradients
Warning: Output tensor does not require gradients
Warning: Output tensor does not require gradients
Warning: Output tensor does not require gradients
Warning: Output tensor does not require gradients
Warning: Output tensor does not require gradients
Warning: Output tensor does not require gradients
Warning: Output tensor does not require gradients
Warning: Output tensor does not require gradients
Warning: Output tensor does not require gradients
Warning: Output tensor does not require gradients
Warning: Output tensor does not require gradients
Warning: Output tensor does not require gradients
Warning: Output tensor does not require gradients
Warning: Output tensor does not require gradients
Warning: Output tensor does not require gradients
Warning: Output tensor does not require gradients
Warning: Output tensor does not require gradients
Warning: Output tensor does not require gradients
Warning: Output tensor does not require gradients
Warning: Output tensor does not require gradients
Warning: Output tensor does not require gradients
Warning: Output tensor does not require gradients
Warning: Output tensor does not require gradients
Warning: Output tensor does not require gradients
Warning: Output tensor does not require gradients
Warning: Output tensor does not require gradients
Warning: Output tensor does not require gradients
Warning: Output tensor does not require gradients
Warning: Output tensor does not require gradients
Warning: Output tensor does not require gradients
Warning: Output tensor does not require gradients
Warning: Output tensor does not require gradients
Warning: Output tensor does not require gradients
Warning: Output tensor does not require gradients
Warning: Output tensor does not require gradients
Warning: Output tensor does not require gradients
Warning: Output tensor does not require gradients
Warning: Output tensor does not require gradients
Warning: Output tensor does not require gradients
Warning: Output tensor does not require gradients
Warning: Output tensor does not require gradients
Warning: Output tensor does not require gradients
Warning: Output tensor does not require gradients
Warning: Output tensor does not require gradients
Warning: Output tensor does not require gradients
Warning: Output tensor does not require gradients
Warning: Output tensor does not require gradients
Warning: Output tensor does not require gradients
Warning: Output tensor does not require gradients
Warning: Output tensor does not require gradients
Warning: Output tensor does not require gradients
Warning: Output tensor does not require gradients
Warning: Output tensor does not require gradients
Warning: Output tensor does not require gradients
Warning: Output tensor does not require gradients
Warning: Output tensor does not require gradients
Warning: Output tensor does not require gradients
Warning: Output tensor does not require gradients
Warning: Output tensor does not require gradients
Warning: Output tensor does not require gradients
Warning: Output tensor does not require gradients
Warning: Output tensor does not require gradients
Warning: Output tensor does not require gradients
Warning: Output tensor does not require gradients
Warning: Output tensor does not require gradients
Warning: Output tensor does not require gradients
Warning: Output tensor does not require gradients
Warning: Output tensor does not require gradients
Warning: Output tensor does not require gradients
Warning: Output tensor does not require gradients
Warning: Output tensor does not require gradients
Warning: Output tensor does not require gradients
Warning: Output tensor does not require gradients
Warning: Output tensor does not require gradients
Warning: Output tensor does not require gradients
Warning: Output tensor does not require gradients
Warning: Output tensor does not require gradients
Warning: Output tensor does not require gradients
Warning: Output tensor does not require gradients
Warning: Output tensor does not require gradients
Warning: Output tensor does not require gradients
Warning: Output tensor does not require gradients
Warning: Output tensor does not require gradients
Warning: Output tensor does not require gradients
Warning: Output tensor does not require gradients
Warning: Output tensor does not require gradients
Warning: Output tensor does not require gradients
Warning: Output tensor does not require gradients
Warning: Output tensor does not require gradients
Warning: Output tensor does not require gradients
Warning: Output tensor does not require gradients
Warning: Output tensor does not require gradients
Warning: Output tensor does not require gradients
Warning: Output tensor does not require gradients
Warning: Output tensor does not require gradients
Warning: Output tensor does not require gradients
Warning: Output tensor does not require gradients
Warning: Output tensor does not require gradients
Warning: Output tensor does not require gradients
Warning: Output tensor does not require gradients
Warning: Output tensor does not require gradients
Warning: Output tensor does not require gradients
Warning: Output tensor does not require gradients
Warning: Output tensor does not require gradients
Warning: Output tensor does not require gradients
Warning: Output tensor does not require gradients
Warning: Output tensor does not require gradients
Warning: Output tensor does not require gradients
Warning: Output tensor does not require gradients
Warning: Output tensor does not require gradients
Warning: Output tensor does not require gradients
Warning: Output tensor does not require gradients
Warning: Output tensor does not require gradients
Warning: Output tensor does not require gradients
Warning: Output tensor does not require gradients
Warning: Output tensor does not require gradients
Warning: Output tensor does not require gradients
Warning: Output tensor does not require gradients
Warning: Output tensor does not require gradients
Warning: Output tensor does not require gradients
Warning: Output tensor does not require gradients
Warning: Output tensor does not require gradients
Warning: Output tensor does not require gradients
Warning: Output tensor does not require gradients
Warning: Output tensor does not require gradients
Warning: Output tensor does not require gradients
Warning: Output tensor does not require gradients
Warning: Output tensor does not require gradients
Warning: Output tensor does not require gradients
Warning: Output tensor does not require gradients
Warning: Output tensor does not require gradients
Warning: Output tensor does not require gradients
Warning: Output tensor does not require gradients
Warning: Output tensor does not require gradients
Warning: Output tensor does not require gradients
Warning: Output tensor does not require gradients
Warning: Output tensor does not require gradients
Warning: Output tensor does not require gradients
Warning: Output tensor does not require gradients
Warning: Output tensor does not require gradients
Warning: Output tensor does not require gradients
Warning: Output tensor does not require gradients
Warning: Output tensor does not require gradients
Warning: Output tensor does not require gradients
Warning: Output tensor does not require gradients
Warning: Output tensor does not require gradients
Warning: Output tensor does not require gradients
Warning: Output tensor does not require gradients
Warning: Output tensor does not require gradients
Warning: Output tensor does not require gradients
Warning: Output tensor does not require gradients
Warning: Output tensor does not require gradients
Warning: Output tensor does not require gradients
Warning: Output tensor does not require gradients
Warning: Output tensor does not require gradients
Warning: Output tensor does not require gradients
Warning: Output tensor does not require gradients
Warning: Output tensor does not require gradients
Warning: Output tensor does not require gradients
Warning: Output tensor does not require gradients
Warning: Output tensor does not require gradients
Warning: Output tensor does not require gradients
Warning: Output tensor does not require gradients
Warning: Output tensor does not require gradients
Warning: Output tensor does not require gradients
Warning: Output tensor does not require gradients
Warning: Output tensor does not require gradients
Warning: Output tensor does not require gradients
Warning: Output tensor does not require gradients
Warning: Output tensor does not require gradients
Warning: Output tensor does not require gradients
Warning: Output tensor does not require gradients
Warning: Output tensor does not require gradients
Warning: Output tensor does not require gradients
Warning: Output tensor does not require gradients
Warning: Output tensor does not require gradients
Warning: Output tensor does not require gradients
Warning: Output tensor does not require gradients
Warning: Output tensor does not require gradients
Warning: Output tensor does not require gradients
Warning: Output tensor does not require gradients
Warning: Output tensor does not require gradients
Warning: Output tensor does not require gradients
Warning: Output tensor does not require gradients
Warning: Output tensor does not require gradients
Warning: Output tensor does not require gradients
Warning: Output tensor does not require gradients
Warning: Output tensor does not require gradients
Warning: Output tensor does not require gradients
Warning: Output tensor does not require gradients
Warning: Output tensor does not require gradients
Warning: Output tensor does not require gradients
Warning: Output tensor does not require gradients
Warning: Output tensor does not require gradients
Warning: Output tensor does not require gradients
Warning: Output tensor does not require gradients
Warning: Output tensor does not require gradients
Warning: Output tensor does not require gradients
Warning: Output tensor does not require gradients
Warning: Output tensor does not require gradients
Warning: Output tensor does not require gradients
Warning: Output tensor does not require gradients
Warning: Output tensor does not require gradients
Warning: Output tensor does not require gradients
Warning: Output tensor does not require gradients
Warning: Output tensor does not require gradients
Warning: Output tensor does not require gradients
Warning: Output tensor does not require gradients
Warning: Output tensor does not require gradients
Warning: Output tensor does not require gradients
Warning: Output tensor does not require gradients
Warning: Output tensor does not require gradients
Warning: Output tensor does not require gradients
Warning: Output tensor does not require gradients
Warning: Output tensor does not require gradients
Warning: Output tensor does not require gradients
Warning: Output tensor does not require gradients
Warning: Output tensor does not require gradients
Warning: Output tensor does not require gradients
Warning: Output tensor does not require gradients
Warning: Output tensor does not require gradients
Warning: Output tensor does not require gradients
Warning: Output tensor does not require gradients
Warning: Output tensor does not require gradients
Warning: Output tensor does not require gradients
Warning: Output tensor does not require gradients
Warning: Output tensor does not require gradients
Warning: Output tensor does not require gradients
Warning: Output tensor does not require gradients
Warning: Output tensor does not require gradients
Warning: Output tensor does not require gradients
Warning: Output tensor does not require gradients
Warning: Output tensor does not require gradients
Warning: Output tensor does not require gradients
Warning: Output tensor does not require gradients
Warning: Output tensor does not require gradients
Warning: Output tensor does not require gradients
Warning: Output tensor does not require gradients
Warning: Output tensor does not require gradients
Warning: Output tensor does not require gradients
Warning: Output tensor does not require gradients
Warning: Output tensor does not require gradients
Warning: Output tensor does not require gradients
Warning: Output tensor does not require gradients
Warning: Output tensor does not require gradients
Warning: Output tensor does not require gradients
Warning: Output tensor does not require gradients
Warning: Output tensor does not require gradients
Warning: Output tensor does not require gradients
Warning: Output tensor does not require gradients
Warning: Output tensor does not require gradients
Warning: Output tensor does not require gradients
Warning: Output tensor does not require gradients
Warning: Output tensor does not require gradients
Warning: Output tensor does not require gradients
Warning: Output tensor does not require gradients
Warning: Output tensor does not require gradients
Warning: Output tensor does not require gradients
Warning: Output tensor does not require gradients
Warning: Output tensor does not require gradients
Warning: Output tensor does not require gradients
Warning: Output tensor does not require gradients
Warning: Output tensor does not require gradients
Warning: Output tensor does not require gradients
Warning: Output tensor does not require gradients
Warning: Output tensor does not require gradients
Warning: Output tensor does not require gradients
Warning: Output tensor does not require gradients
Warning: Output tensor does not require gradients
Warning: Output tensor does not require gradients
Warning: Output tensor does not require gradients
Warning: Output tensor does not require gradients
Warning: Output tensor does not require gradients
Warning: Output tensor does not require gradients
Warning: Output tensor does not require gradients
Warning: Output tensor does not require gradients
Warning: Output tensor does not require gradients
Warning: Output tensor does not require gradients
Warning: Output tensor does not require gradients
Warning: Output tensor does not require gradients
Warning: Output tensor does not require gradients
Warning: Output tensor does not require gradients
Warning: Output tensor does not require gradients
Warning: Output tensor does not require gradients
Warning: Output tensor does not require gradients
Warning: Output tensor does not require gradients
Warning: Output tensor does not require gradients
Warning: Output tensor does not require gradients
Warning: Output tensor does not require gradients
Warning: Output tensor does not require gradients
Warning: Output tensor does not require gradients
Warning: Output tensor does not require gradients
Warning: Output tensor does not require gradients
Warning: Output tensor does not require gradients
Warning: Output tensor does not require gradients
Warning: Output tensor does not require gradients
Warning: Output tensor does not require gradients
Warning: Output tensor does not require gradients
Warning: Output tensor does not require gradients
Warning: Output tensor does not require gradients
Warning: Output tensor does not require gradients
Warning: Output tensor does not require gradients
Warning: Output tensor does not require gradients
Warning: Output tensor does not require gradients

Epoch 2/100 Summary:
Average Training Loss: 3.1666
Average Validation Loss: 3.1653
Best Validation Loss: 3.1574
Learning Rate: 0.000475
Epoch 3/100 | Batch 0/7324 | Loss: 3.2731 | LR: 0.000451
Epoch 3/100 | Batch 100/7324 | Loss: 3.2625 | LR: 0.000451
Epoch 3/100 | Batch 200/7324 | Loss: 3.1832 | LR: 0.000451
Epoch 3/100 | Batch 300/7324 | Loss: 3.1839 | LR: 0.000451
Epoch 3/100 | Batch 400/7324 | Loss: 3.1751 | LR: 0.000451
Epoch 3/100 | Batch 500/7324 | Loss: 3.2245 | LR: 0.000451
Epoch 3/100 | Batch 600/7324 | Loss: 3.1510 | LR: 0.000451
Epoch 3/100 | Batch 700/7324 | Loss: 3.2222 | LR: 0.000451
Epoch 3/100 | Batch 800/7324 | Loss: 3.1885 | LR: 0.000451
Epoch 3/100 | Batch 900/7324 | Loss: 3.2278 | LR: 0.000451
Epoch 3/100 | Batch 1000/7324 | Loss: 3.2134 | LR: 0.000451
Epoch 3/100 | Batch 1100/7324 | Loss: 3.2077 | LR: 0.000451
Epoch 3/100 | Batch 1200/7324 | Loss: 3.1998 | LR: 0.000451
Epoch 3/100 | Batch 1300/7324 | Loss: 3.1829 | LR: 0.000451
Epoch 3/100 | Batch 1400/7324 | Loss: 3.2000 | LR: 0.000451
Epoch 3/100 | Batch 1500/7324 | Loss: 3.2850 | LR: 0.000451
Epoch 3/100 | Batch 1600/7324 | Loss: 3.2083 | LR: 0.000451
Epoch 3/100 | Batch 1700/7324 | Loss: 3.2529 | LR: 0.000451
Epoch 3/100 | Batch 1800/7324 | Loss: 3.1826 | LR: 0.000451
Epoch 3/100 | Batch 1900/7324 | Loss: 3.2170 | LR: 0.000451
Epoch 3/100 | Batch 2000/7324 | Loss: 3.3029 | LR: 0.000451
Epoch 3/100 | Batch 2100/7324 | Loss: 3.2828 | LR: 0.000451
Epoch 3/100 | Batch 2200/7324 | Loss: 3.2775 | LR: 0.000451
Epoch 3/100 | Batch 2300/7324 | Loss: 3.2791 | LR: 0.000451
Epoch 3/100 | Batch 2400/7324 | Loss: 3.2877 | LR: 0.000451
Epoch 3/100 | Batch 2500/7324 | Loss: 3.2577 | LR: 0.000451
Epoch 3/100 | Batch 2600/7324 | Loss: 3.2163 | LR: 0.000451
Epoch 3/100 | Batch 2700/7324 | Loss: 3.2530 | LR: 0.000451
Epoch 3/100 | Batch 2800/7324 | Loss: 3.2360 | LR: 0.000451
Epoch 3/100 | Batch 2900/7324 | Loss: 3.3356 | LR: 0.000451
Epoch 3/100 | Batch 3000/7324 | Loss: 3.2126 | LR: 0.000451
Epoch 3/100 | Batch 3100/7324 | Loss: 3.2687 | LR: 0.000451
Epoch 3/100 | Batch 3200/7324 | Loss: 3.2656 | LR: 0.000451
Epoch 3/100 | Batch 3300/7324 | Loss: 3.3215 | LR: 0.000451
Epoch 3/100 | Batch 3400/7324 | Loss: 3.3268 | LR: 0.000451
Epoch 3/100 | Batch 3500/7324 | Loss: 3.2955 | LR: 0.000451
Epoch 3/100 | Batch 3600/7324 | Loss: 3.2409 | LR: 0.000451
Epoch 3/100 | Batch 3700/7324 | Loss: 3.2712 | LR: 0.000451
Epoch 3/100 | Batch 3800/7324 | Loss: 3.2830 | LR: 0.000451
Epoch 3/100 | Batch 3900/7324 | Loss: 3.3704 | LR: 0.000451
Epoch 3/100 | Batch 4000/7324 | Loss: 3.2988 | LR: 0.000451
Epoch 3/100 | Batch 4100/7324 | Loss: 3.3170 | LR: 0.000451
Epoch 3/100 | Batch 4200/7324 | Loss: 3.2396 | LR: 0.000451
Epoch 3/100 | Batch 4300/7324 | Loss: 3.2977 | LR: 0.000451
Epoch 3/100 | Batch 4400/7324 | Loss: 3.3177 | LR: 0.000451
Epoch 3/100 | Batch 4500/7324 | Loss: 3.3514 | LR: 0.000451
Epoch 3/100 | Batch 4600/7324 | Loss: 3.2864 | LR: 0.000451
Epoch 3/100 | Batch 4700/7324 | Loss: 3.3095 | LR: 0.000451
Epoch 3/100 | Batch 4800/7324 | Loss: 3.3502 | LR: 0.000451
Epoch 3/100 | Batch 4900/7324 | Loss: 3.3126 | LR: 0.000451
Epoch 3/100 | Batch 5000/7324 | Loss: 3.2930 | LR: 0.000451
Epoch 3/100 | Batch 5100/7324 | Loss: 3.3584 | LR: 0.000451
Epoch 3/100 | Batch 5200/7324 | Loss: 3.3017 | LR: 0.000451
Epoch 3/100 | Batch 5300/7324 | Loss: 3.3453 | LR: 0.000451
Epoch 3/100 | Batch 5400/7324 | Loss: 3.3807 | LR: 0.000451
Epoch 3/100 | Batch 5500/7324 | Loss: 3.3538 | LR: 0.000451
Epoch 3/100 | Batch 5600/7324 | Loss: 3.3610 | LR: 0.000451
Epoch 3/100 | Batch 5700/7324 | Loss: 3.4060 | LR: 0.000451
Epoch 3/100 | Batch 5800/7324 | Loss: 3.4158 | LR: 0.000451
Epoch 3/100 | Batch 5900/7324 | Loss: 3.3808 | LR: 0.000451
Epoch 3/100 | Batch 6000/7324 | Loss: 3.4477 | LR: 0.000451
Epoch 3/100 | Batch 6100/7324 | Loss: 3.3922 | LR: 0.000451
Epoch 3/100 | Batch 6200/7324 | Loss: 3.3668 | LR: 0.000451
Epoch 3/100 | Batch 6300/7324 | Loss: 3.4077 | LR: 0.000451
Epoch 3/100 | Batch 6400/7324 | Loss: 3.3669 | LR: 0.000451
Epoch 3/100 | Batch 6500/7324 | Loss: 3.3418 | LR: 0.000451
Epoch 3/100 | Batch 6600/7324 | Loss: 3.3937 | LR: 0.000451
Epoch 3/100 | Batch 6700/7324 | Loss: 3.3416 | LR: 0.000451
Epoch 3/100 | Batch 6800/7324 | Loss: 3.3771 | LR: 0.000451
Epoch 3/100 | Batch 6900/7324 | Loss: 3.3517 | LR: 0.000451
Epoch 3/100 | Batch 7000/7324 | Loss: 3.3877 | LR: 0.000451
