Traceback (most recent call last):
  File "/var/scratch/tng204/thesis/bachelor_thesis/train_sparse_model.py", line 349, in <module>
    main() 
  File "/var/scratch/tng204/thesis/bachelor_thesis/train_sparse_model.py", line 308, in main
    train_losses, val_losses = train_sparse_model(
  File "/var/scratch/tng204/thesis/bachelor_thesis/train_sparse_model.py", line 89, in train_sparse_model
    output, _ = model(input_ids, src_mask=src_mask)
  File "/var/scratch/tng204/anaconda3/envs/mltrain/lib/python3.10/site-packages/torch/nn/modules/module.py", line 1130, in _call_impl
    return forward_call(*input, **kwargs)
  File "/var/scratch/tng204/thesis/bachelor_thesis/sparse_char_transformer.py", line 143, in forward
    src, attn_weights = self._layer_forward(layer, src, src_mask, src_key_padding_mask)
  File "/var/scratch/tng204/thesis/bachelor_thesis/sparse_char_transformer.py", line 126, in _layer_forward
    return checkpoint(custom_forward, src, src_mask, src_key_padding_mask)
  File "/var/scratch/tng204/anaconda3/envs/mltrain/lib/python3.10/site-packages/torch/utils/checkpoint.py", line 235, in checkpoint
    return CheckpointFunction.apply(function, preserve, *args)
  File "/var/scratch/tng204/anaconda3/envs/mltrain/lib/python3.10/site-packages/torch/utils/checkpoint.py", line 96, in forward
    outputs = run_function(*args)
  File "/var/scratch/tng204/thesis/bachelor_thesis/sparse_char_transformer.py", line 123, in custom_forward
    return layer(*inputs)
  File "/var/scratch/tng204/anaconda3/envs/mltrain/lib/python3.10/site-packages/torch/nn/modules/module.py", line 1130, in _call_impl
    return forward_call(*input, **kwargs)
  File "/var/scratch/tng204/thesis/bachelor_thesis/sparse_char_transformer.py", line 65, in forward
    src2 = torch.nn.functional.clip_grad_norm_(src2, max_norm=1.0) if self.training else src2
AttributeError: module 'torch.nn.functional' has no attribute 'clip_grad_norm_'
