2025-05-30 08:25:22,761 | INFO | Using device: cuda
2025-05-30 08:25:25,171 | INFO | Model parameters: 19,177,728
2025-05-30 08:25:25,171 | INFO | Loading training data...
2025-05-30 08:25:30,805 | INFO | Starting training...
Traceback (most recent call last):
  File "/var/scratch/tng204/thesis/bachelor_thesis/train_sparse_transformer.py", line 242, in <module>
    main() 
  File "/var/scratch/tng204/thesis/bachelor_thesis/train_sparse_transformer.py", line 196, in main
    train_loss = train_epoch(model, train_batches, criterion, optimizer, scheduler, device)
  File "/var/scratch/tng204/thesis/bachelor_thesis/train_sparse_transformer.py", line 67, in train_epoch
    output = model(input_ids)
  File "/var/scratch/tng204/anaconda3/envs/mltrain/lib/python3.10/site-packages/torch/nn/modules/module.py", line 1130, in _call_impl
    return forward_call(*input, **kwargs)
  File "/var/scratch/tng204/thesis/bachelor_thesis/sparse_transformer_v2.py", line 366, in forward
    src = layer(src, src_mask=src_mask, src_key_padding_mask=src_key_padding_mask)
  File "/var/scratch/tng204/anaconda3/envs/mltrain/lib/python3.10/site-packages/torch/nn/modules/module.py", line 1130, in _call_impl
    return forward_call(*input, **kwargs)
  File "/var/scratch/tng204/thesis/bachelor_thesis/sparse_transformer_v2.py", line 292, in forward
    src2, _ = self.self_attn(
  File "/var/scratch/tng204/anaconda3/envs/mltrain/lib/python3.10/site-packages/torch/nn/modules/module.py", line 1130, in _call_impl
    return forward_call(*input, **kwargs)
  File "/var/scratch/tng204/thesis/bachelor_thesis/sparse_transformer_v2.py", line 232, in forward
    attn_weights = F.softmax(attn_weights, dim=-1)
  File "/var/scratch/tng204/anaconda3/envs/mltrain/lib/python3.10/site-packages/torch/nn/functional.py", line 1834, in softmax
    ret = input.softmax(dim)
RuntimeError: CUDA out of memory. Tried to allocate 1024.00 MiB (GPU 0; 10.57 GiB total capacity; 8.41 GiB already allocated; 958.00 MiB free; 8.80 GiB reserved in total by PyTorch) If reserved memory is >> allocated memory try setting max_split_size_mb to avoid fragmentation.  See documentation for Memory Management and PYTORCH_CUDA_ALLOC_CONF
