2025-05-30 23:19:03,208 | INFO | Using device: cuda
2025-05-30 23:19:05,749 | INFO | Model parameters: 19,177,728
2025-05-30 23:19:05,750 | INFO | Loading training data...
2025-05-30 23:19:11,509 | INFO | Base learning rate: 3.00e-04
2025-05-30 23:19:11,509 | INFO | Minimum learning rate: 1.00e-05
2025-05-30 23:19:11,509 | INFO | Initial learning rate: 0.00e+00
2025-05-30 23:19:11,509 | INFO | Warmup steps: 2000
2025-05-30 23:19:11,509 | INFO | Total steps: 549300
2025-05-30 23:19:11,509 | INFO | Test LR at step 0: 0.00e+00
2025-05-30 23:19:11,509 | INFO | Test LR at step 1000: 1.50e-04
2025-05-30 23:19:11,509 | INFO | Test LR at step 2000: 3.00e-04
2025-05-30 23:19:11,509 | INFO | Test LR at step 274650: 1.56e-04
2025-05-30 23:19:11,509 | INFO | Test LR at step 549299: 1.00e-05
2025-05-30 23:19:11,510 | INFO | Starting training...
2025-05-30 23:19:11,511 | INFO | Input shape: torch.Size([16, 511]), Target shape: torch.Size([16, 511])
2025-05-30 23:19:11,511 | INFO | Input range: [10, 226]
2025-05-30 23:19:11,511 | INFO | Target range: [10, 226]
2025-05-30 23:19:16,780 | INFO | Output shape: torch.Size([8176, 256]), Reshaped target shape: torch.Size([8176])
2025-05-30 23:19:16,781 | INFO | Output range: [-5.5390625, 5.5390625]
2025-05-30 23:19:16,782 | INFO | Sample probabilities: max=0.06494953483343124, min=5.5842549045337364e-05
2025-05-30 23:19:16,783 | INFO | Raw loss value: 6.167163372039795
2025-05-30 23:19:16,783 | INFO | Batch 0 loss stats - Mean: -0.0172, Std: 1.1553
2025-05-30 23:19:16,904 | INFO | Gradient norm: 6.8060
2025-05-30 23:19:16,918 | INFO | Train batch     0/10986 | ms/batch 5407.82 | loss 6.1672 | bpb  8.90 | ppl   476.83 | lr 1.50e-07
2025-05-30 23:19:33,137 | INFO | Gradient norm: 0.8527
2025-05-30 23:19:33,145 | INFO | Train batch   100/10986 | ms/batch 214.21 | loss 4.6972 | bpb  6.78 | ppl   109.64 | lr 1.51e-05
2025-05-30 23:19:49,573 | INFO | Gradient norm: 0.4980
2025-05-30 23:19:49,585 | INFO | Train batch   200/10986 | ms/batch 189.43 | loss 4.0713 | bpb  5.87 | ppl    58.63 | lr 3.01e-05
2025-05-30 23:20:06,479 | INFO | Gradient norm: 0.4979
2025-05-30 23:20:06,491 | INFO | Train batch   300/10986 | ms/batch 182.66 | loss 3.7917 | bpb  5.47 | ppl    44.33 | lr 4.51e-05
2025-05-30 23:20:23,367 | INFO | Gradient norm: 0.5248
2025-05-30 23:20:23,379 | INFO | Train batch   400/10986 | ms/batch 179.22 | loss 3.6179 | bpb  5.22 | ppl    37.26 | lr 6.01e-05
2025-05-30 23:20:40,283 | INFO | Gradient norm: 0.5965
2025-05-30 23:20:40,295 | INFO | Train batch   500/10986 | ms/batch 177.22 | loss 3.4975 | bpb  5.05 | ppl    33.03 | lr 7.51e-05
2025-05-30 23:20:57,196 | INFO | Gradient norm: 0.4579
2025-05-30 23:20:57,208 | INFO | Train batch   600/10986 | ms/batch 175.87 | loss 3.4078 | bpb  4.92 | ppl    30.20 | lr 9.01e-05
2025-05-30 23:21:14,094 | INFO | Gradient norm: 0.4459
2025-05-30 23:21:14,106 | INFO | Train batch   700/10986 | ms/batch 174.89 | loss 3.3346 | bpb  4.81 | ppl    28.07 | lr 1.05e-04
2025-05-30 23:21:31,014 | INFO | Gradient norm: 0.6830
2025-05-30 23:21:31,026 | INFO | Train batch   800/10986 | ms/batch 174.18 | loss 3.2686 | bpb  4.72 | ppl    26.27 | lr 1.20e-04
2025-05-30 23:21:47,928 | INFO | Gradient norm: 0.7617
2025-05-30 23:21:47,941 | INFO | Train batch   900/10986 | ms/batch 173.62 | loss 3.1842 | bpb  4.59 | ppl    24.15 | lr 1.35e-04
2025-05-30 23:22:04,827 | INFO | Gradient norm: 0.7070
2025-05-30 23:22:04,839 | INFO | Train batch  1000/10986 | ms/batch 173.16 | loss 3.0559 | bpb  4.41 | ppl    21.24 | lr 1.50e-04
2025-05-30 23:22:21,738 | INFO | Gradient norm: 0.5785
2025-05-30 23:22:21,750 | INFO | Train batch  1100/10986 | ms/batch 172.79 | loss 2.9090 | bpb  4.20 | ppl    18.34 | lr 1.65e-04
2025-05-30 23:22:38,649 | INFO | Gradient norm: 0.3490
2025-05-30 23:22:38,661 | INFO | Train batch  1200/10986 | ms/batch 172.48 | loss 2.7674 | bpb  3.99 | ppl    15.92 | lr 1.80e-04
2025-05-30 23:22:55,566 | INFO | Gradient norm: 0.2951
2025-05-30 23:22:55,578 | INFO | Train batch  1300/10986 | ms/batch 172.23 | loss 2.6391 | bpb  3.81 | ppl    14.00 | lr 1.95e-04
2025-05-30 23:23:12,464 | INFO | Gradient norm: 0.2331
2025-05-30 23:23:12,476 | INFO | Train batch  1400/10986 | ms/batch 172.00 | loss 2.5246 | bpb  3.64 | ppl    12.49 | lr 2.10e-04
2025-05-30 23:23:29,369 | INFO | Gradient norm: 0.1939
2025-05-30 23:23:29,381 | INFO | Train batch  1500/10986 | ms/batch 171.80 | loss 2.4231 | bpb  3.50 | ppl    11.28 | lr 2.25e-04
2025-05-30 23:23:46,279 | INFO | Gradient norm: 0.1835
2025-05-30 23:23:46,291 | INFO | Train batch  1600/10986 | ms/batch 171.63 | loss 2.3321 | bpb  3.36 | ppl    10.30 | lr 2.40e-04
2025-05-30 23:24:03,196 | INFO | Gradient norm: 0.1740
2025-05-30 23:24:03,208 | INFO | Train batch  1700/10986 | ms/batch 171.49 | loss 2.2512 | bpb  3.25 | ppl     9.50 | lr 2.55e-04
2025-05-30 23:24:20,092 | INFO | Gradient norm: 0.1264
2025-05-30 23:24:20,104 | INFO | Train batch  1800/10986 | ms/batch 171.35 | loss 2.1784 | bpb  3.14 | ppl     8.83 | lr 2.70e-04
2025-05-30 23:24:36,991 | INFO | Gradient norm: 0.1250
2025-05-30 23:24:37,003 | INFO | Train batch  1900/10986 | ms/batch 171.22 | loss 2.1125 | bpb  3.05 | ppl     8.27 | lr 2.85e-04
2025-05-30 23:24:53,900 | INFO | Gradient norm: 0.1064
2025-05-30 23:24:53,912 | INFO | Train batch  2000/10986 | ms/batch 171.12 | loss 2.0528 | bpb  2.96 | ppl     7.79 | lr 3.00e-04
2025-05-30 23:25:10,802 | INFO | Gradient norm: 0.0925
2025-05-30 23:25:10,814 | INFO | Train batch  2100/10986 | ms/batch 171.02 | loss 1.9984 | bpb  2.88 | ppl     7.38 | lr 3.00e-04
2025-05-30 23:25:27,716 | INFO | Gradient norm: 0.1009
2025-05-30 23:25:27,728 | INFO | Train batch  2200/10986 | ms/batch 170.93 | loss 1.9489 | bpb  2.81 | ppl     7.02 | lr 3.00e-04
2025-05-30 23:25:44,612 | INFO | Gradient norm: 0.0930
2025-05-30 23:25:44,624 | INFO | Train batch  2300/10986 | ms/batch 170.84 | loss 1.9035 | bpb  2.75 | ppl     6.71 | lr 3.00e-04
2025-05-30 23:26:01,516 | INFO | Gradient norm: 0.1030
2025-05-30 23:26:01,528 | INFO | Train batch  2400/10986 | ms/batch 170.77 | loss 1.8617 | bpb  2.69 | ppl     6.43 | lr 3.00e-04
2025-05-30 23:26:18,425 | INFO | Gradient norm: 0.0608
2025-05-30 23:26:18,437 | INFO | Train batch  2500/10986 | ms/batch 170.70 | loss 1.8232 | bpb  2.63 | ppl     6.19 | lr 3.00e-04
2025-05-30 23:26:35,335 | INFO | Gradient norm: 0.0705
2025-05-30 23:26:35,347 | INFO | Train batch  2600/10986 | ms/batch 170.64 | loss 1.7876 | bpb  2.58 | ppl     5.98 | lr 3.00e-04
2025-05-30 23:26:52,231 | INFO | Gradient norm: 0.0627
2025-05-30 23:26:52,243 | INFO | Train batch  2700/10986 | ms/batch 170.58 | loss 1.7546 | bpb  2.53 | ppl     5.78 | lr 3.00e-04
2025-05-30 23:27:09,128 | INFO | Gradient norm: 0.0743
2025-05-30 23:27:09,140 | INFO | Train batch  2800/10986 | ms/batch 170.52 | loss 1.7239 | bpb  2.49 | ppl     5.61 | lr 3.00e-04
2025-05-30 23:27:26,041 | INFO | Gradient norm: 0.0687
2025-05-30 23:27:26,053 | INFO | Train batch  2900/10986 | ms/batch 170.47 | loss 1.6953 | bpb  2.45 | ppl     5.45 | lr 3.00e-04
2025-05-30 23:27:42,940 | INFO | Gradient norm: 0.0456
2025-05-30 23:27:42,952 | INFO | Train batch  3000/10986 | ms/batch 170.42 | loss 1.6685 | bpb  2.41 | ppl     5.30 | lr 3.00e-04
2025-05-30 23:27:59,852 | INFO | Gradient norm: 0.0691
2025-05-30 23:27:59,864 | INFO | Train batch  3100/10986 | ms/batch 170.38 | loss 1.6434 | bpb  2.37 | ppl     5.17 | lr 3.00e-04
2025-05-30 23:28:16,746 | INFO | Gradient norm: 0.0843
2025-05-30 23:28:16,758 | INFO | Train batch  3200/10986 | ms/batch 170.34 | loss 1.6199 | bpb  2.34 | ppl     5.05 | lr 3.00e-04
2025-05-30 23:28:33,650 | INFO | Gradient norm: 0.0404
2025-05-30 23:28:33,662 | INFO | Train batch  3300/10986 | ms/batch 170.30 | loss 1.5978 | bpb  2.31 | ppl     4.94 | lr 3.00e-04
2025-05-30 23:28:50,559 | INFO | Gradient norm: 0.0876
2025-05-30 23:28:50,571 | INFO | Train batch  3400/10986 | ms/batch 170.26 | loss 1.5770 | bpb  2.28 | ppl     4.84 | lr 3.00e-04
2025-05-30 23:29:07,472 | INFO | Gradient norm: 0.0617
2025-05-30 23:29:07,484 | INFO | Train batch  3500/10986 | ms/batch 170.23 | loss 1.5574 | bpb  2.25 | ppl     4.75 | lr 3.00e-04
2025-05-30 23:29:24,370 | INFO | Gradient norm: 0.0572
2025-05-30 23:29:24,382 | INFO | Train batch  3600/10986 | ms/batch 170.19 | loss 1.5388 | bpb  2.22 | ppl     4.66 | lr 3.00e-04
2025-05-30 23:29:41,271 | INFO | Gradient norm: 0.0498
2025-05-30 23:29:41,283 | INFO | Train batch  3700/10986 | ms/batch 170.16 | loss 1.5213 | bpb  2.19 | ppl     4.58 | lr 3.00e-04
2025-05-30 23:29:58,182 | INFO | Gradient norm: 0.0773
2025-05-30 23:29:58,194 | INFO | Train batch  3800/10986 | ms/batch 170.14 | loss 1.5046 | bpb  2.17 | ppl     4.50 | lr 3.00e-04
2025-05-30 23:30:15,095 | INFO | Gradient norm: 0.0555
2025-05-30 23:30:15,107 | INFO | Train batch  3900/10986 | ms/batch 170.11 | loss 1.4888 | bpb  2.15 | ppl     4.43 | lr 3.00e-04
2025-05-30 23:30:32,012 | INFO | Gradient norm: 0.0584
2025-05-30 23:30:32,024 | INFO | Train batch  4000/10986 | ms/batch 170.09 | loss 1.4738 | bpb  2.13 | ppl     4.37 | lr 3.00e-04
2025-05-30 23:30:48,911 | INFO | Gradient norm: 0.0641
2025-05-30 23:30:48,923 | INFO | Train batch  4100/10986 | ms/batch 170.06 | loss 1.4595 | bpb  2.11 | ppl     4.30 | lr 3.00e-04
2025-05-30 23:31:05,814 | INFO | Gradient norm: 0.0471
2025-05-30 23:31:05,826 | INFO | Train batch  4200/10986 | ms/batch 170.03 | loss 1.4459 | bpb  2.09 | ppl     4.25 | lr 3.00e-04
2025-05-30 23:31:22,733 | INFO | Gradient norm: 0.0641
2025-05-30 23:31:22,745 | INFO | Train batch  4300/10986 | ms/batch 170.02 | loss 1.4329 | bpb  2.07 | ppl     4.19 | lr 3.00e-04
2025-05-30 23:31:39,639 | INFO | Gradient norm: 0.0436
2025-05-30 23:31:39,651 | INFO | Train batch  4400/10986 | ms/batch 169.99 | loss 1.4205 | bpb  2.05 | ppl     4.14 | lr 3.00e-04
2025-05-30 23:31:56,550 | INFO | Gradient norm: 0.0420
2025-05-30 23:31:56,562 | INFO | Train batch  4500/10986 | ms/batch 169.97 | loss 1.4087 | bpb  2.03 | ppl     4.09 | lr 3.00e-04
2025-05-30 23:32:13,457 | INFO | Gradient norm: 0.0427
2025-05-30 23:32:13,469 | INFO | Train batch  4600/10986 | ms/batch 169.95 | loss 1.3973 | bpb  2.02 | ppl     4.04 | lr 3.00e-04
2025-05-30 23:32:30,369 | INFO | Gradient norm: 0.0401
2025-05-30 23:32:30,381 | INFO | Train batch  4700/10986 | ms/batch 169.94 | loss 1.3864 | bpb  2.00 | ppl     4.00 | lr 3.00e-04
2025-05-30 23:32:47,279 | INFO | Gradient norm: 0.0732
2025-05-30 23:32:47,291 | INFO | Train batch  4800/10986 | ms/batch 169.92 | loss 1.3760 | bpb  1.99 | ppl     3.96 | lr 3.00e-04
2025-05-30 23:33:04,200 | INFO | Gradient norm: 0.0417
2025-05-30 23:33:04,212 | INFO | Train batch  4900/10986 | ms/batch 169.90 | loss 1.3660 | bpb  1.97 | ppl     3.92 | lr 3.00e-04
2025-05-30 23:33:21,094 | INFO | Gradient norm: 0.0372
2025-05-30 23:33:21,106 | INFO | Train batch  5000/10986 | ms/batch 169.89 | loss 1.3564 | bpb  1.96 | ppl     3.88 | lr 3.00e-04
2025-05-30 23:33:37,991 | INFO | Gradient norm: 0.0290
2025-05-30 23:33:38,003 | INFO | Train batch  5100/10986 | ms/batch 169.87 | loss 1.3471 | bpb  1.94 | ppl     3.85 | lr 3.00e-04
2025-05-30 23:33:54,910 | INFO | Gradient norm: 0.0673
2025-05-30 23:33:54,922 | INFO | Train batch  5200/10986 | ms/batch 169.85 | loss 1.3383 | bpb  1.93 | ppl     3.81 | lr 3.00e-04
2025-05-30 23:34:11,808 | INFO | Gradient norm: 0.0486
2025-05-30 23:34:11,820 | INFO | Train batch  5300/10986 | ms/batch 169.84 | loss 1.3297 | bpb  1.92 | ppl     3.78 | lr 3.00e-04
2025-05-30 23:34:28,718 | INFO | Gradient norm: 0.0273
2025-05-30 23:34:28,730 | INFO | Train batch  5400/10986 | ms/batch 169.82 | loss 1.3215 | bpb  1.91 | ppl     3.75 | lr 3.00e-04
2025-05-30 23:34:45,613 | INFO | Gradient norm: 0.0907
2025-05-30 23:34:45,625 | INFO | Train batch  5500/10986 | ms/batch 169.81 | loss 1.3135 | bpb  1.90 | ppl     3.72 | lr 3.00e-04
2025-05-30 23:35:02,516 | INFO | Gradient norm: 0.0664
2025-05-30 23:35:02,528 | INFO | Train batch  5600/10986 | ms/batch 169.79 | loss 1.3059 | bpb  1.88 | ppl     3.69 | lr 3.00e-04
2025-05-30 23:35:19,426 | INFO | Gradient norm: 0.0278
2025-05-30 23:35:19,438 | INFO | Train batch  5700/10986 | ms/batch 169.78 | loss 1.2985 | bpb  1.87 | ppl     3.66 | lr 3.00e-04
2025-05-30 23:35:36,335 | INFO | Gradient norm: 0.0655
2025-05-30 23:35:36,347 | INFO | Train batch  5800/10986 | ms/batch 169.77 | loss 1.2914 | bpb  1.86 | ppl     3.64 | lr 3.00e-04
2025-05-30 23:35:53,230 | INFO | Gradient norm: 0.0704
2025-05-30 23:35:53,242 | INFO | Train batch  5900/10986 | ms/batch 169.76 | loss 1.2845 | bpb  1.85 | ppl     3.61 | lr 3.00e-04
2025-05-30 23:36:10,130 | INFO | Gradient norm: 0.0442
2025-05-30 23:36:10,142 | INFO | Train batch  6000/10986 | ms/batch 169.74 | loss 1.2778 | bpb  1.84 | ppl     3.59 | lr 3.00e-04
2025-05-30 23:36:27,042 | INFO | Gradient norm: 0.0797
2025-05-30 23:36:27,054 | INFO | Train batch  6100/10986 | ms/batch 169.73 | loss 1.2714 | bpb  1.83 | ppl     3.57 | lr 3.00e-04
2025-05-30 23:36:43,953 | INFO | Gradient norm: 0.0424
2025-05-30 23:36:43,965 | INFO | Train batch  6200/10986 | ms/batch 169.72 | loss 1.2651 | bpb  1.83 | ppl     3.54 | lr 3.00e-04
2025-05-30 23:37:00,848 | INFO | Gradient norm: 0.0301
2025-05-30 23:37:00,860 | INFO | Train batch  6300/10986 | ms/batch 169.71 | loss 1.2591 | bpb  1.82 | ppl     3.52 | lr 3.00e-04
2025-05-30 23:37:17,742 | INFO | Gradient norm: 0.0499
2025-05-30 23:37:17,754 | INFO | Train batch  6400/10986 | ms/batch 169.70 | loss 1.2532 | bpb  1.81 | ppl     3.50 | lr 3.00e-04
2025-05-30 23:37:34,647 | INFO | Gradient norm: 0.0388
2025-05-30 23:37:34,659 | INFO | Train batch  6500/10986 | ms/batch 169.69 | loss 1.2476 | bpb  1.80 | ppl     3.48 | lr 3.00e-04
2025-05-30 23:37:51,549 | INFO | Gradient norm: 0.0430
2025-05-30 23:37:51,561 | INFO | Train batch  6600/10986 | ms/batch 169.68 | loss 1.2421 | bpb  1.79 | ppl     3.46 | lr 3.00e-04
2025-05-30 23:38:08,462 | INFO | Gradient norm: 0.0326
2025-05-30 23:38:08,474 | INFO | Train batch  6700/10986 | ms/batch 169.67 | loss 1.2367 | bpb  1.78 | ppl     3.44 | lr 3.00e-04
2025-05-30 23:38:25,357 | INFO | Gradient norm: 0.0228
2025-05-30 23:38:25,369 | INFO | Train batch  6800/10986 | ms/batch 169.66 | loss 1.2315 | bpb  1.78 | ppl     3.43 | lr 3.00e-04
2025-05-30 23:38:42,262 | INFO | Gradient norm: 0.0367
2025-05-30 23:38:42,274 | INFO | Train batch  6900/10986 | ms/batch 169.65 | loss 1.2265 | bpb  1.77 | ppl     3.41 | lr 3.00e-04
2025-05-30 23:38:59,171 | INFO | Gradient norm: 0.0545
2025-05-30 23:38:59,183 | INFO | Train batch  7000/10986 | ms/batch 169.64 | loss 1.2216 | bpb  1.76 | ppl     3.39 | lr 3.00e-04
2025-05-30 23:39:16,084 | INFO | Gradient norm: 0.0407
2025-05-30 23:39:16,096 | INFO | Train batch  7100/10986 | ms/batch 169.64 | loss 1.2169 | bpb  1.76 | ppl     3.38 | lr 3.00e-04
2025-05-30 23:39:32,980 | INFO | Gradient norm: 0.0438
2025-05-30 23:39:32,992 | INFO | Train batch  7200/10986 | ms/batch 169.63 | loss 1.2122 | bpb  1.75 | ppl     3.36 | lr 3.00e-04
2025-05-30 23:39:49,880 | INFO | Gradient norm: 0.0308
2025-05-30 23:39:49,892 | INFO | Train batch  7300/10986 | ms/batch 169.62 | loss 1.2077 | bpb  1.74 | ppl     3.35 | lr 3.00e-04
2025-05-30 23:40:06,791 | INFO | Gradient norm: 0.0531
2025-05-30 23:40:06,803 | INFO | Train batch  7400/10986 | ms/batch 169.61 | loss 1.2034 | bpb  1.74 | ppl     3.33 | lr 3.00e-04
2025-05-30 23:40:23,696 | INFO | Gradient norm: 0.0365
2025-05-30 23:40:23,708 | INFO | Train batch  7500/10986 | ms/batch 169.60 | loss 1.1991 | bpb  1.73 | ppl     3.32 | lr 3.00e-04
2025-05-30 23:40:40,602 | INFO | Gradient norm: 0.0223
2025-05-30 23:40:40,614 | INFO | Train batch  7600/10986 | ms/batch 169.60 | loss 1.1950 | bpb  1.72 | ppl     3.30 | lr 3.00e-04
2025-05-30 23:40:57,498 | INFO | Gradient norm: 0.0276
2025-05-30 23:40:57,510 | INFO | Train batch  7700/10986 | ms/batch 169.59 | loss 1.1909 | bpb  1.72 | ppl     3.29 | lr 3.00e-04
2025-05-30 23:41:14,406 | INFO | Gradient norm: 0.0312
2025-05-30 23:41:14,418 | INFO | Train batch  7800/10986 | ms/batch 169.58 | loss 1.1870 | bpb  1.71 | ppl     3.28 | lr 3.00e-04
2025-05-30 23:41:31,311 | INFO | Gradient norm: 0.0453
2025-05-30 23:41:31,323 | INFO | Train batch  7900/10986 | ms/batch 169.58 | loss 1.1831 | bpb  1.71 | ppl     3.26 | lr 3.00e-04
2025-05-30 23:41:48,225 | INFO | Gradient norm: 0.0380
2025-05-30 23:41:48,237 | INFO | Train batch  8000/10986 | ms/batch 169.57 | loss 1.1794 | bpb  1.70 | ppl     3.25 | lr 3.00e-04
2025-05-30 23:42:05,121 | INFO | Gradient norm: 0.0209
2025-05-30 23:42:05,134 | INFO | Train batch  8100/10986 | ms/batch 169.56 | loss 1.1757 | bpb  1.70 | ppl     3.24 | lr 3.00e-04
2025-05-30 23:42:22,025 | INFO | Gradient norm: 0.0631
2025-05-30 23:42:22,037 | INFO | Train batch  8200/10986 | ms/batch 169.56 | loss 1.1722 | bpb  1.69 | ppl     3.23 | lr 3.00e-04
2025-05-30 23:42:38,934 | INFO | Gradient norm: 0.0244
2025-05-30 23:42:38,946 | INFO | Train batch  8300/10986 | ms/batch 169.55 | loss 1.1687 | bpb  1.69 | ppl     3.22 | lr 3.00e-04
2025-05-30 23:42:55,843 | INFO | Gradient norm: 0.0181
2025-05-30 23:42:55,855 | INFO | Train batch  8400/10986 | ms/batch 169.54 | loss 1.1653 | bpb  1.68 | ppl     3.21 | lr 3.00e-04
2025-05-30 23:43:12,739 | INFO | Gradient norm: 0.0433
2025-05-30 23:43:12,751 | INFO | Train batch  8500/10986 | ms/batch 169.54 | loss 1.1620 | bpb  1.68 | ppl     3.20 | lr 3.00e-04
2025-05-30 23:43:29,634 | INFO | Gradient norm: 0.0354
2025-05-30 23:43:29,646 | INFO | Train batch  8600/10986 | ms/batch 169.53 | loss 1.1587 | bpb  1.67 | ppl     3.19 | lr 3.00e-04
2025-05-30 23:43:46,548 | INFO | Gradient norm: 0.0382
2025-05-30 23:43:46,560 | INFO | Train batch  8700/10986 | ms/batch 169.53 | loss 1.1556 | bpb  1.67 | ppl     3.18 | lr 3.00e-04
2025-05-30 23:44:03,449 | INFO | Gradient norm: 0.0142
2025-05-30 23:44:03,461 | INFO | Train batch  8800/10986 | ms/batch 169.52 | loss 1.1525 | bpb  1.66 | ppl     3.17 | lr 3.00e-04
2025-05-30 23:44:20,362 | INFO | Gradient norm: 0.0228
2025-05-30 23:44:20,374 | INFO | Train batch  8900/10986 | ms/batch 169.52 | loss 1.1494 | bpb  1.66 | ppl     3.16 | lr 3.00e-04
2025-05-30 23:44:37,257 | INFO | Gradient norm: 0.0351
2025-05-30 23:44:37,270 | INFO | Train batch  9000/10986 | ms/batch 169.51 | loss 1.1465 | bpb  1.65 | ppl     3.15 | lr 3.00e-04
2025-05-30 23:44:54,166 | INFO | Gradient norm: 0.0402
2025-05-30 23:44:54,178 | INFO | Train batch  9100/10986 | ms/batch 169.51 | loss 1.1436 | bpb  1.65 | ppl     3.14 | lr 3.00e-04
2025-05-30 23:45:11,076 | INFO | Gradient norm: 0.0401
2025-05-30 23:45:11,089 | INFO | Train batch  9200/10986 | ms/batch 169.50 | loss 1.1408 | bpb  1.65 | ppl     3.13 | lr 3.00e-04
2025-05-30 23:45:27,989 | INFO | Gradient norm: 0.0245
2025-05-30 23:45:28,002 | INFO | Train batch  9300/10986 | ms/batch 169.50 | loss 1.1380 | bpb  1.64 | ppl     3.12 | lr 3.00e-04
2025-05-30 23:45:44,885 | INFO | Gradient norm: 0.0389
2025-05-30 23:45:44,897 | INFO | Train batch  9400/10986 | ms/batch 169.49 | loss 1.1353 | bpb  1.64 | ppl     3.11 | lr 3.00e-04
2025-05-30 23:46:01,786 | INFO | Gradient norm: 0.0221
2025-05-30 23:46:01,798 | INFO | Train batch  9500/10986 | ms/batch 169.49 | loss 1.1326 | bpb  1.63 | ppl     3.10 | lr 3.00e-04
2025-05-30 23:46:18,699 | INFO | Gradient norm: 0.0250
2025-05-30 23:46:18,711 | INFO | Train batch  9600/10986 | ms/batch 169.48 | loss 1.1300 | bpb  1.63 | ppl     3.10 | lr 3.00e-04
2025-05-30 23:46:35,612 | INFO | Gradient norm: 0.0355
2025-05-30 23:46:35,624 | INFO | Train batch  9700/10986 | ms/batch 169.48 | loss 1.1275 | bpb  1.63 | ppl     3.09 | lr 3.00e-04
2025-05-30 23:46:52,508 | INFO | Gradient norm: 0.0172
2025-05-30 23:46:52,520 | INFO | Train batch  9800/10986 | ms/batch 169.47 | loss 1.1250 | bpb  1.62 | ppl     3.08 | lr 3.00e-04
2025-05-30 23:47:09,403 | INFO | Gradient norm: 0.0239
2025-05-30 23:47:09,415 | INFO | Train batch  9900/10986 | ms/batch 169.47 | loss 1.1225 | bpb  1.62 | ppl     3.07 | lr 3.00e-04
2025-05-30 23:47:26,316 | INFO | Gradient norm: 0.0277
2025-05-30 23:47:26,329 | INFO | Train batch 10000/10986 | ms/batch 169.46 | loss 1.1201 | bpb  1.62 | ppl     3.07 | lr 3.00e-04
2025-05-30 23:47:43,217 | INFO | Gradient norm: 0.0303
2025-05-30 23:47:43,229 | INFO | Train batch 10100/10986 | ms/batch 169.46 | loss 1.1178 | bpb  1.61 | ppl     3.06 | lr 3.00e-04
2025-05-30 23:48:00,128 | INFO | Gradient norm: 0.0496
2025-05-30 23:48:00,140 | INFO | Train batch 10200/10986 | ms/batch 169.46 | loss 1.1155 | bpb  1.61 | ppl     3.05 | lr 3.00e-04
2025-05-30 23:48:17,024 | INFO | Gradient norm: 0.0381
2025-05-30 23:48:17,036 | INFO | Train batch 10300/10986 | ms/batch 169.45 | loss 1.1132 | bpb  1.61 | ppl     3.04 | lr 3.00e-04
2025-05-30 23:48:33,928 | INFO | Gradient norm: 0.0377
2025-05-30 23:48:33,940 | INFO | Train batch 10400/10986 | ms/batch 169.45 | loss 1.1110 | bpb  1.60 | ppl     3.04 | lr 3.00e-04
2025-05-30 23:48:50,838 | INFO | Gradient norm: 0.0165
2025-05-30 23:48:50,850 | INFO | Train batch 10500/10986 | ms/batch 169.44 | loss 1.1088 | bpb  1.60 | ppl     3.03 | lr 3.00e-04
2025-05-30 23:49:07,751 | INFO | Gradient norm: 0.0325
2025-05-30 23:49:07,763 | INFO | Train batch 10600/10986 | ms/batch 169.44 | loss 1.1067 | bpb  1.60 | ppl     3.02 | lr 3.00e-04
2025-05-30 23:49:24,646 | INFO | Gradient norm: 0.0324
2025-05-30 23:49:24,658 | INFO | Train batch 10700/10986 | ms/batch 169.44 | loss 1.1046 | bpb  1.59 | ppl     3.02 | lr 3.00e-04
2025-05-30 23:49:41,545 | INFO | Gradient norm: 0.0172
2025-05-30 23:49:41,557 | INFO | Train batch 10800/10986 | ms/batch 169.43 | loss 1.1025 | bpb  1.59 | ppl     3.01 | lr 3.00e-04
2025-05-30 23:49:58,459 | INFO | Gradient norm: 0.0233
2025-05-30 23:49:58,471 | INFO | Train batch 10900/10986 | ms/batch 169.43 | loss 1.1005 | bpb  1.59 | ppl     3.01 | lr 3.00e-04
2025-05-30 23:51:23,770 | INFO | Epoch   0 | time: 1932.26s | train bpb  1.59 | valid bpb  1.28
2025-05-30 23:51:24,392 | INFO | Saved new best model with validation bpb:  1.28
2025-05-30 23:51:25,660 | INFO | Input shape: torch.Size([16, 511]), Target shape: torch.Size([16, 511])
2025-05-30 23:51:25,661 | INFO | Input range: [10, 226]
2025-05-30 23:51:25,661 | INFO | Target range: [10, 226]
2025-05-30 23:51:25,717 | INFO | Output shape: torch.Size([8176, 256]), Reshaped target shape: torch.Size([8176])
2025-05-30 23:51:25,719 | INFO | Output range: [-3.953125, 8.84375]
2025-05-30 23:51:25,719 | INFO | Sample probabilities: max=0.9014609456062317, min=0.00024119834415614605
2025-05-30 23:51:25,720 | INFO | Raw loss value: 0.8817184567451477
2025-05-30 23:51:25,720 | INFO | Batch 0 loss stats - Mean: -0.2179, Std: 0.5732
2025-05-30 23:51:25,838 | INFO | Gradient norm: 0.0370
2025-05-30 23:51:25,851 | INFO | Train batch     0/10986 | ms/batch 190.79 | loss 0.8817 | bpb  1.27 | ppl     2.42 | lr 3.00e-04
2025-05-30 23:51:42,734 | INFO | Gradient norm: 0.0409
2025-05-30 23:51:42,746 | INFO | Train batch   100/10986 | ms/batch 169.17 | loss 0.8844 | bpb  1.28 | ppl     2.42 | lr 3.00e-04
2025-05-30 23:51:59,637 | INFO | Gradient norm: 0.0548
2025-05-30 23:51:59,649 | INFO | Train batch   200/10986 | ms/batch 169.10 | loss 0.8837 | bpb  1.27 | ppl     2.42 | lr 3.00e-04
2025-05-30 23:52:16,543 | INFO | Gradient norm: 0.0272
2025-05-30 23:52:16,555 | INFO | Train batch   300/10986 | ms/batch 169.09 | loss 0.8832 | bpb  1.27 | ppl     2.42 | lr 3.00e-04
2025-05-30 23:52:33,432 | INFO | Gradient norm: 0.0149
2025-05-30 23:52:33,444 | INFO | Train batch   400/10986 | ms/batch 169.04 | loss 0.8830 | bpb  1.27 | ppl     2.42 | lr 3.00e-04
2025-05-30 23:52:50,321 | INFO | Gradient norm: 0.0170
2025-05-30 23:52:50,333 | INFO | Train batch   500/10986 | ms/batch 169.01 | loss 0.8828 | bpb  1.27 | ppl     2.42 | lr 3.00e-04
2025-05-30 23:53:07,225 | INFO | Gradient norm: 0.0237
2025-05-30 23:53:07,237 | INFO | Train batch   600/10986 | ms/batch 169.01 | loss 0.8828 | bpb  1.27 | ppl     2.42 | lr 3.00e-04
2025-05-30 23:53:24,118 | INFO | Gradient norm: 0.0330
2025-05-30 23:53:24,130 | INFO | Train batch   700/10986 | ms/batch 169.00 | loss 0.8827 | bpb  1.27 | ppl     2.42 | lr 3.00e-04
2025-05-30 23:53:41,019 | INFO | Gradient norm: 0.0278
2025-05-30 23:53:41,031 | INFO | Train batch   800/10986 | ms/batch 169.00 | loss 0.8826 | bpb  1.27 | ppl     2.42 | lr 3.00e-04
2025-05-30 23:53:57,903 | INFO | Gradient norm: 0.0235
2025-05-30 23:53:57,916 | INFO | Train batch   900/10986 | ms/batch 168.99 | loss 0.8826 | bpb  1.27 | ppl     2.42 | lr 3.00e-04
2025-05-30 23:54:14,802 | INFO | Gradient norm: 0.0308
2025-05-30 23:54:14,815 | INFO | Train batch  1000/10986 | ms/batch 168.99 | loss 0.8825 | bpb  1.27 | ppl     2.42 | lr 3.00e-04
2025-05-30 23:54:31,694 | INFO | Gradient norm: 0.0343
2025-05-30 23:54:31,707 | INFO | Train batch  1100/10986 | ms/batch 168.98 | loss 0.8825 | bpb  1.27 | ppl     2.42 | lr 3.00e-04
2025-05-30 23:54:48,596 | INFO | Gradient norm: 0.0235
2025-05-30 23:54:48,609 | INFO | Train batch  1200/10986 | ms/batch 168.98 | loss 0.8825 | bpb  1.27 | ppl     2.42 | lr 3.00e-04
2025-05-30 23:55:05,484 | INFO | Gradient norm: 0.0410
2025-05-30 23:55:05,496 | INFO | Train batch  1300/10986 | ms/batch 168.97 | loss 0.8824 | bpb  1.27 | ppl     2.42 | lr 3.00e-04
2025-05-30 23:55:22,381 | INFO | Gradient norm: 0.0401
2025-05-30 23:55:22,393 | INFO | Train batch  1400/10986 | ms/batch 168.97 | loss 0.8824 | bpb  1.27 | ppl     2.42 | lr 3.00e-04
2025-05-30 23:55:39,284 | INFO | Gradient norm: 0.0175
2025-05-30 23:55:39,296 | INFO | Train batch  1500/10986 | ms/batch 168.98 | loss 0.8824 | bpb  1.27 | ppl     2.42 | lr 3.00e-04
2025-05-30 23:55:56,192 | INFO | Gradient norm: 0.0354
2025-05-30 23:55:56,204 | INFO | Train batch  1600/10986 | ms/batch 168.98 | loss 0.8824 | bpb  1.27 | ppl     2.42 | lr 3.00e-04
2025-05-30 23:56:13,078 | INFO | Gradient norm: 0.0439
2025-05-30 23:56:13,091 | INFO | Train batch  1700/10986 | ms/batch 168.98 | loss 0.8824 | bpb  1.27 | ppl     2.42 | lr 3.00e-04
2025-05-30 23:56:29,970 | INFO | Gradient norm: 0.0152
2025-05-30 23:56:29,982 | INFO | Train batch  1800/10986 | ms/batch 168.97 | loss 0.8824 | bpb  1.27 | ppl     2.42 | lr 3.00e-04
2025-05-30 23:56:46,876 | INFO | Gradient norm: 0.0260
2025-05-30 23:56:46,888 | INFO | Train batch  1900/10986 | ms/batch 168.98 | loss 0.8824 | bpb  1.27 | ppl     2.42 | lr 3.00e-04
2025-05-30 23:57:03,779 | INFO | Gradient norm: 0.0376
2025-05-30 23:57:03,792 | INFO | Train batch  2000/10986 | ms/batch 168.98 | loss 0.8824 | bpb  1.27 | ppl     2.42 | lr 3.00e-04
2025-05-30 23:57:20,667 | INFO | Gradient norm: 0.0467
2025-05-30 23:57:20,679 | INFO | Train batch  2100/10986 | ms/batch 168.98 | loss 0.8824 | bpb  1.27 | ppl     2.42 | lr 3.00e-04
2025-05-30 23:57:37,554 | INFO | Gradient norm: 0.0264
2025-05-30 23:57:37,567 | INFO | Train batch  2200/10986 | ms/batch 168.97 | loss 0.8823 | bpb  1.27 | ppl     2.42 | lr 3.00e-04
2025-05-30 23:57:54,460 | INFO | Gradient norm: 0.0369
2025-05-30 23:57:54,472 | INFO | Train batch  2300/10986 | ms/batch 168.98 | loss 0.8823 | bpb  1.27 | ppl     2.42 | lr 3.00e-04
2025-05-30 23:58:11,357 | INFO | Gradient norm: 0.0415
2025-05-30 23:58:11,369 | INFO | Train batch  2400/10986 | ms/batch 168.98 | loss 0.8823 | bpb  1.27 | ppl     2.42 | lr 3.00e-04
2025-05-30 23:58:28,257 | INFO | Gradient norm: 0.0330
2025-05-30 23:58:28,269 | INFO | Train batch  2500/10986 | ms/batch 168.98 | loss 0.8823 | bpb  1.27 | ppl     2.42 | lr 3.00e-04
2025-05-30 23:58:45,145 | INFO | Gradient norm: 0.0313
2025-05-30 23:58:45,157 | INFO | Train batch  2600/10986 | ms/batch 168.97 | loss 0.8823 | bpb  1.27 | ppl     2.42 | lr 3.00e-04
2025-05-30 23:59:02,051 | INFO | Gradient norm: 0.0137
2025-05-30 23:59:02,063 | INFO | Train batch  2700/10986 | ms/batch 168.98 | loss 0.8823 | bpb  1.27 | ppl     2.42 | lr 3.00e-04
2025-05-30 23:59:18,944 | INFO | Gradient norm: 0.0285
2025-05-30 23:59:18,956 | INFO | Train batch  2800/10986 | ms/batch 168.97 | loss 0.8823 | bpb  1.27 | ppl     2.42 | lr 3.00e-04
2025-05-30 23:59:35,848 | INFO | Gradient norm: 0.0185
2025-05-30 23:59:35,860 | INFO | Train batch  2900/10986 | ms/batch 168.98 | loss 0.8823 | bpb  1.27 | ppl     2.42 | lr 3.00e-04
2025-05-30 23:59:52,737 | INFO | Gradient norm: 0.0157
2025-05-30 23:59:52,749 | INFO | Train batch  3000/10986 | ms/batch 168.97 | loss 0.8823 | bpb  1.27 | ppl     2.42 | lr 3.00e-04
2025-05-31 00:00:09,640 | INFO | Gradient norm: 0.0331
2025-05-31 00:00:09,652 | INFO | Train batch  3100/10986 | ms/batch 168.98 | loss 0.8822 | bpb  1.27 | ppl     2.42 | lr 3.00e-04
2025-05-31 00:00:26,535 | INFO | Gradient norm: 0.0226
2025-05-31 00:00:26,547 | INFO | Train batch  3200/10986 | ms/batch 168.97 | loss 0.8822 | bpb  1.27 | ppl     2.42 | lr 3.00e-04
2025-05-31 00:00:43,441 | INFO | Gradient norm: 0.0291
2025-05-31 00:00:43,453 | INFO | Train batch  3300/10986 | ms/batch 168.98 | loss 0.8822 | bpb  1.27 | ppl     2.42 | lr 3.00e-04
2025-05-31 00:01:00,326 | INFO | Gradient norm: 0.0238
2025-05-31 00:01:00,338 | INFO | Train batch  3400/10986 | ms/batch 168.97 | loss 0.8822 | bpb  1.27 | ppl     2.42 | lr 3.00e-04
2025-05-31 00:01:17,217 | INFO | Gradient norm: 0.0220
2025-05-31 00:01:17,230 | INFO | Train batch  3500/10986 | ms/batch 168.97 | loss 0.8822 | bpb  1.27 | ppl     2.42 | lr 3.00e-04
2025-05-31 00:01:34,115 | INFO | Gradient norm: 0.0277
2025-05-31 00:01:34,127 | INFO | Train batch  3600/10986 | ms/batch 168.97 | loss 0.8822 | bpb  1.27 | ppl     2.42 | lr 3.00e-04
2025-05-31 00:01:51,017 | INFO | Gradient norm: 0.0310
2025-05-31 00:01:51,029 | INFO | Train batch  3700/10986 | ms/batch 168.97 | loss 0.8822 | bpb  1.27 | ppl     2.42 | lr 3.00e-04
2025-05-31 00:02:07,903 | INFO | Gradient norm: 0.0120
2025-05-31 00:02:07,915 | INFO | Train batch  3800/10986 | ms/batch 168.97 | loss 0.8822 | bpb  1.27 | ppl     2.42 | lr 3.00e-04
2025-05-31 00:02:24,786 | INFO | Gradient norm: 0.0329
2025-05-31 00:02:24,798 | INFO | Train batch  3900/10986 | ms/batch 168.97 | loss 0.8822 | bpb  1.27 | ppl     2.42 | lr 3.00e-04
2025-05-31 00:02:41,686 | INFO | Gradient norm: 0.0259
2025-05-31 00:02:41,698 | INFO | Train batch  4000/10986 | ms/batch 168.97 | loss 0.8822 | bpb  1.27 | ppl     2.42 | lr 3.00e-04
2025-05-31 00:02:58,586 | INFO | Gradient norm: 0.0140
2025-05-31 00:02:58,598 | INFO | Train batch  4100/10986 | ms/batch 168.97 | loss 0.8822 | bpb  1.27 | ppl     2.42 | lr 3.00e-04
2025-05-31 00:03:15,470 | INFO | Gradient norm: 0.0403
2025-05-31 00:03:15,482 | INFO | Train batch  4200/10986 | ms/batch 168.96 | loss 0.8822 | bpb  1.27 | ppl     2.42 | lr 3.00e-04
2025-05-31 00:03:32,352 | INFO | Gradient norm: 0.0141
2025-05-31 00:03:32,365 | INFO | Train batch  4300/10986 | ms/batch 168.96 | loss 0.8822 | bpb  1.27 | ppl     2.42 | lr 3.00e-04
2025-05-31 00:03:49,252 | INFO | Gradient norm: 0.0112
2025-05-31 00:03:49,264 | INFO | Train batch  4400/10986 | ms/batch 168.96 | loss 0.8822 | bpb  1.27 | ppl     2.42 | lr 3.00e-04
2025-05-31 00:04:06,152 | INFO | Gradient norm: 0.0235
2025-05-31 00:04:06,164 | INFO | Train batch  4500/10986 | ms/batch 168.96 | loss 0.8822 | bpb  1.27 | ppl     2.42 | lr 3.00e-04
2025-05-31 00:04:23,035 | INFO | Gradient norm: 0.0196
2025-05-31 00:04:23,047 | INFO | Train batch  4600/10986 | ms/batch 168.96 | loss 0.8822 | bpb  1.27 | ppl     2.42 | lr 3.00e-04
2025-05-31 00:04:39,917 | INFO | Gradient norm: 0.0118
2025-05-31 00:04:39,929 | INFO | Train batch  4700/10986 | ms/batch 168.96 | loss 0.8822 | bpb  1.27 | ppl     2.42 | lr 3.00e-04
2025-05-31 00:04:56,809 | INFO | Gradient norm: 0.0337
2025-05-31 00:04:56,821 | INFO | Train batch  4800/10986 | ms/batch 168.96 | loss 0.8822 | bpb  1.27 | ppl     2.42 | lr 3.00e-04
2025-05-31 00:05:13,698 | INFO | Gradient norm: 0.0171
2025-05-31 00:05:13,710 | INFO | Train batch  4900/10986 | ms/batch 168.96 | loss 0.8822 | bpb  1.27 | ppl     2.42 | lr 3.00e-04
2025-05-31 00:05:30,597 | INFO | Gradient norm: 0.0146
2025-05-31 00:05:30,610 | INFO | Train batch  5000/10986 | ms/batch 168.96 | loss 0.8821 | bpb  1.27 | ppl     2.42 | lr 3.00e-04
2025-05-31 00:05:47,480 | INFO | Gradient norm: 0.0161
2025-05-31 00:05:47,493 | INFO | Train batch  5100/10986 | ms/batch 168.95 | loss 0.8821 | bpb  1.27 | ppl     2.42 | lr 3.00e-04
2025-05-31 00:06:04,369 | INFO | Gradient norm: 0.0219
2025-05-31 00:06:04,381 | INFO | Train batch  5200/10986 | ms/batch 168.95 | loss 0.8821 | bpb  1.27 | ppl     2.42 | lr 3.00e-04
2025-05-31 00:06:21,265 | INFO | Gradient norm: 0.0399
2025-05-31 00:06:21,277 | INFO | Train batch  5300/10986 | ms/batch 168.95 | loss 0.8821 | bpb  1.27 | ppl     2.42 | lr 3.00e-04
2025-05-31 00:06:38,166 | INFO | Gradient norm: 0.0523
2025-05-31 00:06:38,178 | INFO | Train batch  5400/10986 | ms/batch 168.95 | loss 0.8821 | bpb  1.27 | ppl     2.42 | lr 3.00e-04
2025-05-31 00:06:55,047 | INFO | Gradient norm: 0.0156
2025-05-31 00:06:55,059 | INFO | Train batch  5500/10986 | ms/batch 168.95 | loss 0.8821 | bpb  1.27 | ppl     2.42 | lr 2.99e-04
2025-05-31 00:07:11,929 | INFO | Gradient norm: 0.0150
2025-05-31 00:07:11,942 | INFO | Train batch  5600/10986 | ms/batch 168.95 | loss 0.8821 | bpb  1.27 | ppl     2.42 | lr 2.99e-04
2025-05-31 00:07:28,828 | INFO | Gradient norm: 0.0302
2025-05-31 00:07:28,840 | INFO | Train batch  5700/10986 | ms/batch 168.95 | loss 0.8821 | bpb  1.27 | ppl     2.42 | lr 2.99e-04
2025-05-31 00:07:45,731 | INFO | Gradient norm: 0.0516
2025-05-31 00:07:45,743 | INFO | Train batch  5800/10986 | ms/batch 168.95 | loss 0.8821 | bpb  1.27 | ppl     2.42 | lr 2.99e-04
2025-05-31 00:08:02,617 | INFO | Gradient norm: 0.0127
2025-05-31 00:08:02,629 | INFO | Train batch  5900/10986 | ms/batch 168.95 | loss 0.8821 | bpb  1.27 | ppl     2.42 | lr 2.99e-04
2025-05-31 00:08:19,501 | INFO | Gradient norm: 0.0168
2025-05-31 00:08:19,513 | INFO | Train batch  6000/10986 | ms/batch 168.95 | loss 0.8821 | bpb  1.27 | ppl     2.42 | lr 2.99e-04
2025-05-31 00:08:36,401 | INFO | Gradient norm: 0.0176
2025-05-31 00:08:36,413 | INFO | Train batch  6100/10986 | ms/batch 168.95 | loss 0.8821 | bpb  1.27 | ppl     2.42 | lr 2.99e-04
2025-05-31 00:08:53,303 | INFO | Gradient norm: 0.0303
2025-05-31 00:08:53,315 | INFO | Train batch  6200/10986 | ms/batch 168.95 | loss 0.8820 | bpb  1.27 | ppl     2.42 | lr 2.99e-04
2025-05-31 00:09:10,186 | INFO | Gradient norm: 0.0228
2025-05-31 00:09:10,199 | INFO | Train batch  6300/10986 | ms/batch 168.95 | loss 0.8820 | bpb  1.27 | ppl     2.42 | lr 2.99e-04
2025-05-31 00:09:27,070 | INFO | Gradient norm: 0.0155
2025-05-31 00:09:27,083 | INFO | Train batch  6400/10986 | ms/batch 168.95 | loss 0.8820 | bpb  1.27 | ppl     2.42 | lr 2.99e-04
2025-05-31 00:09:43,970 | INFO | Gradient norm: 0.0364
2025-05-31 00:09:43,983 | INFO | Train batch  6500/10986 | ms/batch 168.95 | loss 0.8820 | bpb  1.27 | ppl     2.42 | lr 2.99e-04
2025-05-31 00:10:00,873 | INFO | Gradient norm: 0.0318
2025-05-31 00:10:00,886 | INFO | Train batch  6600/10986 | ms/batch 168.95 | loss 0.8820 | bpb  1.27 | ppl     2.42 | lr 2.99e-04
2025-05-31 00:10:17,765 | INFO | Gradient norm: 0.0299
2025-05-31 00:10:17,778 | INFO | Train batch  6700/10986 | ms/batch 168.95 | loss 0.8820 | bpb  1.27 | ppl     2.42 | lr 2.99e-04
2025-05-31 00:10:34,649 | INFO | Gradient norm: 0.0136
2025-05-31 00:10:34,661 | INFO | Train batch  6800/10986 | ms/batch 168.95 | loss 0.8820 | bpb  1.27 | ppl     2.42 | lr 2.99e-04
2025-05-31 00:10:51,544 | INFO | Gradient norm: 0.0116
2025-05-31 00:10:51,556 | INFO | Train batch  6900/10986 | ms/batch 168.95 | loss 0.8820 | bpb  1.27 | ppl     2.42 | lr 2.99e-04
2025-05-31 00:11:08,439 | INFO | Gradient norm: 0.0127
2025-05-31 00:11:08,451 | INFO | Train batch  7000/10986 | ms/batch 168.95 | loss 0.8820 | bpb  1.27 | ppl     2.42 | lr 2.99e-04
2025-05-31 00:11:25,334 | INFO | Gradient norm: 0.0116
2025-05-31 00:11:25,346 | INFO | Train batch  7100/10986 | ms/batch 168.95 | loss 0.8820 | bpb  1.27 | ppl     2.42 | lr 2.99e-04
2025-05-31 00:11:42,219 | INFO | Gradient norm: 0.0274
2025-05-31 00:11:42,231 | INFO | Train batch  7200/10986 | ms/batch 168.94 | loss 0.8820 | bpb  1.27 | ppl     2.42 | lr 2.99e-04
2025-05-31 00:11:59,114 | INFO | Gradient norm: 0.0123
2025-05-31 00:11:59,126 | INFO | Train batch  7300/10986 | ms/batch 168.94 | loss 0.8820 | bpb  1.27 | ppl     2.42 | lr 2.99e-04
2025-05-31 00:12:16,003 | INFO | Gradient norm: 0.0159
2025-05-31 00:12:16,015 | INFO | Train batch  7400/10986 | ms/batch 168.94 | loss 0.8820 | bpb  1.27 | ppl     2.42 | lr 2.99e-04
2025-05-31 00:12:32,903 | INFO | Gradient norm: 0.0190
2025-05-31 00:12:32,915 | INFO | Train batch  7500/10986 | ms/batch 168.94 | loss 0.8820 | bpb  1.27 | ppl     2.42 | lr 2.99e-04
2025-05-31 00:12:49,788 | INFO | Gradient norm: 0.0142
2025-05-31 00:12:49,800 | INFO | Train batch  7600/10986 | ms/batch 168.94 | loss 0.8820 | bpb  1.27 | ppl     2.42 | lr 2.99e-04
2025-05-31 00:13:06,679 | INFO | Gradient norm: 0.0194
2025-05-31 00:13:06,691 | INFO | Train batch  7700/10986 | ms/batch 168.94 | loss 0.8820 | bpb  1.27 | ppl     2.42 | lr 2.99e-04
2025-05-31 00:13:23,571 | INFO | Gradient norm: 0.0232
2025-05-31 00:13:23,583 | INFO | Train batch  7800/10986 | ms/batch 168.94 | loss 0.8820 | bpb  1.27 | ppl     2.42 | lr 2.99e-04
2025-05-31 00:13:40,472 | INFO | Gradient norm: 0.0283
2025-05-31 00:13:40,484 | INFO | Train batch  7900/10986 | ms/batch 168.94 | loss 0.8820 | bpb  1.27 | ppl     2.42 | lr 2.99e-04
2025-05-31 00:13:57,356 | INFO | Gradient norm: 0.0184
2025-05-31 00:13:57,368 | INFO | Train batch  8000/10986 | ms/batch 168.94 | loss 0.8820 | bpb  1.27 | ppl     2.42 | lr 2.99e-04
2025-05-31 00:14:14,240 | INFO | Gradient norm: 0.0218
2025-05-31 00:14:14,252 | INFO | Train batch  8100/10986 | ms/batch 168.94 | loss 0.8820 | bpb  1.27 | ppl     2.42 | lr 2.99e-04
2025-05-31 00:14:31,138 | INFO | Gradient norm: 0.0169
2025-05-31 00:14:31,151 | INFO | Train batch  8200/10986 | ms/batch 168.94 | loss 0.8820 | bpb  1.27 | ppl     2.42 | lr 2.99e-04
2025-05-31 00:14:48,041 | INFO | Gradient norm: 0.0099
2025-05-31 00:14:48,053 | INFO | Train batch  8300/10986 | ms/batch 168.94 | loss 0.8819 | bpb  1.27 | ppl     2.42 | lr 2.99e-04
2025-05-31 00:15:04,930 | INFO | Gradient norm: 0.0457
2025-05-31 00:15:04,942 | INFO | Train batch  8400/10986 | ms/batch 168.94 | loss 0.8819 | bpb  1.27 | ppl     2.42 | lr 2.99e-04
2025-05-31 00:15:21,815 | INFO | Gradient norm: 0.0441
2025-05-31 00:15:21,827 | INFO | Train batch  8500/10986 | ms/batch 168.94 | loss 0.8819 | bpb  1.27 | ppl     2.42 | lr 2.99e-04
2025-05-31 00:15:38,714 | INFO | Gradient norm: 0.0282
2025-05-31 00:15:38,726 | INFO | Train batch  8600/10986 | ms/batch 168.94 | loss 0.8819 | bpb  1.27 | ppl     2.42 | lr 2.99e-04
2025-05-31 00:15:55,616 | INFO | Gradient norm: 0.0273
2025-05-31 00:15:55,628 | INFO | Train batch  8700/10986 | ms/batch 168.94 | loss 0.8819 | bpb  1.27 | ppl     2.42 | lr 2.99e-04
2025-05-31 00:16:12,501 | INFO | Gradient norm: 0.0393
2025-05-31 00:16:12,513 | INFO | Train batch  8800/10986 | ms/batch 168.94 | loss 0.8819 | bpb  1.27 | ppl     2.42 | lr 2.99e-04
2025-05-31 00:16:29,385 | INFO | Gradient norm: 0.0233
2025-05-31 00:16:29,398 | INFO | Train batch  8900/10986 | ms/batch 168.94 | loss 0.8819 | bpb  1.27 | ppl     2.42 | lr 2.99e-04
2025-05-31 00:16:46,286 | INFO | Gradient norm: 0.0151
2025-05-31 00:16:46,298 | INFO | Train batch  9000/10986 | ms/batch 168.94 | loss 0.8819 | bpb  1.27 | ppl     2.42 | lr 2.99e-04
2025-05-31 00:17:03,186 | INFO | Gradient norm: 0.0128
2025-05-31 00:17:03,199 | INFO | Train batch  9100/10986 | ms/batch 168.94 | loss 0.8819 | bpb  1.27 | ppl     2.42 | lr 2.99e-04
2025-05-31 00:17:20,073 | INFO | Gradient norm: 0.0343
2025-05-31 00:17:20,085 | INFO | Train batch  9200/10986 | ms/batch 168.94 | loss 0.8819 | bpb  1.27 | ppl     2.42 | lr 2.99e-04
2025-05-31 00:17:36,958 | INFO | Gradient norm: 0.0174
2025-05-31 00:17:36,970 | INFO | Train batch  9300/10986 | ms/batch 168.94 | loss 0.8819 | bpb  1.27 | ppl     2.42 | lr 2.99e-04
2025-05-31 00:17:53,852 | INFO | Gradient norm: 0.0163
2025-05-31 00:17:53,864 | INFO | Train batch  9400/10986 | ms/batch 168.94 | loss 0.8819 | bpb  1.27 | ppl     2.42 | lr 2.99e-04
2025-05-31 00:18:10,741 | INFO | Gradient norm: 0.0136
2025-05-31 00:18:10,753 | INFO | Train batch  9500/10986 | ms/batch 168.94 | loss 0.8819 | bpb  1.27 | ppl     2.42 | lr 2.99e-04
2025-05-31 00:18:27,644 | INFO | Gradient norm: 0.0127
2025-05-31 00:18:27,656 | INFO | Train batch  9600/10986 | ms/batch 168.94 | loss 0.8819 | bpb  1.27 | ppl     2.42 | lr 2.99e-04
2025-05-31 00:18:44,528 | INFO | Gradient norm: 0.0276
2025-05-31 00:18:44,540 | INFO | Train batch  9700/10986 | ms/batch 168.94 | loss 0.8819 | bpb  1.27 | ppl     2.42 | lr 2.99e-04
2025-05-31 00:19:01,419 | INFO | Gradient norm: 0.0354
2025-05-31 00:19:01,431 | INFO | Train batch  9800/10986 | ms/batch 168.94 | loss 0.8819 | bpb  1.27 | ppl     2.42 | lr 2.99e-04
2025-05-31 00:19:18,315 | INFO | Gradient norm: 0.0171
2025-05-31 00:19:18,327 | INFO | Train batch  9900/10986 | ms/batch 168.94 | loss 0.8819 | bpb  1.27 | ppl     2.42 | lr 2.99e-04
2025-05-31 00:19:35,217 | INFO | Gradient norm: 0.0180
2025-05-31 00:19:35,229 | INFO | Train batch 10000/10986 | ms/batch 168.94 | loss 0.8818 | bpb  1.27 | ppl     2.42 | lr 2.99e-04
2025-05-31 00:19:52,102 | INFO | Gradient norm: 0.0557
2025-05-31 00:19:52,114 | INFO | Train batch 10100/10986 | ms/batch 168.94 | loss 0.8818 | bpb  1.27 | ppl     2.42 | lr 2.99e-04
2025-05-31 00:20:08,990 | INFO | Gradient norm: 0.0145
2025-05-31 00:20:09,002 | INFO | Train batch 10200/10986 | ms/batch 168.94 | loss 0.8818 | bpb  1.27 | ppl     2.42 | lr 2.99e-04
2025-05-31 00:20:25,889 | INFO | Gradient norm: 0.0115
2025-05-31 00:20:25,901 | INFO | Train batch 10300/10986 | ms/batch 168.94 | loss 0.8818 | bpb  1.27 | ppl     2.42 | lr 2.99e-04
2025-05-31 00:20:42,791 | INFO | Gradient norm: 0.0138
2025-05-31 00:20:42,803 | INFO | Train batch 10400/10986 | ms/batch 168.94 | loss 0.8818 | bpb  1.27 | ppl     2.42 | lr 2.99e-04
2025-05-31 00:20:59,675 | INFO | Gradient norm: 0.0213
2025-05-31 00:20:59,688 | INFO | Train batch 10500/10986 | ms/batch 168.94 | loss 0.8818 | bpb  1.27 | ppl     2.42 | lr 2.99e-04
2025-05-31 00:21:16,561 | INFO | Gradient norm: 0.0278
2025-05-31 00:21:16,573 | INFO | Train batch 10600/10986 | ms/batch 168.94 | loss 0.8818 | bpb  1.27 | ppl     2.42 | lr 2.99e-04
2025-05-31 00:21:33,461 | INFO | Gradient norm: 0.0099
2025-05-31 00:21:33,473 | INFO | Train batch 10700/10986 | ms/batch 168.94 | loss 0.8818 | bpb  1.27 | ppl     2.42 | lr 2.99e-04
2025-05-31 00:21:50,364 | INFO | Gradient norm: 0.0194
2025-05-31 00:21:50,376 | INFO | Train batch 10800/10986 | ms/batch 168.94 | loss 0.8818 | bpb  1.27 | ppl     2.42 | lr 2.99e-04
2025-05-31 00:22:07,249 | INFO | Gradient norm: 0.0197
2025-05-31 00:22:07,261 | INFO | Train batch 10900/10986 | ms/batch 168.94 | loss 0.8818 | bpb  1.27 | ppl     2.42 | lr 2.99e-04
2025-05-31 00:23:32,401 | INFO | Epoch   1 | time: 1926.74s | train bpb  1.27 | valid bpb  1.28
2025-05-31 00:23:32,403 | INFO | Validation bpb did not improve by 0.0100. Patience: 1/3
2025-05-31 00:23:33,975 | INFO | Input shape: torch.Size([16, 511]), Target shape: torch.Size([16, 511])
2025-05-31 00:23:33,975 | INFO | Input range: [10, 226]
2025-05-31 00:23:33,975 | INFO | Target range: [10, 226]
2025-05-31 00:23:34,022 | INFO | Output shape: torch.Size([8176, 256]), Reshaped target shape: torch.Size([8176])
2025-05-31 00:23:34,024 | INFO | Output range: [-7.33203125, 9.046875]
2025-05-31 00:23:34,024 | INFO | Sample probabilities: max=0.9051259756088257, min=0.00024066813057288527
2025-05-31 00:23:34,025 | INFO | Raw loss value: 0.8812907338142395
2025-05-31 00:23:34,025 | INFO | Batch 0 loss stats - Mean: -0.3132, Std: 0.7256
2025-05-31 00:23:34,137 | INFO | Gradient norm: 0.0158
2025-05-31 00:23:34,149 | INFO | Train batch     0/10986 | ms/batch 175.06 | loss 0.8813 | bpb  1.27 | ppl     2.41 | lr 2.99e-04
2025-05-31 00:23:51,025 | INFO | Gradient norm: 0.0162
2025-05-31 00:23:51,038 | INFO | Train batch   100/10986 | ms/batch 168.94 | loss 0.8829 | bpb  1.27 | ppl     2.42 | lr 2.99e-04
2025-05-31 00:24:07,919 | INFO | Gradient norm: 0.0187
2025-05-31 00:24:07,931 | INFO | Train batch   200/10986 | ms/batch 168.94 | loss 0.8823 | bpb  1.27 | ppl     2.42 | lr 2.99e-04
2025-05-31 00:24:24,823 | INFO | Gradient norm: 0.0308
2025-05-31 00:24:24,835 | INFO | Train batch   300/10986 | ms/batch 168.97 | loss 0.8819 | bpb  1.27 | ppl     2.42 | lr 2.99e-04
2025-05-31 00:24:41,730 | INFO | Gradient norm: 0.0102
2025-05-31 00:24:41,742 | INFO | Train batch   400/10986 | ms/batch 169.00 | loss 0.8817 | bpb  1.27 | ppl     2.42 | lr 2.99e-04
2025-05-31 00:24:58,617 | INFO | Gradient norm: 0.0213
2025-05-31 00:24:58,629 | INFO | Train batch   500/10986 | ms/batch 168.97 | loss 0.8816 | bpb  1.27 | ppl     2.41 | lr 2.99e-04
2025-05-31 00:25:15,505 | INFO | Gradient norm: 0.0131
2025-05-31 00:25:15,518 | INFO | Train batch   600/10986 | ms/batch 168.96 | loss 0.8815 | bpb  1.27 | ppl     2.41 | lr 2.99e-04
2025-05-31 00:25:32,407 | INFO | Gradient norm: 0.0178
2025-05-31 00:25:32,419 | INFO | Train batch   700/10986 | ms/batch 168.96 | loss 0.8815 | bpb  1.27 | ppl     2.41 | lr 2.99e-04
2025-05-31 00:25:49,309 | INFO | Gradient norm: 0.0211
2025-05-31 00:25:49,321 | INFO | Train batch   800/10986 | ms/batch 168.97 | loss 0.8814 | bpb  1.27 | ppl     2.41 | lr 2.99e-04
2025-05-31 00:26:06,194 | INFO | Gradient norm: 0.0127
2025-05-31 00:26:06,206 | INFO | Train batch   900/10986 | ms/batch 168.96 | loss 0.8814 | bpb  1.27 | ppl     2.41 | lr 2.99e-04
2025-05-31 00:26:23,079 | INFO | Gradient norm: 0.0296
2025-05-31 00:26:23,091 | INFO | Train batch  1000/10986 | ms/batch 168.95 | loss 0.8814 | bpb  1.27 | ppl     2.41 | lr 2.99e-04
2025-05-31 00:26:39,974 | INFO | Gradient norm: 0.0288
2025-05-31 00:26:39,987 | INFO | Train batch  1100/10986 | ms/batch 168.95 | loss 0.8813 | bpb  1.27 | ppl     2.41 | lr 2.99e-04
2025-05-31 00:26:56,869 | INFO | Gradient norm: 0.0169
2025-05-31 00:26:56,882 | INFO | Train batch  1200/10986 | ms/batch 168.95 | loss 0.8813 | bpb  1.27 | ppl     2.41 | lr 2.99e-04
2025-05-31 00:27:13,767 | INFO | Gradient norm: 0.0268
2025-05-31 00:27:13,779 | INFO | Train batch  1300/10986 | ms/batch 168.95 | loss 0.8813 | bpb  1.27 | ppl     2.41 | lr 2.99e-04
2025-05-31 00:27:30,652 | INFO | Gradient norm: 0.0246
2025-05-31 00:27:30,664 | INFO | Train batch  1400/10986 | ms/batch 168.94 | loss 0.8813 | bpb  1.27 | ppl     2.41 | lr 2.99e-04
2025-05-31 00:27:47,541 | INFO | Gradient norm: 0.0209
2025-05-31 00:27:47,554 | INFO | Train batch  1500/10986 | ms/batch 168.94 | loss 0.8813 | bpb  1.27 | ppl     2.41 | lr 2.99e-04
2025-05-31 00:28:04,437 | INFO | Gradient norm: 0.0127
2025-05-31 00:28:04,450 | INFO | Train batch  1600/10986 | ms/batch 168.94 | loss 0.8813 | bpb  1.27 | ppl     2.41 | lr 2.99e-04
2025-05-31 00:28:21,341 | INFO | Gradient norm: 0.0221
2025-05-31 00:28:21,353 | INFO | Train batch  1700/10986 | ms/batch 168.95 | loss 0.8813 | bpb  1.27 | ppl     2.41 | lr 2.99e-04
2025-05-31 00:28:38,228 | INFO | Gradient norm: 0.0250
2025-05-31 00:28:38,240 | INFO | Train batch  1800/10986 | ms/batch 168.94 | loss 0.8813 | bpb  1.27 | ppl     2.41 | lr 2.99e-04
2025-05-31 00:28:55,121 | INFO | Gradient norm: 0.0107
2025-05-31 00:28:55,133 | INFO | Train batch  1900/10986 | ms/batch 168.94 | loss 0.8812 | bpb  1.27 | ppl     2.41 | lr 2.99e-04
2025-05-31 00:29:12,018 | INFO | Gradient norm: 0.0155
2025-05-31 00:29:12,030 | INFO | Train batch  2000/10986 | ms/batch 168.94 | loss 0.8813 | bpb  1.27 | ppl     2.41 | lr 2.99e-04
2025-05-31 00:29:28,923 | INFO | Gradient norm: 0.0108
2025-05-31 00:29:28,936 | INFO | Train batch  2100/10986 | ms/batch 168.95 | loss 0.8813 | bpb  1.27 | ppl     2.41 | lr 2.99e-04
2025-05-31 00:29:45,811 | INFO | Gradient norm: 0.0242
2025-05-31 00:29:45,824 | INFO | Train batch  2200/10986 | ms/batch 168.95 | loss 0.8813 | bpb  1.27 | ppl     2.41 | lr 2.99e-04
2025-05-31 00:30:02,704 | INFO | Gradient norm: 0.0114
2025-05-31 00:30:02,716 | INFO | Train batch  2300/10986 | ms/batch 168.94 | loss 0.8813 | bpb  1.27 | ppl     2.41 | lr 2.99e-04
2025-05-31 00:30:19,606 | INFO | Gradient norm: 0.0172
2025-05-31 00:30:19,619 | INFO | Train batch  2400/10986 | ms/batch 168.95 | loss 0.8812 | bpb  1.27 | ppl     2.41 | lr 2.99e-04
2025-05-31 00:30:36,514 | INFO | Gradient norm: 0.0201
2025-05-31 00:30:36,526 | INFO | Train batch  2500/10986 | ms/batch 168.95 | loss 0.8812 | bpb  1.27 | ppl     2.41 | lr 2.99e-04
2025-05-31 00:30:53,401 | INFO | Gradient norm: 0.0207
2025-05-31 00:30:53,413 | INFO | Train batch  2600/10986 | ms/batch 168.95 | loss 0.8812 | bpb  1.27 | ppl     2.41 | lr 2.99e-04
2025-05-31 00:31:10,289 | INFO | Gradient norm: 0.0319
2025-05-31 00:31:10,302 | INFO | Train batch  2700/10986 | ms/batch 168.95 | loss 0.8812 | bpb  1.27 | ppl     2.41 | lr 2.99e-04
2025-05-31 00:31:27,195 | INFO | Gradient norm: 0.0247
2025-05-31 00:31:27,208 | INFO | Train batch  2800/10986 | ms/batch 168.95 | loss 0.8812 | bpb  1.27 | ppl     2.41 | lr 2.99e-04
2025-05-31 00:31:44,105 | INFO | Gradient norm: 0.0175
2025-05-31 00:31:44,117 | INFO | Train batch  2900/10986 | ms/batch 168.96 | loss 0.8812 | bpb  1.27 | ppl     2.41 | lr 2.99e-04
2025-05-31 00:32:00,997 | INFO | Gradient norm: 0.0095
2025-05-31 00:32:01,009 | INFO | Train batch  3000/10986 | ms/batch 168.96 | loss 0.8812 | bpb  1.27 | ppl     2.41 | lr 2.99e-04
2025-05-31 00:32:17,887 | INFO | Gradient norm: 0.0129
2025-05-31 00:32:17,899 | INFO | Train batch  3100/10986 | ms/batch 168.95 | loss 0.8812 | bpb  1.27 | ppl     2.41 | lr 2.99e-04
2025-05-31 00:32:34,787 | INFO | Gradient norm: 0.0201
2025-05-31 00:32:34,799 | INFO | Train batch  3200/10986 | ms/batch 168.95 | loss 0.8812 | bpb  1.27 | ppl     2.41 | lr 2.99e-04
2025-05-31 00:32:51,698 | INFO | Gradient norm: 0.0146
2025-05-31 00:32:51,710 | INFO | Train batch  3300/10986 | ms/batch 168.96 | loss 0.8812 | bpb  1.27 | ppl     2.41 | lr 2.99e-04
2025-05-31 00:33:08,589 | INFO | Gradient norm: 0.0149
2025-05-31 00:33:08,601 | INFO | Train batch  3400/10986 | ms/batch 168.96 | loss 0.8812 | bpb  1.27 | ppl     2.41 | lr 2.99e-04
2025-05-31 00:33:25,479 | INFO | Gradient norm: 0.0143
2025-05-31 00:33:25,491 | INFO | Train batch  3500/10986 | ms/batch 168.96 | loss 0.8812 | bpb  1.27 | ppl     2.41 | lr 2.99e-04
2025-05-31 00:33:42,378 | INFO | Gradient norm: 0.0191
2025-05-31 00:33:42,390 | INFO | Train batch  3600/10986 | ms/batch 168.96 | loss 0.8812 | bpb  1.27 | ppl     2.41 | lr 2.99e-04
2025-05-31 00:33:59,272 | INFO | Gradient norm: 0.0148
2025-05-31 00:33:59,284 | INFO | Train batch  3700/10986 | ms/batch 168.96 | loss 0.8812 | bpb  1.27 | ppl     2.41 | lr 2.99e-04
2025-05-31 00:34:16,178 | INFO | Gradient norm: 0.0124
2025-05-31 00:34:16,190 | INFO | Train batch  3800/10986 | ms/batch 168.96 | loss 0.8812 | bpb  1.27 | ppl     2.41 | lr 2.99e-04
2025-05-31 00:34:33,067 | INFO | Gradient norm: 0.0207
2025-05-31 00:34:33,079 | INFO | Train batch  3900/10986 | ms/batch 168.96 | loss 0.8812 | bpb  1.27 | ppl     2.41 | lr 2.99e-04
2025-05-31 00:34:49,958 | INFO | Gradient norm: 0.0111
2025-05-31 00:34:49,970 | INFO | Train batch  4000/10986 | ms/batch 168.96 | loss 0.8811 | bpb  1.27 | ppl     2.41 | lr 2.99e-04
2025-05-31 00:35:06,856 | INFO | Gradient norm: 0.0237
2025-05-31 00:35:06,868 | INFO | Train batch  4100/10986 | ms/batch 168.96 | loss 0.8811 | bpb  1.27 | ppl     2.41 | lr 2.99e-04
2025-05-31 00:35:23,762 | INFO | Gradient norm: 0.0546
2025-05-31 00:35:23,774 | INFO | Train batch  4200/10986 | ms/batch 168.96 | loss 0.8811 | bpb  1.27 | ppl     2.41 | lr 2.99e-04
2025-05-31 00:35:40,651 | INFO | Gradient norm: 0.0114
2025-05-31 00:35:40,663 | INFO | Train batch  4300/10986 | ms/batch 168.96 | loss 0.8811 | bpb  1.27 | ppl     2.41 | lr 2.99e-04
2025-05-31 00:35:57,540 | INFO | Gradient norm: 0.0100
2025-05-31 00:35:57,553 | INFO | Train batch  4400/10986 | ms/batch 168.96 | loss 0.8811 | bpb  1.27 | ppl     2.41 | lr 2.99e-04
2025-05-31 00:36:14,438 | INFO | Gradient norm: 0.0107
2025-05-31 00:36:14,450 | INFO | Train batch  4500/10986 | ms/batch 168.96 | loss 0.8811 | bpb  1.27 | ppl     2.41 | lr 2.99e-04
2025-05-31 00:36:31,343 | INFO | Gradient norm: 0.0247
2025-05-31 00:36:31,355 | INFO | Train batch  4600/10986 | ms/batch 168.96 | loss 0.8811 | bpb  1.27 | ppl     2.41 | lr 2.99e-04
2025-05-31 00:36:48,231 | INFO | Gradient norm: 0.0121
2025-05-31 00:36:48,243 | INFO | Train batch  4700/10986 | ms/batch 168.96 | loss 0.8811 | bpb  1.27 | ppl     2.41 | lr 2.99e-04
2025-05-31 00:37:05,119 | INFO | Gradient norm: 0.0159
2025-05-31 00:37:05,132 | INFO | Train batch  4800/10986 | ms/batch 168.96 | loss 0.8811 | bpb  1.27 | ppl     2.41 | lr 2.99e-04
2025-05-31 00:37:22,017 | INFO | Gradient norm: 0.0266
2025-05-31 00:37:22,030 | INFO | Train batch  4900/10986 | ms/batch 168.96 | loss 0.8811 | bpb  1.27 | ppl     2.41 | lr 2.99e-04
2025-05-31 00:37:38,922 | INFO | Gradient norm: 0.0112
2025-05-31 00:37:38,934 | INFO | Train batch  5000/10986 | ms/batch 168.96 | loss 0.8811 | bpb  1.27 | ppl     2.41 | lr 2.99e-04
2025-05-31 00:37:55,811 | INFO | Gradient norm: 0.0189
2025-05-31 00:37:55,823 | INFO | Train batch  5100/10986 | ms/batch 168.96 | loss 0.8811 | bpb  1.27 | ppl     2.41 | lr 2.99e-04
2025-05-31 00:38:12,700 | INFO | Gradient norm: 0.0150
2025-05-31 00:38:12,712 | INFO | Train batch  5200/10986 | ms/batch 168.96 | loss 0.8811 | bpb  1.27 | ppl     2.41 | lr 2.98e-04
2025-05-31 00:38:29,597 | INFO | Gradient norm: 0.0087
2025-05-31 00:38:29,610 | INFO | Train batch  5300/10986 | ms/batch 168.96 | loss 0.8811 | bpb  1.27 | ppl     2.41 | lr 2.98e-04
2025-05-31 00:38:46,502 | INFO | Gradient norm: 0.0088
2025-05-31 00:38:46,514 | INFO | Train batch  5400/10986 | ms/batch 168.96 | loss 0.8811 | bpb  1.27 | ppl     2.41 | lr 2.98e-04
2025-05-31 00:39:03,389 | INFO | Gradient norm: 0.0349
2025-05-31 00:39:03,401 | INFO | Train batch  5500/10986 | ms/batch 168.96 | loss 0.8811 | bpb  1.27 | ppl     2.41 | lr 2.98e-04
2025-05-31 00:39:20,275 | INFO | Gradient norm: 0.0121
2025-05-31 00:39:20,287 | INFO | Train batch  5600/10986 | ms/batch 168.95 | loss 0.8811 | bpb  1.27 | ppl     2.41 | lr 2.98e-04
2025-05-31 00:39:37,167 | INFO | Gradient norm: 0.0127
2025-05-31 00:39:37,180 | INFO | Train batch  5700/10986 | ms/batch 168.95 | loss 0.8811 | bpb  1.27 | ppl     2.41 | lr 2.98e-04
2025-05-31 00:39:54,068 | INFO | Gradient norm: 0.0109
2025-05-31 00:39:54,080 | INFO | Train batch  5800/10986 | ms/batch 168.95 | loss 0.8811 | bpb  1.27 | ppl     2.41 | lr 2.98e-04
2025-05-31 00:40:10,972 | INFO | Gradient norm: 0.0177
2025-05-31 00:40:10,984 | INFO | Train batch  5900/10986 | ms/batch 168.96 | loss 0.8811 | bpb  1.27 | ppl     2.41 | lr 2.98e-04
2025-05-31 00:40:27,860 | INFO | Gradient norm: 0.0207
2025-05-31 00:40:27,872 | INFO | Train batch  6000/10986 | ms/batch 168.95 | loss 0.8811 | bpb  1.27 | ppl     2.41 | lr 2.98e-04
2025-05-31 00:40:44,747 | INFO | Gradient norm: 0.0167
2025-05-31 00:40:44,759 | INFO | Train batch  6100/10986 | ms/batch 168.95 | loss 0.8810 | bpb  1.27 | ppl     2.41 | lr 2.98e-04
2025-05-31 00:41:01,643 | INFO | Gradient norm: 0.0278
2025-05-31 00:41:01,655 | INFO | Train batch  6200/10986 | ms/batch 168.95 | loss 0.8810 | bpb  1.27 | ppl     2.41 | lr 2.98e-04
2025-05-31 00:41:18,550 | INFO | Gradient norm: 0.0235
2025-05-31 00:41:18,562 | INFO | Train batch  6300/10986 | ms/batch 168.96 | loss 0.8810 | bpb  1.27 | ppl     2.41 | lr 2.98e-04
2025-05-31 00:41:35,438 | INFO | Gradient norm: 0.0132
2025-05-31 00:41:35,450 | INFO | Train batch  6400/10986 | ms/batch 168.95 | loss 0.8810 | bpb  1.27 | ppl     2.41 | lr 2.98e-04
2025-05-31 00:41:52,326 | INFO | Gradient norm: 0.0098
2025-05-31 00:41:52,338 | INFO | Train batch  6500/10986 | ms/batch 168.95 | loss 0.8810 | bpb  1.27 | ppl     2.41 | lr 2.98e-04
2025-05-31 00:42:09,223 | INFO | Gradient norm: 0.0156
2025-05-31 00:42:09,235 | INFO | Train batch  6600/10986 | ms/batch 168.95 | loss 0.8810 | bpb  1.27 | ppl     2.41 | lr 2.98e-04
2025-05-31 00:42:26,128 | INFO | Gradient norm: 0.0379
2025-05-31 00:42:26,140 | INFO | Train batch  6700/10986 | ms/batch 168.95 | loss 0.8810 | bpb  1.27 | ppl     2.41 | lr 2.98e-04
2025-05-31 00:42:43,014 | INFO | Gradient norm: 0.0108
2025-05-31 00:42:43,026 | INFO | Train batch  6800/10986 | ms/batch 168.95 | loss 0.8810 | bpb  1.27 | ppl     2.41 | lr 2.98e-04
2025-05-31 00:42:59,901 | INFO | Gradient norm: 0.0471
2025-05-31 00:42:59,914 | INFO | Train batch  6900/10986 | ms/batch 168.95 | loss 0.8810 | bpb  1.27 | ppl     2.41 | lr 2.98e-04
2025-05-31 00:43:16,798 | INFO | Gradient norm: 0.0114
2025-05-31 00:43:16,810 | INFO | Train batch  7000/10986 | ms/batch 168.95 | loss 0.8810 | bpb  1.27 | ppl     2.41 | lr 2.98e-04
2025-05-31 00:43:33,702 | INFO | Gradient norm: 0.0276
2025-05-31 00:43:33,714 | INFO | Train batch  7100/10986 | ms/batch 168.95 | loss 0.8810 | bpb  1.27 | ppl     2.41 | lr 2.98e-04
2025-05-31 00:43:50,588 | INFO | Gradient norm: 0.0106
2025-05-31 00:43:50,600 | INFO | Train batch  7200/10986 | ms/batch 168.95 | loss 0.8810 | bpb  1.27 | ppl     2.41 | lr 2.98e-04
2025-05-31 00:44:07,479 | INFO | Gradient norm: 0.0104
2025-05-31 00:44:07,491 | INFO | Train batch  7300/10986 | ms/batch 168.95 | loss 0.8810 | bpb  1.27 | ppl     2.41 | lr 2.98e-04
2025-05-31 00:44:24,376 | INFO | Gradient norm: 0.0143
2025-05-31 00:44:24,388 | INFO | Train batch  7400/10986 | ms/batch 168.95 | loss 0.8810 | bpb  1.27 | ppl     2.41 | lr 2.98e-04
2025-05-31 00:44:41,281 | INFO | Gradient norm: 0.0118
2025-05-31 00:44:41,293 | INFO | Train batch  7500/10986 | ms/batch 168.95 | loss 0.8810 | bpb  1.27 | ppl     2.41 | lr 2.98e-04
2025-05-31 00:44:58,169 | INFO | Gradient norm: 0.0098
2025-05-31 00:44:58,181 | INFO | Train batch  7600/10986 | ms/batch 168.95 | loss 0.8810 | bpb  1.27 | ppl     2.41 | lr 2.98e-04
2025-05-31 00:45:15,062 | INFO | Gradient norm: 0.0206
2025-05-31 00:45:15,074 | INFO | Train batch  7700/10986 | ms/batch 168.95 | loss 0.8810 | bpb  1.27 | ppl     2.41 | lr 2.98e-04
2025-05-31 00:45:31,954 | INFO | Gradient norm: 0.0088
2025-05-31 00:45:31,966 | INFO | Train batch  7800/10986 | ms/batch 168.95 | loss 0.8810 | bpb  1.27 | ppl     2.41 | lr 2.98e-04
2025-05-31 00:45:48,862 | INFO | Gradient norm: 0.0333
2025-05-31 00:45:48,874 | INFO | Train batch  7900/10986 | ms/batch 168.95 | loss 0.8810 | bpb  1.27 | ppl     2.41 | lr 2.98e-04
2025-05-31 00:46:05,750 | INFO | Gradient norm: 0.0156
2025-05-31 00:46:05,762 | INFO | Train batch  8000/10986 | ms/batch 168.95 | loss 0.8810 | bpb  1.27 | ppl     2.41 | lr 2.98e-04
2025-05-31 00:46:22,636 | INFO | Gradient norm: 0.0098
2025-05-31 00:46:22,648 | INFO | Train batch  8100/10986 | ms/batch 168.95 | loss 0.8810 | bpb  1.27 | ppl     2.41 | lr 2.98e-04
2025-05-31 00:46:39,527 | INFO | Gradient norm: 0.0100
2025-05-31 00:46:39,539 | INFO | Train batch  8200/10986 | ms/batch 168.95 | loss 0.8810 | bpb  1.27 | ppl     2.41 | lr 2.98e-04
2025-05-31 00:46:56,419 | INFO | Gradient norm: 0.0118
2025-05-31 00:46:56,431 | INFO | Train batch  8300/10986 | ms/batch 168.95 | loss 0.8810 | bpb  1.27 | ppl     2.41 | lr 2.98e-04
2025-05-31 00:47:13,321 | INFO | Gradient norm: 0.0179
2025-05-31 00:47:13,333 | INFO | Train batch  8400/10986 | ms/batch 168.95 | loss 0.8810 | bpb  1.27 | ppl     2.41 | lr 2.98e-04
2025-05-31 00:47:30,209 | INFO | Gradient norm: 0.0101
2025-05-31 00:47:30,221 | INFO | Train batch  8500/10986 | ms/batch 168.95 | loss 0.8810 | bpb  1.27 | ppl     2.41 | lr 2.98e-04
2025-05-31 00:47:47,098 | INFO | Gradient norm: 0.0134
2025-05-31 00:47:47,110 | INFO | Train batch  8600/10986 | ms/batch 168.95 | loss 0.8810 | bpb  1.27 | ppl     2.41 | lr 2.98e-04
2025-05-31 00:48:03,996 | INFO | Gradient norm: 0.0352
2025-05-31 00:48:04,008 | INFO | Train batch  8700/10986 | ms/batch 168.95 | loss 0.8810 | bpb  1.27 | ppl     2.41 | lr 2.98e-04
2025-05-31 00:48:20,903 | INFO | Gradient norm: 0.0101
2025-05-31 00:48:20,916 | INFO | Train batch  8800/10986 | ms/batch 168.95 | loss 0.8810 | bpb  1.27 | ppl     2.41 | lr 2.98e-04
2025-05-31 00:48:37,792 | INFO | Gradient norm: 0.0107
2025-05-31 00:48:37,804 | INFO | Train batch  8900/10986 | ms/batch 168.95 | loss 0.8810 | bpb  1.27 | ppl     2.41 | lr 2.98e-04
2025-05-31 00:48:54,681 | INFO | Gradient norm: 0.0200
2025-05-31 00:48:54,693 | INFO | Train batch  9000/10986 | ms/batch 168.95 | loss 0.8810 | bpb  1.27 | ppl     2.41 | lr 2.98e-04
2025-05-31 00:49:11,579 | INFO | Gradient norm: 0.0169
2025-05-31 00:49:11,591 | INFO | Train batch  9100/10986 | ms/batch 168.95 | loss 0.8810 | bpb  1.27 | ppl     2.41 | lr 2.98e-04
2025-05-31 00:49:28,487 | INFO | Gradient norm: 0.0290
2025-05-31 00:49:28,499 | INFO | Train batch  9200/10986 | ms/batch 168.95 | loss 0.8810 | bpb  1.27 | ppl     2.41 | lr 2.98e-04
2025-05-31 00:49:45,376 | INFO | Gradient norm: 0.0121
2025-05-31 00:49:45,388 | INFO | Train batch  9300/10986 | ms/batch 168.95 | loss 0.8809 | bpb  1.27 | ppl     2.41 | lr 2.98e-04
2025-05-31 00:50:02,269 | INFO | Gradient norm: 0.0115
2025-05-31 00:50:02,281 | INFO | Train batch  9400/10986 | ms/batch 168.95 | loss 0.8809 | bpb  1.27 | ppl     2.41 | lr 2.98e-04
2025-05-31 00:50:19,167 | INFO | Gradient norm: 0.0135
2025-05-31 00:50:19,179 | INFO | Train batch  9500/10986 | ms/batch 168.95 | loss 0.8809 | bpb  1.27 | ppl     2.41 | lr 2.98e-04
2025-05-31 00:50:36,076 | INFO | Gradient norm: 0.0082
2025-05-31 00:50:36,088 | INFO | Train batch  9600/10986 | ms/batch 168.95 | loss 0.8809 | bpb  1.27 | ppl     2.41 | lr 2.98e-04
2025-05-31 00:50:52,967 | INFO | Gradient norm: 0.0162
2025-05-31 00:50:52,979 | INFO | Train batch  9700/10986 | ms/batch 168.95 | loss 0.8809 | bpb  1.27 | ppl     2.41 | lr 2.98e-04
2025-05-31 00:51:09,855 | INFO | Gradient norm: 0.0093
2025-05-31 00:51:09,868 | INFO | Train batch  9800/10986 | ms/batch 168.95 | loss 0.8809 | bpb  1.27 | ppl     2.41 | lr 2.98e-04
2025-05-31 00:51:26,752 | INFO | Gradient norm: 0.0253
2025-05-31 00:51:26,764 | INFO | Train batch  9900/10986 | ms/batch 168.95 | loss 0.8809 | bpb  1.27 | ppl     2.41 | lr 2.98e-04
2025-05-31 00:51:43,658 | INFO | Gradient norm: 0.0105
2025-05-31 00:51:43,670 | INFO | Train batch 10000/10986 | ms/batch 168.95 | loss 0.8809 | bpb  1.27 | ppl     2.41 | lr 2.98e-04
2025-05-31 00:52:00,550 | INFO | Gradient norm: 0.0112
2025-05-31 00:52:00,562 | INFO | Train batch 10100/10986 | ms/batch 168.95 | loss 0.8809 | bpb  1.27 | ppl     2.41 | lr 2.98e-04
2025-05-31 00:52:17,440 | INFO | Gradient norm: 0.0100
2025-05-31 00:52:17,452 | INFO | Train batch 10200/10986 | ms/batch 168.95 | loss 0.8809 | bpb  1.27 | ppl     2.41 | lr 2.98e-04
2025-05-31 00:52:34,332 | INFO | Gradient norm: 0.0137
2025-05-31 00:52:34,344 | INFO | Train batch 10300/10986 | ms/batch 168.95 | loss 0.8809 | bpb  1.27 | ppl     2.41 | lr 2.98e-04
2025-05-31 00:52:51,228 | INFO | Gradient norm: 0.0108
2025-05-31 00:52:51,240 | INFO | Train batch 10400/10986 | ms/batch 168.95 | loss 0.8809 | bpb  1.27 | ppl     2.41 | lr 2.98e-04
2025-05-31 00:53:08,131 | INFO | Gradient norm: 0.0107
2025-05-31 00:53:08,143 | INFO | Train batch 10500/10986 | ms/batch 168.95 | loss 0.8809 | bpb  1.27 | ppl     2.41 | lr 2.98e-04
2025-05-31 00:53:25,020 | INFO | Gradient norm: 0.0102
2025-05-31 00:53:25,032 | INFO | Train batch 10600/10986 | ms/batch 168.95 | loss 0.8809 | bpb  1.27 | ppl     2.41 | lr 2.98e-04
2025-05-31 00:53:41,910 | INFO | Gradient norm: 0.0094
2025-05-31 00:53:41,922 | INFO | Train batch 10700/10986 | ms/batch 168.95 | loss 0.8809 | bpb  1.27 | ppl     2.41 | lr 2.98e-04
2025-05-31 00:53:58,811 | INFO | Gradient norm: 0.0179
2025-05-31 00:53:58,823 | INFO | Train batch 10800/10986 | ms/batch 168.95 | loss 0.8809 | bpb  1.27 | ppl     2.41 | lr 2.98e-04
2025-05-31 00:54:15,717 | INFO | Gradient norm: 0.0110
2025-05-31 00:54:15,729 | INFO | Train batch 10900/10986 | ms/batch 168.95 | loss 0.8809 | bpb  1.27 | ppl     2.41 | lr 2.98e-04
2025-05-31 00:55:40,852 | INFO | Epoch   2 | time: 1926.88s | train bpb  1.27 | valid bpb  1.28
2025-05-31 00:55:40,854 | INFO | Validation bpb did not improve by 0.0100. Patience: 2/3
2025-05-31 00:55:44,233 | INFO | Input shape: torch.Size([16, 511]), Target shape: torch.Size([16, 511])
2025-05-31 00:55:44,233 | INFO | Input range: [10, 226]
2025-05-31 00:55:44,233 | INFO | Target range: [10, 226]
2025-05-31 00:55:44,289 | INFO | Output shape: torch.Size([8176, 256]), Reshaped target shape: torch.Size([8176])
2025-05-31 00:55:44,291 | INFO | Output range: [-7.25, 9.8828125]
2025-05-31 00:55:44,291 | INFO | Sample probabilities: max=0.9101401567459106, min=0.00025822673342190683
2025-05-31 00:55:44,292 | INFO | Raw loss value: 0.880420446395874
2025-05-31 00:55:44,292 | INFO | Batch 0 loss stats - Mean: -0.3259, Std: 0.8940
2025-05-31 00:55:44,412 | INFO | Gradient norm: 0.0087
2025-05-31 00:55:44,424 | INFO | Train batch     0/10986 | ms/batch 191.44 | loss 0.8804 | bpb  1.27 | ppl     2.41 | lr 2.98e-04
2025-05-31 00:56:01,295 | INFO | Gradient norm: 0.0099
2025-05-31 00:56:01,307 | INFO | Train batch   100/10986 | ms/batch 169.05 | loss 0.8820 | bpb  1.27 | ppl     2.42 | lr 2.98e-04
2025-05-31 00:56:18,178 | INFO | Gradient norm: 0.0100
2025-05-31 00:56:18,190 | INFO | Train batch   200/10986 | ms/batch 168.94 | loss 0.8815 | bpb  1.27 | ppl     2.41 | lr 2.98e-04
2025-05-31 00:56:35,069 | INFO | Gradient norm: 0.0086
2025-05-31 00:56:35,081 | INFO | Train batch   300/10986 | ms/batch 168.93 | loss 0.8811 | bpb  1.27 | ppl     2.41 | lr 2.98e-04
2025-05-31 00:56:51,967 | INFO | Gradient norm: 0.0143
2025-05-31 00:56:51,979 | INFO | Train batch   400/10986 | ms/batch 168.94 | loss 0.8810 | bpb  1.27 | ppl     2.41 | lr 2.98e-04
2025-05-31 00:57:08,849 | INFO | Gradient norm: 0.0099
2025-05-31 00:57:08,861 | INFO | Train batch   500/10986 | ms/batch 168.92 | loss 0.8809 | bpb  1.27 | ppl     2.41 | lr 2.98e-04
2025-05-31 00:57:25,732 | INFO | Gradient norm: 0.0131
2025-05-31 00:57:25,744 | INFO | Train batch   600/10986 | ms/batch 168.90 | loss 0.8808 | bpb  1.27 | ppl     2.41 | lr 2.98e-04
2025-05-31 00:57:42,622 | INFO | Gradient norm: 0.0121
2025-05-31 00:57:42,634 | INFO | Train batch   700/10986 | ms/batch 168.90 | loss 0.8808 | bpb  1.27 | ppl     2.41 | lr 2.98e-04
2025-05-31 00:57:59,511 | INFO | Gradient norm: 0.0091
2025-05-31 00:57:59,523 | INFO | Train batch   800/10986 | ms/batch 168.90 | loss 0.8808 | bpb  1.27 | ppl     2.41 | lr 2.98e-04
2025-05-31 00:58:16,403 | INFO | Gradient norm: 0.0114
2025-05-31 00:58:16,415 | INFO | Train batch   900/10986 | ms/batch 168.90 | loss 0.8807 | bpb  1.27 | ppl     2.41 | lr 2.98e-04
2025-05-31 00:58:33,285 | INFO | Gradient norm: 0.0251
2025-05-31 00:58:33,297 | INFO | Train batch  1000/10986 | ms/batch 168.90 | loss 0.8807 | bpb  1.27 | ppl     2.41 | lr 2.98e-04
2025-05-31 00:58:50,171 | INFO | Gradient norm: 0.0081
2025-05-31 00:58:50,183 | INFO | Train batch  1100/10986 | ms/batch 168.89 | loss 0.8807 | bpb  1.27 | ppl     2.41 | lr 2.98e-04
2025-05-31 00:59:07,057 | INFO | Gradient norm: 0.0096
2025-05-31 00:59:07,069 | INFO | Train batch  1200/10986 | ms/batch 168.89 | loss 0.8807 | bpb  1.27 | ppl     2.41 | lr 2.98e-04
2025-05-31 00:59:23,955 | INFO | Gradient norm: 0.0100
2025-05-31 00:59:23,967 | INFO | Train batch  1300/10986 | ms/batch 168.90 | loss 0.8807 | bpb  1.27 | ppl     2.41 | lr 2.98e-04
2025-05-31 00:59:40,836 | INFO | Gradient norm: 0.0140
2025-05-31 00:59:40,849 | INFO | Train batch  1400/10986 | ms/batch 168.89 | loss 0.8807 | bpb  1.27 | ppl     2.41 | lr 2.98e-04
2025-05-31 00:59:57,719 | INFO | Gradient norm: 0.0088
2025-05-31 00:59:57,732 | INFO | Train batch  1500/10986 | ms/batch 168.89 | loss 0.8806 | bpb  1.27 | ppl     2.41 | lr 2.97e-04
2025-05-31 01:00:14,611 | INFO | Gradient norm: 0.0290
2025-05-31 01:00:14,623 | INFO | Train batch  1600/10986 | ms/batch 168.89 | loss 0.8806 | bpb  1.27 | ppl     2.41 | lr 2.97e-04
2025-05-31 01:00:31,511 | INFO | Gradient norm: 0.0215
2025-05-31 01:00:31,523 | INFO | Train batch  1700/10986 | ms/batch 168.90 | loss 0.8806 | bpb  1.27 | ppl     2.41 | lr 2.97e-04
2025-05-31 01:00:48,394 | INFO | Gradient norm: 0.0123
2025-05-31 01:00:48,406 | INFO | Train batch  1800/10986 | ms/batch 168.89 | loss 0.8806 | bpb  1.27 | ppl     2.41 | lr 2.97e-04
2025-05-31 01:01:05,279 | INFO | Gradient norm: 0.0100
2025-05-31 01:01:05,292 | INFO | Train batch  1900/10986 | ms/batch 168.89 | loss 0.8806 | bpb  1.27 | ppl     2.41 | lr 2.97e-04
2025-05-31 01:01:22,170 | INFO | Gradient norm: 0.0212
2025-05-31 01:01:22,182 | INFO | Train batch  2000/10986 | ms/batch 168.89 | loss 0.8807 | bpb  1.27 | ppl     2.41 | lr 2.97e-04
2025-05-31 01:01:39,067 | INFO | Gradient norm: 0.0286
2025-05-31 01:01:39,079 | INFO | Train batch  2100/10986 | ms/batch 168.89 | loss 0.8806 | bpb  1.27 | ppl     2.41 | lr 2.97e-04
2025-05-31 01:01:55,952 | INFO | Gradient norm: 0.0204
2025-05-31 01:01:55,964 | INFO | Train batch  2200/10986 | ms/batch 168.89 | loss 0.8806 | bpb  1.27 | ppl     2.41 | lr 2.97e-04
2025-05-31 01:02:12,835 | INFO | Gradient norm: 0.0166
2025-05-31 01:02:12,847 | INFO | Train batch  2300/10986 | ms/batch 168.89 | loss 0.8806 | bpb  1.27 | ppl     2.41 | lr 2.97e-04
2025-05-31 01:02:29,726 | INFO | Gradient norm: 0.0080
2025-05-31 01:02:29,739 | INFO | Train batch  2400/10986 | ms/batch 168.89 | loss 0.8806 | bpb  1.27 | ppl     2.41 | lr 2.97e-04
2025-05-31 01:02:46,629 | INFO | Gradient norm: 0.0084
2025-05-31 01:02:46,642 | INFO | Train batch  2500/10986 | ms/batch 168.90 | loss 0.8806 | bpb  1.27 | ppl     2.41 | lr 2.97e-04
2025-05-31 01:03:03,513 | INFO | Gradient norm: 0.0086
2025-05-31 01:03:03,525 | INFO | Train batch  2600/10986 | ms/batch 168.89 | loss 0.8806 | bpb  1.27 | ppl     2.41 | lr 2.97e-04
2025-05-31 01:03:20,397 | INFO | Gradient norm: 0.0092
2025-05-31 01:03:20,409 | INFO | Train batch  2700/10986 | ms/batch 168.89 | loss 0.8806 | bpb  1.27 | ppl     2.41 | lr 2.97e-04
2025-05-31 01:03:37,289 | INFO | Gradient norm: 0.0189
2025-05-31 01:03:37,301 | INFO | Train batch  2800/10986 | ms/batch 168.89 | loss 0.8806 | bpb  1.27 | ppl     2.41 | lr 2.97e-04
2025-05-31 01:03:54,190 | INFO | Gradient norm: 0.0100
2025-05-31 01:03:54,202 | INFO | Train batch  2900/10986 | ms/batch 168.90 | loss 0.8806 | bpb  1.27 | ppl     2.41 | lr 2.97e-04
2025-05-31 01:04:11,073 | INFO | Gradient norm: 0.0086
2025-05-31 01:04:11,085 | INFO | Train batch  3000/10986 | ms/batch 168.89 | loss 0.8806 | bpb  1.27 | ppl     2.41 | lr 2.97e-04
2025-05-31 01:04:27,956 | INFO | Gradient norm: 0.0123
2025-05-31 01:04:27,968 | INFO | Train batch  3100/10986 | ms/batch 168.89 | loss 0.8806 | bpb  1.27 | ppl     2.41 | lr 2.97e-04
2025-05-31 01:04:44,846 | INFO | Gradient norm: 0.0281
2025-05-31 01:04:44,858 | INFO | Train batch  3200/10986 | ms/batch 168.89 | loss 0.8806 | bpb  1.27 | ppl     2.41 | lr 2.97e-04
2025-05-31 01:05:01,735 | INFO | Gradient norm: 0.0097
2025-05-31 01:05:01,747 | INFO | Train batch  3300/10986 | ms/batch 168.89 | loss 0.8806 | bpb  1.27 | ppl     2.41 | lr 2.97e-04
2025-05-31 01:05:18,636 | INFO | Gradient norm: 0.0246
2025-05-31 01:05:18,648 | INFO | Train batch  3400/10986 | ms/batch 168.90 | loss 0.8806 | bpb  1.27 | ppl     2.41 | lr 2.97e-04
2025-05-31 01:05:35,520 | INFO | Gradient norm: 0.0214
2025-05-31 01:05:35,532 | INFO | Train batch  3500/10986 | ms/batch 168.89 | loss 0.8806 | bpb  1.27 | ppl     2.41 | lr 2.97e-04
2025-05-31 01:05:52,404 | INFO | Gradient norm: 0.0316
2025-05-31 01:05:52,416 | INFO | Train batch  3600/10986 | ms/batch 168.89 | loss 0.8806 | bpb  1.27 | ppl     2.41 | lr 2.97e-04
2025-05-31 01:06:09,298 | INFO | Gradient norm: 0.0152
2025-05-31 01:06:09,310 | INFO | Train batch  3700/10986 | ms/batch 168.89 | loss 0.8806 | bpb  1.27 | ppl     2.41 | lr 2.97e-04
2025-05-31 01:06:26,198 | INFO | Gradient norm: 0.0145
2025-05-31 01:06:26,211 | INFO | Train batch  3800/10986 | ms/batch 168.90 | loss 0.8806 | bpb  1.27 | ppl     2.41 | lr 2.97e-04
2025-05-31 01:06:43,082 | INFO | Gradient norm: 0.0112
2025-05-31 01:06:43,094 | INFO | Train batch  3900/10986 | ms/batch 168.90 | loss 0.8806 | bpb  1.27 | ppl     2.41 | lr 2.97e-04
2025-05-31 01:06:59,965 | INFO | Gradient norm: 0.0364
2025-05-31 01:06:59,977 | INFO | Train batch  4000/10986 | ms/batch 168.89 | loss 0.8806 | bpb  1.27 | ppl     2.41 | lr 2.97e-04
2025-05-31 01:07:16,858 | INFO | Gradient norm: 0.0278
2025-05-31 01:07:16,870 | INFO | Train batch  4100/10986 | ms/batch 168.89 | loss 0.8806 | bpb  1.27 | ppl     2.41 | lr 2.97e-04
2025-05-31 01:07:33,758 | INFO | Gradient norm: 0.0176
2025-05-31 01:07:33,770 | INFO | Train batch  4200/10986 | ms/batch 168.90 | loss 0.8806 | bpb  1.27 | ppl     2.41 | lr 2.97e-04
2025-05-31 01:07:50,643 | INFO | Gradient norm: 0.0258
2025-05-31 01:07:50,655 | INFO | Train batch  4300/10986 | ms/batch 168.90 | loss 0.8806 | bpb  1.27 | ppl     2.41 | lr 2.97e-04
2025-05-31 01:08:07,527 | INFO | Gradient norm: 0.0090
2025-05-31 01:08:07,539 | INFO | Train batch  4400/10986 | ms/batch 168.89 | loss 0.8806 | bpb  1.27 | ppl     2.41 | lr 2.97e-04
2025-05-31 01:08:24,415 | INFO | Gradient norm: 0.0099
2025-05-31 01:08:24,427 | INFO | Train batch  4500/10986 | ms/batch 168.89 | loss 0.8806 | bpb  1.27 | ppl     2.41 | lr 2.97e-04
2025-05-31 01:08:41,313 | INFO | Gradient norm: 0.0124
2025-05-31 01:08:41,325 | INFO | Train batch  4600/10986 | ms/batch 168.90 | loss 0.8806 | bpb  1.27 | ppl     2.41 | lr 2.97e-04
2025-05-31 01:08:58,194 | INFO | Gradient norm: 0.0202
2025-05-31 01:08:58,207 | INFO | Train batch  4700/10986 | ms/batch 168.89 | loss 0.8806 | bpb  1.27 | ppl     2.41 | lr 2.97e-04
2025-05-31 01:09:15,077 | INFO | Gradient norm: 0.0078
2025-05-31 01:09:15,089 | INFO | Train batch  4800/10986 | ms/batch 168.89 | loss 0.8806 | bpb  1.27 | ppl     2.41 | lr 2.97e-04
2025-05-31 01:09:31,967 | INFO | Gradient norm: 0.0271
2025-05-31 01:09:31,979 | INFO | Train batch  4900/10986 | ms/batch 168.89 | loss 0.8806 | bpb  1.27 | ppl     2.41 | lr 2.97e-04
2025-05-31 01:09:48,868 | INFO | Gradient norm: 0.0219
2025-05-31 01:09:48,880 | INFO | Train batch  5000/10986 | ms/batch 168.90 | loss 0.8806 | bpb  1.27 | ppl     2.41 | lr 2.97e-04
2025-05-31 01:10:05,758 | INFO | Gradient norm: 0.0096
2025-05-31 01:10:05,770 | INFO | Train batch  5100/10986 | ms/batch 168.90 | loss 0.8806 | bpb  1.27 | ppl     2.41 | lr 2.97e-04
2025-05-31 01:10:22,640 | INFO | Gradient norm: 0.0129
2025-05-31 01:10:22,652 | INFO | Train batch  5200/10986 | ms/batch 168.89 | loss 0.8806 | bpb  1.27 | ppl     2.41 | lr 2.97e-04
2025-05-31 01:10:39,526 | INFO | Gradient norm: 0.0217
2025-05-31 01:10:39,538 | INFO | Train batch  5300/10986 | ms/batch 168.89 | loss 0.8806 | bpb  1.27 | ppl     2.41 | lr 2.97e-04
2025-05-31 01:10:56,418 | INFO | Gradient norm: 0.0160
2025-05-31 01:10:56,430 | INFO | Train batch  5400/10986 | ms/batch 168.89 | loss 0.8806 | bpb  1.27 | ppl     2.41 | lr 2.97e-04
2025-05-31 01:11:13,312 | INFO | Gradient norm: 0.0091
2025-05-31 01:11:13,324 | INFO | Train batch  5500/10986 | ms/batch 168.89 | loss 0.8806 | bpb  1.27 | ppl     2.41 | lr 2.97e-04
2025-05-31 01:11:30,194 | INFO | Gradient norm: 0.0088
2025-05-31 01:11:30,206 | INFO | Train batch  5600/10986 | ms/batch 168.89 | loss 0.8806 | bpb  1.27 | ppl     2.41 | lr 2.97e-04
2025-05-31 01:11:47,081 | INFO | Gradient norm: 0.0149
2025-05-31 01:11:47,093 | INFO | Train batch  5700/10986 | ms/batch 168.89 | loss 0.8806 | bpb  1.27 | ppl     2.41 | lr 2.97e-04
2025-05-31 01:12:03,967 | INFO | Gradient norm: 0.0075
2025-05-31 01:12:03,979 | INFO | Train batch  5800/10986 | ms/batch 168.89 | loss 0.8806 | bpb  1.27 | ppl     2.41 | lr 2.97e-04
2025-05-31 01:12:20,869 | INFO | Gradient norm: 0.0085
2025-05-31 01:12:20,881 | INFO | Train batch  5900/10986 | ms/batch 168.89 | loss 0.8806 | bpb  1.27 | ppl     2.41 | lr 2.97e-04
2025-05-31 01:12:37,752 | INFO | Gradient norm: 0.0213
2025-05-31 01:12:37,764 | INFO | Train batch  6000/10986 | ms/batch 168.89 | loss 0.8806 | bpb  1.27 | ppl     2.41 | lr 2.97e-04
2025-05-31 01:12:54,634 | INFO | Gradient norm: 0.0123
2025-05-31 01:12:54,646 | INFO | Train batch  6100/10986 | ms/batch 168.89 | loss 0.8806 | bpb  1.27 | ppl     2.41 | lr 2.97e-04
2025-05-31 01:13:11,525 | INFO | Gradient norm: 0.0195
2025-05-31 01:13:11,537 | INFO | Train batch  6200/10986 | ms/batch 168.89 | loss 0.8806 | bpb  1.27 | ppl     2.41 | lr 2.97e-04
2025-05-31 01:13:28,424 | INFO | Gradient norm: 0.0106
2025-05-31 01:13:28,436 | INFO | Train batch  6300/10986 | ms/batch 168.89 | loss 0.8806 | bpb  1.27 | ppl     2.41 | lr 2.97e-04
2025-05-31 01:13:45,306 | INFO | Gradient norm: 0.0107
2025-05-31 01:13:45,319 | INFO | Train batch  6400/10986 | ms/batch 168.89 | loss 0.8805 | bpb  1.27 | ppl     2.41 | lr 2.97e-04
2025-05-31 01:14:01,623 | INFO | Gradient norm: 0.0192
2025-05-31 01:14:01,631 | INFO | Train batch  6500/10986 | ms/batch 168.80 | loss 0.8805 | bpb  1.27 | ppl     2.41 | lr 2.97e-04
2025-05-31 01:14:17,869 | INFO | Gradient norm: 0.0109
2025-05-31 01:14:17,877 | INFO | Train batch  6600/10986 | ms/batch 168.71 | loss 0.8806 | bpb  1.27 | ppl     2.41 | lr 2.97e-04
2025-05-31 01:14:34,126 | INFO | Gradient norm: 0.0142
2025-05-31 01:14:34,134 | INFO | Train batch  6700/10986 | ms/batch 168.62 | loss 0.8806 | bpb  1.27 | ppl     2.41 | lr 2.97e-04
2025-05-31 01:14:50,366 | INFO | Gradient norm: 0.0089
2025-05-31 01:14:50,374 | INFO | Train batch  6800/10986 | ms/batch 168.53 | loss 0.8806 | bpb  1.27 | ppl     2.41 | lr 2.97e-04
2025-05-31 01:15:06,608 | INFO | Gradient norm: 0.0155
2025-05-31 01:15:06,616 | INFO | Train batch  6900/10986 | ms/batch 168.44 | loss 0.8805 | bpb  1.27 | ppl     2.41 | lr 2.97e-04
2025-05-31 01:15:22,857 | INFO | Gradient norm: 0.0108
2025-05-31 01:15:22,865 | INFO | Train batch  7000/10986 | ms/batch 168.35 | loss 0.8806 | bpb  1.27 | ppl     2.41 | lr 2.97e-04
2025-05-31 01:15:39,114 | INFO | Gradient norm: 0.0101
2025-05-31 01:15:39,122 | INFO | Train batch  7100/10986 | ms/batch 168.27 | loss 0.8806 | bpb  1.27 | ppl     2.41 | lr 2.97e-04
2025-05-31 01:15:55,352 | INFO | Gradient norm: 0.0097
2025-05-31 01:15:55,360 | INFO | Train batch  7200/10986 | ms/batch 168.19 | loss 0.8806 | bpb  1.27 | ppl     2.41 | lr 2.97e-04
2025-05-31 01:16:11,592 | INFO | Gradient norm: 0.0088
2025-05-31 01:16:11,600 | INFO | Train batch  7300/10986 | ms/batch 168.11 | loss 0.8805 | bpb  1.27 | ppl     2.41 | lr 2.97e-04
2025-05-31 01:16:27,841 | INFO | Gradient norm: 0.0132
2025-05-31 01:16:27,849 | INFO | Train batch  7400/10986 | ms/batch 168.03 | loss 0.8805 | bpb  1.27 | ppl     2.41 | lr 2.96e-04
2025-05-31 01:16:44,097 | INFO | Gradient norm: 0.0098
2025-05-31 01:16:44,105 | INFO | Train batch  7500/10986 | ms/batch 167.96 | loss 0.8805 | bpb  1.27 | ppl     2.41 | lr 2.96e-04
2025-05-31 01:17:00,337 | INFO | Gradient norm: 0.0120
2025-05-31 01:17:00,344 | INFO | Train batch  7600/10986 | ms/batch 167.89 | loss 0.8805 | bpb  1.27 | ppl     2.41 | lr 2.96e-04
2025-05-31 01:17:16,575 | INFO | Gradient norm: 0.0082
2025-05-31 01:17:16,583 | INFO | Train batch  7700/10986 | ms/batch 167.82 | loss 0.8805 | bpb  1.27 | ppl     2.41 | lr 2.96e-04
2025-05-31 01:17:32,818 | INFO | Gradient norm: 0.0338
2025-05-31 01:17:32,826 | INFO | Train batch  7800/10986 | ms/batch 167.75 | loss 0.8805 | bpb  1.27 | ppl     2.41 | lr 2.96e-04
2025-05-31 01:17:49,064 | INFO | Gradient norm: 0.0087
2025-05-31 01:17:49,071 | INFO | Train batch  7900/10986 | ms/batch 167.68 | loss 0.8805 | bpb  1.27 | ppl     2.41 | lr 2.96e-04
2025-05-31 01:18:05,321 | INFO | Gradient norm: 0.0271
2025-05-31 01:18:05,329 | INFO | Train batch  8000/10986 | ms/batch 167.62 | loss 0.8805 | bpb  1.27 | ppl     2.41 | lr 2.96e-04
2025-05-31 01:18:21,561 | INFO | Gradient norm: 0.0181
2025-05-31 01:18:21,569 | INFO | Train batch  8100/10986 | ms/batch 167.55 | loss 0.8805 | bpb  1.27 | ppl     2.41 | lr 2.96e-04
2025-05-31 01:18:37,801 | INFO | Gradient norm: 0.0379
2025-05-31 01:18:37,808 | INFO | Train batch  8200/10986 | ms/batch 167.49 | loss 0.8805 | bpb  1.27 | ppl     2.41 | lr 2.96e-04
2025-05-31 01:18:54,048 | INFO | Gradient norm: 0.0098
2025-05-31 01:18:54,056 | INFO | Train batch  8300/10986 | ms/batch 167.43 | loss 0.8805 | bpb  1.27 | ppl     2.41 | lr 2.96e-04
2025-05-31 01:19:10,304 | INFO | Gradient norm: 0.0096
2025-05-31 01:19:10,312 | INFO | Train batch  8400/10986 | ms/batch 167.37 | loss 0.8805 | bpb  1.27 | ppl     2.41 | lr 2.96e-04
2025-05-31 01:19:26,542 | INFO | Gradient norm: 0.0119
2025-05-31 01:19:26,550 | INFO | Train batch  8500/10986 | ms/batch 167.31 | loss 0.8805 | bpb  1.27 | ppl     2.41 | lr 2.96e-04
2025-05-31 01:19:42,782 | INFO | Gradient norm: 0.0126
2025-05-31 01:19:42,789 | INFO | Train batch  8600/10986 | ms/batch 167.25 | loss 0.8805 | bpb  1.27 | ppl     2.41 | lr 2.96e-04
2025-05-31 01:19:59,030 | INFO | Gradient norm: 0.0117
2025-05-31 01:19:59,038 | INFO | Train batch  8700/10986 | ms/batch 167.20 | loss 0.8805 | bpb  1.27 | ppl     2.41 | lr 2.96e-04
2025-05-31 01:20:15,289 | INFO | Gradient norm: 0.0421
2025-05-31 01:20:15,296 | INFO | Train batch  8800/10986 | ms/batch 167.15 | loss 0.8805 | bpb  1.27 | ppl     2.41 | lr 2.96e-04
2025-05-31 01:20:31,531 | INFO | Gradient norm: 0.0179
2025-05-31 01:20:31,539 | INFO | Train batch  8900/10986 | ms/batch 167.09 | loss 0.8805 | bpb  1.27 | ppl     2.41 | lr 2.96e-04
2025-05-31 01:20:47,773 | INFO | Gradient norm: 0.0087
2025-05-31 01:20:47,781 | INFO | Train batch  9000/10986 | ms/batch 167.04 | loss 0.8805 | bpb  1.27 | ppl     2.41 | lr 2.96e-04
2025-05-31 01:21:04,024 | INFO | Gradient norm: 0.0213
2025-05-31 01:21:04,032 | INFO | Train batch  9100/10986 | ms/batch 166.99 | loss 0.8805 | bpb  1.27 | ppl     2.41 | lr 2.96e-04
2025-05-31 01:21:20,282 | INFO | Gradient norm: 0.0160
2025-05-31 01:21:20,290 | INFO | Train batch  9200/10986 | ms/batch 166.94 | loss 0.8805 | bpb  1.27 | ppl     2.41 | lr 2.96e-04
2025-05-31 01:21:36,525 | INFO | Gradient norm: 0.0181
2025-05-31 01:21:36,533 | INFO | Train batch  9300/10986 | ms/batch 166.90 | loss 0.8805 | bpb  1.27 | ppl     2.41 | lr 2.96e-04
2025-05-31 01:21:52,767 | INFO | Gradient norm: 0.0138
2025-05-31 01:21:52,775 | INFO | Train batch  9400/10986 | ms/batch 166.85 | loss 0.8805 | bpb  1.27 | ppl     2.41 | lr 2.96e-04
2025-05-31 01:22:09,018 | INFO | Gradient norm: 0.0232
2025-05-31 01:22:09,025 | INFO | Train batch  9500/10986 | ms/batch 166.80 | loss 0.8805 | bpb  1.27 | ppl     2.41 | lr 2.96e-04
2025-05-31 01:22:25,277 | INFO | Gradient norm: 0.0085
2025-05-31 01:22:25,284 | INFO | Train batch  9600/10986 | ms/batch 166.76 | loss 0.8805 | bpb  1.27 | ppl     2.41 | lr 2.96e-04
2025-05-31 01:22:41,520 | INFO | Gradient norm: 0.0081
2025-05-31 01:22:41,528 | INFO | Train batch  9700/10986 | ms/batch 166.71 | loss 0.8805 | bpb  1.27 | ppl     2.41 | lr 2.96e-04
2025-05-31 01:22:57,763 | INFO | Gradient norm: 0.0157
2025-05-31 01:22:57,771 | INFO | Train batch  9800/10986 | ms/batch 166.67 | loss 0.8805 | bpb  1.27 | ppl     2.41 | lr 2.96e-04
2025-05-31 01:23:14,015 | INFO | Gradient norm: 0.0082
2025-05-31 01:23:14,023 | INFO | Train batch  9900/10986 | ms/batch 166.63 | loss 0.8805 | bpb  1.27 | ppl     2.41 | lr 2.96e-04
2025-05-31 01:23:30,275 | INFO | Gradient norm: 0.0133
2025-05-31 01:23:30,283 | INFO | Train batch 10000/10986 | ms/batch 166.59 | loss 0.8805 | bpb  1.27 | ppl     2.41 | lr 2.96e-04
2025-05-31 01:23:46,518 | INFO | Gradient norm: 0.0164
2025-05-31 01:23:46,526 | INFO | Train batch 10100/10986 | ms/batch 166.55 | loss 0.8805 | bpb  1.27 | ppl     2.41 | lr 2.96e-04
2025-05-31 01:24:02,761 | INFO | Gradient norm: 0.0322
2025-05-31 01:24:02,768 | INFO | Train batch 10200/10986 | ms/batch 166.51 | loss 0.8805 | bpb  1.27 | ppl     2.41 | lr 2.96e-04
2025-05-31 01:24:19,007 | INFO | Gradient norm: 0.0131
2025-05-31 01:24:19,015 | INFO | Train batch 10300/10986 | ms/batch 166.47 | loss 0.8805 | bpb  1.27 | ppl     2.41 | lr 2.96e-04
2025-05-31 01:24:35,256 | INFO | Gradient norm: 0.0116
2025-05-31 01:24:35,264 | INFO | Train batch 10400/10986 | ms/batch 166.43 | loss 0.8805 | bpb  1.27 | ppl     2.41 | lr 2.96e-04
2025-05-31 01:24:51,514 | INFO | Gradient norm: 0.0208
2025-05-31 01:24:51,522 | INFO | Train batch 10500/10986 | ms/batch 166.39 | loss 0.8805 | bpb  1.27 | ppl     2.41 | lr 2.96e-04
2025-05-31 01:25:07,758 | INFO | Gradient norm: 0.0099
2025-05-31 01:25:07,766 | INFO | Train batch 10600/10986 | ms/batch 166.36 | loss 0.8805 | bpb  1.27 | ppl     2.41 | lr 2.96e-04
2025-05-31 01:25:24,001 | INFO | Gradient norm: 0.0154
2025-05-31 01:25:24,009 | INFO | Train batch 10700/10986 | ms/batch 166.32 | loss 0.8805 | bpb  1.27 | ppl     2.41 | lr 2.96e-04
2025-05-31 01:25:40,253 | INFO | Gradient norm: 0.0091
2025-05-31 01:25:40,261 | INFO | Train batch 10800/10986 | ms/batch 166.28 | loss 0.8805 | bpb  1.27 | ppl     2.41 | lr 2.96e-04
2025-05-31 01:25:56,512 | INFO | Gradient norm: 0.0142
2025-05-31 01:25:56,520 | INFO | Train batch 10900/10986 | ms/batch 166.25 | loss 0.8805 | bpb  1.27 | ppl     2.41 | lr 2.96e-04
2025-05-31 01:27:20,523 | INFO | Epoch   3 | time: 1896.29s | train bpb  1.27 | valid bpb  1.28
2025-05-31 01:27:20,525 | INFO | Validation bpb did not improve by 0.0100. Patience: 3/3
2025-05-31 01:27:20,525 | INFO | Early stopping triggered after 4 epochs. Best validation bpb: 1.2777
