Traceback (most recent call last):
  File "/var/scratch/tng204/thesis/bachelor_thesis/train_sparse_model.py", line 287, in <module>
    main() 
  File "/var/scratch/tng204/thesis/bachelor_thesis/train_sparse_model.py", line 246, in main
    train_losses, val_losses = train_sparse_model(
  File "/var/scratch/tng204/thesis/bachelor_thesis/train_sparse_model.py", line 62, in train_sparse_model
    output, attention_weights = model(input_ids, src_mask=src_mask)
  File "/var/scratch/tng204/anaconda3/envs/mltrain/lib/python3.10/site-packages/torch/nn/modules/module.py", line 1130, in _call_impl
    return forward_call(*input, **kwargs)
  File "/var/scratch/tng204/thesis/bachelor_thesis/sparse_char_transformer.py", line 108, in forward
    src, attn_weights = layer(
  File "/var/scratch/tng204/anaconda3/envs/mltrain/lib/python3.10/site-packages/torch/nn/modules/module.py", line 1130, in _call_impl
    return forward_call(*input, **kwargs)
  File "/var/scratch/tng204/thesis/bachelor_thesis/sparse_char_transformer.py", line 44, in forward
    src2, attn_weights = self.self_attn(
  File "/var/scratch/tng204/anaconda3/envs/mltrain/lib/python3.10/site-packages/torch/nn/modules/module.py", line 1130, in _call_impl
    return forward_call(*input, **kwargs)
  File "/var/scratch/tng204/thesis/bachelor_thesis/sparse_attention.py", line 218, in forward
    return self.base_attention(query, key, value, key_padding_mask, need_weights, attn_mask) 
  File "/var/scratch/tng204/anaconda3/envs/mltrain/lib/python3.10/site-packages/torch/nn/modules/module.py", line 1130, in _call_impl
    return forward_call(*input, **kwargs)
  File "/var/scratch/tng204/thesis/bachelor_thesis/sparse_attention.py", line 152, in forward
    attn_weights = attn_weights * F.softplus(self.temperature)
RuntimeError: CUDA out of memory. Tried to allocate 1024.00 MiB (GPU 0; 10.57 GiB total capacity; 8.96 GiB already allocated; 712.00 MiB free; 9.04 GiB reserved in total by PyTorch) If reserved memory is >> allocated memory try setting max_split_size_mb to avoid fragmentation.  See documentation for Memory Management and PYTORCH_CUDA_ALLOC_CONF
