Traceback (most recent call last):
  File "/var/scratch/tng204/thesis/bachelor_thesis/train_sparse_transformer.py", line 202, in <module>
    main()
  File "/var/scratch/tng204/thesis/bachelor_thesis/train_sparse_transformer.py", line 136, in main
    model, (train_losses, val_losses) = train_model(
  File "/var/scratch/tng204/thesis/bachelor_thesis/stable_char_transformer.py", line 1005, in train_model
    outputs = model(inputs)
  File "/var/scratch/tng204/anaconda3/envs/mltrain/lib/python3.10/site-packages/torch/nn/modules/module.py", line 1130, in _call_impl
    return forward_call(*input, **kwargs)
  File "/var/scratch/tng204/thesis/bachelor_thesis/stable_char_transformer.py", line 702, in forward
    x = block(x, src_mask=mask)
  File "/var/scratch/tng204/anaconda3/envs/mltrain/lib/python3.10/site-packages/torch/nn/modules/module.py", line 1130, in _call_impl
    return forward_call(*input, **kwargs)
  File "/var/scratch/tng204/thesis/bachelor_thesis/stable_char_transformer.py", line 269, in forward
    src = src + checkpoint(
  File "/var/scratch/tng204/anaconda3/envs/mltrain/lib/python3.10/site-packages/torch/utils/checkpoint.py", line 237, in checkpoint
    return _checkpoint_without_reentrant(
  File "/var/scratch/tng204/anaconda3/envs/mltrain/lib/python3.10/site-packages/torch/utils/checkpoint.py", line 383, in _checkpoint_without_reentrant
    output = function(*args)
  File "/var/scratch/tng204/thesis/bachelor_thesis/stable_char_transformer.py", line 270, in <lambda>
    lambda x, mask: self._attention_block(x, mask),
  File "/var/scratch/tng204/thesis/bachelor_thesis/stable_char_transformer.py", line 248, in _attention_block
    src2, attn_weights = self.self_attn(src2, src2, src2, attn_mask=src_mask, need_weights=True)
  File "/var/scratch/tng204/anaconda3/envs/mltrain/lib/python3.10/site-packages/torch/nn/modules/module.py", line 1130, in _call_impl
    return forward_call(*input, **kwargs)
TypeError: SparseMultiHeadAttention.forward() got an unexpected keyword argument 'attn_mask'
