Using device: cuda
Loading training data...
Loading data from data/enwik8
Training model...
Training on device: cuda
Using mixed precision training (FP16)
Using gradient accumulation with 4 steps
Effective batch size: 128
Epoch 1/5, Batch 10/2746, Loss: 5.5747
Epoch 1/5, Batch 20/2746, Loss: 5.5601
Epoch 1/5, Batch 30/2746, Loss: 5.4850
Epoch 1/5, Batch 40/2746, Loss: 5.4712
Epoch 1/5, Batch 50/2746, Loss: 5.4857
Epoch 1/5, Batch 60/2746, Loss: 5.4166
Epoch 1/5, Batch 70/2746, Loss: 5.3988
Epoch 1/5, Batch 80/2746, Loss: 5.2988
Epoch 1/5, Batch 90/2746, Loss: 5.2098
Epoch 1/5, Batch 100/2746, Loss: 5.1598
Epoch 1/5, Batch 110/2746, Loss: 5.1963
Epoch 1/5, Batch 120/2746, Loss: 4.9769
