Using device: cuda
Loading training data...
Loading data from data/enwik8
Training model...
Training on device: cuda
Using mixed precision training (FP16)
Using gradient accumulation with 4 steps
Effective batch size: 128
Epoch 1/5, Batch 10/2746, Loss: 5.6481
Epoch 1/5, Batch 20/2746, Loss: 5.6316
Epoch 1/5, Batch 30/2746, Loss: 5.5788
Epoch 1/5, Batch 40/2746, Loss: 5.5631
Epoch 1/5, Batch 50/2746, Loss: 5.5285
Epoch 1/5, Batch 60/2746, Loss: 5.4838
Epoch 1/5, Batch 70/2746, Loss: 5.3992
Epoch 1/5, Batch 80/2746, Loss: 5.3235
Epoch 1/5, Batch 90/2746, Loss: 5.2299
Epoch 1/5, Batch 100/2746, Loss: 5.1834
Epoch 1/5, Batch 110/2746, Loss: 5.1152
Epoch 1/5, Batch 120/2746, Loss: 5.0996
Epoch 1/5, Batch 130/2746, Loss: 4.8613
Epoch 1/5, Batch 140/2746, Loss: 4.8092
Epoch 1/5, Batch 150/2746, Loss: 4.6769
Epoch 1/5, Batch 160/2746, Loss: 4.7339
Epoch 1/5, Batch 170/2746, Loss: 4.4741
Epoch 1/5, Batch 180/2746, Loss: 4.5010
Epoch 1/5, Batch 190/2746, Loss: 4.3532
Epoch 1/5, Batch 200/2746, Loss: 4.2679
Epoch 1/5, Batch 210/2746, Loss: 4.2520
Epoch 1/5, Batch 220/2746, Loss: 4.1743
Epoch 1/5, Batch 230/2746, Loss: 4.0870
Epoch 1/5, Batch 240/2746, Loss: 4.0645
Epoch 1/5, Batch 250/2746, Loss: 4.1552
Epoch 1/5, Batch 260/2746, Loss: 4.0462
Epoch 1/5, Batch 270/2746, Loss: 3.9840
Epoch 1/5, Batch 280/2746, Loss: 4.0065
Epoch 1/5, Batch 290/2746, Loss: 3.9868
Epoch 1/5, Batch 300/2746, Loss: 3.9554
Epoch 1/5, Batch 310/2746, Loss: 3.8506
Epoch 1/5, Batch 320/2746, Loss: 3.8587
Epoch 1/5, Batch 330/2746, Loss: 3.8286
Epoch 1/5, Batch 340/2746, Loss: 3.8215
Epoch 1/5, Batch 350/2746, Loss: 3.8483
Epoch 1/5, Batch 360/2746, Loss: 3.7765
Epoch 1/5, Batch 370/2746, Loss: 3.8362
Epoch 1/5, Batch 380/2746, Loss: 3.8116
Epoch 1/5, Batch 390/2746, Loss: 3.7010
Epoch 1/5, Batch 400/2746, Loss: 3.7326
Epoch 1/5, Batch 410/2746, Loss: 3.6534
Epoch 1/5, Batch 420/2746, Loss: 3.6947
Epoch 1/5, Batch 430/2746, Loss: 3.6704
Epoch 1/5, Batch 440/2746, Loss: 3.6254
Epoch 1/5, Batch 450/2746, Loss: 3.6129
Epoch 1/5, Batch 460/2746, Loss: 3.6135
Epoch 1/5, Batch 470/2746, Loss: 3.5491
Epoch 1/5, Batch 480/2746, Loss: 3.6167
Epoch 1/5, Batch 490/2746, Loss: 3.4776
Epoch 1/5, Batch 500/2746, Loss: 3.5008
Epoch 1/5, Batch 510/2746, Loss: 3.5455
Epoch 1/5, Batch 520/2746, Loss: 3.4879
Epoch 1/5, Batch 530/2746, Loss: 3.3935
Epoch 1/5, Batch 540/2746, Loss: 3.4705
Epoch 1/5, Batch 550/2746, Loss: 3.4424
Epoch 1/5, Batch 560/2746, Loss: 3.3895
Epoch 1/5, Batch 570/2746, Loss: 3.4528
Epoch 1/5, Batch 580/2746, Loss: 3.3714
Epoch 1/5, Batch 590/2746, Loss: 3.2993
Epoch 1/5, Batch 600/2746, Loss: 3.3246
Epoch 1/5, Batch 610/2746, Loss: 3.2128
Epoch 1/5, Batch 620/2746, Loss: 3.2354
Epoch 1/5, Batch 630/2746, Loss: 3.1751
Epoch 1/5, Batch 640/2746, Loss: 3.3249
Epoch 1/5, Batch 650/2746, Loss: 3.1828
Epoch 1/5, Batch 660/2746, Loss: 3.1752
Epoch 1/5, Batch 670/2746, Loss: 3.1569
Epoch 1/5, Batch 680/2746, Loss: 3.1143
Epoch 1/5, Batch 690/2746, Loss: 3.1077
Epoch 1/5, Batch 700/2746, Loss: 3.1761
Epoch 1/5, Batch 710/2746, Loss: 3.2106
Epoch 1/5, Batch 720/2746, Loss: 3.1274
Epoch 1/5, Batch 730/2746, Loss: 3.0996
Epoch 1/5, Batch 740/2746, Loss: 3.1532
Epoch 1/5, Batch 750/2746, Loss: 3.0955
Epoch 1/5, Batch 760/2746, Loss: 3.0548
Epoch 1/5, Batch 770/2746, Loss: 3.0507
Epoch 1/5, Batch 780/2746, Loss: 3.0730
Epoch 1/5, Batch 790/2746, Loss: 3.0672
Epoch 1/5, Batch 800/2746, Loss: 3.0264
Epoch 1/5, Batch 810/2746, Loss: 2.9906
Epoch 1/5, Batch 820/2746, Loss: 3.0992
Epoch 1/5, Batch 830/2746, Loss: 2.9958
Epoch 1/5, Batch 840/2746, Loss: 3.0104
Epoch 1/5, Batch 850/2746, Loss: 3.0046
Epoch 1/5, Batch 860/2746, Loss: 3.0546
Epoch 1/5, Batch 870/2746, Loss: 2.9955
Epoch 1/5, Batch 880/2746, Loss: 3.0951
Epoch 1/5, Batch 890/2746, Loss: 2.9773
Epoch 1/5, Batch 900/2746, Loss: 2.9967
Epoch 1/5, Batch 910/2746, Loss: 3.0335
Epoch 1/5, Batch 920/2746, Loss: 2.9394
Epoch 1/5, Batch 930/2746, Loss: 2.9565
Epoch 1/5, Batch 940/2746, Loss: 2.9520
Epoch 1/5, Batch 950/2746, Loss: 2.9096
Epoch 1/5, Batch 960/2746, Loss: 2.9397
Epoch 1/5, Batch 970/2746, Loss: 2.9193
Epoch 1/5, Batch 980/2746, Loss: 2.9240
Epoch 1/5, Batch 990/2746, Loss: 2.9083
Epoch 1/5, Batch 1000/2746, Loss: 3.0274
Epoch 1/5, Batch 1010/2746, Loss: 2.9031
Epoch 1/5, Batch 1020/2746, Loss: 2.9545
Epoch 1/5, Batch 1030/2746, Loss: 2.8850
Epoch 1/5, Batch 1040/2746, Loss: 2.9341
Epoch 1/5, Batch 1050/2746, Loss: 2.9215
Epoch 1/5, Batch 1060/2746, Loss: 2.8938
Epoch 1/5, Batch 1070/2746, Loss: 3.0127
Epoch 1/5, Batch 1080/2746, Loss: 2.9195
Epoch 1/5, Batch 1090/2746, Loss: 2.9022
Epoch 1/5, Batch 1100/2746, Loss: 2.8619
Epoch 1/5, Batch 1110/2746, Loss: 2.9223
Epoch 1/5, Batch 1120/2746, Loss: 2.8331
Epoch 1/5, Batch 1130/2746, Loss: 2.9079
Epoch 1/5, Batch 1140/2746, Loss: 2.9123
Epoch 1/5, Batch 1150/2746, Loss: 2.9057
Epoch 1/5, Batch 1160/2746, Loss: 2.8771
Epoch 1/5, Batch 1170/2746, Loss: 2.9160
Epoch 1/5, Batch 1180/2746, Loss: 2.8789
Epoch 1/5, Batch 1190/2746, Loss: 2.8546
Epoch 1/5, Batch 1200/2746, Loss: 2.8695
Epoch 1/5, Batch 1210/2746, Loss: 2.8429
Epoch 1/5, Batch 1220/2746, Loss: 2.8588
Epoch 1/5, Batch 1230/2746, Loss: 2.8527
Epoch 1/5, Batch 1240/2746, Loss: 2.8553
Epoch 1/5, Batch 1250/2746, Loss: 2.8292
Epoch 1/5, Batch 1260/2746, Loss: 2.8511
Epoch 1/5, Batch 1270/2746, Loss: 2.8111
Epoch 1/5, Batch 1280/2746, Loss: 2.8055
Epoch 1/5, Batch 1290/2746, Loss: 2.8963
Epoch 1/5, Batch 1300/2746, Loss: 2.8008
Epoch 1/5, Batch 1310/2746, Loss: 2.8911
Epoch 1/5, Batch 1320/2746, Loss: 2.8596
Epoch 1/5, Batch 1330/2746, Loss: 2.8194
Epoch 1/5, Batch 1340/2746, Loss: 2.8176
Epoch 1/5, Batch 1350/2746, Loss: 2.7975
Epoch 1/5, Batch 1360/2746, Loss: 2.8019
Epoch 1/5, Batch 1370/2746, Loss: 2.8256
Epoch 1/5, Batch 1380/2746, Loss: 2.8517
Epoch 1/5, Batch 1390/2746, Loss: 2.8486
Epoch 1/5, Batch 1400/2746, Loss: 2.8931
Epoch 1/5, Batch 1410/2746, Loss: 2.7837
Epoch 1/5, Batch 1420/2746, Loss: 2.7959
Epoch 1/5, Batch 1430/2746, Loss: 2.8187
Epoch 1/5, Batch 1440/2746, Loss: 2.8179
Epoch 1/5, Batch 1450/2746, Loss: 2.7948
Epoch 1/5, Batch 1460/2746, Loss: 2.8532
Epoch 1/5, Batch 1470/2746, Loss: 2.8009
Epoch 1/5, Batch 1480/2746, Loss: 2.7856
Epoch 1/5, Batch 1490/2746, Loss: 2.8776
Epoch 1/5, Batch 1500/2746, Loss: 2.7696
Epoch 1/5, Batch 1510/2746, Loss: 2.8214
Epoch 1/5, Batch 1520/2746, Loss: 2.7986
Epoch 1/5, Batch 1530/2746, Loss: 2.7450
Epoch 1/5, Batch 1540/2746, Loss: 2.8201
Epoch 1/5, Batch 1550/2746, Loss: 2.8153
Epoch 1/5, Batch 1560/2746, Loss: 2.8171
Epoch 1/5, Batch 1570/2746, Loss: 2.7825
Epoch 1/5, Batch 1580/2746, Loss: 2.7512
Epoch 1/5, Batch 1590/2746, Loss: 2.8293
Epoch 1/5, Batch 1600/2746, Loss: 2.8087
Epoch 1/5, Batch 1610/2746, Loss: 2.8033
Epoch 1/5, Batch 1620/2746, Loss: 2.8181
Epoch 1/5, Batch 1630/2746, Loss: 2.7499
Epoch 1/5, Batch 1640/2746, Loss: 2.7129
Epoch 1/5, Batch 1650/2746, Loss: 2.7404
Epoch 1/5, Batch 1660/2746, Loss: 2.8665
Epoch 1/5, Batch 1670/2746, Loss: 2.8598
Epoch 1/5, Batch 1680/2746, Loss: 2.7926
Epoch 1/5, Batch 1690/2746, Loss: 2.8627
Epoch 1/5, Batch 1700/2746, Loss: 2.7506
Epoch 1/5, Batch 1710/2746, Loss: 2.7114
Epoch 1/5, Batch 1720/2746, Loss: 2.7815
Epoch 1/5, Batch 1730/2746, Loss: 2.7566
Epoch 1/5, Batch 1740/2746, Loss: 2.7264
Epoch 1/5, Batch 1750/2746, Loss: 2.7616
Epoch 1/5, Batch 1760/2746, Loss: 2.7480
Epoch 1/5, Batch 1770/2746, Loss: 2.7750
Epoch 1/5, Batch 1780/2746, Loss: 2.7546
Epoch 1/5, Batch 1790/2746, Loss: 2.7390
Epoch 1/5, Batch 1800/2746, Loss: 2.6976
Epoch 1/5, Batch 1810/2746, Loss: 2.7487
Epoch 1/5, Batch 1820/2746, Loss: 2.7280
Epoch 1/5, Batch 1830/2746, Loss: 2.8495
Epoch 1/5, Batch 1840/2746, Loss: 2.7458
Epoch 1/5, Batch 1850/2746, Loss: 2.7621
Epoch 1/5, Batch 1860/2746, Loss: 2.7627
Epoch 1/5, Batch 1870/2746, Loss: 2.7274
Epoch 1/5, Batch 1880/2746, Loss: 2.6975
Epoch 1/5, Batch 1890/2746, Loss: 2.6870
Epoch 1/5, Batch 1900/2746, Loss: 2.7390
Epoch 1/5, Batch 1910/2746, Loss: 2.6952
Epoch 1/5, Batch 1920/2746, Loss: 2.7453
Epoch 1/5, Batch 1930/2746, Loss: 2.7295
Epoch 1/5, Batch 1940/2746, Loss: 2.7616
Epoch 1/5, Batch 1950/2746, Loss: 2.7225
Epoch 1/5, Batch 1960/2746, Loss: 2.6832
Epoch 1/5, Batch 1970/2746, Loss: 2.7137
Epoch 1/5, Batch 1980/2746, Loss: 2.7063
Epoch 1/5, Batch 1990/2746, Loss: 2.7388
Epoch 1/5, Batch 2000/2746, Loss: 2.7108
Epoch 1/5, Batch 2010/2746, Loss: 2.7176
Epoch 1/5, Batch 2020/2746, Loss: 2.7361
Epoch 1/5, Batch 2030/2746, Loss: 2.6899
Epoch 1/5, Batch 2040/2746, Loss: 2.7038
Epoch 1/5, Batch 2050/2746, Loss: 2.6896
Epoch 1/5, Batch 2060/2746, Loss: 2.7038
Epoch 1/5, Batch 2070/2746, Loss: 2.7229
Epoch 1/5, Batch 2080/2746, Loss: 2.7241
Epoch 1/5, Batch 2090/2746, Loss: 2.7188
Epoch 1/5, Batch 2100/2746, Loss: 2.7294
Epoch 1/5, Batch 2110/2746, Loss: 2.7564
Epoch 1/5, Batch 2120/2746, Loss: 2.7333
Epoch 1/5, Batch 2130/2746, Loss: 2.7043
Epoch 1/5, Batch 2140/2746, Loss: 2.6522
Epoch 1/5, Batch 2150/2746, Loss: 2.7409
Epoch 1/5, Batch 2160/2746, Loss: 2.7356
Epoch 1/5, Batch 2170/2746, Loss: 2.7472
Epoch 1/5, Batch 2180/2746, Loss: 2.7467
Epoch 1/5, Batch 2190/2746, Loss: 2.7293
Epoch 1/5, Batch 2200/2746, Loss: 2.7157
Epoch 1/5, Batch 2210/2746, Loss: 2.7299
Epoch 1/5, Batch 2220/2746, Loss: 2.7315
Epoch 1/5, Batch 2230/2746, Loss: 2.7228
Epoch 1/5, Batch 2240/2746, Loss: 2.7205
Epoch 1/5, Batch 2250/2746, Loss: 2.7642
Epoch 1/5, Batch 2260/2746, Loss: 2.7508
Epoch 1/5, Batch 2270/2746, Loss: 2.6963
Epoch 1/5, Batch 2280/2746, Loss: 2.7227
Epoch 1/5, Batch 2290/2746, Loss: 2.7334
Epoch 1/5, Batch 2300/2746, Loss: 2.7320
Epoch 1/5, Batch 2310/2746, Loss: 2.6646
Epoch 1/5, Batch 2320/2746, Loss: 2.7315
Epoch 1/5, Batch 2330/2746, Loss: 2.7023
Epoch 1/5, Batch 2340/2746, Loss: 2.6922
Epoch 1/5, Batch 2350/2746, Loss: 2.7543
Epoch 1/5, Batch 2360/2746, Loss: 2.6962
Epoch 1/5, Batch 2370/2746, Loss: 2.7603
Epoch 1/5, Batch 2380/2746, Loss: 2.7022
Epoch 1/5, Batch 2390/2746, Loss: 2.8056
Epoch 1/5, Batch 2400/2746, Loss: 2.7020
Epoch 1/5, Batch 2410/2746, Loss: 2.6821
Epoch 1/5, Batch 2420/2746, Loss: 2.6945
Epoch 1/5, Batch 2430/2746, Loss: 2.7172
Epoch 1/5, Batch 2440/2746, Loss: 2.6965
Epoch 1/5, Batch 2450/2746, Loss: 2.6721
Epoch 1/5, Batch 2460/2746, Loss: 2.6180
Epoch 1/5, Batch 2470/2746, Loss: 2.6635
Epoch 1/5, Batch 2480/2746, Loss: 2.6844
Epoch 1/5, Batch 2490/2746, Loss: 2.6505
Epoch 1/5, Batch 2500/2746, Loss: 2.7283
Epoch 1/5, Batch 2510/2746, Loss: 2.6984
Epoch 1/5, Batch 2520/2746, Loss: 2.6819
Epoch 1/5, Batch 2530/2746, Loss: 2.6994
Epoch 1/5, Batch 2540/2746, Loss: 2.7029
Epoch 1/5, Batch 2550/2746, Loss: 2.6967
Epoch 1/5, Batch 2560/2746, Loss: 2.6944
Epoch 1/5, Batch 2570/2746, Loss: 2.6899
Epoch 1/5, Batch 2580/2746, Loss: 2.6534
Epoch 1/5, Batch 2590/2746, Loss: 2.6877
Epoch 1/5, Batch 2600/2746, Loss: 2.6427
Epoch 1/5, Batch 2610/2746, Loss: 2.7083
Epoch 1/5, Batch 2620/2746, Loss: 2.6410
Epoch 1/5, Batch 2630/2746, Loss: 2.6750
Epoch 1/5, Batch 2640/2746, Loss: 2.6667
Epoch 1/5, Batch 2650/2746, Loss: 2.7089
Epoch 1/5, Batch 2660/2746, Loss: 2.6387
Epoch 1/5, Batch 2670/2746, Loss: 2.6736
Epoch 1/5, Batch 2680/2746, Loss: 2.6954
Epoch 1/5, Batch 2690/2746, Loss: 2.6834
Epoch 1/5, Batch 2700/2746, Loss: 2.6627
Epoch 1/5, Batch 2710/2746, Loss: 2.6803
Epoch 1/5, Batch 2720/2746, Loss: 2.6509
Epoch 1/5, Batch 2730/2746, Loss: 2.6322
Epoch 1/5, Batch 2740/2746, Loss: 2.6710
New best model with validation loss: 2.6339, perplexity: 13.93
Epoch 1/5, Loss: 3.1238, Perplexity: 22.73, Val Loss: 2.6339, Val Perplexity: 13.93, Time: 4616.54s
Epoch 2/5, Batch 10/2746, Loss: 2.7398
Epoch 2/5, Batch 20/2746, Loss: 2.7377
Epoch 2/5, Batch 30/2746, Loss: 2.7513
Epoch 2/5, Batch 40/2746, Loss: 2.7059
Epoch 2/5, Batch 50/2746, Loss: 2.6880
Epoch 2/5, Batch 60/2746, Loss: 2.6727
Epoch 2/5, Batch 70/2746, Loss: 2.6766
Epoch 2/5, Batch 80/2746, Loss: 2.7391
Epoch 2/5, Batch 90/2746, Loss: 2.7121
Epoch 2/5, Batch 100/2746, Loss: 2.6842
Epoch 2/5, Batch 110/2746, Loss: 2.7331
Epoch 2/5, Batch 120/2746, Loss: 2.6700
Epoch 2/5, Batch 130/2746, Loss: 2.6642
Epoch 2/5, Batch 140/2746, Loss: 2.7254
Epoch 2/5, Batch 150/2746, Loss: 2.6606
Epoch 2/5, Batch 160/2746, Loss: 2.6383
Epoch 2/5, Batch 170/2746, Loss: 2.6664
Epoch 2/5, Batch 180/2746, Loss: 2.6527
Epoch 2/5, Batch 190/2746, Loss: 2.6726
Epoch 2/5, Batch 200/2746, Loss: 2.6429
Epoch 2/5, Batch 210/2746, Loss: 2.7014
Epoch 2/5, Batch 220/2746, Loss: 2.6198
Epoch 2/5, Batch 230/2746, Loss: 2.6573
Epoch 2/5, Batch 240/2746, Loss: 2.6420
Epoch 2/5, Batch 250/2746, Loss: 2.6432
Epoch 2/5, Batch 260/2746, Loss: 2.6486
Epoch 2/5, Batch 270/2746, Loss: 2.6842
Epoch 2/5, Batch 280/2746, Loss: 2.6940
Epoch 2/5, Batch 290/2746, Loss: 2.6690
Epoch 2/5, Batch 300/2746, Loss: 2.6717
Epoch 2/5, Batch 310/2746, Loss: 2.6324
Epoch 2/5, Batch 320/2746, Loss: 2.6278
Epoch 2/5, Batch 330/2746, Loss: 2.6491
Epoch 2/5, Batch 340/2746, Loss: 2.6203
Epoch 2/5, Batch 350/2746, Loss: 2.6380
Epoch 2/5, Batch 360/2746, Loss: 2.6241
Epoch 2/5, Batch 370/2746, Loss: 2.6877
Epoch 2/5, Batch 380/2746, Loss: 2.6151
Epoch 2/5, Batch 390/2746, Loss: 2.6539
Epoch 2/5, Batch 400/2746, Loss: 2.6877
Epoch 2/5, Batch 410/2746, Loss: 2.6029
Epoch 2/5, Batch 420/2746, Loss: 2.6087
Epoch 2/5, Batch 430/2746, Loss: 2.6401
Epoch 2/5, Batch 440/2746, Loss: 2.6422
Epoch 2/5, Batch 450/2746, Loss: 2.6658
Epoch 2/5, Batch 460/2746, Loss: 2.6736
Epoch 2/5, Batch 470/2746, Loss: 2.6773
Epoch 2/5, Batch 480/2746, Loss: 2.7006
Epoch 2/5, Batch 490/2746, Loss: 2.6611
Epoch 2/5, Batch 500/2746, Loss: 2.7059
Epoch 2/5, Batch 510/2746, Loss: 2.6489
Epoch 2/5, Batch 520/2746, Loss: 2.6462
Epoch 2/5, Batch 530/2746, Loss: 2.6689
Epoch 2/5, Batch 540/2746, Loss: 2.6992
Epoch 2/5, Batch 550/2746, Loss: 2.6554
Epoch 2/5, Batch 560/2746, Loss: 2.6212
Epoch 2/5, Batch 570/2746, Loss: 2.6912
Epoch 2/5, Batch 580/2746, Loss: 2.6622
Epoch 2/5, Batch 590/2746, Loss: 2.6436
Epoch 2/5, Batch 600/2746, Loss: 2.6487
Epoch 2/5, Batch 610/2746, Loss: 2.6327
Epoch 2/5, Batch 620/2746, Loss: 2.6699
Epoch 2/5, Batch 630/2746, Loss: 2.6509
Epoch 2/5, Batch 640/2746, Loss: 2.7413
Epoch 2/5, Batch 650/2746, Loss: 2.6588
Epoch 2/5, Batch 660/2746, Loss: 2.6693
Epoch 2/5, Batch 670/2746, Loss: 2.6610
Epoch 2/5, Batch 680/2746, Loss: 2.6455
Epoch 2/5, Batch 690/2746, Loss: 2.6433
Epoch 2/5, Batch 700/2746, Loss: 2.6484
Epoch 2/5, Batch 710/2746, Loss: 2.6389
Epoch 2/5, Batch 720/2746, Loss: 2.6679
Epoch 2/5, Batch 730/2746, Loss: 2.6582
Epoch 2/5, Batch 740/2746, Loss: 2.6861
Epoch 2/5, Batch 750/2746, Loss: 2.6395
Epoch 2/5, Batch 760/2746, Loss: 2.6309
Epoch 2/5, Batch 770/2746, Loss: 2.6305
Epoch 2/5, Batch 780/2746, Loss: 2.6720
Epoch 2/5, Batch 790/2746, Loss: 2.6868
Epoch 2/5, Batch 800/2746, Loss: 2.6777
Epoch 2/5, Batch 810/2746, Loss: 2.6293
Epoch 2/5, Batch 820/2746, Loss: 2.6782
Epoch 2/5, Batch 830/2746, Loss: 2.6593
Epoch 2/5, Batch 840/2746, Loss: 2.6500
Epoch 2/5, Batch 850/2746, Loss: 2.6294
Epoch 2/5, Batch 860/2746, Loss: 2.6629
Epoch 2/5, Batch 870/2746, Loss: 2.6551
Epoch 2/5, Batch 880/2746, Loss: 2.7241
Epoch 2/5, Batch 890/2746, Loss: 2.6697
Epoch 2/5, Batch 900/2746, Loss: 2.6549
Epoch 2/5, Batch 910/2746, Loss: 2.6608
Epoch 2/5, Batch 920/2746, Loss: 2.6323
Epoch 2/5, Batch 930/2746, Loss: 2.6559
