2025-05-31 13:33:33,650 | INFO | Using device: cuda
2025-05-31 13:33:36,206 | INFO | Model parameters: 19,196,160
2025-05-31 13:33:36,207 | INFO | Loading training data...
2025-05-31 13:33:41,068 | INFO | Base learning rate: 1.00e-03
2025-05-31 13:33:41,068 | INFO | Minimum learning rate: 1.00e-04
2025-05-31 13:33:41,069 | INFO | Initial learning rate: 0.00e+00
2025-05-31 13:33:41,069 | INFO | Warmup steps: 4000
2025-05-31 13:33:41,069 | INFO | Total steps: 289900
2025-05-31 13:33:41,069 | INFO | Test LR at step 0: 0.00e+00
2025-05-31 13:33:41,069 | INFO | Test LR at step 2000: 5.00e-04
2025-05-31 13:33:41,069 | INFO | Test LR at step 4000: 1.00e-03
2025-05-31 13:33:41,069 | INFO | Test LR at step 144950: 8.57e-04
2025-05-31 13:33:41,069 | INFO | Test LR at step 289899: 5.00e-04
2025-05-31 13:33:41,070 | INFO | Starting training...
2025-05-31 13:33:41,071 | INFO | Input shape: torch.Size([32, 1023]), Target shape: torch.Size([32, 1023])
2025-05-31 13:33:41,071 | INFO | Input range: [10, 233]
2025-05-31 13:33:41,071 | INFO | Target range: [10, 233]
2025-05-31 13:33:55,404 | WARNING | WARNING: out of memory, skipping batch
Traceback (most recent call last):
  File "/var/scratch/tng204/thesis/bachelor_thesis/train_sparse_transformer.py", line 87, in train_epoch
    output = model(input_ids)
  File "/var/scratch/tng204/anaconda3/envs/mltrain/lib/python3.10/site-packages/torch/nn/modules/module.py", line 1130, in _call_impl
    return forward_call(*input, **kwargs)
  File "/var/scratch/tng204/thesis/bachelor_thesis/sparse_transformer_v2.py", line 455, in forward
    x = layer(x, src_mask=src_mask, src_key_padding_mask=src_key_padding_mask)
  File "/var/scratch/tng204/anaconda3/envs/mltrain/lib/python3.10/site-packages/torch/nn/modules/module.py", line 1130, in _call_impl
    return forward_call(*input, **kwargs)
  File "/var/scratch/tng204/thesis/bachelor_thesis/sparse_transformer_v2.py", line 370, in forward
    src2, _ = self.self_attn(
  File "/var/scratch/tng204/anaconda3/envs/mltrain/lib/python3.10/site-packages/torch/nn/modules/module.py", line 1130, in _call_impl
    return forward_call(*input, **kwargs)
  File "/var/scratch/tng204/thesis/bachelor_thesis/sparse_transformer_v2.py", line 307, in forward
    attn_weights = F.softmax(attn_weights, dim=-1, dtype=torch.float32)
  File "/var/scratch/tng204/anaconda3/envs/mltrain/lib/python3.10/site-packages/torch/nn/functional.py", line 1836, in softmax
    ret = input.softmax(dim, dtype=dtype)
RuntimeError: CUDA out of memory. Tried to allocate 1024.00 MiB (GPU 0; 10.57 GiB total capacity; 8.79 GiB already allocated; 794.00 MiB free; 8.96 GiB reserved in total by PyTorch) If reserved memory is >> allocated memory try setting max_split_size_mb to avoid fragmentation.  See documentation for Memory Management and PYTORCH_CUDA_ALLOC_CONF

During handling of the above exception, another exception occurred:

Traceback (most recent call last):
  File "/var/scratch/tng204/thesis/bachelor_thesis/train_sparse_transformer.py", line 384, in <module>
    main() 
  File "/var/scratch/tng204/thesis/bachelor_thesis/train_sparse_transformer.py", line 305, in main
    train_loss = train_epoch(model, train_batches, criterion, optimizer, scheduler, device, use_amp=True)
  File "/var/scratch/tng204/thesis/bachelor_thesis/train_sparse_transformer.py", line 164, in train_epoch
    scaler.update()
  File "/var/scratch/tng204/anaconda3/envs/mltrain/lib/python3.10/site-packages/torch/cuda/amp/grad_scaler.py", line 367, in update
    _scale, _growth_tracker = self._check_scale_growth_tracker("update")
  File "/var/scratch/tng204/anaconda3/envs/mltrain/lib/python3.10/site-packages/torch/cuda/amp/grad_scaler.py", line 137, in _check_scale_growth_tracker
    assert self._scale is not None, "Attempted {} but _scale is None.  ".format(funcname) + fix
AssertionError: Attempted update but _scale is None.  This may indicate your script did not use scaler.scale(loss or outputs) earlier in the iteration.
