Using device: cuda
Loading existing model from bachelor_thesis/models/sparse_byte_transformer.pt
Loaded model weights only

Generating example texts with different temperatures:

Generating samples with different temperatures:

Prompt: The movie was

Temperature 0.6:
The movie was considerably, while though sometimes,and wrote hugary,&quot;befind scholars,&quot;Before invading,&quot;[http://www.bingermason.com/bluetips/cryanids.htm]


Temperature 0.8:
The movie was originally used.


Temperature 1.0:
The movie was written.


Prompt: In the beginning

Temperature 0.6:
In the beginning of their basken,


Temperature 0.8:
In the beginning of their,


Temperature 1.0:
In the beginning of [[cheat|on]].


Prompt: She looked at

Temperature 0.6:
She looked at agents,


Temperature 0.8:
She looked at star,


Temperature 1.0:
She looked at 1&, and shewer pointments. Blackwurk, agointment plus history.


Prompt: The system could

Temperature 0.6:
The system could become.


Temperature 0.8:
The system could become.


Temperature 1.0:
The system could be that's.


Prompt: Deep learning is

Temperature 0.6:
Deep learning is still referably.


Temperature 0.8:
Deep learning is another.


Temperature 1.0:
Deep learning is hardened, but,willing posses mark. Psoftware'; dignated closures.


Running in non-interactive mode, skipping interactive prompt
