Traceback (most recent call last):
  File "/var/scratch/tng204/thesis/bachelor_thesis/train_sparse_transformer.py", line 306, in <module>
    main()
  File "/var/scratch/tng204/thesis/bachelor_thesis/train_sparse_transformer.py", line 211, in main
    model, (train_losses, val_losses) = train_model(
  File "/var/scratch/tng204/thesis/bachelor_thesis/stable_char_transformer.py", line 1005, in train_model
    outputs = model(inputs)
  File "/var/scratch/tng204/anaconda3/envs/mltrain/lib/python3.10/site-packages/torch/nn/modules/module.py", line 1130, in _call_impl
    return forward_call(*input, **kwargs)
  File "/var/scratch/tng204/thesis/bachelor_thesis/sparse_byte_transformer.py", line 99, in forward
    x = layer(x, src_key_padding_mask=src_key_padding_mask_for_layers) 
  File "/var/scratch/tng204/anaconda3/envs/mltrain/lib/python3.10/site-packages/torch/nn/modules/module.py", line 1130, in _call_impl
    return forward_call(*input, **kwargs)
  File "/var/scratch/tng204/thesis/bachelor_thesis/sparse_attention.py", line 382, in forward
    src2 = self.self_attn(norm_src, norm_src, norm_src, key_padding_mask=src_key_padding_mask)
  File "/var/scratch/tng204/anaconda3/envs/mltrain/lib/python3.10/site-packages/torch/nn/modules/module.py", line 1130, in _call_impl
    return forward_call(*input, **kwargs)
  File "/var/scratch/tng204/thesis/bachelor_thesis/sparse_attention.py", line 300, in forward
    attn_scores = torch.matmul(q, k.transpose(-2, -1)) / self.scale
RuntimeError: CUDA out of memory. Tried to allocate 512.00 MiB (GPU 0; 10.57 GiB total capacity; 9.21 GiB already allocated; 126.00 MiB free; 9.61 GiB reserved in total by PyTorch) If reserved memory is >> allocated memory try setting max_split_size_mb to avoid fragmentation.  See documentation for Memory Management and PYTORCH_CUDA_ALLOC_CONF
