Using device: cuda
Loading training data...
Loading data from data/enwik8
Training model...
Training on device: cuda
Using mixed precision training (FP16)
Using gradient accumulation with 4 steps
Effective batch size: 128
Epoch 1/5, Batch 10/2746, Loss: 5.5263
Epoch 1/5, Batch 20/2746, Loss: 5.5215
Epoch 1/5, Batch 30/2746, Loss: 5.4778
Epoch 1/5, Batch 40/2746, Loss: 5.4513
Epoch 1/5, Batch 50/2746, Loss: 5.4474
Epoch 1/5, Batch 60/2746, Loss: 5.4039
Epoch 1/5, Batch 70/2746, Loss: 5.3064
Epoch 1/5, Batch 80/2746, Loss: 5.2469
Epoch 1/5, Batch 90/2746, Loss: 5.2489
Epoch 1/5, Batch 100/2746, Loss: 5.1124
Epoch 1/5, Batch 110/2746, Loss: 5.0054
Epoch 1/5, Batch 120/2746, Loss: 4.9287
Epoch 1/5, Batch 130/2746, Loss: 4.8844
Epoch 1/5, Batch 140/2746, Loss: 4.8579
Epoch 1/5, Batch 150/2746, Loss: 4.6543
Epoch 1/5, Batch 160/2746, Loss: 4.6221
Epoch 1/5, Batch 170/2746, Loss: 4.5303
Epoch 1/5, Batch 180/2746, Loss: 4.4857
Epoch 1/5, Batch 190/2746, Loss: 4.3655
Epoch 1/5, Batch 200/2746, Loss: 4.2897
Epoch 1/5, Batch 210/2746, Loss: 4.2650
Epoch 1/5, Batch 220/2746, Loss: 4.2009
Epoch 1/5, Batch 230/2746, Loss: 4.1659
Epoch 1/5, Batch 240/2746, Loss: 4.1530
Epoch 1/5, Batch 250/2746, Loss: 4.0765
Epoch 1/5, Batch 260/2746, Loss: 4.0488
Epoch 1/5, Batch 270/2746, Loss: 4.0287
Epoch 1/5, Batch 280/2746, Loss: 4.0659
Epoch 1/5, Batch 290/2746, Loss: 4.0071
Epoch 1/5, Batch 300/2746, Loss: 4.0054
Epoch 1/5, Batch 310/2746, Loss: 3.9225
Epoch 1/5, Batch 320/2746, Loss: 3.8937
Epoch 1/5, Batch 330/2746, Loss: 3.9046
Epoch 1/5, Batch 340/2746, Loss: 3.8540
Epoch 1/5, Batch 350/2746, Loss: 3.9009
Epoch 1/5, Batch 360/2746, Loss: 3.8294
Epoch 1/5, Batch 370/2746, Loss: 3.8824
Epoch 1/5, Batch 380/2746, Loss: 3.8437
Epoch 1/5, Batch 390/2746, Loss: 3.7705
Epoch 1/5, Batch 400/2746, Loss: 3.8008
Epoch 1/5, Batch 410/2746, Loss: 3.7101
Epoch 1/5, Batch 420/2746, Loss: 3.7515
Epoch 1/5, Batch 430/2746, Loss: 3.7091
Epoch 1/5, Batch 440/2746, Loss: 3.7121
Epoch 1/5, Batch 450/2746, Loss: 3.6696
Epoch 1/5, Batch 460/2746, Loss: 3.6779
Epoch 1/5, Batch 470/2746, Loss: 3.6150
Epoch 1/5, Batch 480/2746, Loss: 3.6757
Epoch 1/5, Batch 490/2746, Loss: 3.5536
Epoch 1/5, Batch 500/2746, Loss: 3.5477
Epoch 1/5, Batch 510/2746, Loss: 3.6134
Epoch 1/5, Batch 520/2746, Loss: 3.5285
Epoch 1/5, Batch 530/2746, Loss: 3.4496
Epoch 1/5, Batch 540/2746, Loss: 3.5836
Epoch 1/5, Batch 550/2746, Loss: 3.5011
Epoch 1/5, Batch 560/2746, Loss: 3.4386
Epoch 1/5, Batch 570/2746, Loss: 3.4989
Epoch 1/5, Batch 580/2746, Loss: 3.4110
Epoch 1/5, Batch 590/2746, Loss: 3.3231
Epoch 1/5, Batch 600/2746, Loss: 3.3305
Epoch 1/5, Batch 610/2746, Loss: 3.2531
Epoch 1/5, Batch 620/2746, Loss: 3.2830
Epoch 1/5, Batch 630/2746, Loss: 3.2222
Epoch 1/5, Batch 640/2746, Loss: 3.3627
Epoch 1/5, Batch 650/2746, Loss: 3.2159
Epoch 1/5, Batch 660/2746, Loss: 3.2214
Epoch 1/5, Batch 670/2746, Loss: 3.1720
Epoch 1/5, Batch 680/2746, Loss: 3.1315
Epoch 1/5, Batch 690/2746, Loss: 3.0974
Epoch 1/5, Batch 700/2746, Loss: 3.1958
Epoch 1/5, Batch 710/2746, Loss: 3.2283
Epoch 1/5, Batch 720/2746, Loss: 3.1676
Epoch 1/5, Batch 730/2746, Loss: 3.1399
Epoch 1/5, Batch 740/2746, Loss: 3.1601
Epoch 1/5, Batch 750/2746, Loss: 3.1198
Epoch 1/5, Batch 760/2746, Loss: 3.0778
Epoch 1/5, Batch 770/2746, Loss: 3.0631
Epoch 1/5, Batch 780/2746, Loss: 3.0963
Epoch 1/5, Batch 790/2746, Loss: 3.0855
Epoch 1/5, Batch 800/2746, Loss: 3.0454
Epoch 1/5, Batch 810/2746, Loss: 2.9969
Epoch 1/5, Batch 820/2746, Loss: 3.0960
Epoch 1/5, Batch 830/2746, Loss: 3.0236
Epoch 1/5, Batch 840/2746, Loss: 3.0092
Epoch 1/5, Batch 850/2746, Loss: 3.0225
Epoch 1/5, Batch 860/2746, Loss: 3.0624
Epoch 1/5, Batch 870/2746, Loss: 2.9809
Epoch 1/5, Batch 880/2746, Loss: 3.1021
Epoch 1/5, Batch 890/2746, Loss: 2.9790
Epoch 1/5, Batch 900/2746, Loss: 2.9996
Epoch 1/5, Batch 910/2746, Loss: 3.0580
Epoch 1/5, Batch 920/2746, Loss: 2.9501
Epoch 1/5, Batch 930/2746, Loss: 2.9450
Epoch 1/5, Batch 940/2746, Loss: 2.9586
Epoch 1/5, Batch 950/2746, Loss: 2.9042
Epoch 1/5, Batch 960/2746, Loss: 2.9463
Epoch 1/5, Batch 970/2746, Loss: 2.9088
Epoch 1/5, Batch 980/2746, Loss: 2.9239
Epoch 1/5, Batch 990/2746, Loss: 2.9194
Epoch 1/5, Batch 1000/2746, Loss: 3.0100
Epoch 1/5, Batch 1010/2746, Loss: 2.9104
Epoch 1/5, Batch 1020/2746, Loss: 2.9656
Epoch 1/5, Batch 1030/2746, Loss: 2.8943
Epoch 1/5, Batch 1040/2746, Loss: 2.9399
Epoch 1/5, Batch 1050/2746, Loss: 2.9066
Epoch 1/5, Batch 1060/2746, Loss: 2.8957
Epoch 1/5, Batch 1070/2746, Loss: 3.0133
Epoch 1/5, Batch 1080/2746, Loss: 2.9299
Epoch 1/5, Batch 1090/2746, Loss: 2.9207
Epoch 1/5, Batch 1100/2746, Loss: 2.8749
Epoch 1/5, Batch 1110/2746, Loss: 2.9403
Epoch 1/5, Batch 1120/2746, Loss: 2.8412
Epoch 1/5, Batch 1130/2746, Loss: 2.8943
Epoch 1/5, Batch 1140/2746, Loss: 2.9145
Epoch 1/5, Batch 1150/2746, Loss: 2.9063
Epoch 1/5, Batch 1160/2746, Loss: 2.8837
Epoch 1/5, Batch 1170/2746, Loss: 2.9243
Epoch 1/5, Batch 1180/2746, Loss: 2.8794
Epoch 1/5, Batch 1190/2746, Loss: 2.8584
Epoch 1/5, Batch 1200/2746, Loss: 2.8800
Epoch 1/5, Batch 1210/2746, Loss: 2.8466
Epoch 1/5, Batch 1220/2746, Loss: 2.8695
Epoch 1/5, Batch 1230/2746, Loss: 2.8610
Epoch 1/5, Batch 1240/2746, Loss: 2.8679
Epoch 1/5, Batch 1250/2746, Loss: 2.8312
Epoch 1/5, Batch 1260/2746, Loss: 2.8535
Epoch 1/5, Batch 1270/2746, Loss: 2.8144
Epoch 1/5, Batch 1280/2746, Loss: 2.8078
Epoch 1/5, Batch 1290/2746, Loss: 2.9008
Epoch 1/5, Batch 1300/2746, Loss: 2.8080
Epoch 1/5, Batch 1310/2746, Loss: 2.8895
Epoch 1/5, Batch 1320/2746, Loss: 2.8595
Epoch 1/5, Batch 1330/2746, Loss: 2.8323
Epoch 1/5, Batch 1340/2746, Loss: 2.8215
Epoch 1/5, Batch 1350/2746, Loss: 2.7969
Epoch 1/5, Batch 1360/2746, Loss: 2.8169
Epoch 1/5, Batch 1370/2746, Loss: 2.8288
Epoch 1/5, Batch 1380/2746, Loss: 2.8665
Epoch 1/5, Batch 1390/2746, Loss: 2.8475
Epoch 1/5, Batch 1400/2746, Loss: 2.9329
Epoch 1/5, Batch 1410/2746, Loss: 2.7835
Epoch 1/5, Batch 1420/2746, Loss: 2.7965
Epoch 1/5, Batch 1430/2746, Loss: 2.8306
Epoch 1/5, Batch 1440/2746, Loss: 2.8227
Epoch 1/5, Batch 1450/2746, Loss: 2.8004
Epoch 1/5, Batch 1460/2746, Loss: 2.8554
Epoch 1/5, Batch 1470/2746, Loss: 2.7997
Epoch 1/5, Batch 1480/2746, Loss: 2.7893
Epoch 1/5, Batch 1490/2746, Loss: 2.8805
Epoch 1/5, Batch 1500/2746, Loss: 2.7624
Epoch 1/5, Batch 1510/2746, Loss: 2.8200
Epoch 1/5, Batch 1520/2746, Loss: 2.8097
Epoch 1/5, Batch 1530/2746, Loss: 2.7511
Epoch 1/5, Batch 1540/2746, Loss: 2.8038
Epoch 1/5, Batch 1550/2746, Loss: 2.8146
Epoch 1/5, Batch 1560/2746, Loss: 2.7859
Epoch 1/5, Batch 1570/2746, Loss: 2.7894
Epoch 1/5, Batch 1580/2746, Loss: 2.7450
Epoch 1/5, Batch 1590/2746, Loss: 2.8269
Epoch 1/5, Batch 1600/2746, Loss: 2.8175
Epoch 1/5, Batch 1610/2746, Loss: 2.8090
Epoch 1/5, Batch 1620/2746, Loss: 2.8217
Epoch 1/5, Batch 1630/2746, Loss: 2.7479
Epoch 1/5, Batch 1640/2746, Loss: 2.7152
Epoch 1/5, Batch 1650/2746, Loss: 2.7470
Epoch 1/5, Batch 1660/2746, Loss: 2.8576
Epoch 1/5, Batch 1670/2746, Loss: 2.8590
Epoch 1/5, Batch 1680/2746, Loss: 2.7947
Epoch 1/5, Batch 1690/2746, Loss: 2.8690
Epoch 1/5, Batch 1700/2746, Loss: 2.7578
Epoch 1/5, Batch 1710/2746, Loss: 2.7174
Epoch 1/5, Batch 1720/2746, Loss: 2.7866
Epoch 1/5, Batch 1730/2746, Loss: 2.7521
Epoch 1/5, Batch 1740/2746, Loss: 2.7289
Epoch 1/5, Batch 1750/2746, Loss: 2.7653
Epoch 1/5, Batch 1760/2746, Loss: 2.7557
Epoch 1/5, Batch 1770/2746, Loss: 2.7767
Epoch 1/5, Batch 1780/2746, Loss: 2.7554
Epoch 1/5, Batch 1790/2746, Loss: 2.7392
Epoch 1/5, Batch 1800/2746, Loss: 2.6966
Epoch 1/5, Batch 1810/2746, Loss: 2.7545
Epoch 1/5, Batch 1820/2746, Loss: 2.7215
Epoch 1/5, Batch 1830/2746, Loss: 2.8371
Epoch 1/5, Batch 1840/2746, Loss: 2.7423
Epoch 1/5, Batch 1850/2746, Loss: 2.7589
Epoch 1/5, Batch 1860/2746, Loss: 2.7671
Epoch 1/5, Batch 1870/2746, Loss: 2.7250
Epoch 1/5, Batch 1880/2746, Loss: 2.6935
Epoch 1/5, Batch 1890/2746, Loss: 2.6860
Epoch 1/5, Batch 1900/2746, Loss: 2.7309
Epoch 1/5, Batch 1910/2746, Loss: 2.6929
Epoch 1/5, Batch 1920/2746, Loss: 2.7466
Epoch 1/5, Batch 1930/2746, Loss: 2.7398
Epoch 1/5, Batch 1940/2746, Loss: 2.7635
Epoch 1/5, Batch 1950/2746, Loss: 2.7209
Epoch 1/5, Batch 1960/2746, Loss: 2.6975
Epoch 1/5, Batch 1970/2746, Loss: 2.6840
Epoch 1/5, Batch 1980/2746, Loss: 2.6948
Epoch 1/5, Batch 1990/2746, Loss: 2.7402
Epoch 1/5, Batch 2000/2746, Loss: 2.7139
Epoch 1/5, Batch 2010/2746, Loss: 2.7165
Epoch 1/5, Batch 2020/2746, Loss: 2.7356
Epoch 1/5, Batch 2030/2746, Loss: 2.6952
Epoch 1/5, Batch 2040/2746, Loss: 2.7043
Epoch 1/5, Batch 2050/2746, Loss: 2.6883
Epoch 1/5, Batch 2060/2746, Loss: 2.6940
Epoch 1/5, Batch 2070/2746, Loss: 2.7223
Epoch 1/5, Batch 2080/2746, Loss: 2.7186
Epoch 1/5, Batch 2090/2746, Loss: 2.7196
Epoch 1/5, Batch 2100/2746, Loss: 2.7275
Epoch 1/5, Batch 2110/2746, Loss: 2.7619
Epoch 1/5, Batch 2120/2746, Loss: 2.7312
Epoch 1/5, Batch 2130/2746, Loss: 2.7077
Epoch 1/5, Batch 2140/2746, Loss: 2.6510
Epoch 1/5, Batch 2150/2746, Loss: 2.7446
Epoch 1/5, Batch 2160/2746, Loss: 2.7368
Epoch 1/5, Batch 2170/2746, Loss: 2.7463
Epoch 1/5, Batch 2180/2746, Loss: 2.7454
Epoch 1/5, Batch 2190/2746, Loss: 2.7298
Epoch 1/5, Batch 2200/2746, Loss: 2.7128
Epoch 1/5, Batch 2210/2746, Loss: 2.7237
Epoch 1/5, Batch 2220/2746, Loss: 2.7356
Epoch 1/5, Batch 2230/2746, Loss: 2.7324
Epoch 1/5, Batch 2240/2746, Loss: 2.7121
Epoch 1/5, Batch 2250/2746, Loss: 2.7616
Epoch 1/5, Batch 2260/2746, Loss: 2.7591
Epoch 1/5, Batch 2270/2746, Loss: 2.6986
Epoch 1/5, Batch 2280/2746, Loss: 2.7213
Epoch 1/5, Batch 2290/2746, Loss: 2.7253
Epoch 1/5, Batch 2300/2746, Loss: 2.7259
Epoch 1/5, Batch 2310/2746, Loss: 2.6629
Epoch 1/5, Batch 2320/2746, Loss: 2.7092
Epoch 1/5, Batch 2330/2746, Loss: 2.7020
Epoch 1/5, Batch 2340/2746, Loss: 2.6962
Epoch 1/5, Batch 2350/2746, Loss: 2.7445
Epoch 1/5, Batch 2360/2746, Loss: 2.7014
Epoch 1/5, Batch 2370/2746, Loss: 2.7567
Epoch 1/5, Batch 2380/2746, Loss: 2.7073
Epoch 1/5, Batch 2390/2746, Loss: 2.8021
Epoch 1/5, Batch 2400/2746, Loss: 2.7057
Epoch 1/5, Batch 2410/2746, Loss: 2.6775
Epoch 1/5, Batch 2420/2746, Loss: 2.6942
Epoch 1/5, Batch 2430/2746, Loss: 2.7154
Epoch 1/5, Batch 2440/2746, Loss: 2.6772
Epoch 1/5, Batch 2450/2746, Loss: 2.6629
Epoch 1/5, Batch 2460/2746, Loss: 2.6178
Epoch 1/5, Batch 2470/2746, Loss: 2.6616
Epoch 1/5, Batch 2480/2746, Loss: 2.6821
Epoch 1/5, Batch 2490/2746, Loss: 2.6488
Epoch 1/5, Batch 2500/2746, Loss: 2.7262
Epoch 1/5, Batch 2510/2746, Loss: 2.6963
Epoch 1/5, Batch 2520/2746, Loss: 2.6722
Epoch 1/5, Batch 2530/2746, Loss: 2.7043
Epoch 1/5, Batch 2540/2746, Loss: 2.6982
Epoch 1/5, Batch 2550/2746, Loss: 2.6822
Epoch 1/5, Batch 2560/2746, Loss: 2.6935
Epoch 1/5, Batch 2570/2746, Loss: 2.6917
Epoch 1/5, Batch 2580/2746, Loss: 2.6470
Epoch 1/5, Batch 2590/2746, Loss: 2.6651
Epoch 1/5, Batch 2600/2746, Loss: 2.6410
Epoch 1/5, Batch 2610/2746, Loss: 2.6974
Epoch 1/5, Batch 2620/2746, Loss: 2.6425
Epoch 1/5, Batch 2630/2746, Loss: 2.6772
Epoch 1/5, Batch 2640/2746, Loss: 2.6746
Epoch 1/5, Batch 2650/2746, Loss: 2.7272
Epoch 1/5, Batch 2660/2746, Loss: 2.6384
Epoch 1/5, Batch 2670/2746, Loss: 2.6738
Epoch 1/5, Batch 2680/2746, Loss: 2.6963
Epoch 1/5, Batch 2690/2746, Loss: 2.6880
Epoch 1/5, Batch 2700/2746, Loss: 2.6659
Epoch 1/5, Batch 2710/2746, Loss: 2.6727
Epoch 1/5, Batch 2720/2746, Loss: 2.6430
Epoch 1/5, Batch 2730/2746, Loss: 2.6279
Epoch 1/5, Batch 2740/2746, Loss: 2.6691
New best model with validation loss: 2.6319, perplexity: 13.90
Epoch 1/5, Loss: 3.1299, Perplexity: 22.87, Val Loss: 2.6319, Val Perplexity: 13.90, Time: 6270.22s
Epoch 2/5, Batch 10/2746, Loss: 2.7585
Epoch 2/5, Batch 20/2746, Loss: 2.7426
Epoch 2/5, Batch 30/2746, Loss: 2.7537
Epoch 2/5, Batch 40/2746, Loss: 2.7116
Epoch 2/5, Batch 50/2746, Loss: 2.6919
Epoch 2/5, Batch 60/2746, Loss: 2.6847
Epoch 2/5, Batch 70/2746, Loss: 2.6746
Epoch 2/5, Batch 80/2746, Loss: 2.7401
Epoch 2/5, Batch 90/2746, Loss: 2.7191
Epoch 2/5, Batch 100/2746, Loss: 2.6821
Epoch 2/5, Batch 110/2746, Loss: 2.7349
Epoch 2/5, Batch 120/2746, Loss: 2.6685
Epoch 2/5, Batch 130/2746, Loss: 2.6642
Epoch 2/5, Batch 140/2746, Loss: 2.7398
Epoch 2/5, Batch 150/2746, Loss: 2.6644
Epoch 2/5, Batch 160/2746, Loss: 2.6514
Epoch 2/5, Batch 170/2746, Loss: 2.6690
Epoch 2/5, Batch 180/2746, Loss: 2.6493
Epoch 2/5, Batch 190/2746, Loss: 2.6664
Epoch 2/5, Batch 200/2746, Loss: 2.6451
Epoch 2/5, Batch 210/2746, Loss: 2.7058
Epoch 2/5, Batch 220/2746, Loss: 2.6214
Epoch 2/5, Batch 230/2746, Loss: 2.6632
Epoch 2/5, Batch 240/2746, Loss: 2.6443
Epoch 2/5, Batch 250/2746, Loss: 2.6425
Epoch 2/5, Batch 260/2746, Loss: 2.6502
Epoch 2/5, Batch 270/2746, Loss: 2.6829
Epoch 2/5, Batch 280/2746, Loss: 2.6879
Epoch 2/5, Batch 290/2746, Loss: 2.6598
Epoch 2/5, Batch 300/2746, Loss: 2.6700
Epoch 2/5, Batch 310/2746, Loss: 2.6286
Epoch 2/5, Batch 320/2746, Loss: 2.6419
Epoch 2/5, Batch 330/2746, Loss: 2.6541
Epoch 2/5, Batch 340/2746, Loss: 2.6199
Epoch 2/5, Batch 350/2746, Loss: 2.6425
Epoch 2/5, Batch 360/2746, Loss: 2.6210
Epoch 2/5, Batch 370/2746, Loss: 2.6857
Epoch 2/5, Batch 380/2746, Loss: 2.6179
Epoch 2/5, Batch 390/2746, Loss: 2.6472
Epoch 2/5, Batch 400/2746, Loss: 2.6880
Epoch 2/5, Batch 410/2746, Loss: 2.6067
Epoch 2/5, Batch 420/2746, Loss: 2.6185
Epoch 2/5, Batch 430/2746, Loss: 2.6412
