Using device: cuda
Loading training data...
Loading data from data/enwik8
Training model...
Training on device: cuda
Using mixed precision training (FP16)
Using gradient accumulation with 4 steps
Effective batch size: 128
Epoch 1/100, Batch 10/2746, Loss: 5.5184
Epoch 1/100, Batch 20/2746, Loss: 5.5073
Epoch 1/100, Batch 30/2746, Loss: 5.4716
Epoch 1/100, Batch 40/2746, Loss: 5.4200
Epoch 1/100, Batch 50/2746, Loss: 5.4299
Epoch 1/100, Batch 60/2746, Loss: 5.3841
Epoch 1/100, Batch 70/2746, Loss: 5.2614
Epoch 1/100, Batch 80/2746, Loss: 5.1902
Epoch 1/100, Batch 90/2746, Loss: 5.1278
Epoch 1/100, Batch 100/2746, Loss: 5.0524
Epoch 1/100, Batch 110/2746, Loss: 4.9394
Epoch 1/100, Batch 120/2746, Loss: 4.8600
Epoch 1/100, Batch 130/2746, Loss: 4.9126
Epoch 1/100, Batch 140/2746, Loss: 4.8451
Epoch 1/100, Batch 150/2746, Loss: 4.5988
Epoch 1/100, Batch 160/2746, Loss: 4.5070
Epoch 1/100, Batch 170/2746, Loss: 4.4968
Epoch 1/100, Batch 180/2746, Loss: 4.3784
Epoch 1/100, Batch 190/2746, Loss: 4.3140
Epoch 1/100, Batch 200/2746, Loss: 4.2356
Epoch 1/100, Batch 210/2746, Loss: 4.3626
Epoch 1/100, Batch 220/2746, Loss: 4.1622
Epoch 1/100, Batch 230/2746, Loss: 4.0873
Epoch 1/100, Batch 240/2746, Loss: 4.0530
Epoch 1/100, Batch 250/2746, Loss: 3.9834
Epoch 1/100, Batch 260/2746, Loss: 4.0551
Epoch 1/100, Batch 270/2746, Loss: 3.9941
Epoch 1/100, Batch 280/2746, Loss: 4.0157
Epoch 1/100, Batch 290/2746, Loss: 4.0831
Epoch 1/100, Batch 300/2746, Loss: 3.9736
Epoch 1/100, Batch 310/2746, Loss: 3.8739
Epoch 1/100, Batch 320/2746, Loss: 3.8553
Epoch 1/100, Batch 330/2746, Loss: 3.8797
Epoch 1/100, Batch 340/2746, Loss: 3.8258
Epoch 1/100, Batch 350/2746, Loss: 3.8829
Epoch 1/100, Batch 360/2746, Loss: 3.8572
Epoch 1/100, Batch 370/2746, Loss: 3.8854
Epoch 1/100, Batch 380/2746, Loss: 3.8342
Epoch 1/100, Batch 390/2746, Loss: 3.7378
Epoch 1/100, Batch 400/2746, Loss: 3.7675
Epoch 1/100, Batch 410/2746, Loss: 3.6822
Epoch 1/100, Batch 420/2746, Loss: 3.7246
Epoch 1/100, Batch 430/2746, Loss: 3.6963
Epoch 1/100, Batch 440/2746, Loss: 3.6725
Epoch 1/100, Batch 450/2746, Loss: 3.6709
Epoch 1/100, Batch 460/2746, Loss: 3.6614
Epoch 1/100, Batch 470/2746, Loss: 3.6275
Epoch 1/100, Batch 480/2746, Loss: 3.6612
Epoch 1/100, Batch 490/2746, Loss: 3.5400
Epoch 1/100, Batch 500/2746, Loss: 3.5415
Epoch 1/100, Batch 510/2746, Loss: 3.6013
Epoch 1/100, Batch 520/2746, Loss: 3.5125
Epoch 1/100, Batch 530/2746, Loss: 3.4253
Epoch 1/100, Batch 540/2746, Loss: 3.4798
Epoch 1/100, Batch 550/2746, Loss: 3.4643
Epoch 1/100, Batch 560/2746, Loss: 3.4140
Epoch 1/100, Batch 570/2746, Loss: 3.4739
Epoch 1/100, Batch 580/2746, Loss: 3.4762
Epoch 1/100, Batch 590/2746, Loss: 3.3060
Epoch 1/100, Batch 600/2746, Loss: 3.3216
Epoch 1/100, Batch 610/2746, Loss: 3.2628
Epoch 1/100, Batch 620/2746, Loss: 3.3152
Epoch 1/100, Batch 630/2746, Loss: 3.1987
Epoch 1/100, Batch 640/2746, Loss: 3.3563
Epoch 1/100, Batch 650/2746, Loss: 3.2161
Epoch 1/100, Batch 660/2746, Loss: 3.1965
Epoch 1/100, Batch 670/2746, Loss: 3.2242
Epoch 1/100, Batch 680/2746, Loss: 3.1308
Epoch 1/100, Batch 690/2746, Loss: 3.0870
Epoch 1/100, Batch 700/2746, Loss: 3.1924
Epoch 1/100, Batch 710/2746, Loss: 3.2530
Epoch 1/100, Batch 720/2746, Loss: 3.1450
Epoch 1/100, Batch 730/2746, Loss: 3.1235
Epoch 1/100, Batch 740/2746, Loss: 3.1555
Epoch 1/100, Batch 750/2746, Loss: 3.1117
Epoch 1/100, Batch 760/2746, Loss: 3.0726
Epoch 1/100, Batch 770/2746, Loss: 3.0626
Epoch 1/100, Batch 780/2746, Loss: 3.0853
Epoch 1/100, Batch 790/2746, Loss: 3.0794
Epoch 1/100, Batch 800/2746, Loss: 3.0308
Epoch 1/100, Batch 810/2746, Loss: 3.0001
Epoch 1/100, Batch 820/2746, Loss: 3.0908
Epoch 1/100, Batch 830/2746, Loss: 2.9964
Epoch 1/100, Batch 840/2746, Loss: 2.9991
Epoch 1/100, Batch 850/2746, Loss: 3.0056
Epoch 1/100, Batch 860/2746, Loss: 3.0674
Epoch 1/100, Batch 870/2746, Loss: 2.9753
Epoch 1/100, Batch 880/2746, Loss: 3.0675
Epoch 1/100, Batch 890/2746, Loss: 2.9690
Epoch 1/100, Batch 900/2746, Loss: 2.9887
Epoch 1/100, Batch 910/2746, Loss: 3.0390
Epoch 1/100, Batch 920/2746, Loss: 2.9440
Epoch 1/100, Batch 930/2746, Loss: 2.9349
Epoch 1/100, Batch 940/2746, Loss: 2.9545
Epoch 1/100, Batch 950/2746, Loss: 2.8965
Epoch 1/100, Batch 960/2746, Loss: 2.9385
Epoch 1/100, Batch 970/2746, Loss: 2.8994
Epoch 1/100, Batch 980/2746, Loss: 2.9108
Epoch 1/100, Batch 990/2746, Loss: 2.9054
Epoch 1/100, Batch 1000/2746, Loss: 2.9757
Epoch 1/100, Batch 1010/2746, Loss: 2.8992
Epoch 1/100, Batch 1020/2746, Loss: 2.9625
Epoch 1/100, Batch 1030/2746, Loss: 2.8911
Epoch 1/100, Batch 1040/2746, Loss: 2.9228
Epoch 1/100, Batch 1050/2746, Loss: 2.8906
Epoch 1/100, Batch 1060/2746, Loss: 2.8845
Epoch 1/100, Batch 1070/2746, Loss: 2.9840
Epoch 1/100, Batch 1080/2746, Loss: 2.9033
Epoch 1/100, Batch 1090/2746, Loss: 2.8699
Epoch 1/100, Batch 1100/2746, Loss: 2.8619
Epoch 1/100, Batch 1110/2746, Loss: 2.9009
Epoch 1/100, Batch 1120/2746, Loss: 2.8367
Epoch 1/100, Batch 1130/2746, Loss: 2.8688
Epoch 1/100, Batch 1140/2746, Loss: 2.8866
Epoch 1/100, Batch 1150/2746, Loss: 2.9010
Epoch 1/100, Batch 1160/2746, Loss: 2.8483
Epoch 1/100, Batch 1170/2746, Loss: 2.8933
Epoch 1/100, Batch 1180/2746, Loss: 2.8633
Epoch 1/100, Batch 1190/2746, Loss: 2.8314
Epoch 1/100, Batch 1200/2746, Loss: 2.8285
Epoch 1/100, Batch 1210/2746, Loss: 2.8094
Epoch 1/100, Batch 1220/2746, Loss: 2.8434
Epoch 1/100, Batch 1230/2746, Loss: 2.8261
Epoch 1/100, Batch 1240/2746, Loss: 2.8471
Epoch 1/100, Batch 1250/2746, Loss: 2.8010
Epoch 1/100, Batch 1260/2746, Loss: 2.8298
Epoch 1/100, Batch 1270/2746, Loss: 2.7768
Epoch 1/100, Batch 1280/2746, Loss: 2.7762
Epoch 1/100, Batch 1290/2746, Loss: 2.8753
Epoch 1/100, Batch 1300/2746, Loss: 2.7778
Epoch 1/100, Batch 1310/2746, Loss: 2.8632
Epoch 1/100, Batch 1320/2746, Loss: 2.8314
Epoch 1/100, Batch 1330/2746, Loss: 2.7764
Epoch 1/100, Batch 1340/2746, Loss: 2.7985
Epoch 1/100, Batch 1350/2746, Loss: 2.7620
Epoch 1/100, Batch 1360/2746, Loss: 2.7736
Epoch 1/100, Batch 1370/2746, Loss: 2.7729
Epoch 1/100, Batch 1380/2746, Loss: 2.8091
Epoch 1/100, Batch 1390/2746, Loss: 2.8126
Epoch 1/100, Batch 1400/2746, Loss: 2.8535
Epoch 1/100, Batch 1410/2746, Loss: 2.7739
Epoch 1/100, Batch 1420/2746, Loss: 2.7730
Epoch 1/100, Batch 1430/2746, Loss: 2.7884
Epoch 1/100, Batch 1440/2746, Loss: 2.7902
Epoch 1/100, Batch 1450/2746, Loss: 2.7708
Epoch 1/100, Batch 1460/2746, Loss: 2.8577
Epoch 1/100, Batch 1470/2746, Loss: 2.7574
Epoch 1/100, Batch 1480/2746, Loss: 2.7552
Epoch 1/100, Batch 1490/2746, Loss: 2.8634
Epoch 1/100, Batch 1500/2746, Loss: 2.7376
Epoch 1/100, Batch 1510/2746, Loss: 2.7994
Epoch 1/100, Batch 1520/2746, Loss: 2.7667
Epoch 1/100, Batch 1530/2746, Loss: 2.7130
Epoch 1/100, Batch 1540/2746, Loss: 2.7814
Epoch 1/100, Batch 1550/2746, Loss: 2.7891
Epoch 1/100, Batch 1560/2746, Loss: 2.7369
Epoch 1/100, Batch 1570/2746, Loss: 2.7696
Epoch 1/100, Batch 1580/2746, Loss: 2.7074
Epoch 1/100, Batch 1590/2746, Loss: 2.7909
Epoch 1/100, Batch 1600/2746, Loss: 2.7840
Epoch 1/100, Batch 1610/2746, Loss: 2.7543
Epoch 1/100, Batch 1620/2746, Loss: 2.7776
Epoch 1/100, Batch 1630/2746, Loss: 2.7069
Epoch 1/100, Batch 1640/2746, Loss: 2.6999
Epoch 1/100, Batch 1650/2746, Loss: 2.7099
Epoch 1/100, Batch 1660/2746, Loss: 2.8191
Epoch 1/100, Batch 1670/2746, Loss: 2.8096
Epoch 1/100, Batch 1680/2746, Loss: 2.7678
Epoch 1/100, Batch 1690/2746, Loss: 2.8124
Epoch 1/100, Batch 1700/2746, Loss: 2.7206
Epoch 1/100, Batch 1710/2746, Loss: 2.6939
Epoch 1/100, Batch 1720/2746, Loss: 2.7508
Epoch 1/100, Batch 1730/2746, Loss: 2.7296
Epoch 1/100, Batch 1740/2746, Loss: 2.6970
Epoch 1/100, Batch 1750/2746, Loss: 2.7300
Epoch 1/100, Batch 1760/2746, Loss: 2.7017
Epoch 1/100, Batch 1770/2746, Loss: 2.7226
Epoch 1/100, Batch 1780/2746, Loss: 2.7183
Epoch 1/100, Batch 1790/2746, Loss: 2.6970
Epoch 1/100, Batch 1800/2746, Loss: 2.6472
Epoch 1/100, Batch 1810/2746, Loss: 2.7106
Epoch 1/100, Batch 1820/2746, Loss: 2.6991
Epoch 1/100, Batch 1830/2746, Loss: 2.7890
Epoch 1/100, Batch 1840/2746, Loss: 2.6969
Epoch 1/100, Batch 1850/2746, Loss: 2.7173
Epoch 1/100, Batch 1860/2746, Loss: 2.7336
Epoch 1/100, Batch 1870/2746, Loss: 2.6959
Epoch 1/100, Batch 1880/2746, Loss: 2.6502
Epoch 1/100, Batch 1890/2746, Loss: 2.6399
Epoch 1/100, Batch 1900/2746, Loss: 2.6972
Epoch 1/100, Batch 1910/2746, Loss: 2.6597
Epoch 1/100, Batch 1920/2746, Loss: 2.6863
Epoch 1/100, Batch 1930/2746, Loss: 2.6778
Epoch 1/100, Batch 1940/2746, Loss: 2.6736
Epoch 1/100, Batch 1950/2746, Loss: 2.6625
Epoch 1/100, Batch 1960/2746, Loss: 2.6413
Epoch 1/100, Batch 1970/2746, Loss: 2.6466
Epoch 1/100, Batch 1980/2746, Loss: 2.6559
Epoch 1/100, Batch 1990/2746, Loss: 2.7060
Epoch 1/100, Batch 2000/2746, Loss: 2.6783
Epoch 1/100, Batch 2010/2746, Loss: 2.6703
Epoch 1/100, Batch 2020/2746, Loss: 2.6829
Epoch 1/100, Batch 2030/2746, Loss: 2.6561
Epoch 1/100, Batch 2040/2746, Loss: 2.6475
Epoch 1/100, Batch 2050/2746, Loss: 2.6304
Epoch 1/100, Batch 2060/2746, Loss: 2.6433
Epoch 1/100, Batch 2070/2746, Loss: 2.6555
Epoch 1/100, Batch 2080/2746, Loss: 2.6546
Epoch 1/100, Batch 2090/2746, Loss: 2.6568
Epoch 1/100, Batch 2100/2746, Loss: 2.6756
Epoch 1/100, Batch 2110/2746, Loss: 2.6929
Epoch 1/100, Batch 2120/2746, Loss: 2.6492
Epoch 1/100, Batch 2130/2746, Loss: 2.6405
Epoch 1/100, Batch 2140/2746, Loss: 2.6038
Epoch 1/100, Batch 2150/2746, Loss: 2.6755
Epoch 1/100, Batch 2160/2746, Loss: 2.6733
Epoch 1/100, Batch 2170/2746, Loss: 2.6810
Epoch 1/100, Batch 2180/2746, Loss: 2.6855
Epoch 1/100, Batch 2190/2746, Loss: 2.6845
Epoch 1/100, Batch 2200/2746, Loss: 2.6678
Epoch 1/100, Batch 2210/2746, Loss: 2.6309
Epoch 1/100, Batch 2220/2746, Loss: 2.6415
Epoch 1/100, Batch 2230/2746, Loss: 2.6741
Epoch 1/100, Batch 2240/2746, Loss: 2.6574
Epoch 1/100, Batch 2250/2746, Loss: 2.6914
Epoch 1/100, Batch 2260/2746, Loss: 2.6962
Epoch 1/100, Batch 2270/2746, Loss: 2.6269
Epoch 1/100, Batch 2280/2746, Loss: 2.6452
Epoch 1/100, Batch 2290/2746, Loss: 2.6481
Epoch 1/100, Batch 2300/2746, Loss: 2.6662
Epoch 1/100, Batch 2310/2746, Loss: 2.5954
Epoch 1/100, Batch 2320/2746, Loss: 2.6422
Epoch 1/100, Batch 2330/2746, Loss: 2.6347
Epoch 1/100, Batch 2340/2746, Loss: 2.6246
Epoch 1/100, Batch 2350/2746, Loss: 2.6565
Epoch 1/100, Batch 2360/2746, Loss: 2.6373
Epoch 1/100, Batch 2370/2746, Loss: 2.6709
Epoch 1/100, Batch 2380/2746, Loss: 2.6049
Epoch 1/100, Batch 2390/2746, Loss: 2.7161
Epoch 1/100, Batch 2400/2746, Loss: 2.6359
Epoch 1/100, Batch 2410/2746, Loss: 2.5892
Epoch 1/100, Batch 2420/2746, Loss: 2.6142
Epoch 1/100, Batch 2430/2746, Loss: 2.6305
Epoch 1/100, Batch 2440/2746, Loss: 2.5885
Epoch 1/100, Batch 2450/2746, Loss: 2.5794
Epoch 1/100, Batch 2460/2746, Loss: 2.5114
Epoch 1/100, Batch 2470/2746, Loss: 2.5869
Epoch 1/100, Batch 2480/2746, Loss: 2.6252
Epoch 1/100, Batch 2490/2746, Loss: 2.5853
Epoch 1/100, Batch 2500/2746, Loss: 2.6500
Epoch 1/100, Batch 2510/2746, Loss: 2.6076
Epoch 1/100, Batch 2520/2746, Loss: 2.5799
Epoch 1/100, Batch 2530/2746, Loss: 2.6219
Epoch 1/100, Batch 2540/2746, Loss: 2.6160
Epoch 1/100, Batch 2550/2746, Loss: 2.5846
Epoch 1/100, Batch 2560/2746, Loss: 2.5880
Epoch 1/100, Batch 2570/2746, Loss: 2.6262
Epoch 1/100, Batch 2580/2746, Loss: 2.5463
Epoch 1/100, Batch 2590/2746, Loss: 2.5551
Epoch 1/100, Batch 2600/2746, Loss: 2.5775
Epoch 1/100, Batch 2610/2746, Loss: 2.6132
Epoch 1/100, Batch 2620/2746, Loss: 2.5517
Epoch 1/100, Batch 2630/2746, Loss: 2.5749
Epoch 1/100, Batch 2640/2746, Loss: 2.5440
Epoch 1/100, Batch 2650/2746, Loss: 2.6015
Epoch 1/100, Batch 2660/2746, Loss: 2.5480
Epoch 1/100, Batch 2670/2746, Loss: 2.5754
Epoch 1/100, Batch 2680/2746, Loss: 2.5940
Epoch 1/100, Batch 2690/2746, Loss: 2.5939
Epoch 1/100, Batch 2700/2746, Loss: 2.5388
Epoch 1/100, Batch 2710/2746, Loss: 2.5768
Epoch 1/100, Batch 2720/2746, Loss: 2.5365
Epoch 1/100, Batch 2730/2746, Loss: 2.5506
Epoch 1/100, Batch 2740/2746, Loss: 2.5671
New best model with validation loss: 2.4960, perplexity: 12.13
Epoch 1/100, Loss: 3.0885, Perplexity: 21.94, Val Loss: 2.4960, Val Perplexity: 12.13, Time: 3658.08s
Epoch 2/100, Batch 10/2746, Loss: 2.6197
Epoch 2/100, Batch 20/2746, Loss: 2.6297
Epoch 2/100, Batch 30/2746, Loss: 2.6173
Epoch 2/100, Batch 40/2746, Loss: 2.5943
Epoch 2/100, Batch 50/2746, Loss: 2.5800
Epoch 2/100, Batch 60/2746, Loss: 2.5572
Epoch 2/100, Batch 70/2746, Loss: 2.5401
Epoch 2/100, Batch 80/2746, Loss: 2.6090
Epoch 2/100, Batch 90/2746, Loss: 2.5841
Epoch 2/100, Batch 100/2746, Loss: 2.5632
Epoch 2/100, Batch 110/2746, Loss: 2.6490
Epoch 2/100, Batch 120/2746, Loss: 2.5565
Epoch 2/100, Batch 130/2746, Loss: 2.5555
Epoch 2/100, Batch 140/2746, Loss: 2.6318
Epoch 2/100, Batch 150/2746, Loss: 2.5258
Epoch 2/100, Batch 160/2746, Loss: 2.5198
Epoch 2/100, Batch 170/2746, Loss: 2.5495
Epoch 2/100, Batch 180/2746, Loss: 2.5541
Epoch 2/100, Batch 190/2746, Loss: 2.5768
Epoch 2/100, Batch 200/2746, Loss: 2.5473
Epoch 2/100, Batch 210/2746, Loss: 2.5778
Epoch 2/100, Batch 220/2746, Loss: 2.5021
Epoch 2/100, Batch 230/2746, Loss: 2.5528
Epoch 2/100, Batch 240/2746, Loss: 2.5461
Epoch 2/100, Batch 250/2746, Loss: 2.5427
Epoch 2/100, Batch 260/2746, Loss: 2.5837
Epoch 2/100, Batch 270/2746, Loss: 2.5583
Epoch 2/100, Batch 280/2746, Loss: 2.5597
Epoch 2/100, Batch 290/2746, Loss: 2.5097
Epoch 2/100, Batch 300/2746, Loss: 2.5679
Epoch 2/100, Batch 310/2746, Loss: 2.5007
Epoch 2/100, Batch 320/2746, Loss: 2.5208
Epoch 2/100, Batch 330/2746, Loss: 2.5064
Epoch 2/100, Batch 340/2746, Loss: 2.4909
Epoch 2/100, Batch 350/2746, Loss: 2.4731
Epoch 2/100, Batch 360/2746, Loss: 2.5051
Epoch 2/100, Batch 370/2746, Loss: 2.5633
Epoch 2/100, Batch 380/2746, Loss: 2.4777
Epoch 2/100, Batch 390/2746, Loss: 2.5062
Epoch 2/100, Batch 400/2746, Loss: 2.5811
Epoch 2/100, Batch 410/2746, Loss: 2.4854
Epoch 2/100, Batch 420/2746, Loss: 2.4789
Epoch 2/100, Batch 430/2746, Loss: 2.4955
Epoch 2/100, Batch 440/2746, Loss: 2.4917
Epoch 2/100, Batch 450/2746, Loss: 2.5155
Epoch 2/100, Batch 460/2746, Loss: 2.5252
Epoch 2/100, Batch 470/2746, Loss: 2.5167
Epoch 2/100, Batch 480/2746, Loss: 2.5581
Epoch 2/100, Batch 490/2746, Loss: 2.4957
Epoch 2/100, Batch 500/2746, Loss: 2.5630
Epoch 2/100, Batch 510/2746, Loss: 2.4966
Epoch 2/100, Batch 520/2746, Loss: 2.4771
Epoch 2/100, Batch 530/2746, Loss: 2.5362
Epoch 2/100, Batch 540/2746, Loss: 2.5343
Epoch 2/100, Batch 550/2746, Loss: 2.5036
Epoch 2/100, Batch 560/2746, Loss: 2.4278
Epoch 2/100, Batch 570/2746, Loss: 2.6198
Epoch 2/100, Batch 580/2746, Loss: 2.4896
Epoch 2/100, Batch 590/2746, Loss: 2.5199
Epoch 2/100, Batch 600/2746, Loss: 2.4832
Epoch 2/100, Batch 610/2746, Loss: 2.4788
Epoch 2/100, Batch 620/2746, Loss: 2.5211
Epoch 2/100, Batch 630/2746, Loss: 2.5154
Epoch 2/100, Batch 640/2746, Loss: 2.5458
Epoch 2/100, Batch 650/2746, Loss: 2.4931
Epoch 2/100, Batch 660/2746, Loss: 2.5049
Epoch 2/100, Batch 670/2746, Loss: 2.5103
Epoch 2/100, Batch 680/2746, Loss: 2.5038
Epoch 2/100, Batch 690/2746, Loss: 2.5072
Epoch 2/100, Batch 700/2746, Loss: 2.4508
Epoch 2/100, Batch 710/2746, Loss: 2.4365
Epoch 2/100, Batch 720/2746, Loss: 2.4709
Epoch 2/100, Batch 730/2746, Loss: 2.5087
Epoch 2/100, Batch 740/2746, Loss: 2.5101
Epoch 2/100, Batch 750/2746, Loss: 2.4496
Epoch 2/100, Batch 760/2746, Loss: 2.4562
Epoch 2/100, Batch 770/2746, Loss: 2.4788
Epoch 2/100, Batch 780/2746, Loss: 2.4996
Epoch 2/100, Batch 790/2746, Loss: 2.5580
Epoch 2/100, Batch 800/2746, Loss: 2.4975
Epoch 2/100, Batch 810/2746, Loss: 2.4312
Epoch 2/100, Batch 820/2746, Loss: 2.4877
Epoch 2/100, Batch 830/2746, Loss: 2.4582
Epoch 2/100, Batch 840/2746, Loss: 2.4398
Epoch 2/100, Batch 850/2746, Loss: 2.4982
Epoch 2/100, Batch 860/2746, Loss: 2.5166
Epoch 2/100, Batch 870/2746, Loss: 2.4666
Epoch 2/100, Batch 880/2746, Loss: 2.4961
Epoch 2/100, Batch 890/2746, Loss: 2.4684
Epoch 2/100, Batch 900/2746, Loss: 2.4770
Epoch 2/100, Batch 910/2746, Loss: 2.4349
Epoch 2/100, Batch 920/2746, Loss: 2.4182
Epoch 2/100, Batch 930/2746, Loss: 2.4424
Epoch 2/100, Batch 940/2746, Loss: 2.4247
Epoch 2/100, Batch 950/2746, Loss: 2.4671
Epoch 2/100, Batch 960/2746, Loss: 2.5084
Epoch 2/100, Batch 970/2746, Loss: 2.4743
Epoch 2/100, Batch 980/2746, Loss: 2.4169
Epoch 2/100, Batch 990/2746, Loss: 2.4978
Epoch 2/100, Batch 1000/2746, Loss: 2.5144
Epoch 2/100, Batch 1010/2746, Loss: 2.4186
Epoch 2/100, Batch 1020/2746, Loss: 2.4981
Epoch 2/100, Batch 1030/2746, Loss: 2.4271
Epoch 2/100, Batch 1040/2746, Loss: 2.4365
Epoch 2/100, Batch 1050/2746, Loss: 2.4084
Epoch 2/100, Batch 1060/2746, Loss: 2.4348
Epoch 2/100, Batch 1070/2746, Loss: 2.5045
Epoch 2/100, Batch 1080/2746, Loss: 2.3835
Epoch 2/100, Batch 1090/2746, Loss: 2.3749
Epoch 2/100, Batch 1100/2746, Loss: 2.4204
Epoch 2/100, Batch 1110/2746, Loss: 2.4210
Epoch 2/100, Batch 1120/2746, Loss: 2.4313
Epoch 2/100, Batch 1130/2746, Loss: 2.4209
Epoch 2/100, Batch 1140/2746, Loss: 2.3990
Epoch 2/100, Batch 1150/2746, Loss: 2.4665
Epoch 2/100, Batch 1160/2746, Loss: 2.3714
Epoch 2/100, Batch 1170/2746, Loss: 2.4200
Epoch 2/100, Batch 1180/2746, Loss: 2.4086
Epoch 2/100, Batch 1190/2746, Loss: 2.4254
Epoch 2/100, Batch 1200/2746, Loss: 2.3786
Epoch 2/100, Batch 1210/2746, Loss: 2.3014
Epoch 2/100, Batch 1220/2746, Loss: 2.4291
Epoch 2/100, Batch 1230/2746, Loss: 2.3768
Epoch 2/100, Batch 1240/2746, Loss: 2.3889
Epoch 2/100, Batch 1250/2746, Loss: 2.3968
Epoch 2/100, Batch 1260/2746, Loss: 2.4297
Epoch 2/100, Batch 1270/2746, Loss: 2.3670
Epoch 2/100, Batch 1280/2746, Loss: 2.3849
Epoch 2/100, Batch 1290/2746, Loss: 2.4095
Epoch 2/100, Batch 1300/2746, Loss: 2.3805
Epoch 2/100, Batch 1310/2746, Loss: 2.4497
Epoch 2/100, Batch 1320/2746, Loss: 2.3874
Epoch 2/100, Batch 1330/2746, Loss: 2.3187
Epoch 2/100, Batch 1340/2746, Loss: 2.3706
Epoch 2/100, Batch 1350/2746, Loss: 2.3698
Epoch 2/100, Batch 1360/2746, Loss: 2.3968
Epoch 2/100, Batch 1370/2746, Loss: 2.3608
Epoch 2/100, Batch 1380/2746, Loss: 2.3330
Epoch 2/100, Batch 1390/2746, Loss: 2.3389
Epoch 2/100, Batch 1400/2746, Loss: 2.3640
Epoch 2/100, Batch 1410/2746, Loss: 2.3978
Epoch 2/100, Batch 1420/2746, Loss: 2.4055
Epoch 2/100, Batch 1430/2746, Loss: 2.3516
Epoch 2/100, Batch 1440/2746, Loss: 2.3770
Epoch 2/100, Batch 1450/2746, Loss: 2.3513
Epoch 2/100, Batch 1460/2746, Loss: 2.3956
Epoch 2/100, Batch 1470/2746, Loss: 2.3436
Epoch 2/100, Batch 1480/2746, Loss: 2.3541
Epoch 2/100, Batch 1490/2746, Loss: 2.4940
Epoch 2/100, Batch 1500/2746, Loss: 2.3500
Epoch 2/100, Batch 1510/2746, Loss: 2.3709
Epoch 2/100, Batch 1520/2746, Loss: 2.3396
Epoch 2/100, Batch 1530/2746, Loss: 2.3069
Epoch 2/100, Batch 1540/2746, Loss: 2.3712
Epoch 2/100, Batch 1550/2746, Loss: 2.3687
Epoch 2/100, Batch 1560/2746, Loss: 2.2980
Epoch 2/100, Batch 1570/2746, Loss: 2.3815
Epoch 2/100, Batch 1580/2746, Loss: 2.3249
Epoch 2/100, Batch 1590/2746, Loss: 2.3719
Epoch 2/100, Batch 1600/2746, Loss: 2.3611
Epoch 2/100, Batch 1610/2746, Loss: 2.3247
Epoch 2/100, Batch 1620/2746, Loss: 2.3533
Epoch 2/100, Batch 1630/2746, Loss: 2.2967
Epoch 2/100, Batch 1640/2746, Loss: 2.3199
Epoch 2/100, Batch 1650/2746, Loss: 2.4282
Epoch 2/100, Batch 1660/2746, Loss: 2.3655
Epoch 2/100, Batch 1670/2746, Loss: 2.3278
Epoch 2/100, Batch 1680/2746, Loss: 2.3885
Epoch 2/100, Batch 1690/2746, Loss: 2.3550
Epoch 2/100, Batch 1700/2746, Loss: 2.3490
Epoch 2/100, Batch 1710/2746, Loss: 2.3393
Epoch 2/100, Batch 1720/2746, Loss: 2.3923
Epoch 2/100, Batch 1730/2746, Loss: 2.3422
Epoch 2/100, Batch 1740/2746, Loss: 2.3390
Epoch 2/100, Batch 1750/2746, Loss: 2.3711
Epoch 2/100, Batch 1760/2746, Loss: 2.2969
Epoch 2/100, Batch 1770/2746, Loss: 2.2946
Epoch 2/100, Batch 1780/2746, Loss: 2.3386
Epoch 2/100, Batch 1790/2746, Loss: 2.2896
Epoch 2/100, Batch 1800/2746, Loss: 2.2523
Epoch 2/100, Batch 1810/2746, Loss: 2.2942
Epoch 2/100, Batch 1820/2746, Loss: 2.3285
Epoch 2/100, Batch 1830/2746, Loss: 2.3549
Epoch 2/100, Batch 1840/2746, Loss: 2.3281
Epoch 2/100, Batch 1850/2746, Loss: 2.3172
Epoch 2/100, Batch 1860/2746, Loss: 2.3624
Epoch 2/100, Batch 1870/2746, Loss: 2.3033
Epoch 2/100, Batch 1880/2746, Loss: 2.2683
Epoch 2/100, Batch 1890/2746, Loss: 2.2691
Epoch 2/100, Batch 1900/2746, Loss: 2.3385
Epoch 2/100, Batch 1910/2746, Loss: 2.2715
Epoch 2/100, Batch 1920/2746, Loss: 2.2935
Epoch 2/100, Batch 1930/2746, Loss: 2.2831
Epoch 2/100, Batch 1940/2746, Loss: 2.2036
Epoch 2/100, Batch 1950/2746, Loss: 2.2952
Epoch 2/100, Batch 1960/2746, Loss: 2.2879
Epoch 2/100, Batch 1970/2746, Loss: 2.2730
Epoch 2/100, Batch 1980/2746, Loss: 2.2562
Epoch 2/100, Batch 1990/2746, Loss: 2.3028
Epoch 2/100, Batch 2000/2746, Loss: 2.2853
Epoch 2/100, Batch 2010/2746, Loss: 2.3461
Epoch 2/100, Batch 2020/2746, Loss: 2.2622
Epoch 2/100, Batch 2030/2746, Loss: 2.2787
Epoch 2/100, Batch 2040/2746, Loss: 2.2346
Epoch 2/100, Batch 2050/2746, Loss: 2.2360
Epoch 2/100, Batch 2060/2746, Loss: 2.2429
Epoch 2/100, Batch 2070/2746, Loss: 2.2438
Epoch 2/100, Batch 2080/2746, Loss: 2.2612
Epoch 2/100, Batch 2090/2746, Loss: 2.2457
Epoch 2/100, Batch 2100/2746, Loss: 2.2987
Epoch 2/100, Batch 2110/2746, Loss: 2.3252
Epoch 2/100, Batch 2120/2746, Loss: 2.2282
Epoch 2/100, Batch 2130/2746, Loss: 2.2585
Epoch 2/100, Batch 2140/2746, Loss: 2.2338
Epoch 2/100, Batch 2150/2746, Loss: 2.2431
Epoch 2/100, Batch 2160/2746, Loss: 2.2937
Epoch 2/100, Batch 2170/2746, Loss: 2.2678
Epoch 2/100, Batch 2180/2746, Loss: 2.2547
Epoch 2/100, Batch 2190/2746, Loss: 2.3022
Epoch 2/100, Batch 2200/2746, Loss: 2.2822
Epoch 2/100, Batch 2210/2746, Loss: 2.1882
Epoch 2/100, Batch 2220/2746, Loss: 2.2231
Epoch 2/100, Batch 2230/2746, Loss: 2.2994
Epoch 2/100, Batch 2240/2746, Loss: 2.2829
Epoch 2/100, Batch 2250/2746, Loss: 2.2744
Epoch 2/100, Batch 2260/2746, Loss: 2.3116
Epoch 2/100, Batch 2270/2746, Loss: 2.2120
Epoch 2/100, Batch 2280/2746, Loss: 2.2490
Epoch 2/100, Batch 2290/2746, Loss: 2.2009
Epoch 2/100, Batch 2300/2746, Loss: 2.2583
Epoch 2/100, Batch 2310/2746, Loss: 2.2826
Epoch 2/100, Batch 2320/2746, Loss: 2.2389
Epoch 2/100, Batch 2330/2746, Loss: 2.2695
Epoch 2/100, Batch 2340/2746, Loss: 2.2434
Epoch 2/100, Batch 2350/2746, Loss: 2.2439
Epoch 2/100, Batch 2360/2746, Loss: 2.2728
Epoch 2/100, Batch 2370/2746, Loss: 2.2770
Epoch 2/100, Batch 2380/2746, Loss: 2.1626
Epoch 2/100, Batch 2390/2746, Loss: 2.3113
Epoch 2/100, Batch 2400/2746, Loss: 2.2412
Epoch 2/100, Batch 2410/2746, Loss: 2.1967
Epoch 2/100, Batch 2420/2746, Loss: 2.2358
Epoch 2/100, Batch 2430/2746, Loss: 2.2562
Epoch 2/100, Batch 2440/2746, Loss: 2.2213
Epoch 2/100, Batch 2450/2746, Loss: 2.1705
Epoch 2/100, Batch 2460/2746, Loss: 2.1332
Epoch 2/100, Batch 2470/2746, Loss: 2.1874
Epoch 2/100, Batch 2480/2746, Loss: 2.2024
Epoch 2/100, Batch 2490/2746, Loss: 2.1886
Epoch 2/100, Batch 2500/2746, Loss: 2.2709
Epoch 2/100, Batch 2510/2746, Loss: 2.2231
Epoch 2/100, Batch 2520/2746, Loss: 2.1946
Epoch 2/100, Batch 2530/2746, Loss: 2.2937
Epoch 2/100, Batch 2540/2746, Loss: 2.2430
Epoch 2/100, Batch 2550/2746, Loss: 2.2376
Epoch 2/100, Batch 2560/2746, Loss: 2.1915
Epoch 2/100, Batch 2570/2746, Loss: 2.3174
Epoch 2/100, Batch 2580/2746, Loss: 2.1802
Epoch 2/100, Batch 2590/2746, Loss: 2.1368
Epoch 2/100, Batch 2600/2746, Loss: 2.2082
Epoch 2/100, Batch 2610/2746, Loss: 2.2519
Epoch 2/100, Batch 2620/2746, Loss: 2.1798
Epoch 2/100, Batch 2630/2746, Loss: 2.1724
Epoch 2/100, Batch 2640/2746, Loss: 2.1255
Epoch 2/100, Batch 2650/2746, Loss: 2.1601
Epoch 2/100, Batch 2660/2746, Loss: 2.2083
Epoch 2/100, Batch 2670/2746, Loss: 2.1818
Epoch 2/100, Batch 2680/2746, Loss: 2.1948
Epoch 2/100, Batch 2690/2746, Loss: 2.2104
Epoch 2/100, Batch 2700/2746, Loss: 2.1364
Epoch 2/100, Batch 2710/2746, Loss: 2.3060
Epoch 2/100, Batch 2720/2746, Loss: 2.1195
Epoch 2/100, Batch 2730/2746, Loss: 2.1721
Epoch 2/100, Batch 2740/2746, Loss: 2.1667
New best model with validation loss: 2.0156, perplexity: 7.51
Epoch 2/100, Loss: 2.3849, Perplexity: 10.86, Val Loss: 2.0156, Val Perplexity: 7.51, Time: 3656.90s
Epoch 3/100, Batch 10/2746, Loss: 2.3023
Epoch 3/100, Batch 20/2746, Loss: 2.2239
Epoch 3/100, Batch 30/2746, Loss: 2.1945
Epoch 3/100, Batch 40/2746, Loss: 2.2059
Epoch 3/100, Batch 50/2746, Loss: 2.2289
Epoch 3/100, Batch 60/2746, Loss: 2.2153
Epoch 3/100, Batch 70/2746, Loss: 2.1765
Epoch 3/100, Batch 80/2746, Loss: 2.2060
Epoch 3/100, Batch 90/2746, Loss: 2.1848
Epoch 3/100, Batch 100/2746, Loss: 2.1607
Epoch 3/100, Batch 110/2746, Loss: 2.2808
Epoch 3/100, Batch 120/2746, Loss: 2.1342
Epoch 3/100, Batch 130/2746, Loss: 2.1625
Epoch 3/100, Batch 140/2746, Loss: 2.2074
Epoch 3/100, Batch 150/2746, Loss: 2.0446
Epoch 3/100, Batch 160/2746, Loss: 2.1211
Epoch 3/100, Batch 170/2746, Loss: 2.1480
Epoch 3/100, Batch 180/2746, Loss: 2.1435
Epoch 3/100, Batch 190/2746, Loss: 2.1925
Epoch 3/100, Batch 200/2746, Loss: 2.1945
Epoch 3/100, Batch 210/2746, Loss: 2.1746
Epoch 3/100, Batch 220/2746, Loss: 2.1004
Epoch 3/100, Batch 230/2746, Loss: 2.2356
Epoch 3/100, Batch 240/2746, Loss: 2.1922
Epoch 3/100, Batch 250/2746, Loss: 2.1775
Epoch 3/100, Batch 260/2746, Loss: 2.1468
Epoch 3/100, Batch 270/2746, Loss: 2.1861
Epoch 3/100, Batch 280/2746, Loss: 2.1872
Epoch 3/100, Batch 290/2746, Loss: 2.1149
Epoch 3/100, Batch 300/2746, Loss: 2.1661
Epoch 3/100, Batch 310/2746, Loss: 2.1615
Epoch 3/100, Batch 320/2746, Loss: 2.1256
Epoch 3/100, Batch 330/2746, Loss: 2.1000
Epoch 3/100, Batch 340/2746, Loss: 2.1100
Epoch 3/100, Batch 350/2746, Loss: 2.0845
Epoch 3/100, Batch 360/2746, Loss: 2.1039
Epoch 3/100, Batch 370/2746, Loss: 2.1356
Epoch 3/100, Batch 380/2746, Loss: 2.0679
Epoch 3/100, Batch 390/2746, Loss: 2.1233
Epoch 3/100, Batch 400/2746, Loss: 2.2951
Epoch 3/100, Batch 410/2746, Loss: 2.0791
Epoch 3/100, Batch 420/2746, Loss: 2.0971
Epoch 3/100, Batch 430/2746, Loss: 2.1033
Epoch 3/100, Batch 440/2746, Loss: 2.0846
Epoch 3/100, Batch 450/2746, Loss: 2.1430
Epoch 3/100, Batch 460/2746, Loss: 2.1377
Epoch 3/100, Batch 470/2746, Loss: 2.2018
Epoch 3/100, Batch 480/2746, Loss: 2.1827
Epoch 3/100, Batch 490/2746, Loss: 2.1061
Epoch 3/100, Batch 500/2746, Loss: 2.1838
Epoch 3/100, Batch 510/2746, Loss: 2.0572
Epoch 3/100, Batch 520/2746, Loss: 2.0562
Epoch 3/100, Batch 530/2746, Loss: 2.1513
Epoch 3/100, Batch 540/2746, Loss: 2.1511
Epoch 3/100, Batch 550/2746, Loss: 2.1263
Epoch 3/100, Batch 560/2746, Loss: 2.0049
Epoch 3/100, Batch 570/2746, Loss: 2.1451
Epoch 3/100, Batch 580/2746, Loss: 2.0605
Epoch 3/100, Batch 590/2746, Loss: 2.0733
Epoch 3/100, Batch 600/2746, Loss: 2.0683
Epoch 3/100, Batch 610/2746, Loss: 2.1491
Epoch 3/100, Batch 620/2746, Loss: 2.1313
Epoch 3/100, Batch 630/2746, Loss: 2.1387
Epoch 3/100, Batch 640/2746, Loss: 2.1291
Epoch 3/100, Batch 650/2746, Loss: 2.1376
Epoch 3/100, Batch 660/2746, Loss: 2.1004
Epoch 3/100, Batch 670/2746, Loss: 2.1170
Epoch 3/100, Batch 680/2746, Loss: 2.1472
Epoch 3/100, Batch 690/2746, Loss: 2.1087
Epoch 3/100, Batch 700/2746, Loss: 2.0318
Epoch 3/100, Batch 710/2746, Loss: 2.0263
Epoch 3/100, Batch 720/2746, Loss: 2.0645
Epoch 3/100, Batch 730/2746, Loss: 2.0994
Epoch 3/100, Batch 740/2746, Loss: 2.1974
Epoch 3/100, Batch 750/2746, Loss: 2.0580
Epoch 3/100, Batch 760/2746, Loss: 2.0767
Epoch 3/100, Batch 770/2746, Loss: 2.1067
Epoch 3/100, Batch 780/2746, Loss: 2.1119
Epoch 3/100, Batch 790/2746, Loss: 2.1187
Epoch 3/100, Batch 800/2746, Loss: 2.1107
Epoch 3/100, Batch 810/2746, Loss: 2.0461
Epoch 3/100, Batch 820/2746, Loss: 2.0840
Epoch 3/100, Batch 830/2746, Loss: 2.0671
Epoch 3/100, Batch 840/2746, Loss: 2.0738
Epoch 3/100, Batch 850/2746, Loss: 2.0319
Epoch 3/100, Batch 860/2746, Loss: 2.0768
Epoch 3/100, Batch 870/2746, Loss: 2.0693
Epoch 3/100, Batch 880/2746, Loss: 2.1212
Epoch 3/100, Batch 890/2746, Loss: 2.1022
Epoch 3/100, Batch 900/2746, Loss: 2.0391
Epoch 3/100, Batch 910/2746, Loss: 2.0218
Epoch 3/100, Batch 920/2746, Loss: 2.0563
Epoch 3/100, Batch 930/2746, Loss: 2.0510
Epoch 3/100, Batch 940/2746, Loss: 2.0226
Epoch 3/100, Batch 950/2746, Loss: 2.1089
Epoch 3/100, Batch 960/2746, Loss: 2.1286
Epoch 3/100, Batch 970/2746, Loss: 2.1033
Epoch 3/100, Batch 980/2746, Loss: 2.0275
Epoch 3/100, Batch 990/2746, Loss: 2.1673
Epoch 3/100, Batch 1000/2746, Loss: 2.1488
Epoch 3/100, Batch 1010/2746, Loss: 2.0756
Epoch 3/100, Batch 1020/2746, Loss: 2.1025
Epoch 3/100, Batch 1030/2746, Loss: 2.0486
Epoch 3/100, Batch 1040/2746, Loss: 2.0318
Epoch 3/100, Batch 1050/2746, Loss: 2.0409
Epoch 3/100, Batch 1060/2746, Loss: 2.0964
Epoch 3/100, Batch 1070/2746, Loss: 2.0200
Epoch 3/100, Batch 1080/2746, Loss: 2.1109
Epoch 3/100, Batch 1090/2746, Loss: 1.9845
Epoch 3/100, Batch 1100/2746, Loss: 2.0133
Epoch 3/100, Batch 1110/2746, Loss: 2.0352
Epoch 3/100, Batch 1120/2746, Loss: 2.0975
Epoch 3/100, Batch 1130/2746, Loss: 2.0604
Epoch 3/100, Batch 1140/2746, Loss: 2.0620
Epoch 3/100, Batch 1150/2746, Loss: 2.0785
Epoch 3/100, Batch 1160/2746, Loss: 2.0160
Epoch 3/100, Batch 1170/2746, Loss: 2.0281
Epoch 3/100, Batch 1180/2746, Loss: 2.1217
Epoch 3/100, Batch 1190/2746, Loss: 2.0599
Epoch 3/100, Batch 1200/2746, Loss: 2.0101
Epoch 3/100, Batch 1210/2746, Loss: 1.9066
Epoch 3/100, Batch 1220/2746, Loss: 2.0642
Epoch 3/100, Batch 1230/2746, Loss: 2.0036
Epoch 3/100, Batch 1240/2746, Loss: 2.0210
Epoch 3/100, Batch 1250/2746, Loss: 2.0270
Epoch 3/100, Batch 1260/2746, Loss: 2.0585
Epoch 3/100, Batch 1270/2746, Loss: 2.0002
Epoch 3/100, Batch 1280/2746, Loss: 2.1024
Epoch 3/100, Batch 1290/2746, Loss: 2.0675
Epoch 3/100, Batch 1300/2746, Loss: 2.0140
Epoch 3/100, Batch 1310/2746, Loss: 2.0936
Epoch 3/100, Batch 1320/2746, Loss: 2.0629
Epoch 3/100, Batch 1330/2746, Loss: 1.9308
Epoch 3/100, Batch 1340/2746, Loss: 2.0144
Epoch 3/100, Batch 1350/2746, Loss: 2.0843
Epoch 3/100, Batch 1360/2746, Loss: 2.0073
Epoch 3/100, Batch 1370/2746, Loss: 2.0058
Epoch 3/100, Batch 1380/2746, Loss: 1.9692
Epoch 3/100, Batch 1390/2746, Loss: 1.9678
Epoch 3/100, Batch 1400/2746, Loss: 2.0003
Epoch 3/100, Batch 1410/2746, Loss: 2.1826
Epoch 3/100, Batch 1420/2746, Loss: 2.1088
Epoch 3/100, Batch 1430/2746, Loss: 2.0374
Epoch 3/100, Batch 1440/2746, Loss: 2.0204
Epoch 3/100, Batch 1450/2746, Loss: 2.0245
Epoch 3/100, Batch 1460/2746, Loss: 1.9895
Epoch 3/100, Batch 1470/2746, Loss: 1.9616
Epoch 3/100, Batch 1480/2746, Loss: 2.0206
Epoch 3/100, Batch 1490/2746, Loss: 2.1826
Epoch 3/100, Batch 1500/2746, Loss: 2.0124
Epoch 3/100, Batch 1510/2746, Loss: 2.0414
Epoch 3/100, Batch 1520/2746, Loss: 2.0081
Epoch 3/100, Batch 1530/2746, Loss: 1.9882
Epoch 3/100, Batch 1540/2746, Loss: 2.0779
Epoch 3/100, Batch 1550/2746, Loss: 2.0242
Epoch 3/100, Batch 1560/2746, Loss: 1.9707
Epoch 3/100, Batch 1570/2746, Loss: 2.0795
Epoch 3/100, Batch 1580/2746, Loss: 1.9854
Epoch 3/100, Batch 1590/2746, Loss: 2.0375
Epoch 3/100, Batch 1600/2746, Loss: 2.0278
Epoch 3/100, Batch 1610/2746, Loss: 2.0742
Epoch 3/100, Batch 1620/2746, Loss: 2.0402
Epoch 3/100, Batch 1630/2746, Loss: 1.9721
Epoch 3/100, Batch 1640/2746, Loss: 1.9880
Epoch 3/100, Batch 1650/2746, Loss: 2.0205
Epoch 3/100, Batch 1660/2746, Loss: 2.0511
Epoch 3/100, Batch 1670/2746, Loss: 1.9974
Epoch 3/100, Batch 1680/2746, Loss: 2.0366
Epoch 3/100, Batch 1690/2746, Loss: 1.9708
Epoch 3/100, Batch 1700/2746, Loss: 2.0040
Epoch 3/100, Batch 1710/2746, Loss: 2.0799
Epoch 3/100, Batch 1720/2746, Loss: 2.0784
Epoch 3/100, Batch 1730/2746, Loss: 1.9959
Epoch 3/100, Batch 1740/2746, Loss: 1.9994
Epoch 3/100, Batch 1750/2746, Loss: 1.9873
Epoch 3/100, Batch 1760/2746, Loss: 1.9571
Epoch 3/100, Batch 1770/2746, Loss: 1.9451
Epoch 3/100, Batch 1780/2746, Loss: 1.9995
Epoch 3/100, Batch 1790/2746, Loss: 1.9344
Epoch 3/100, Batch 1800/2746, Loss: 1.9142
Epoch 3/100, Batch 1810/2746, Loss: 1.9465
Epoch 3/100, Batch 1820/2746, Loss: 2.0108
Epoch 3/100, Batch 1830/2746, Loss: 2.0078
Epoch 3/100, Batch 1840/2746, Loss: 2.0189
Epoch 3/100, Batch 1850/2746, Loss: 1.9779
Epoch 3/100, Batch 1860/2746, Loss: 2.0389
Epoch 3/100, Batch 1870/2746, Loss: 1.9574
Epoch 3/100, Batch 1880/2746, Loss: 2.0479
Epoch 3/100, Batch 1890/2746, Loss: 1.9499
Epoch 3/100, Batch 1900/2746, Loss: 1.9905
Epoch 3/100, Batch 1910/2746, Loss: 1.9554
Epoch 3/100, Batch 1920/2746, Loss: 1.9705
Epoch 3/100, Batch 1930/2746, Loss: 1.9044
Epoch 3/100, Batch 1940/2746, Loss: 1.8814
Epoch 3/100, Batch 1950/2746, Loss: 1.9593
Epoch 3/100, Batch 1960/2746, Loss: 1.9282
Epoch 3/100, Batch 1970/2746, Loss: 2.0108
Epoch 3/100, Batch 1980/2746, Loss: 1.9274
Epoch 3/100, Batch 1990/2746, Loss: 1.9662
Epoch 3/100, Batch 2000/2746, Loss: 1.9261
Epoch 3/100, Batch 2010/2746, Loss: 1.9972
Epoch 3/100, Batch 2020/2746, Loss: 1.9068
Epoch 3/100, Batch 2030/2746, Loss: 1.9536
Epoch 3/100, Batch 2040/2746, Loss: 1.9190
Epoch 3/100, Batch 2050/2746, Loss: 1.9870
Epoch 3/100, Batch 2060/2746, Loss: 1.9944
Epoch 3/100, Batch 2070/2746, Loss: 1.8889
Epoch 3/100, Batch 2080/2746, Loss: 1.8990
Epoch 3/100, Batch 2090/2746, Loss: 2.0280
Epoch 3/100, Batch 2100/2746, Loss: 2.0349
Epoch 3/100, Batch 2110/2746, Loss: 2.0125
Epoch 3/100, Batch 2120/2746, Loss: 1.8956
Epoch 3/100, Batch 2130/2746, Loss: 1.9469
Epoch 3/100, Batch 2140/2746, Loss: 1.9225
Epoch 3/100, Batch 2150/2746, Loss: 1.9143
Epoch 3/100, Batch 2160/2746, Loss: 1.8799
Epoch 3/100, Batch 2170/2746, Loss: 1.9397
Epoch 3/100, Batch 2180/2746, Loss: 1.9594
Epoch 3/100, Batch 2190/2746, Loss: 1.9649
Epoch 3/100, Batch 2200/2746, Loss: 2.0042
Epoch 3/100, Batch 2210/2746, Loss: 1.8456
Epoch 3/100, Batch 2220/2746, Loss: 1.8915
Epoch 3/100, Batch 2230/2746, Loss: 1.9480
Epoch 3/100, Batch 2240/2746, Loss: 1.9604
Epoch 3/100, Batch 2250/2746, Loss: 1.9625
Epoch 3/100, Batch 2260/2746, Loss: 2.0180
Epoch 3/100, Batch 2270/2746, Loss: 1.8942
Epoch 3/100, Batch 2280/2746, Loss: 1.9652
Epoch 3/100, Batch 2290/2746, Loss: 1.8593
Epoch 3/100, Batch 2300/2746, Loss: 1.9293
Epoch 3/100, Batch 2310/2746, Loss: 1.8914
Epoch 3/100, Batch 2320/2746, Loss: 1.9212
Epoch 3/100, Batch 2330/2746, Loss: 1.9577
Epoch 3/100, Batch 2340/2746, Loss: 2.0086
Epoch 3/100, Batch 2350/2746, Loss: 1.9288
Epoch 3/100, Batch 2360/2746, Loss: 1.9589
Epoch 3/100, Batch 2370/2746, Loss: 1.9661
Epoch 3/100, Batch 2380/2746, Loss: 1.8284
Epoch 3/100, Batch 2390/2746, Loss: 1.9566
Epoch 3/100, Batch 2400/2746, Loss: 1.9787
Epoch 3/100, Batch 2410/2746, Loss: 1.8722
Epoch 3/100, Batch 2420/2746, Loss: 1.9191
Epoch 3/100, Batch 2430/2746, Loss: 1.9402
Epoch 3/100, Batch 2440/2746, Loss: 1.9760
Epoch 3/100, Batch 2450/2746, Loss: 1.8569
Epoch 3/100, Batch 2460/2746, Loss: 1.7776
Epoch 3/100, Batch 2470/2746, Loss: 1.8354
Epoch 3/100, Batch 2480/2746, Loss: 1.9720
Epoch 3/100, Batch 2490/2746, Loss: 1.8642
Epoch 3/100, Batch 2500/2746, Loss: 1.9462
Epoch 3/100, Batch 2510/2746, Loss: 1.8978
Epoch 3/100, Batch 2520/2746, Loss: 1.8750
Epoch 3/100, Batch 2530/2746, Loss: 1.9670
Epoch 3/100, Batch 2540/2746, Loss: 1.9227
Epoch 3/100, Batch 2550/2746, Loss: 1.9122
Epoch 3/100, Batch 2560/2746, Loss: 1.8356
Epoch 3/100, Batch 2570/2746, Loss: 1.9194
Epoch 3/100, Batch 2580/2746, Loss: 1.8740
Epoch 3/100, Batch 2590/2746, Loss: 1.8169
Epoch 3/100, Batch 2600/2746, Loss: 1.8650
Epoch 3/100, Batch 2610/2746, Loss: 2.2351
Epoch 3/100, Batch 2620/2746, Loss: 1.8926
Epoch 3/100, Batch 2630/2746, Loss: 1.8263
Epoch 3/100, Batch 2640/2746, Loss: 1.8047
Epoch 3/100, Batch 2650/2746, Loss: 1.8131
Epoch 3/100, Batch 2660/2746, Loss: 2.0011
Epoch 3/100, Batch 2670/2746, Loss: 1.8593
Epoch 3/100, Batch 2680/2746, Loss: 1.8548
Epoch 3/100, Batch 2690/2746, Loss: 1.9608
Epoch 3/100, Batch 2700/2746, Loss: 1.7908
Epoch 3/100, Batch 2710/2746, Loss: 1.8991
Epoch 3/100, Batch 2720/2746, Loss: 1.8526
Epoch 3/100, Batch 2730/2746, Loss: 1.8422
Epoch 3/100, Batch 2740/2746, Loss: 1.8489
New best model with validation loss: 1.6322, perplexity: 5.12
Epoch 3/100, Loss: 2.0328, Perplexity: 7.64, Val Loss: 1.6322, Val Perplexity: 5.12, Time: 3664.02s
Epoch 4/100, Batch 10/2746, Loss: 1.8895
Epoch 4/100, Batch 20/2746, Loss: 1.9092
Epoch 4/100, Batch 30/2746, Loss: 1.9132
Epoch 4/100, Batch 40/2746, Loss: 1.8433
Epoch 4/100, Batch 50/2746, Loss: 1.9068
Epoch 4/100, Batch 60/2746, Loss: 1.8268
Epoch 4/100, Batch 70/2746, Loss: 1.9376
Epoch 4/100, Batch 80/2746, Loss: 1.8707
Epoch 4/100, Batch 90/2746, Loss: 1.8444
Epoch 4/100, Batch 100/2746, Loss: 1.7943
Epoch 4/100, Batch 110/2746, Loss: 1.9605
Epoch 4/100, Batch 120/2746, Loss: 1.7732
Epoch 4/100, Batch 130/2746, Loss: 1.8769
Epoch 4/100, Batch 140/2746, Loss: 1.8538
Epoch 4/100, Batch 150/2746, Loss: 1.7233
Epoch 4/100, Batch 160/2746, Loss: 1.8093
Epoch 4/100, Batch 170/2746, Loss: 1.8376
Epoch 4/100, Batch 180/2746, Loss: 1.8409
Epoch 4/100, Batch 190/2746, Loss: 2.0557
Epoch 4/100, Batch 200/2746, Loss: 1.9120
Epoch 4/100, Batch 210/2746, Loss: 1.8832
Epoch 4/100, Batch 220/2746, Loss: 1.7891
Epoch 4/100, Batch 230/2746, Loss: 1.8592
Epoch 4/100, Batch 240/2746, Loss: 1.8758
Epoch 4/100, Batch 250/2746, Loss: 1.8793
Epoch 4/100, Batch 260/2746, Loss: 1.8288
Epoch 4/100, Batch 270/2746, Loss: 1.8485
Epoch 4/100, Batch 280/2746, Loss: 1.8606
Epoch 4/100, Batch 290/2746, Loss: 1.7811
Epoch 4/100, Batch 300/2746, Loss: 1.8586
Epoch 4/100, Batch 310/2746, Loss: 1.8468
Epoch 4/100, Batch 320/2746, Loss: 1.8537
Epoch 4/100, Batch 330/2746, Loss: 1.9062
Epoch 4/100, Batch 340/2746, Loss: 1.8050
Epoch 4/100, Batch 350/2746, Loss: 1.7578
Epoch 4/100, Batch 360/2746, Loss: 1.7873
Epoch 4/100, Batch 370/2746, Loss: 1.8177
Epoch 4/100, Batch 380/2746, Loss: 1.7340
Epoch 4/100, Batch 390/2746, Loss: 1.8010
Epoch 4/100, Batch 400/2746, Loss: 1.8981
Epoch 4/100, Batch 410/2746, Loss: 1.7488
Epoch 4/100, Batch 420/2746, Loss: 1.8090
Epoch 4/100, Batch 430/2746, Loss: 1.7993
Epoch 4/100, Batch 440/2746, Loss: 1.7651
Epoch 4/100, Batch 450/2746, Loss: 1.9255
Epoch 4/100, Batch 460/2746, Loss: 1.8979
Epoch 4/100, Batch 470/2746, Loss: 1.8399
Epoch 4/100, Batch 480/2746, Loss: 1.8293
Epoch 4/100, Batch 490/2746, Loss: 1.7965
Epoch 4/100, Batch 500/2746, Loss: 1.9016
Epoch 4/100, Batch 510/2746, Loss: 1.8733
Epoch 4/100, Batch 520/2746, Loss: 1.7661
Epoch 4/100, Batch 530/2746, Loss: 1.9243
Epoch 4/100, Batch 540/2746, Loss: 1.8240
Epoch 4/100, Batch 550/2746, Loss: 1.8180
Epoch 4/100, Batch 560/2746, Loss: 1.6868
Epoch 4/100, Batch 570/2746, Loss: 1.7565
Epoch 4/100, Batch 580/2746, Loss: 1.7023
Epoch 4/100, Batch 590/2746, Loss: 1.7040
Epoch 4/100, Batch 600/2746, Loss: 1.7080
Epoch 4/100, Batch 610/2746, Loss: 1.8955
Epoch 4/100, Batch 620/2746, Loss: 1.8795
Epoch 4/100, Batch 630/2746, Loss: 1.8061
Epoch 4/100, Batch 640/2746, Loss: 1.7676
Epoch 4/100, Batch 650/2746, Loss: 1.7567
Epoch 4/100, Batch 660/2746, Loss: 1.7427
Epoch 4/100, Batch 670/2746, Loss: 1.7645
Epoch 4/100, Batch 680/2746, Loss: 1.7989
Epoch 4/100, Batch 690/2746, Loss: 1.7755
Epoch 4/100, Batch 700/2746, Loss: 1.7209
Epoch 4/100, Batch 710/2746, Loss: 1.7769
Epoch 4/100, Batch 720/2746, Loss: 1.7365
Epoch 4/100, Batch 730/2746, Loss: 1.7607
Epoch 4/100, Batch 740/2746, Loss: 1.8223
Epoch 4/100, Batch 750/2746, Loss: 1.7078
Epoch 4/100, Batch 760/2746, Loss: 1.7371
Epoch 4/100, Batch 770/2746, Loss: 1.7195
Epoch 4/100, Batch 780/2746, Loss: 1.7418
Epoch 4/100, Batch 790/2746, Loss: 1.8806
Epoch 4/100, Batch 800/2746, Loss: 1.8895
Epoch 4/100, Batch 810/2746, Loss: 1.9341
Epoch 4/100, Batch 820/2746, Loss: 1.8132
Epoch 4/100, Batch 830/2746, Loss: 1.7373
Epoch 4/100, Batch 840/2746, Loss: 1.7419
Epoch 4/100, Batch 850/2746, Loss: 1.7359
Epoch 4/100, Batch 860/2746, Loss: 1.7635
Epoch 4/100, Batch 870/2746, Loss: 1.7496
Epoch 4/100, Batch 880/2746, Loss: 1.7857
Epoch 4/100, Batch 890/2746, Loss: 1.7705
Epoch 4/100, Batch 900/2746, Loss: 1.8348
Epoch 4/100, Batch 910/2746, Loss: 1.7010
Epoch 4/100, Batch 920/2746, Loss: 1.7311
Epoch 4/100, Batch 930/2746, Loss: 1.7100
Epoch 4/100, Batch 940/2746, Loss: 1.6926
Epoch 4/100, Batch 950/2746, Loss: 1.7739
Epoch 4/100, Batch 960/2746, Loss: 1.8093
Epoch 4/100, Batch 970/2746, Loss: 1.7989
Epoch 4/100, Batch 980/2746, Loss: 1.7190
Epoch 4/100, Batch 990/2746, Loss: 1.8238
Epoch 4/100, Batch 1000/2746, Loss: 1.8807
Epoch 4/100, Batch 1010/2746, Loss: 1.7037
Epoch 4/100, Batch 1020/2746, Loss: 1.7676
Epoch 4/100, Batch 1030/2746, Loss: 1.7107
Epoch 4/100, Batch 1040/2746, Loss: 1.7208
Epoch 4/100, Batch 1050/2746, Loss: 1.6891
Epoch 4/100, Batch 1060/2746, Loss: 1.8078
Epoch 4/100, Batch 1070/2746, Loss: 1.6990
Epoch 4/100, Batch 1080/2746, Loss: 1.7616
Epoch 4/100, Batch 1090/2746, Loss: 1.6415
Epoch 4/100, Batch 1100/2746, Loss: 1.7260
Epoch 4/100, Batch 1110/2746, Loss: 1.7061
Epoch 4/100, Batch 1120/2746, Loss: 1.8315
Epoch 4/100, Batch 1130/2746, Loss: 1.7272
Epoch 4/100, Batch 1140/2746, Loss: 1.7556
Epoch 4/100, Batch 1150/2746, Loss: 1.7310
Epoch 4/100, Batch 1160/2746, Loss: 1.6283
Epoch 4/100, Batch 1170/2746, Loss: 1.7107
Epoch 4/100, Batch 1180/2746, Loss: 1.7142
Epoch 4/100, Batch 1190/2746, Loss: 1.7340
Epoch 4/100, Batch 1200/2746, Loss: 1.6894
Epoch 4/100, Batch 1210/2746, Loss: 1.5761
Epoch 4/100, Batch 1220/2746, Loss: 1.7214
Epoch 4/100, Batch 1230/2746, Loss: 1.7728
Epoch 4/100, Batch 1240/2746, Loss: 1.8008
Epoch 4/100, Batch 1250/2746, Loss: 1.7156
Epoch 4/100, Batch 1260/2746, Loss: 1.7230
Epoch 4/100, Batch 1270/2746, Loss: 1.6746
Epoch 4/100, Batch 1280/2746, Loss: 1.6826
Epoch 4/100, Batch 1290/2746, Loss: 1.7202
Epoch 4/100, Batch 1300/2746, Loss: 1.7828
Epoch 4/100, Batch 1310/2746, Loss: 1.7882
Epoch 4/100, Batch 1320/2746, Loss: 1.7541
Epoch 4/100, Batch 1330/2746, Loss: 1.6047
Epoch 4/100, Batch 1340/2746, Loss: 1.7015
Epoch 4/100, Batch 1350/2746, Loss: 1.7959
Epoch 4/100, Batch 1360/2746, Loss: 1.7077
Epoch 4/100, Batch 1370/2746, Loss: 1.7007
Epoch 4/100, Batch 1380/2746, Loss: 1.7005
Epoch 4/100, Batch 1390/2746, Loss: 1.6411
Epoch 4/100, Batch 1400/2746, Loss: 1.6981
Epoch 4/100, Batch 1410/2746, Loss: 1.7200
Epoch 4/100, Batch 1420/2746, Loss: 1.7400
Epoch 4/100, Batch 1430/2746, Loss: 1.6921
Epoch 4/100, Batch 1440/2746, Loss: 1.7030
Epoch 4/100, Batch 1450/2746, Loss: 1.6717
Epoch 4/100, Batch 1460/2746, Loss: 1.6465
Epoch 4/100, Batch 1470/2746, Loss: 1.7462
Epoch 4/100, Batch 1480/2746, Loss: 1.7076
Epoch 4/100, Batch 1490/2746, Loss: 1.7756
Epoch 4/100, Batch 1500/2746, Loss: 1.6708
Epoch 4/100, Batch 1510/2746, Loss: 1.7110
Epoch 4/100, Batch 1520/2746, Loss: 1.7097
Epoch 4/100, Batch 1530/2746, Loss: 1.6570
Epoch 4/100, Batch 1540/2746, Loss: 1.7188
Epoch 4/100, Batch 1550/2746, Loss: 1.7231
Epoch 4/100, Batch 1560/2746, Loss: 1.6444
Epoch 4/100, Batch 1570/2746, Loss: 1.8359
Epoch 4/100, Batch 1580/2746, Loss: 1.6892
Epoch 4/100, Batch 1590/2746, Loss: 1.7012
Epoch 4/100, Batch 1600/2746, Loss: 1.7004
Epoch 4/100, Batch 1610/2746, Loss: 1.7341
Epoch 4/100, Batch 1620/2746, Loss: 1.7058
Epoch 4/100, Batch 1630/2746, Loss: 1.6697
Epoch 4/100, Batch 1640/2746, Loss: 1.6950
Epoch 4/100, Batch 1650/2746, Loss: 1.7125
Epoch 4/100, Batch 1660/2746, Loss: 1.6817
Epoch 4/100, Batch 1670/2746, Loss: 1.6576
Epoch 4/100, Batch 1680/2746, Loss: 1.6782
Epoch 4/100, Batch 1690/2746, Loss: 1.6146
Epoch 4/100, Batch 1700/2746, Loss: 1.6826
Epoch 4/100, Batch 1710/2746, Loss: 1.7780
Epoch 4/100, Batch 1720/2746, Loss: 1.9853
Epoch 4/100, Batch 1730/2746, Loss: 1.6545
Epoch 4/100, Batch 1740/2746, Loss: 1.9554
Epoch 4/100, Batch 1750/2746, Loss: 1.6305
Epoch 4/100, Batch 1760/2746, Loss: 1.6840
Epoch 4/100, Batch 1770/2746, Loss: 1.6300
Epoch 4/100, Batch 1780/2746, Loss: 1.6853
Epoch 4/100, Batch 1790/2746, Loss: 1.6199
Epoch 4/100, Batch 1800/2746, Loss: 1.6068
Epoch 4/100, Batch 1810/2746, Loss: 1.6396
Epoch 4/100, Batch 1820/2746, Loss: 1.6976
Epoch 4/100, Batch 1830/2746, Loss: 1.7717
Epoch 4/100, Batch 1840/2746, Loss: 1.6494
Epoch 4/100, Batch 1850/2746, Loss: 1.9694
Epoch 4/100, Batch 1860/2746, Loss: 1.8031
Epoch 4/100, Batch 1870/2746, Loss: 1.6629
Epoch 4/100, Batch 1880/2746, Loss: 1.7141
Epoch 4/100, Batch 1890/2746, Loss: 1.6508
Epoch 4/100, Batch 1900/2746, Loss: 1.6929
Epoch 4/100, Batch 1910/2746, Loss: 1.6703
Epoch 4/100, Batch 1920/2746, Loss: 1.6752
Epoch 4/100, Batch 1930/2746, Loss: 1.6550
Epoch 4/100, Batch 1940/2746, Loss: 1.5700
Epoch 4/100, Batch 1950/2746, Loss: 1.6756
Epoch 4/100, Batch 1960/2746, Loss: 1.6323
Epoch 4/100, Batch 1970/2746, Loss: 1.6655
Epoch 4/100, Batch 1980/2746, Loss: 1.7254
Epoch 4/100, Batch 1990/2746, Loss: 1.6681
Epoch 4/100, Batch 2000/2746, Loss: 1.6302
Epoch 4/100, Batch 2010/2746, Loss: 1.8459
Epoch 4/100, Batch 2020/2746, Loss: 1.5766
Epoch 4/100, Batch 2030/2746, Loss: 1.6285
Epoch 4/100, Batch 2040/2746, Loss: 1.6033
Epoch 4/100, Batch 2050/2746, Loss: 1.6864
Epoch 4/100, Batch 2060/2746, Loss: 1.6173
Epoch 4/100, Batch 2070/2746, Loss: 1.5902
Epoch 4/100, Batch 2080/2746, Loss: 1.5820
Epoch 4/100, Batch 2090/2746, Loss: 1.7125
Epoch 4/100, Batch 2100/2746, Loss: 1.7804
Epoch 4/100, Batch 2110/2746, Loss: 1.8294
Epoch 4/100, Batch 2120/2746, Loss: 1.5856
Epoch 4/100, Batch 2130/2746, Loss: 1.6564
Epoch 4/100, Batch 2140/2746, Loss: 1.6701
Epoch 4/100, Batch 2150/2746, Loss: 1.7213
Epoch 4/100, Batch 2160/2746, Loss: 1.5892
Epoch 4/100, Batch 2170/2746, Loss: 1.6366
Epoch 4/100, Batch 2180/2746, Loss: 1.6052
Epoch 4/100, Batch 2190/2746, Loss: 1.6635
Epoch 4/100, Batch 2200/2746, Loss: 1.7456
Epoch 4/100, Batch 2210/2746, Loss: 1.5639
Epoch 4/100, Batch 2220/2746, Loss: 1.6163
Epoch 4/100, Batch 2230/2746, Loss: 1.6387
Epoch 4/100, Batch 2240/2746, Loss: 1.6823
Epoch 4/100, Batch 2250/2746, Loss: 1.8538
Epoch 4/100, Batch 2260/2746, Loss: 1.7284
Epoch 4/100, Batch 2270/2746, Loss: 1.6228
Epoch 4/100, Batch 2280/2746, Loss: 1.6363
Epoch 4/100, Batch 2290/2746, Loss: 1.5688
Epoch 4/100, Batch 2300/2746, Loss: 1.6180
Epoch 4/100, Batch 2310/2746, Loss: 1.5956
Epoch 4/100, Batch 2320/2746, Loss: 1.6428
Epoch 4/100, Batch 2330/2746, Loss: 1.7671
Epoch 4/100, Batch 2340/2746, Loss: 1.6503
Epoch 4/100, Batch 2350/2746, Loss: 1.6586
Epoch 4/100, Batch 2360/2746, Loss: 1.6863
Epoch 4/100, Batch 2370/2746, Loss: 1.6863
Epoch 4/100, Batch 2380/2746, Loss: 1.5152
Epoch 4/100, Batch 2390/2746, Loss: 1.6648
Epoch 4/100, Batch 2400/2746, Loss: 1.6286
Epoch 4/100, Batch 2410/2746, Loss: 1.6274
Epoch 4/100, Batch 2420/2746, Loss: 1.6623
Epoch 4/100, Batch 2430/2746, Loss: 1.9392
Epoch 4/100, Batch 2440/2746, Loss: 1.6353
Epoch 4/100, Batch 2450/2746, Loss: 1.6178
Epoch 4/100, Batch 2460/2746, Loss: 1.5306
Epoch 4/100, Batch 2470/2746, Loss: 1.5785
Epoch 4/100, Batch 2480/2746, Loss: 1.6073
Epoch 4/100, Batch 2490/2746, Loss: 1.6238
Epoch 4/100, Batch 2500/2746, Loss: 1.6722
Epoch 4/100, Batch 2510/2746, Loss: 1.7107
Epoch 4/100, Batch 2520/2746, Loss: 1.7068
Epoch 4/100, Batch 2530/2746, Loss: 1.7955
Epoch 4/100, Batch 2540/2746, Loss: 1.7342
Epoch 4/100, Batch 2550/2746, Loss: 1.6864
Epoch 4/100, Batch 2560/2746, Loss: 1.5840
Epoch 4/100, Batch 2570/2746, Loss: 1.6377
Epoch 4/100, Batch 2580/2746, Loss: 1.6216
Epoch 4/100, Batch 2590/2746, Loss: 1.5706
Epoch 4/100, Batch 2600/2746, Loss: 1.6756
Epoch 4/100, Batch 2610/2746, Loss: 1.6341
Epoch 4/100, Batch 2620/2746, Loss: 1.6213
Epoch 4/100, Batch 2630/2746, Loss: 1.5811
Epoch 4/100, Batch 2640/2746, Loss: 1.6404
Epoch 4/100, Batch 2650/2746, Loss: 1.5528
Epoch 4/100, Batch 2660/2746, Loss: 1.6162
Epoch 4/100, Batch 2670/2746, Loss: 1.6947
Epoch 4/100, Batch 2680/2746, Loss: 1.6201
Epoch 4/100, Batch 2690/2746, Loss: 1.6259
Epoch 4/100, Batch 2700/2746, Loss: 1.5648
Epoch 4/100, Batch 2710/2746, Loss: 1.6822
Epoch 4/100, Batch 2720/2746, Loss: 1.5724
Epoch 4/100, Batch 2730/2746, Loss: 1.6153
Epoch 4/100, Batch 2740/2746, Loss: 1.6820
New best model with validation loss: 1.3873, perplexity: 4.00
Epoch 4/100, Loss: 1.7291, Perplexity: 5.64, Val Loss: 1.3873, Val Perplexity: 4.00, Time: 3666.82s
Epoch 5/100, Batch 10/2746, Loss: 1.6701
Epoch 5/100, Batch 20/2746, Loss: 1.6576
Epoch 5/100, Batch 30/2746, Loss: 1.6061
Epoch 5/100, Batch 40/2746, Loss: 1.7368
Epoch 5/100, Batch 50/2746, Loss: 1.6923
Epoch 5/100, Batch 60/2746, Loss: 1.5881
Epoch 5/100, Batch 70/2746, Loss: 1.5958
Epoch 5/100, Batch 80/2746, Loss: 1.6351
Epoch 5/100, Batch 90/2746, Loss: 1.8986
Epoch 5/100, Batch 100/2746, Loss: 1.5652
Epoch 5/100, Batch 110/2746, Loss: 1.7392
Epoch 5/100, Batch 120/2746, Loss: 1.5496
Epoch 5/100, Batch 130/2746, Loss: 1.5677
Epoch 5/100, Batch 140/2746, Loss: 1.5912
Epoch 5/100, Batch 150/2746, Loss: 1.4976
Epoch 5/100, Batch 160/2746, Loss: 1.5650
Epoch 5/100, Batch 170/2746, Loss: 1.6153
Epoch 5/100, Batch 180/2746, Loss: 1.6117
Epoch 5/100, Batch 190/2746, Loss: 1.7039
Epoch 5/100, Batch 200/2746, Loss: 1.6971
Epoch 5/100, Batch 210/2746, Loss: 1.7190
Epoch 5/100, Batch 220/2746, Loss: 1.5739
Epoch 5/100, Batch 230/2746, Loss: 1.6762
Epoch 5/100, Batch 240/2746, Loss: 1.6723
Epoch 5/100, Batch 250/2746, Loss: 1.7319
Epoch 5/100, Batch 260/2746, Loss: 1.6187
Epoch 5/100, Batch 270/2746, Loss: 1.6514
Epoch 5/100, Batch 280/2746, Loss: 1.6671
Epoch 5/100, Batch 290/2746, Loss: 1.5584
Epoch 5/100, Batch 300/2746, Loss: 1.7248
Epoch 5/100, Batch 310/2746, Loss: 1.5585
Epoch 5/100, Batch 320/2746, Loss: 1.5581
Epoch 5/100, Batch 330/2746, Loss: 1.6614
Epoch 5/100, Batch 340/2746, Loss: 1.5645
Epoch 5/100, Batch 350/2746, Loss: 1.4862
Epoch 5/100, Batch 360/2746, Loss: 1.6092
Epoch 5/100, Batch 370/2746, Loss: 1.6755
Epoch 5/100, Batch 380/2746, Loss: 1.5180
Epoch 5/100, Batch 390/2746, Loss: 1.6335
Epoch 5/100, Batch 400/2746, Loss: 1.7956
Epoch 5/100, Batch 410/2746, Loss: 1.5449
Epoch 5/100, Batch 420/2746, Loss: 1.5458
Epoch 5/100, Batch 430/2746, Loss: 1.6681
Epoch 5/100, Batch 440/2746, Loss: 1.5905
Epoch 5/100, Batch 450/2746, Loss: 1.5928
Epoch 5/100, Batch 460/2746, Loss: 1.6463
Epoch 5/100, Batch 470/2746, Loss: 1.6252
Epoch 5/100, Batch 480/2746, Loss: 1.7588
Epoch 5/100, Batch 490/2746, Loss: 1.6102
Epoch 5/100, Batch 500/2746, Loss: 1.6582
Epoch 5/100, Batch 510/2746, Loss: 1.8579
Epoch 5/100, Batch 520/2746, Loss: 1.6015
Epoch 5/100, Batch 530/2746, Loss: 1.6896
Epoch 5/100, Batch 540/2746, Loss: 1.6390
Epoch 5/100, Batch 550/2746, Loss: 1.5967
Epoch 5/100, Batch 560/2746, Loss: 1.5341
Epoch 5/100, Batch 570/2746, Loss: 1.5414
Epoch 5/100, Batch 580/2746, Loss: 1.5001
Epoch 5/100, Batch 590/2746, Loss: 1.4808
Epoch 5/100, Batch 600/2746, Loss: 1.5232
Epoch 5/100, Batch 610/2746, Loss: 1.5713
Epoch 5/100, Batch 620/2746, Loss: 1.5752
Epoch 5/100, Batch 630/2746, Loss: 1.5943
Epoch 5/100, Batch 640/2746, Loss: 1.5548
Epoch 5/100, Batch 650/2746, Loss: 1.6539
Epoch 5/100, Batch 660/2746, Loss: 1.6265
Epoch 5/100, Batch 670/2746, Loss: 1.5555
Epoch 5/100, Batch 680/2746, Loss: 1.6822
Epoch 5/100, Batch 690/2746, Loss: 1.5839
Epoch 5/100, Batch 700/2746, Loss: 1.5151
Epoch 5/100, Batch 710/2746, Loss: 1.4954
Epoch 5/100, Batch 720/2746, Loss: 1.5545
Epoch 5/100, Batch 730/2746, Loss: 1.6255
Epoch 5/100, Batch 740/2746, Loss: 1.5472
Epoch 5/100, Batch 750/2746, Loss: 1.5122
Epoch 5/100, Batch 760/2746, Loss: 1.5258
Epoch 5/100, Batch 770/2746, Loss: 1.5332
Epoch 5/100, Batch 780/2746, Loss: 1.5338
Epoch 5/100, Batch 790/2746, Loss: 1.5761
Epoch 5/100, Batch 800/2746, Loss: 1.5931
Epoch 5/100, Batch 810/2746, Loss: 1.5821
Epoch 5/100, Batch 820/2746, Loss: 1.6222
Epoch 5/100, Batch 830/2746, Loss: 1.5419
Epoch 5/100, Batch 840/2746, Loss: 1.5473
Epoch 5/100, Batch 850/2746, Loss: 1.5175
Epoch 5/100, Batch 860/2746, Loss: 1.5237
Epoch 5/100, Batch 870/2746, Loss: 1.5765
Epoch 5/100, Batch 880/2746, Loss: 1.5881
Epoch 5/100, Batch 890/2746, Loss: 1.6359
Epoch 5/100, Batch 900/2746, Loss: 1.5330
Epoch 5/100, Batch 910/2746, Loss: 1.5204
Epoch 5/100, Batch 920/2746, Loss: 1.5497
Epoch 5/100, Batch 930/2746, Loss: 1.5094
Epoch 5/100, Batch 940/2746, Loss: 1.5235
Epoch 5/100, Batch 950/2746, Loss: 1.6043
Epoch 5/100, Batch 960/2746, Loss: 1.6176
Epoch 5/100, Batch 970/2746, Loss: 1.6640
Epoch 5/100, Batch 980/2746, Loss: 1.5609
Epoch 5/100, Batch 990/2746, Loss: 1.6340
Epoch 5/100, Batch 1000/2746, Loss: 1.6992
Epoch 5/100, Batch 1010/2746, Loss: 1.5283
Epoch 5/100, Batch 1020/2746, Loss: 1.5967
Epoch 5/100, Batch 1030/2746, Loss: 1.5185
Epoch 5/100, Batch 1040/2746, Loss: 1.5373
Epoch 5/100, Batch 1050/2746, Loss: 1.5212
Epoch 5/100, Batch 1060/2746, Loss: 1.5961
Epoch 5/100, Batch 1070/2746, Loss: 1.5532
Epoch 5/100, Batch 1080/2746, Loss: 1.5071
Epoch 5/100, Batch 1090/2746, Loss: 1.5486
Epoch 5/100, Batch 1100/2746, Loss: 1.5352
Epoch 5/100, Batch 1110/2746, Loss: 1.5106
Epoch 5/100, Batch 1120/2746, Loss: 1.6112
Epoch 5/100, Batch 1130/2746, Loss: 1.6111
Epoch 5/100, Batch 1140/2746, Loss: 1.5566
Epoch 5/100, Batch 1150/2746, Loss: 1.6095
Epoch 5/100, Batch 1160/2746, Loss: 1.4842
Epoch 5/100, Batch 1170/2746, Loss: 1.5069
Epoch 5/100, Batch 1180/2746, Loss: 1.6602
Epoch 5/100, Batch 1190/2746, Loss: 1.6335
Epoch 5/100, Batch 1200/2746, Loss: 1.5127
Epoch 5/100, Batch 1210/2746, Loss: 1.4150
Epoch 5/100, Batch 1220/2746, Loss: 1.5285
Epoch 5/100, Batch 1230/2746, Loss: 1.4968
Epoch 5/100, Batch 1240/2746, Loss: 1.5030
Epoch 5/100, Batch 1250/2746, Loss: 1.6365
Epoch 5/100, Batch 1260/2746, Loss: 1.5596
Epoch 5/100, Batch 1270/2746, Loss: 1.6061
Epoch 5/100, Batch 1280/2746, Loss: 1.5544
Epoch 5/100, Batch 1290/2746, Loss: 1.5477
Epoch 5/100, Batch 1300/2746, Loss: 1.5287
Epoch 5/100, Batch 1310/2746, Loss: 1.6755
Epoch 5/100, Batch 1320/2746, Loss: 1.7151
Epoch 5/100, Batch 1330/2746, Loss: 1.4388
Epoch 5/100, Batch 1340/2746, Loss: 1.5391
Epoch 5/100, Batch 1350/2746, Loss: 1.5531
Epoch 5/100, Batch 1360/2746, Loss: 1.5473
Epoch 5/100, Batch 1370/2746, Loss: 1.5382
Epoch 5/100, Batch 1380/2746, Loss: 1.4826
Epoch 5/100, Batch 1390/2746, Loss: 1.5812
Epoch 5/100, Batch 1400/2746, Loss: 1.5366
Epoch 5/100, Batch 1410/2746, Loss: 1.8085
Epoch 5/100, Batch 1420/2746, Loss: 1.5720
Epoch 5/100, Batch 1430/2746, Loss: 1.6086
Epoch 5/100, Batch 1440/2746, Loss: 1.5320
Epoch 5/100, Batch 1450/2746, Loss: 1.4901
Epoch 5/100, Batch 1460/2746, Loss: 1.4857
Epoch 5/100, Batch 1470/2746, Loss: 1.5018
Epoch 5/100, Batch 1480/2746, Loss: 1.5808
Epoch 5/100, Batch 1490/2746, Loss: 1.5927
Epoch 5/100, Batch 1500/2746, Loss: 1.5085
Epoch 5/100, Batch 1510/2746, Loss: 1.5601
Epoch 5/100, Batch 1520/2746, Loss: 1.5298
Epoch 5/100, Batch 1530/2746, Loss: 1.5611
Epoch 5/100, Batch 1540/2746, Loss: 1.7256
Epoch 5/100, Batch 1550/2746, Loss: 1.5477
Epoch 5/100, Batch 1560/2746, Loss: 1.4996
Epoch 5/100, Batch 1570/2746, Loss: 1.6249
Epoch 5/100, Batch 1580/2746, Loss: 1.5436
Epoch 5/100, Batch 1590/2746, Loss: 1.7235
Epoch 5/100, Batch 1600/2746, Loss: 1.5379
Epoch 5/100, Batch 1610/2746, Loss: 1.5272
Epoch 5/100, Batch 1620/2746, Loss: 1.5604
Epoch 5/100, Batch 1630/2746, Loss: 1.5271
Epoch 5/100, Batch 1640/2746, Loss: 1.6177
Epoch 5/100, Batch 1650/2746, Loss: 1.5621
Epoch 5/100, Batch 1660/2746, Loss: 1.5207
Epoch 5/100, Batch 1670/2746, Loss: 1.5597
Epoch 5/100, Batch 1680/2746, Loss: 1.5210
Epoch 5/100, Batch 1690/2746, Loss: 1.4609
Epoch 5/100, Batch 1700/2746, Loss: 1.5383
Epoch 5/100, Batch 1710/2746, Loss: 1.5839
Epoch 5/100, Batch 1720/2746, Loss: 1.5642
Epoch 5/100, Batch 1730/2746, Loss: 1.5675
Epoch 5/100, Batch 1740/2746, Loss: 1.5455
Epoch 5/100, Batch 1750/2746, Loss: 1.5164
Epoch 5/100, Batch 1760/2746, Loss: 1.5054
Epoch 5/100, Batch 1770/2746, Loss: 1.4813
Epoch 5/100, Batch 1780/2746, Loss: 1.5308
Epoch 5/100, Batch 1790/2746, Loss: 1.4539
Epoch 5/100, Batch 1800/2746, Loss: 1.4704
Epoch 5/100, Batch 1810/2746, Loss: 1.4891
Epoch 5/100, Batch 1820/2746, Loss: 1.5988
Epoch 5/100, Batch 1830/2746, Loss: 1.5206
Epoch 5/100, Batch 1840/2746, Loss: 1.5063
Epoch 5/100, Batch 1850/2746, Loss: 1.5161
Epoch 5/100, Batch 1860/2746, Loss: 1.5659
Epoch 5/100, Batch 1870/2746, Loss: 1.5177
Epoch 5/100, Batch 1880/2746, Loss: 1.5322
Epoch 5/100, Batch 1890/2746, Loss: 1.5240
Epoch 5/100, Batch 1900/2746, Loss: 1.6354
Epoch 5/100, Batch 1910/2746, Loss: 1.5978
Epoch 5/100, Batch 1920/2746, Loss: 1.6096
Epoch 5/100, Batch 1930/2746, Loss: 1.4654
Epoch 5/100, Batch 1940/2746, Loss: 1.9001
Epoch 5/100, Batch 1950/2746, Loss: 1.5337
Epoch 5/100, Batch 1960/2746, Loss: 1.5503
Epoch 5/100, Batch 1970/2746, Loss: 1.5691
Epoch 5/100, Batch 1980/2746, Loss: 1.5307
Epoch 5/100, Batch 1990/2746, Loss: 1.5240
Epoch 5/100, Batch 2000/2746, Loss: 1.4835
Epoch 5/100, Batch 2010/2746, Loss: 1.5623
Epoch 5/100, Batch 2020/2746, Loss: 1.4703
Epoch 5/100, Batch 2030/2746, Loss: 1.5043
Epoch 5/100, Batch 2040/2746, Loss: 1.4874
Epoch 5/100, Batch 2050/2746, Loss: 1.4744
Epoch 5/100, Batch 2060/2746, Loss: 1.4881
Epoch 5/100, Batch 2070/2746, Loss: 1.5075
Epoch 5/100, Batch 2080/2746, Loss: 1.4589
Epoch 5/100, Batch 2090/2746, Loss: 1.4775
Epoch 5/100, Batch 2100/2746, Loss: 1.6067
Epoch 5/100, Batch 2110/2746, Loss: 1.5551
Epoch 5/100, Batch 2120/2746, Loss: 1.4466
Epoch 5/100, Batch 2130/2746, Loss: 1.6352
Epoch 5/100, Batch 2140/2746, Loss: 1.5915
Epoch 5/100, Batch 2150/2746, Loss: 1.5464
Epoch 5/100, Batch 2160/2746, Loss: 1.4587
Epoch 5/100, Batch 2170/2746, Loss: 1.6430
Epoch 5/100, Batch 2180/2746, Loss: 1.5286
Epoch 5/100, Batch 2190/2746, Loss: 1.5407
Epoch 5/100, Batch 2200/2746, Loss: 1.5897
Epoch 5/100, Batch 2210/2746, Loss: 1.4308
Epoch 5/100, Batch 2220/2746, Loss: 1.4772
Epoch 5/100, Batch 2230/2746, Loss: 1.5885
Epoch 5/100, Batch 2240/2746, Loss: 1.5516
Epoch 5/100, Batch 2250/2746, Loss: 1.5321
Epoch 5/100, Batch 2260/2746, Loss: 1.5974
Epoch 5/100, Batch 2270/2746, Loss: 1.4857
Epoch 5/100, Batch 2280/2746, Loss: 1.4979
Epoch 5/100, Batch 2290/2746, Loss: 1.4430
Epoch 5/100, Batch 2300/2746, Loss: 1.4915
Epoch 5/100, Batch 2310/2746, Loss: 1.4583
Epoch 5/100, Batch 2320/2746, Loss: 1.5095
Epoch 5/100, Batch 2330/2746, Loss: 1.5873
Epoch 5/100, Batch 2340/2746, Loss: 1.6012
Epoch 5/100, Batch 2350/2746, Loss: 1.5448
Epoch 5/100, Batch 2360/2746, Loss: 1.6023
Epoch 5/100, Batch 2370/2746, Loss: 1.5514
Epoch 5/100, Batch 2380/2746, Loss: 1.3795
Epoch 5/100, Batch 2390/2746, Loss: 1.5284
Epoch 5/100, Batch 2400/2746, Loss: 1.5111
Epoch 5/100, Batch 2410/2746, Loss: 1.5603
Epoch 5/100, Batch 2420/2746, Loss: 1.5628
Epoch 5/100, Batch 2430/2746, Loss: 1.5383
Epoch 5/100, Batch 2440/2746, Loss: 1.5874
Epoch 5/100, Batch 2450/2746, Loss: 1.4593
Epoch 5/100, Batch 2460/2746, Loss: 1.4145
Epoch 5/100, Batch 2470/2746, Loss: 1.4552
Epoch 5/100, Batch 2480/2746, Loss: 1.4425
Epoch 5/100, Batch 2490/2746, Loss: 1.4951
Epoch 5/100, Batch 2500/2746, Loss: 1.5386
Epoch 5/100, Batch 2510/2746, Loss: 1.5214
Epoch 5/100, Batch 2520/2746, Loss: 1.4941
Epoch 5/100, Batch 2530/2746, Loss: 1.5775
Epoch 5/100, Batch 2540/2746, Loss: 1.6077
Epoch 5/100, Batch 2550/2746, Loss: 1.4929
Epoch 5/100, Batch 2560/2746, Loss: 1.4525
Epoch 5/100, Batch 2570/2746, Loss: 1.5159
Epoch 5/100, Batch 2580/2746, Loss: 1.4709
Epoch 5/100, Batch 2590/2746, Loss: 1.4392
Epoch 5/100, Batch 2600/2746, Loss: 1.5416
Epoch 5/100, Batch 2610/2746, Loss: 1.5883
Epoch 5/100, Batch 2620/2746, Loss: 1.5005
Epoch 5/100, Batch 2630/2746, Loss: 1.4615
Epoch 5/100, Batch 2640/2746, Loss: 1.4802
Epoch 5/100, Batch 2650/2746, Loss: 1.4409
Epoch 5/100, Batch 2660/2746, Loss: 1.5425
Epoch 5/100, Batch 2670/2746, Loss: 1.4999
Epoch 5/100, Batch 2680/2746, Loss: 1.5220
Epoch 5/100, Batch 2690/2746, Loss: 1.4971
Epoch 5/100, Batch 2700/2746, Loss: 1.4338
Epoch 5/100, Batch 2710/2746, Loss: 1.5524
Epoch 5/100, Batch 2720/2746, Loss: 1.4935
Epoch 5/100, Batch 2730/2746, Loss: 1.4955
Epoch 5/100, Batch 2740/2746, Loss: 1.7806
New best model with validation loss: 1.2904, perplexity: 3.63
Epoch 5/100, Loss: 1.5597, Perplexity: 4.76, Val Loss: 1.2904, Val Perplexity: 3.63, Time: 3658.81s
Epoch 6/100, Batch 10/2746, Loss: 1.5344
Epoch 6/100, Batch 20/2746, Loss: 1.5375
Epoch 6/100, Batch 30/2746, Loss: 1.4800
Epoch 6/100, Batch 40/2746, Loss: 1.4633
Epoch 6/100, Batch 50/2746, Loss: 1.5430
Epoch 6/100, Batch 60/2746, Loss: 1.4798
Epoch 6/100, Batch 70/2746, Loss: 1.4772
Epoch 6/100, Batch 80/2746, Loss: 1.5021
Epoch 6/100, Batch 90/2746, Loss: 1.4841
Epoch 6/100, Batch 100/2746, Loss: 1.4392
Epoch 6/100, Batch 110/2746, Loss: 1.7310
Epoch 6/100, Batch 120/2746, Loss: 1.5529
Epoch 6/100, Batch 130/2746, Loss: 1.4525
Epoch 6/100, Batch 140/2746, Loss: 1.4693
Epoch 6/100, Batch 150/2746, Loss: 1.3875
Epoch 6/100, Batch 160/2746, Loss: 1.4655
Epoch 6/100, Batch 170/2746, Loss: 1.5096
Epoch 6/100, Batch 180/2746, Loss: 1.5148
Epoch 6/100, Batch 190/2746, Loss: 1.5192
Epoch 6/100, Batch 200/2746, Loss: 1.5800
Epoch 6/100, Batch 210/2746, Loss: 1.5265
Epoch 6/100, Batch 220/2746, Loss: 1.4653
Epoch 6/100, Batch 230/2746, Loss: 1.5263
Epoch 6/100, Batch 240/2746, Loss: 1.5465
Epoch 6/100, Batch 250/2746, Loss: 1.5939
Epoch 6/100, Batch 260/2746, Loss: 1.5116
Epoch 6/100, Batch 270/2746, Loss: 1.5286
Epoch 6/100, Batch 280/2746, Loss: 1.4996
Epoch 6/100, Batch 290/2746, Loss: 1.4405
Epoch 6/100, Batch 300/2746, Loss: 1.5342
Epoch 6/100, Batch 310/2746, Loss: 1.4485
Epoch 6/100, Batch 320/2746, Loss: 1.5222
Epoch 6/100, Batch 330/2746, Loss: 1.5179
Epoch 6/100, Batch 340/2746, Loss: 1.6197
Epoch 6/100, Batch 350/2746, Loss: 1.4083
Epoch 6/100, Batch 360/2746, Loss: 1.5047
Epoch 6/100, Batch 370/2746, Loss: 1.4982
Epoch 6/100, Batch 380/2746, Loss: 1.4052
Epoch 6/100, Batch 390/2746, Loss: 1.4856
Epoch 6/100, Batch 400/2746, Loss: 1.5644
Epoch 6/100, Batch 410/2746, Loss: 1.4600
Epoch 6/100, Batch 420/2746, Loss: 1.4378
Epoch 6/100, Batch 430/2746, Loss: 1.4805
Epoch 6/100, Batch 440/2746, Loss: 1.4513
Epoch 6/100, Batch 450/2746, Loss: 1.4755
Epoch 6/100, Batch 460/2746, Loss: 1.5068
Epoch 6/100, Batch 470/2746, Loss: 1.5096
Epoch 6/100, Batch 480/2746, Loss: 1.4751
Epoch 6/100, Batch 490/2746, Loss: 1.4839
Epoch 6/100, Batch 500/2746, Loss: 1.6215
Epoch 6/100, Batch 510/2746, Loss: 1.4125
Epoch 6/100, Batch 520/2746, Loss: 1.4222
Epoch 6/100, Batch 530/2746, Loss: 1.5375
Epoch 6/100, Batch 540/2746, Loss: 1.5687
Epoch 6/100, Batch 550/2746, Loss: 1.4922
Epoch 6/100, Batch 560/2746, Loss: 1.3921
Epoch 6/100, Batch 570/2746, Loss: 1.4938
Epoch 6/100, Batch 580/2746, Loss: 1.4396
Epoch 6/100, Batch 590/2746, Loss: 1.3674
Epoch 6/100, Batch 600/2746, Loss: 1.4031
Epoch 6/100, Batch 610/2746, Loss: 1.5036
Epoch 6/100, Batch 620/2746, Loss: 1.4496
Epoch 6/100, Batch 630/2746, Loss: 1.4986
Epoch 6/100, Batch 640/2746, Loss: 1.4489
Epoch 6/100, Batch 650/2746, Loss: 1.5316
Epoch 6/100, Batch 660/2746, Loss: 1.4537
Epoch 6/100, Batch 670/2746, Loss: 1.5200
Epoch 6/100, Batch 680/2746, Loss: 1.5721
Epoch 6/100, Batch 690/2746, Loss: 1.4748
Epoch 6/100, Batch 700/2746, Loss: 1.4203
Epoch 6/100, Batch 710/2746, Loss: 1.3673
Epoch 6/100, Batch 720/2746, Loss: 1.5247
Epoch 6/100, Batch 730/2746, Loss: 1.6972
Epoch 6/100, Batch 740/2746, Loss: 1.4542
Epoch 6/100, Batch 750/2746, Loss: 1.4034
Epoch 6/100, Batch 760/2746, Loss: 1.4248
Epoch 6/100, Batch 770/2746, Loss: 1.4149
Epoch 6/100, Batch 780/2746, Loss: 1.4435
Epoch 6/100, Batch 790/2746, Loss: 1.4662
Epoch 6/100, Batch 800/2746, Loss: 1.5011
Epoch 6/100, Batch 810/2746, Loss: 1.4316
Epoch 6/100, Batch 820/2746, Loss: 1.4284
Epoch 6/100, Batch 830/2746, Loss: 1.4408
Epoch 6/100, Batch 840/2746, Loss: 1.4422
Epoch 6/100, Batch 850/2746, Loss: 1.4185
Epoch 6/100, Batch 860/2746, Loss: 1.4757
Epoch 6/100, Batch 870/2746, Loss: 1.5488
Epoch 6/100, Batch 880/2746, Loss: 1.5024
Epoch 6/100, Batch 890/2746, Loss: 1.5524
Epoch 6/100, Batch 900/2746, Loss: 1.4379
Epoch 6/100, Batch 910/2746, Loss: 1.4172
Epoch 6/100, Batch 920/2746, Loss: 1.4320
Epoch 6/100, Batch 930/2746, Loss: 1.5070
Epoch 6/100, Batch 940/2746, Loss: 1.4479
Epoch 6/100, Batch 950/2746, Loss: 1.4979
Epoch 6/100, Batch 960/2746, Loss: 1.5587
Epoch 6/100, Batch 970/2746, Loss: 1.6589
Epoch 6/100, Batch 980/2746, Loss: 1.4476
Epoch 6/100, Batch 990/2746, Loss: 1.5370
Epoch 6/100, Batch 1000/2746, Loss: 1.5216
Epoch 6/100, Batch 1010/2746, Loss: 1.4416
Epoch 6/100, Batch 1020/2746, Loss: 1.4901
Epoch 6/100, Batch 1030/2746, Loss: 1.4293
Epoch 6/100, Batch 1040/2746, Loss: 1.4249
Epoch 6/100, Batch 1050/2746, Loss: 1.4084
Epoch 6/100, Batch 1060/2746, Loss: 1.4944
Epoch 6/100, Batch 1070/2746, Loss: 1.6180
Epoch 6/100, Batch 1080/2746, Loss: 1.4336
Epoch 6/100, Batch 1090/2746, Loss: 1.3860
Epoch 6/100, Batch 1100/2746, Loss: 1.4634
Epoch 6/100, Batch 1110/2746, Loss: 1.4037
Epoch 6/100, Batch 1120/2746, Loss: 1.5178
Epoch 6/100, Batch 1130/2746, Loss: 1.5061
Epoch 6/100, Batch 1140/2746, Loss: 1.4640
Epoch 6/100, Batch 1150/2746, Loss: 1.4580
Epoch 6/100, Batch 1160/2746, Loss: 1.3577
Epoch 6/100, Batch 1170/2746, Loss: 1.5347
Epoch 6/100, Batch 1180/2746, Loss: 1.5263
Epoch 6/100, Batch 1190/2746, Loss: 1.5106
Epoch 6/100, Batch 1200/2746, Loss: 1.4540
Epoch 6/100, Batch 1210/2746, Loss: 1.3316
Epoch 6/100, Batch 1220/2746, Loss: 1.4369
Epoch 6/100, Batch 1230/2746, Loss: 1.4090
Epoch 6/100, Batch 1240/2746, Loss: 1.5799
Epoch 6/100, Batch 1250/2746, Loss: 1.5264
Epoch 6/100, Batch 1260/2746, Loss: 1.4719
Epoch 6/100, Batch 1270/2746, Loss: 1.4294
Epoch 6/100, Batch 1280/2746, Loss: 1.4247
Epoch 6/100, Batch 1290/2746, Loss: 1.4380
Epoch 6/100, Batch 1300/2746, Loss: 1.5103
Epoch 6/100, Batch 1310/2746, Loss: 1.5232
Epoch 6/100, Batch 1320/2746, Loss: 1.5038
Epoch 6/100, Batch 1330/2746, Loss: 1.4223
Epoch 6/100, Batch 1340/2746, Loss: 1.4463
