Using device: cuda
Loading existing model from bachelor_thesis/models/sparse_byte_transformer.pt
Loaded model checkpoint with training history

Generating example texts with different temperatures:

Generating samples with different temperatures:

Prompt: The movie was

Temperature 0.6:
The movie wasevis lavachotumprdfobeeniv ls.act iomerchthuldfuan..fr womesia/ htulif Aucranfo.eid/d tpughtfomlan.s.


Temperature 0.8:
The movie wasew.tourthea is fflcrmbiabondeletors d.ouch iavr bfiestspealdonnd.m g/how.iafiste.,0.dcl asoneg/acifd/mur.diolteshlson ul.


Temperature 1.0:
The movie wase eivom Ashiof. pasmiquemho.vrndblfe,hatis T.Aromobu Adenofe/cla tts.am


Prompt: In the beginning

Temperature 0.6:
In the beginningnine offrtisl.ublamdugenn hof Atiales.ceruim/w.hoff ttaninos


Temperature 0.8:
In the beginningnettis falefo lned.hecrutiom/iaeath Ads/ln.prsoe rfitag.foi/ctalnd Arhe/muis..ofedsialttafawn.niu/cem/cs Arguilaboet.co.ff/ed unltharisaed/An.foof /wf mphrigant.esdionu/whckip.h acrtt e lliu/w.enn/ovh

Temperature 1.0:
In the beginningivest anrc.gsh folgnciffew bfd/rpttasou.lms 


Prompt: She looked at

Temperature 0.6:
She looked atoofeatis le.hargurinot,f tedccls.hoatoring/buf ie w. Achlasotrydreap:/omin.og ichtefld


Temperature 0.8:
She looked ath oftalie.acched,&quclr hoft iiag.ofcse.al,


Temperature 1.0:
She looked at rllaiveotckrisbo.atuhe, tibunlenfrwoos. Ahrtcay/e luokblifuac


Prompt: The system could

Temperature 0.6:
The system couldelfutis.orcelaniashy m.ouftpeltu/ eindaires


Temperature 0.8:
The system coulddic heals.hmuonfoditmrlrf caduns,e o.halita//wmphterus neochllodaiavpp:/fodecsueg tly.hamintpa/rib/fcoftseulmro.


Temperature 1.0:
The system couldrelliostf umaticms,ahie.mbloorn tuivafrp:myohedlas.


Prompt: Deep learning is

Temperature 0.6:
Deep learning isefanshivot fiblico..oupeash/wat;n f iglfroveeis.h/ww.hat odunffel iryas/e.


Temperature 0.8:
Deep learning is arenufitpelor.hubs am ffaninvedictholf.uos ra.mp:/e indrnliathoucfif


Temperature 1.0:
Deep learning is.nela hibe olboutfrc ds.)faalirigebmuthfom/22. Aqd atmortef


Running in non-interactive mode, skipping interactive prompt
