Using device: cuda
Loading training data...
Loading data from data/enwik8
Training model...
Training on device: cuda
Using mixed precision training (FP16)
Using gradient accumulation with 4 steps
Effective batch size: 64
Epoch 1/40, Batch 10/10986, Loss: 10330.2607
Epoch 1/40, Batch 20/10986, Loss: 10454.6992
Epoch 1/40, Batch 30/10986, Loss: 10533.3555
Epoch 1/40, Batch 40/10986, Loss: 10529.4375
Epoch 1/40, Batch 50/10986, Loss: 10409.5576
Epoch 1/40, Batch 60/10986, Loss: 10372.3994
Epoch 1/40, Batch 70/10986, Loss: 10441.9580
Epoch 1/40, Batch 80/10986, Loss: 10389.4072
Epoch 1/40, Batch 90/10986, Loss: 10444.4014
Epoch 1/40, Batch 100/10986, Loss: 10444.9795
Epoch 1/40, Batch 110/10986, Loss: 10377.5605
Epoch 1/40, Batch 120/10986, Loss: 10406.0996
Epoch 1/40, Batch 130/10986, Loss: 10364.0205
Epoch 1/40, Batch 140/10986, Loss: 10234.7246
Epoch 1/40, Batch 150/10986, Loss: 10314.0820
Epoch 1/40, Batch 160/10986, Loss: 10380.9072
Epoch 1/40, Batch 170/10986, Loss: 10348.6562
Epoch 1/40, Batch 180/10986, Loss: 10337.2227
Epoch 1/40, Batch 190/10986, Loss: 10493.2666
Epoch 1/40, Batch 200/10986, Loss: 10277.6660
Epoch 1/40, Batch 210/10986, Loss: 10429.5674
Epoch 1/40, Batch 220/10986, Loss: 10347.0684
Epoch 1/40, Batch 230/10986, Loss: 10353.4160
Epoch 1/40, Batch 240/10986, Loss: 10234.6279
Epoch 1/40, Batch 250/10986, Loss: 10309.3838
Epoch 1/40, Batch 260/10986, Loss: 10268.4443
Epoch 1/40, Batch 270/10986, Loss: 10156.1885
Epoch 1/40, Batch 280/10986, Loss: 10060.8916
Epoch 1/40, Batch 290/10986, Loss: 10025.6611
Epoch 1/40, Batch 300/10986, Loss: 10088.5449
Epoch 1/40, Batch 310/10986, Loss: 9976.9502
Epoch 1/40, Batch 320/10986, Loss: 10057.6855
Epoch 1/40, Batch 330/10986, Loss: 10148.4678
Epoch 1/40, Batch 340/10986, Loss: 10177.0078
Epoch 1/40, Batch 350/10986, Loss: 9971.3975
Epoch 1/40, Batch 360/10986, Loss: 9993.5947
Epoch 1/40, Batch 370/10986, Loss: 9853.8730
Epoch 1/40, Batch 380/10986, Loss: 9974.1143
Epoch 1/40, Batch 390/10986, Loss: 9795.2012
Epoch 1/40, Batch 400/10986, Loss: 9812.9805
Epoch 1/40, Batch 410/10986, Loss: 9833.5889
Epoch 1/40, Batch 420/10986, Loss: 9945.8154
Epoch 1/40, Batch 430/10986, Loss: 9806.6465
Epoch 1/40, Batch 440/10986, Loss: 9660.5869
Epoch 1/40, Batch 450/10986, Loss: 9797.6895
Epoch 1/40, Batch 460/10986, Loss: 9677.9404
Epoch 1/40, Batch 470/10986, Loss: 9652.0391
Epoch 1/40, Batch 480/10986, Loss: 9638.9639
Epoch 1/40, Batch 490/10986, Loss: 9604.4160
Epoch 1/40, Batch 500/10986, Loss: 9402.6074
Epoch 1/40, Batch 510/10986, Loss: 9367.5459
Epoch 1/40, Batch 520/10986, Loss: 9366.6484
Epoch 1/40, Batch 530/10986, Loss: 9339.6641
Epoch 1/40, Batch 540/10986, Loss: 9282.1836
Epoch 1/40, Batch 550/10986, Loss: 9250.0840
Epoch 1/40, Batch 560/10986, Loss: 9140.9561
Epoch 1/40, Batch 570/10986, Loss: 8960.1973
Epoch 1/40, Batch 580/10986, Loss: 8919.5293
Epoch 1/40, Batch 590/10986, Loss: 8925.7080
Epoch 1/40, Batch 600/10986, Loss: 8745.1152
Epoch 1/40, Batch 610/10986, Loss: 8735.7510
Epoch 1/40, Batch 620/10986, Loss: 8573.3682
Epoch 1/40, Batch 630/10986, Loss: 8595.4678
Epoch 1/40, Batch 640/10986, Loss: 8517.4307
Epoch 1/40, Batch 650/10986, Loss: 8259.7656
Epoch 1/40, Batch 660/10986, Loss: 8250.8525
Epoch 1/40, Batch 670/10986, Loss: 8216.2305
Epoch 1/40, Batch 680/10986, Loss: 8198.2568
Epoch 1/40, Batch 690/10986, Loss: 8009.1729
Epoch 1/40, Batch 700/10986, Loss: 7753.4087
Epoch 1/40, Batch 710/10986, Loss: 7717.3428
Epoch 1/40, Batch 720/10986, Loss: 7649.5596
Epoch 1/40, Batch 730/10986, Loss: 7745.2007
Epoch 1/40, Batch 740/10986, Loss: 7406.1143
Epoch 1/40, Batch 750/10986, Loss: 7228.3369
Epoch 1/40, Batch 760/10986, Loss: 7366.6304
Epoch 1/40, Batch 770/10986, Loss: 7087.1025
Epoch 1/40, Batch 780/10986, Loss: 7137.3452
Epoch 1/40, Batch 790/10986, Loss: 7273.6763
Epoch 1/40, Batch 800/10986, Loss: 6875.4165
Epoch 1/40, Batch 810/10986, Loss: 6539.0615
Epoch 1/40, Batch 820/10986, Loss: 6444.5503
Epoch 1/40, Batch 830/10986, Loss: 6290.1299
Epoch 1/40, Batch 840/10986, Loss: 6321.5952
Epoch 1/40, Batch 850/10986, Loss: 6254.3486
Epoch 1/40, Batch 860/10986, Loss: 5982.0967
Epoch 1/40, Batch 870/10986, Loss: 6021.7500
Epoch 1/40, Batch 880/10986, Loss: 5876.3027
Epoch 1/40, Batch 890/10986, Loss: 5522.2876
Epoch 1/40, Batch 900/10986, Loss: 5459.9893
Epoch 1/40, Batch 910/10986, Loss: 5545.4814
Epoch 1/40, Batch 920/10986, Loss: 5403.1968
Epoch 1/40, Batch 930/10986, Loss: 5289.7705
Epoch 1/40, Batch 940/10986, Loss: 5174.7354
Epoch 1/40, Batch 950/10986, Loss: 4967.8462
Epoch 1/40, Batch 960/10986, Loss: 4849.3887
Epoch 1/40, Batch 970/10986, Loss: 4705.7241
Epoch 1/40, Batch 980/10986, Loss: 4500.1138
Epoch 1/40, Batch 990/10986, Loss: 4402.1660
Epoch 1/40, Batch 1000/10986, Loss: 4421.4565
Epoch 1/40, Batch 1010/10986, Loss: 4177.3999
Epoch 1/40, Batch 1020/10986, Loss: 4050.8237
Epoch 1/40, Batch 1030/10986, Loss: 3892.5537
Epoch 1/40, Batch 1040/10986, Loss: 3879.6875
Epoch 1/40, Batch 1050/10986, Loss: 3807.4744
Epoch 1/40, Batch 1060/10986, Loss: 3769.8889
Epoch 1/40, Batch 1070/10986, Loss: 3574.7107
Epoch 1/40, Batch 1080/10986, Loss: 3412.4395
Epoch 1/40, Batch 1090/10986, Loss: 3478.2515
Epoch 1/40, Batch 1100/10986, Loss: 3453.8997
Epoch 1/40, Batch 1110/10986, Loss: 3153.4331
Epoch 1/40, Batch 1120/10986, Loss: 3033.1670
Epoch 1/40, Batch 1130/10986, Loss: 3179.8784
Epoch 1/40, Batch 1140/10986, Loss: 3370.2131
Epoch 1/40, Batch 1150/10986, Loss: 2838.0918
Epoch 1/40, Batch 1160/10986, Loss: 2625.0818
Epoch 1/40, Batch 1170/10986, Loss: 2690.3774
Epoch 1/40, Batch 1180/10986, Loss: 2859.2007
Epoch 1/40, Batch 1190/10986, Loss: 2881.8640
Epoch 1/40, Batch 1200/10986, Loss: 2426.3108
Epoch 1/40, Batch 1210/10986, Loss: 2776.8994
Epoch 1/40, Batch 1220/10986, Loss: 2534.9573
Epoch 1/40, Batch 1230/10986, Loss: 2455.0925
Epoch 1/40, Batch 1240/10986, Loss: 2095.3430
Epoch 1/40, Batch 1250/10986, Loss: 2338.2356
Epoch 1/40, Batch 1260/10986, Loss: 2272.0088
Epoch 1/40, Batch 1270/10986, Loss: 2117.2024
Epoch 1/40, Batch 1280/10986, Loss: 2283.0940
Epoch 1/40, Batch 1290/10986, Loss: 1842.1207
Epoch 1/40, Batch 1300/10986, Loss: 1815.9702
Epoch 1/40, Batch 1310/10986, Loss: 2076.0854
Epoch 1/40, Batch 1320/10986, Loss: 1821.1337
Epoch 1/40, Batch 1330/10986, Loss: 1857.5179
Epoch 1/40, Batch 1340/10986, Loss: 1638.4944
Epoch 1/40, Batch 1350/10986, Loss: 1729.2834
Epoch 1/40, Batch 1360/10986, Loss: 1514.6858
Epoch 1/40, Batch 1370/10986, Loss: 1529.9170
Epoch 1/40, Batch 1380/10986, Loss: 1685.4885
Epoch 1/40, Batch 1390/10986, Loss: 1672.6509
Epoch 1/40, Batch 1400/10986, Loss: 1733.4547
Epoch 1/40, Batch 1410/10986, Loss: 1727.5555
Epoch 1/40, Batch 1420/10986, Loss: 1934.5052
Epoch 1/40, Batch 1430/10986, Loss: 1395.5481
Epoch 1/40, Batch 1440/10986, Loss: 1382.5973
Epoch 1/40, Batch 1450/10986, Loss: 1307.8630
Epoch 1/40, Batch 1460/10986, Loss: 1543.2343
Epoch 1/40, Batch 1470/10986, Loss: 1313.6979
Epoch 1/40, Batch 1480/10986, Loss: 1493.1862
Epoch 1/40, Batch 1490/10986, Loss: 1352.6641
Epoch 1/40, Batch 1500/10986, Loss: 1380.9304
Epoch 1/40, Batch 1510/10986, Loss: 1470.2520
Epoch 1/40, Batch 1520/10986, Loss: 1675.8245
Epoch 1/40, Batch 1530/10986, Loss: 922.7907
Epoch 1/40, Batch 1540/10986, Loss: 904.2573
Epoch 1/40, Batch 1550/10986, Loss: 1037.7178
Epoch 1/40, Batch 1560/10986, Loss: 1259.2131
Epoch 1/40, Batch 1570/10986, Loss: 952.6314
Epoch 1/40, Batch 1580/10986, Loss: 1111.8202
Epoch 1/40, Batch 1590/10986, Loss: 909.9446
Epoch 1/40, Batch 1600/10986, Loss: 980.7224
Epoch 1/40, Batch 1610/10986, Loss: 1083.2032
Epoch 1/40, Batch 1620/10986, Loss: 934.7698
Epoch 1/40, Batch 1630/10986, Loss: 1203.6812
Epoch 1/40, Batch 1640/10986, Loss: 1144.1558
Epoch 1/40, Batch 1650/10986, Loss: 904.4960
Epoch 1/40, Batch 1660/10986, Loss: 980.0981
Epoch 1/40, Batch 1670/10986, Loss: 1043.6451
Epoch 1/40, Batch 1680/10986, Loss: 977.4190
Epoch 1/40, Batch 1690/10986, Loss: 1142.4823
Epoch 1/40, Batch 1700/10986, Loss: 1290.7235
Epoch 1/40, Batch 1710/10986, Loss: 1000.6805
Epoch 1/40, Batch 1720/10986, Loss: 771.1931
Epoch 1/40, Batch 1730/10986, Loss: 1118.2950
Epoch 1/40, Batch 1740/10986, Loss: 860.5012
Epoch 1/40, Batch 1750/10986, Loss: 744.9750
Epoch 1/40, Batch 1760/10986, Loss: 717.6292
Epoch 1/40, Batch 1770/10986, Loss: 677.5430
Epoch 1/40, Batch 1780/10986, Loss: 731.5049
Epoch 1/40, Batch 1790/10986, Loss: 811.0477
Epoch 1/40, Batch 1800/10986, Loss: 687.0797
Epoch 1/40, Batch 1810/10986, Loss: 597.0991
Epoch 1/40, Batch 1820/10986, Loss: 643.5410
Epoch 1/40, Batch 1830/10986, Loss: 439.8643
Epoch 1/40, Batch 1840/10986, Loss: 698.6466
Epoch 1/40, Batch 1850/10986, Loss: 620.7128
Epoch 1/40, Batch 1860/10986, Loss: 798.4939
Epoch 1/40, Batch 1870/10986, Loss: 517.5886
Epoch 1/40, Batch 1880/10986, Loss: 625.3785
Epoch 1/40, Batch 1890/10986, Loss: 635.6392
Epoch 1/40, Batch 1900/10986, Loss: 402.4709
Epoch 1/40, Batch 1910/10986, Loss: 436.3393
Epoch 1/40, Batch 1920/10986, Loss: 411.6598
Epoch 1/40, Batch 1930/10986, Loss: 387.2099
Epoch 1/40, Batch 1940/10986, Loss: 331.6871
Epoch 1/40, Batch 1950/10986, Loss: 471.3261
Epoch 1/40, Batch 1960/10986, Loss: 497.9056
Epoch 1/40, Batch 1970/10986, Loss: 459.1956
Epoch 1/40, Batch 1980/10986, Loss: 403.1702
Epoch 1/40, Batch 1990/10986, Loss: 482.1476
Epoch 1/40, Batch 2000/10986, Loss: 420.1270
Epoch 1/40, Batch 2010/10986, Loss: 397.5169
Epoch 1/40, Batch 2020/10986, Loss: 445.5370
Epoch 1/40, Batch 2030/10986, Loss: 356.9340
Epoch 1/40, Batch 2040/10986, Loss: 333.2954
Epoch 1/40, Batch 2050/10986, Loss: 276.0823
Epoch 1/40, Batch 2060/10986, Loss: 436.2859
Epoch 1/40, Batch 2070/10986, Loss: 290.6211
Epoch 1/40, Batch 2080/10986, Loss: 328.5935
Epoch 1/40, Batch 2090/10986, Loss: 430.9562
Epoch 1/40, Batch 2100/10986, Loss: 317.5370
Epoch 1/40, Batch 2110/10986, Loss: 303.7749
Epoch 1/40, Batch 2120/10986, Loss: 518.1967
Epoch 1/40, Batch 2130/10986, Loss: 246.3656
Epoch 1/40, Batch 2140/10986, Loss: 383.5517
Epoch 1/40, Batch 2150/10986, Loss: 497.9925
Epoch 1/40, Batch 2160/10986, Loss: 292.3515
Epoch 1/40, Batch 2170/10986, Loss: 385.9672
Epoch 1/40, Batch 2180/10986, Loss: 367.3692
Epoch 1/40, Batch 2190/10986, Loss: 250.3562
Epoch 1/40, Batch 2200/10986, Loss: 197.0791
Epoch 1/40, Batch 2210/10986, Loss: 364.8524
Epoch 1/40, Batch 2220/10986, Loss: 242.9332
Epoch 1/40, Batch 2230/10986, Loss: 224.7484
Epoch 1/40, Batch 2240/10986, Loss: 415.6509
Epoch 1/40, Batch 2250/10986, Loss: 228.0845
Epoch 1/40, Batch 2260/10986, Loss: 272.0490
Epoch 1/40, Batch 2270/10986, Loss: 283.6086
Epoch 1/40, Batch 2280/10986, Loss: 413.9239
Epoch 1/40, Batch 2290/10986, Loss: 317.5847
Epoch 1/40, Batch 2300/10986, Loss: 257.4908
Epoch 1/40, Batch 2310/10986, Loss: 373.5975
Epoch 1/40, Batch 2320/10986, Loss: 382.0061
Epoch 1/40, Batch 2330/10986, Loss: 256.5158
Epoch 1/40, Batch 2340/10986, Loss: 224.8951
Epoch 1/40, Batch 2350/10986, Loss: 237.2310
Epoch 1/40, Batch 2360/10986, Loss: 259.9225
Epoch 1/40, Batch 2370/10986, Loss: 179.6099
Epoch 1/40, Batch 2380/10986, Loss: 265.5475
Epoch 1/40, Batch 2390/10986, Loss: 205.9285
Epoch 1/40, Batch 2400/10986, Loss: 226.5690
Epoch 1/40, Batch 2410/10986, Loss: 396.2565
Epoch 1/40, Batch 2420/10986, Loss: 193.4198
Epoch 1/40, Batch 2430/10986, Loss: 285.5297
Epoch 1/40, Batch 2440/10986, Loss: 304.7745
Epoch 1/40, Batch 2450/10986, Loss: 288.9984
Epoch 1/40, Batch 2460/10986, Loss: 180.1982
Epoch 1/40, Batch 2470/10986, Loss: 328.2211
Epoch 1/40, Batch 2480/10986, Loss: 170.4753
Epoch 1/40, Batch 2490/10986, Loss: 292.7041
Epoch 1/40, Batch 2500/10986, Loss: 279.5883
Epoch 1/40, Batch 2510/10986, Loss: 223.4743
Epoch 1/40, Batch 2520/10986, Loss: 194.5852
Epoch 1/40, Batch 2530/10986, Loss: 170.8152
Epoch 1/40, Batch 2540/10986, Loss: 249.4910
Epoch 1/40, Batch 2550/10986, Loss: 145.7388
Epoch 1/40, Batch 2560/10986, Loss: 328.0804
Epoch 1/40, Batch 2570/10986, Loss: 208.4365
Epoch 1/40, Batch 2580/10986, Loss: 147.1834
Epoch 1/40, Batch 2590/10986, Loss: 205.7391
Epoch 1/40, Batch 2600/10986, Loss: 238.9677
Epoch 1/40, Batch 2610/10986, Loss: 250.9783
Epoch 1/40, Batch 2620/10986, Loss: 152.7215
Epoch 1/40, Batch 2630/10986, Loss: 188.0931
Epoch 1/40, Batch 2640/10986, Loss: 195.3141
Epoch 1/40, Batch 2650/10986, Loss: 178.2278
Epoch 1/40, Batch 2660/10986, Loss: 140.9729
Epoch 1/40, Batch 2670/10986, Loss: 338.3461
Epoch 1/40, Batch 2680/10986, Loss: 338.1220
Epoch 1/40, Batch 2690/10986, Loss: 121.7509
Epoch 1/40, Batch 2700/10986, Loss: 189.3690
Epoch 1/40, Batch 2710/10986, Loss: 312.7200
Epoch 1/40, Batch 2720/10986, Loss: 232.7906
Epoch 1/40, Batch 2730/10986, Loss: 283.0504
Epoch 1/40, Batch 2740/10986, Loss: 158.7214
Epoch 1/40, Batch 2750/10986, Loss: 376.1569
Epoch 1/40, Batch 2760/10986, Loss: 150.7104
Epoch 1/40, Batch 2770/10986, Loss: 172.7957
Epoch 1/40, Batch 2780/10986, Loss: 124.6993
Epoch 1/40, Batch 2790/10986, Loss: 144.1570
Epoch 1/40, Batch 2800/10986, Loss: 114.3463
Epoch 1/40, Batch 2810/10986, Loss: 144.1793
Epoch 1/40, Batch 2820/10986, Loss: 164.9087
Epoch 1/40, Batch 2830/10986, Loss: 241.5692
Epoch 1/40, Batch 2840/10986, Loss: 157.9404
Epoch 1/40, Batch 2850/10986, Loss: 161.3701
Epoch 1/40, Batch 2860/10986, Loss: 254.2640
Epoch 1/40, Batch 2870/10986, Loss: 146.0700
Epoch 1/40, Batch 2880/10986, Loss: 203.3976
Epoch 1/40, Batch 2890/10986, Loss: 131.2038
Epoch 1/40, Batch 2900/10986, Loss: 202.5467
Epoch 1/40, Batch 2910/10986, Loss: 148.1258
Epoch 1/40, Batch 2920/10986, Loss: 115.1234
Epoch 1/40, Batch 2930/10986, Loss: 202.6324
Epoch 1/40, Batch 2940/10986, Loss: 194.1137
Epoch 1/40, Batch 2950/10986, Loss: 112.4599
Epoch 1/40, Batch 2960/10986, Loss: 218.3671
Epoch 1/40, Batch 2970/10986, Loss: 101.7626
Epoch 1/40, Batch 2980/10986, Loss: 137.0285
Epoch 1/40, Batch 2990/10986, Loss: 146.6360
Epoch 1/40, Batch 3000/10986, Loss: 103.1400
Epoch 1/40, Batch 3010/10986, Loss: 252.5928
Epoch 1/40, Batch 3020/10986, Loss: 118.5570
Epoch 1/40, Batch 3030/10986, Loss: 265.5858
Epoch 1/40, Batch 3040/10986, Loss: 147.6073
Epoch 1/40, Batch 3050/10986, Loss: 186.0962
Epoch 1/40, Batch 3060/10986, Loss: 316.3432
Epoch 1/40, Batch 3070/10986, Loss: 102.4060
Epoch 1/40, Batch 3080/10986, Loss: 123.8745
Epoch 1/40, Batch 3090/10986, Loss: 115.9559
Epoch 1/40, Batch 3100/10986, Loss: 140.7577
Epoch 1/40, Batch 3110/10986, Loss: 133.5498
Epoch 1/40, Batch 3120/10986, Loss: 420.0965
Epoch 1/40, Batch 3130/10986, Loss: 110.3691
Epoch 1/40, Batch 3140/10986, Loss: 185.1233
Epoch 1/40, Batch 3150/10986, Loss: 169.6017
Epoch 1/40, Batch 3160/10986, Loss: 185.9758
Epoch 1/40, Batch 3170/10986, Loss: 139.5905
Epoch 1/40, Batch 3180/10986, Loss: 166.7416
Epoch 1/40, Batch 3190/10986, Loss: 131.8482
Epoch 1/40, Batch 3200/10986, Loss: 113.9162
Epoch 1/40, Batch 3210/10986, Loss: 155.3754
Epoch 1/40, Batch 3220/10986, Loss: 113.6712
Epoch 1/40, Batch 3230/10986, Loss: 140.2729
Epoch 1/40, Batch 3240/10986, Loss: 96.7910
Epoch 1/40, Batch 3250/10986, Loss: 91.8688
Epoch 1/40, Batch 3260/10986, Loss: 85.2991
Epoch 1/40, Batch 3270/10986, Loss: 118.4790
Epoch 1/40, Batch 3280/10986, Loss: 88.7646
Epoch 1/40, Batch 3290/10986, Loss: 140.8650
Epoch 1/40, Batch 3300/10986, Loss: 102.9740
Epoch 1/40, Batch 3310/10986, Loss: 132.7000
Epoch 1/40, Batch 3320/10986, Loss: 150.1917
Epoch 1/40, Batch 3330/10986, Loss: 99.4217
Epoch 1/40, Batch 3340/10986, Loss: 129.9213
Epoch 1/40, Batch 3350/10986, Loss: 142.2340
Epoch 1/40, Batch 3360/10986, Loss: 170.3163
Epoch 1/40, Batch 3370/10986, Loss: 215.9707
Epoch 1/40, Batch 3380/10986, Loss: 163.1180
Epoch 1/40, Batch 3390/10986, Loss: 156.5307
Epoch 1/40, Batch 3400/10986, Loss: 96.9919
Epoch 1/40, Batch 3410/10986, Loss: 128.4564
Epoch 1/40, Batch 3420/10986, Loss: 97.2028
Epoch 1/40, Batch 3430/10986, Loss: 98.0169
Epoch 1/40, Batch 3440/10986, Loss: 134.6868
Epoch 1/40, Batch 3450/10986, Loss: 81.6453
Epoch 1/40, Batch 3460/10986, Loss: 98.1965
Epoch 1/40, Batch 3470/10986, Loss: 73.8486
Epoch 1/40, Batch 3480/10986, Loss: 75.2888
Epoch 1/40, Batch 3490/10986, Loss: 202.7449
Epoch 1/40, Batch 3500/10986, Loss: 153.6988
Epoch 1/40, Batch 3510/10986, Loss: 108.8822
Epoch 1/40, Batch 3520/10986, Loss: 94.4339
Epoch 1/40, Batch 3530/10986, Loss: 88.9605
Epoch 1/40, Batch 3540/10986, Loss: 175.0097
Epoch 1/40, Batch 3550/10986, Loss: 107.6077
Epoch 1/40, Batch 3560/10986, Loss: 96.0689
Epoch 1/40, Batch 3570/10986, Loss: 142.7396
Epoch 1/40, Batch 3580/10986, Loss: 87.2046
Epoch 1/40, Batch 3590/10986, Loss: 93.4734
Epoch 1/40, Batch 3600/10986, Loss: 97.4101
Epoch 1/40, Batch 3610/10986, Loss: 87.7280
Epoch 1/40, Batch 3620/10986, Loss: 117.4412
Epoch 1/40, Batch 3630/10986, Loss: 190.8260
Epoch 1/40, Batch 3640/10986, Loss: 76.9452
Epoch 1/40, Batch 3650/10986, Loss: 116.1733
Epoch 1/40, Batch 3660/10986, Loss: 67.0890
Epoch 1/40, Batch 3670/10986, Loss: 165.1884
Epoch 1/40, Batch 3680/10986, Loss: 94.3298
Epoch 1/40, Batch 3690/10986, Loss: 78.8081
Epoch 1/40, Batch 3700/10986, Loss: 122.6227
Epoch 1/40, Batch 3710/10986, Loss: 85.7422
Epoch 1/40, Batch 3720/10986, Loss: 70.4607
Epoch 1/40, Batch 3730/10986, Loss: 71.7366
Epoch 1/40, Batch 3740/10986, Loss: 193.4890
Epoch 1/40, Batch 3750/10986, Loss: 131.3870
Epoch 1/40, Batch 3760/10986, Loss: 101.3629
Epoch 1/40, Batch 3770/10986, Loss: 145.9808
Epoch 1/40, Batch 3780/10986, Loss: 189.8665
Epoch 1/40, Batch 3790/10986, Loss: 270.7057
Epoch 1/40, Batch 3800/10986, Loss: 157.7715
Epoch 1/40, Batch 3810/10986, Loss: 225.7140
Epoch 1/40, Batch 3820/10986, Loss: 108.3491
Epoch 1/40, Batch 3830/10986, Loss: 82.6162
Epoch 1/40, Batch 3840/10986, Loss: 84.3231
Epoch 1/40, Batch 3850/10986, Loss: 168.1917
Epoch 1/40, Batch 3860/10986, Loss: 203.0051
Epoch 1/40, Batch 3870/10986, Loss: 121.9579
Epoch 1/40, Batch 3880/10986, Loss: 66.5662
Epoch 1/40, Batch 3890/10986, Loss: 117.8978
Epoch 1/40, Batch 3900/10986, Loss: 104.1039
Epoch 1/40, Batch 3910/10986, Loss: 70.1299
Epoch 1/40, Batch 3920/10986, Loss: 144.1805
Epoch 1/40, Batch 3930/10986, Loss: 130.9312
Epoch 1/40, Batch 3940/10986, Loss: 59.7945
Epoch 1/40, Batch 3950/10986, Loss: 88.1144
Epoch 1/40, Batch 3960/10986, Loss: 72.7622
Epoch 1/40, Batch 3970/10986, Loss: 66.3280
Epoch 1/40, Batch 3980/10986, Loss: 54.4319
Epoch 1/40, Batch 3990/10986, Loss: 141.9195
Epoch 1/40, Batch 4000/10986, Loss: 73.6616
Epoch 1/40, Batch 4010/10986, Loss: 63.1786
Epoch 1/40, Batch 4020/10986, Loss: 147.2963
Epoch 1/40, Batch 4030/10986, Loss: 86.5699
Epoch 1/40, Batch 4040/10986, Loss: 120.8060
Epoch 1/40, Batch 4050/10986, Loss: 69.4021
Epoch 1/40, Batch 4060/10986, Loss: 135.9644
Epoch 1/40, Batch 4070/10986, Loss: 77.0496
Epoch 1/40, Batch 4080/10986, Loss: 131.3665
Epoch 1/40, Batch 4090/10986, Loss: 143.0827
Epoch 1/40, Batch 4100/10986, Loss: 106.0757
Epoch 1/40, Batch 4110/10986, Loss: 155.8173
Epoch 1/40, Batch 4120/10986, Loss: 195.7460
Epoch 1/40, Batch 4130/10986, Loss: 117.2002
Epoch 1/40, Batch 4140/10986, Loss: 145.7204
Epoch 1/40, Batch 4150/10986, Loss: 176.2930
Epoch 1/40, Batch 4160/10986, Loss: 137.8890
Epoch 1/40, Batch 4170/10986, Loss: 164.5364
Epoch 1/40, Batch 4180/10986, Loss: 159.0135
Epoch 1/40, Batch 4190/10986, Loss: 94.2435
Epoch 1/40, Batch 4200/10986, Loss: 100.4105
Epoch 1/40, Batch 4210/10986, Loss: 68.0453
Epoch 1/40, Batch 4220/10986, Loss: 83.7080
Epoch 1/40, Batch 4230/10986, Loss: 116.9701
Epoch 1/40, Batch 4240/10986, Loss: 65.3691
Epoch 1/40, Batch 4250/10986, Loss: 66.6902
Epoch 1/40, Batch 4260/10986, Loss: 65.0757
Epoch 1/40, Batch 4270/10986, Loss: 99.8702
Epoch 1/40, Batch 4280/10986, Loss: 59.8233
Epoch 1/40, Batch 4290/10986, Loss: 75.8915
Epoch 1/40, Batch 4300/10986, Loss: 153.5670
Epoch 1/40, Batch 4310/10986, Loss: 74.6822
Epoch 1/40, Batch 4320/10986, Loss: 125.8576
Epoch 1/40, Batch 4330/10986, Loss: 111.5933
Epoch 1/40, Batch 4340/10986, Loss: 120.2660
Epoch 1/40, Batch 4350/10986, Loss: 63.3423
Epoch 1/40, Batch 4360/10986, Loss: 127.2334
Epoch 1/40, Batch 4370/10986, Loss: 63.4930
Epoch 1/40, Batch 4380/10986, Loss: 85.0153
Epoch 1/40, Batch 4390/10986, Loss: 60.5647
Epoch 1/40, Batch 4400/10986, Loss: 107.1264
Epoch 1/40, Batch 4410/10986, Loss: 65.4029
Epoch 1/40, Batch 4420/10986, Loss: 88.5280
Epoch 1/40, Batch 4430/10986, Loss: 120.2743
Epoch 1/40, Batch 4440/10986, Loss: 89.8907
Epoch 1/40, Batch 4450/10986, Loss: 94.1867
Epoch 1/40, Batch 4460/10986, Loss: 147.8907
Epoch 1/40, Batch 4470/10986, Loss: 97.8994
Epoch 1/40, Batch 4480/10986, Loss: 55.0746
Epoch 1/40, Batch 4490/10986, Loss: 77.2617
Epoch 1/40, Batch 4500/10986, Loss: 77.6811
Epoch 1/40, Batch 4510/10986, Loss: 68.9544
Epoch 1/40, Batch 4520/10986, Loss: 75.2101
Epoch 1/40, Batch 4530/10986, Loss: 98.0835
Epoch 1/40, Batch 4540/10986, Loss: 120.3123
Epoch 1/40, Batch 4550/10986, Loss: 55.6273
Epoch 1/40, Batch 4560/10986, Loss: 114.3541
Epoch 1/40, Batch 4570/10986, Loss: 102.7726
Epoch 1/40, Batch 4580/10986, Loss: 73.2917
Epoch 1/40, Batch 4590/10986, Loss: 72.9925
Epoch 1/40, Batch 4600/10986, Loss: 81.0654
Epoch 1/40, Batch 4610/10986, Loss: 47.6861
Epoch 1/40, Batch 4620/10986, Loss: 88.0251
Epoch 1/40, Batch 4630/10986, Loss: 66.3195
Epoch 1/40, Batch 4640/10986, Loss: 64.2598
Epoch 1/40, Batch 4650/10986, Loss: 67.2984
Epoch 1/40, Batch 4660/10986, Loss: 48.7817
Epoch 1/40, Batch 4670/10986, Loss: 69.5566
Epoch 1/40, Batch 4680/10986, Loss: 52.2283
Epoch 1/40, Batch 4690/10986, Loss: 103.0635
Epoch 1/40, Batch 4700/10986, Loss: 52.4397
Epoch 1/40, Batch 4710/10986, Loss: 52.4871
Epoch 1/40, Batch 4720/10986, Loss: 60.0511
Epoch 1/40, Batch 4730/10986, Loss: 108.3971
Epoch 1/40, Batch 4740/10986, Loss: 52.1091
Epoch 1/40, Batch 4750/10986, Loss: 45.7585
Epoch 1/40, Batch 4760/10986, Loss: 79.6819
Epoch 1/40, Batch 4770/10986, Loss: 44.6089
Epoch 1/40, Batch 4780/10986, Loss: 55.1983
Epoch 1/40, Batch 4790/10986, Loss: 44.4333
Epoch 1/40, Batch 4800/10986, Loss: 56.5367
Epoch 1/40, Batch 4810/10986, Loss: 42.8486
Epoch 1/40, Batch 4820/10986, Loss: 75.6273
Epoch 1/40, Batch 4830/10986, Loss: 50.7919
Epoch 1/40, Batch 4840/10986, Loss: 77.1918
Epoch 1/40, Batch 4850/10986, Loss: 55.2487
Epoch 1/40, Batch 4860/10986, Loss: 50.6424
Epoch 1/40, Batch 4870/10986, Loss: 44.3138
Epoch 1/40, Batch 4880/10986, Loss: 46.0077
Epoch 1/40, Batch 4890/10986, Loss: 69.4599
Epoch 1/40, Batch 4900/10986, Loss: 42.3508
Epoch 1/40, Batch 4910/10986, Loss: 39.0388
Epoch 1/40, Batch 4920/10986, Loss: 74.7814
Epoch 1/40, Batch 4930/10986, Loss: 42.0148
Epoch 1/40, Batch 4940/10986, Loss: 81.6644
Epoch 1/40, Batch 4950/10986, Loss: 66.7646
Epoch 1/40, Batch 4960/10986, Loss: 84.9076
Epoch 1/40, Batch 4970/10986, Loss: 49.1884
Epoch 1/40, Batch 4980/10986, Loss: 48.8189
Epoch 1/40, Batch 4990/10986, Loss: 78.9775
Epoch 1/40, Batch 5000/10986, Loss: 54.0696
Epoch 1/40, Batch 5010/10986, Loss: 67.9488
Epoch 1/40, Batch 5020/10986, Loss: 48.4392
Epoch 1/40, Batch 5030/10986, Loss: 65.0062
Epoch 1/40, Batch 5040/10986, Loss: 46.0431
Epoch 1/40, Batch 5050/10986, Loss: 34.8339
Epoch 1/40, Batch 5060/10986, Loss: 35.5996
Epoch 1/40, Batch 5070/10986, Loss: 61.2205
Epoch 1/40, Batch 5080/10986, Loss: 60.2548
Epoch 1/40, Batch 5090/10986, Loss: 41.8093
Epoch 1/40, Batch 5100/10986, Loss: 57.5858
Epoch 1/40, Batch 5110/10986, Loss: 62.1055
Epoch 1/40, Batch 5120/10986, Loss: 59.9042
Epoch 1/40, Batch 5130/10986, Loss: 39.6640
Epoch 1/40, Batch 5140/10986, Loss: 46.2528
Epoch 1/40, Batch 5150/10986, Loss: 53.1955
Epoch 1/40, Batch 5160/10986, Loss: 86.3091
Epoch 1/40, Batch 5170/10986, Loss: 52.5440
Epoch 1/40, Batch 5180/10986, Loss: 34.1267
Epoch 1/40, Batch 5190/10986, Loss: 43.7519
Epoch 1/40, Batch 5200/10986, Loss: 40.3357
Epoch 1/40, Batch 5210/10986, Loss: 49.5277
Epoch 1/40, Batch 5220/10986, Loss: 40.4473
Epoch 1/40, Batch 5230/10986, Loss: 38.7270
Epoch 1/40, Batch 5240/10986, Loss: 42.7920
Epoch 1/40, Batch 5250/10986, Loss: 50.4456
Epoch 1/40, Batch 5260/10986, Loss: 37.2579
Epoch 1/40, Batch 5270/10986, Loss: 45.4454
Epoch 1/40, Batch 5280/10986, Loss: 100.7308
Epoch 1/40, Batch 5290/10986, Loss: 48.3067
Epoch 1/40, Batch 5300/10986, Loss: 36.8614
Epoch 1/40, Batch 5310/10986, Loss: 49.2902
Epoch 1/40, Batch 5320/10986, Loss: 37.2237
Epoch 1/40, Batch 5330/10986, Loss: 38.5110
Epoch 1/40, Batch 5340/10986, Loss: 36.4388
Epoch 1/40, Batch 5350/10986, Loss: 55.1806
Epoch 1/40, Batch 5360/10986, Loss: 48.0752
Epoch 1/40, Batch 5370/10986, Loss: 53.1191
Epoch 1/40, Batch 5380/10986, Loss: 38.7347
Epoch 1/40, Batch 5390/10986, Loss: 33.0366
Epoch 1/40, Batch 5400/10986, Loss: 71.3097
Epoch 1/40, Batch 5410/10986, Loss: 35.1951
Epoch 1/40, Batch 5420/10986, Loss: 59.7448
Epoch 1/40, Batch 5430/10986, Loss: 36.3893
Epoch 1/40, Batch 5440/10986, Loss: 38.6827
Epoch 1/40, Batch 5450/10986, Loss: 49.0258
Epoch 1/40, Batch 5460/10986, Loss: 58.8717
Epoch 1/40, Batch 5470/10986, Loss: 46.1273
Epoch 1/40, Batch 5480/10986, Loss: 46.2366
Epoch 1/40, Batch 5490/10986, Loss: 44.9639
Epoch 1/40, Batch 5500/10986, Loss: 81.7583
Epoch 1/40, Batch 5510/10986, Loss: 36.4264
Epoch 1/40, Batch 5520/10986, Loss: 52.2479
Epoch 1/40, Batch 5530/10986, Loss: 44.5855
Epoch 1/40, Batch 5540/10986, Loss: 44.1970
Epoch 1/40, Batch 5550/10986, Loss: 86.6514
Epoch 1/40, Batch 5560/10986, Loss: 47.5814
Epoch 1/40, Batch 5570/10986, Loss: 79.2431
Epoch 1/40, Batch 5580/10986, Loss: 42.4507
Epoch 1/40, Batch 5590/10986, Loss: 35.3421
Epoch 1/40, Batch 5600/10986, Loss: 35.6460
Epoch 1/40, Batch 5610/10986, Loss: 47.1304
Epoch 1/40, Batch 5620/10986, Loss: 51.7993
Epoch 1/40, Batch 5630/10986, Loss: 37.9807
Epoch 1/40, Batch 5640/10986, Loss: 47.3847
Epoch 1/40, Batch 5650/10986, Loss: 36.9697
Epoch 1/40, Batch 5660/10986, Loss: 40.3491
Epoch 1/40, Batch 5670/10986, Loss: 76.5104
Epoch 1/40, Batch 5680/10986, Loss: 41.3426
Epoch 1/40, Batch 5690/10986, Loss: 61.9170
Epoch 1/40, Batch 5700/10986, Loss: 40.2839
Epoch 1/40, Batch 5710/10986, Loss: 29.7128
Epoch 1/40, Batch 5720/10986, Loss: 37.8080
Epoch 1/40, Batch 5730/10986, Loss: 45.7739
Epoch 1/40, Batch 5740/10986, Loss: 33.5515
Epoch 1/40, Batch 5750/10986, Loss: 47.1200
Epoch 1/40, Batch 5760/10986, Loss: 34.9681
Epoch 1/40, Batch 5770/10986, Loss: 67.4233
Epoch 1/40, Batch 5780/10986, Loss: 59.1034
Epoch 1/40, Batch 5790/10986, Loss: 68.2466
Epoch 1/40, Batch 5800/10986, Loss: 37.0626
Epoch 1/40, Batch 5810/10986, Loss: 33.9496
Epoch 1/40, Batch 5820/10986, Loss: 46.1055
Epoch 1/40, Batch 5830/10986, Loss: 45.6369
Epoch 1/40, Batch 5840/10986, Loss: 42.3647
Epoch 1/40, Batch 5850/10986, Loss: 30.9219
Epoch 1/40, Batch 5860/10986, Loss: 52.6470
Epoch 1/40, Batch 5870/10986, Loss: 61.6367
Epoch 1/40, Batch 5880/10986, Loss: 38.7020
Epoch 1/40, Batch 5890/10986, Loss: 39.1413
Epoch 1/40, Batch 5900/10986, Loss: 38.6157
Epoch 1/40, Batch 5910/10986, Loss: 53.8618
Epoch 1/40, Batch 5920/10986, Loss: 29.6934
Epoch 1/40, Batch 5930/10986, Loss: 49.6064
Epoch 1/40, Batch 5940/10986, Loss: 35.6914
Epoch 1/40, Batch 5950/10986, Loss: 43.9349
Epoch 1/40, Batch 5960/10986, Loss: 45.6348
Epoch 1/40, Batch 5970/10986, Loss: 30.9054
Epoch 1/40, Batch 5980/10986, Loss: 34.2276
Epoch 1/40, Batch 5990/10986, Loss: 36.5576
Epoch 1/40, Batch 6000/10986, Loss: 47.4146
Epoch 1/40, Batch 6010/10986, Loss: 33.7217
Epoch 1/40, Batch 6020/10986, Loss: 50.1112
Epoch 1/40, Batch 6030/10986, Loss: 50.5410
Epoch 1/40, Batch 6040/10986, Loss: 56.8038
Epoch 1/40, Batch 6050/10986, Loss: 31.0418
Epoch 1/40, Batch 6060/10986, Loss: 77.3930
Epoch 1/40, Batch 6070/10986, Loss: 53.9742
Epoch 1/40, Batch 6080/10986, Loss: 43.7075
Epoch 1/40, Batch 6090/10986, Loss: 33.4210
Epoch 1/40, Batch 6100/10986, Loss: 39.7704
Epoch 1/40, Batch 6110/10986, Loss: 28.3674
Epoch 1/40, Batch 6120/10986, Loss: 39.5723
Epoch 1/40, Batch 6130/10986, Loss: 57.2181
Epoch 1/40, Batch 6140/10986, Loss: 30.5442
Epoch 1/40, Batch 6150/10986, Loss: 28.9020
Epoch 1/40, Batch 6160/10986, Loss: 41.5058
Epoch 1/40, Batch 6170/10986, Loss: 33.1102
Epoch 1/40, Batch 6180/10986, Loss: 35.6019
Epoch 1/40, Batch 6190/10986, Loss: 36.7056
Epoch 1/40, Batch 6200/10986, Loss: 46.0495
Epoch 1/40, Batch 6210/10986, Loss: 32.7350
Epoch 1/40, Batch 6220/10986, Loss: 42.1896
Epoch 1/40, Batch 6230/10986, Loss: 36.6043
Epoch 1/40, Batch 6240/10986, Loss: 32.9386
Epoch 1/40, Batch 6250/10986, Loss: 44.3698
Epoch 1/40, Batch 6260/10986, Loss: 32.3650
Epoch 1/40, Batch 6270/10986, Loss: 35.4212
Epoch 1/40, Batch 6280/10986, Loss: 48.0474
Epoch 1/40, Batch 6290/10986, Loss: 32.9049
Epoch 1/40, Batch 6300/10986, Loss: 29.2197
Epoch 1/40, Batch 6310/10986, Loss: 49.2181
Epoch 1/40, Batch 6320/10986, Loss: 32.5463
Epoch 1/40, Batch 6330/10986, Loss: 32.3284
Epoch 1/40, Batch 6340/10986, Loss: 47.4004
Epoch 1/40, Batch 6350/10986, Loss: 36.1430
Epoch 1/40, Batch 6360/10986, Loss: 36.8934
Epoch 1/40, Batch 6370/10986, Loss: 32.2319
Epoch 1/40, Batch 6380/10986, Loss: 36.1493
Epoch 1/40, Batch 6390/10986, Loss: 30.4876
Epoch 1/40, Batch 6400/10986, Loss: 42.6864
Epoch 1/40, Batch 6410/10986, Loss: 44.6258
Epoch 1/40, Batch 6420/10986, Loss: 37.0129
Epoch 1/40, Batch 6430/10986, Loss: 47.6748
Epoch 1/40, Batch 6440/10986, Loss: 29.6930
Epoch 1/40, Batch 6450/10986, Loss: 31.6902
Epoch 1/40, Batch 6460/10986, Loss: 49.0838
Epoch 1/40, Batch 6470/10986, Loss: 46.1191
Epoch 1/40, Batch 6480/10986, Loss: 30.6581
Epoch 1/40, Batch 6490/10986, Loss: 36.7472
Epoch 1/40, Batch 6500/10986, Loss: 36.2014
Epoch 1/40, Batch 6510/10986, Loss: 28.3461
Epoch 1/40, Batch 6520/10986, Loss: 71.2732
Epoch 1/40, Batch 6530/10986, Loss: 56.5617
Epoch 1/40, Batch 6540/10986, Loss: 32.4505
Epoch 1/40, Batch 6550/10986, Loss: 58.7359
Epoch 1/40, Batch 6560/10986, Loss: 53.1953
Epoch 1/40, Batch 6570/10986, Loss: 61.9207
Epoch 1/40, Batch 6580/10986, Loss: 47.4557
Epoch 1/40, Batch 6590/10986, Loss: 35.6027
Epoch 1/40, Batch 6600/10986, Loss: 39.2656
Epoch 1/40, Batch 6610/10986, Loss: 37.2219
Epoch 1/40, Batch 6620/10986, Loss: 53.1360
Epoch 1/40, Batch 6630/10986, Loss: 29.9447
Epoch 1/40, Batch 6640/10986, Loss: 29.2406
Epoch 1/40, Batch 6650/10986, Loss: 31.4211
Epoch 1/40, Batch 6660/10986, Loss: 27.4451
Epoch 1/40, Batch 6670/10986, Loss: 29.7592
Epoch 1/40, Batch 6680/10986, Loss: 30.3844
Epoch 1/40, Batch 6690/10986, Loss: 57.3301
Epoch 1/40, Batch 6700/10986, Loss: 35.3075
Epoch 1/40, Batch 6710/10986, Loss: 30.1811
Epoch 1/40, Batch 6720/10986, Loss: 46.0868
Epoch 1/40, Batch 6730/10986, Loss: 38.4781
Epoch 1/40, Batch 6740/10986, Loss: 34.4600
Epoch 1/40, Batch 6750/10986, Loss: 30.5796
Epoch 1/40, Batch 6760/10986, Loss: 33.1955
Epoch 1/40, Batch 6770/10986, Loss: 32.4723
Epoch 1/40, Batch 6780/10986, Loss: 28.6138
Epoch 1/40, Batch 6790/10986, Loss: 26.1361
Epoch 1/40, Batch 6800/10986, Loss: 29.9593
Epoch 1/40, Batch 6810/10986, Loss: 45.8369
Epoch 1/40, Batch 6820/10986, Loss: 50.6236
Epoch 1/40, Batch 6830/10986, Loss: 39.3266
Epoch 1/40, Batch 6840/10986, Loss: 26.1079
Epoch 1/40, Batch 6850/10986, Loss: 32.3946
Epoch 1/40, Batch 6860/10986, Loss: 35.3015
Epoch 1/40, Batch 6870/10986, Loss: 45.9658
Epoch 1/40, Batch 6880/10986, Loss: 30.8685
Epoch 1/40, Batch 6890/10986, Loss: 31.9971
Epoch 1/40, Batch 6900/10986, Loss: 26.3169
Epoch 1/40, Batch 6910/10986, Loss: 33.7641
Epoch 1/40, Batch 6920/10986, Loss: 31.2087
Epoch 1/40, Batch 6930/10986, Loss: 44.7584
Epoch 1/40, Batch 6940/10986, Loss: 54.4292
Epoch 1/40, Batch 6950/10986, Loss: 32.8767
Epoch 1/40, Batch 6960/10986, Loss: 36.9859
Epoch 1/40, Batch 6970/10986, Loss: 68.5735
Epoch 1/40, Batch 6980/10986, Loss: 85.1954
Epoch 1/40, Batch 6990/10986, Loss: 94.1467
Epoch 1/40, Batch 7000/10986, Loss: 80.6933
Epoch 1/40, Batch 7010/10986, Loss: 42.1609
Epoch 1/40, Batch 7020/10986, Loss: 45.7739
Epoch 1/40, Batch 7030/10986, Loss: 35.4738
Epoch 1/40, Batch 7040/10986, Loss: 27.1811
Epoch 1/40, Batch 7050/10986, Loss: 65.7987
Epoch 1/40, Batch 7060/10986, Loss: 25.8660
Epoch 1/40, Batch 7070/10986, Loss: 27.9578
Epoch 1/40, Batch 7080/10986, Loss: 42.4999
Epoch 1/40, Batch 7090/10986, Loss: 31.0919
Epoch 1/40, Batch 7100/10986, Loss: 33.4069
Epoch 1/40, Batch 7110/10986, Loss: 26.3473
Epoch 1/40, Batch 7120/10986, Loss: 37.1311
Epoch 1/40, Batch 7130/10986, Loss: 26.2122
Epoch 1/40, Batch 7140/10986, Loss: 32.3692
Epoch 1/40, Batch 7150/10986, Loss: 31.5004
Epoch 1/40, Batch 7160/10986, Loss: 26.7625
Epoch 1/40, Batch 7170/10986, Loss: 23.7326
Epoch 1/40, Batch 7180/10986, Loss: 48.2696
Epoch 1/40, Batch 7190/10986, Loss: 29.5497
Epoch 1/40, Batch 7200/10986, Loss: 33.0626
Epoch 1/40, Batch 7210/10986, Loss: 27.3775
Epoch 1/40, Batch 7220/10986, Loss: 34.5941
Epoch 1/40, Batch 7230/10986, Loss: 25.8848
Epoch 1/40, Batch 7240/10986, Loss: 39.2139
Epoch 1/40, Batch 7250/10986, Loss: 32.3109
Epoch 1/40, Batch 7260/10986, Loss: 28.6154
Epoch 1/40, Batch 7270/10986, Loss: 31.1136
Epoch 1/40, Batch 7280/10986, Loss: 25.8122
Epoch 1/40, Batch 7290/10986, Loss: 25.4160
Epoch 1/40, Batch 7300/10986, Loss: 26.2199
Epoch 1/40, Batch 7310/10986, Loss: 24.4260
Epoch 1/40, Batch 7320/10986, Loss: 32.2613
Epoch 1/40, Batch 7330/10986, Loss: 32.1614
Epoch 1/40, Batch 7340/10986, Loss: 20.5748
Epoch 1/40, Batch 7350/10986, Loss: 29.7042
Epoch 1/40, Batch 7360/10986, Loss: 31.8525
Epoch 1/40, Batch 7370/10986, Loss: 25.7838
Epoch 1/40, Batch 7380/10986, Loss: 31.2306
Epoch 1/40, Batch 7390/10986, Loss: 27.6416
Epoch 1/40, Batch 7400/10986, Loss: 34.2902
Epoch 1/40, Batch 7410/10986, Loss: 24.8802
Epoch 1/40, Batch 7420/10986, Loss: 22.0008
Epoch 1/40, Batch 7430/10986, Loss: 46.6096
Epoch 1/40, Batch 7440/10986, Loss: 42.2742
Epoch 1/40, Batch 7450/10986, Loss: 33.0049
Epoch 1/40, Batch 7460/10986, Loss: 24.2456
Epoch 1/40, Batch 7470/10986, Loss: 26.8079
Epoch 1/40, Batch 7480/10986, Loss: 27.3139
Epoch 1/40, Batch 7490/10986, Loss: 22.4409
Epoch 1/40, Batch 7500/10986, Loss: 24.3030
Epoch 1/40, Batch 7510/10986, Loss: 33.4826
Epoch 1/40, Batch 7520/10986, Loss: 28.5988
Epoch 1/40, Batch 7530/10986, Loss: 23.8737
Epoch 1/40, Batch 7540/10986, Loss: 24.7665
Epoch 1/40, Batch 7550/10986, Loss: 41.0916
Epoch 1/40, Batch 7560/10986, Loss: 40.4479
Epoch 1/40, Batch 7570/10986, Loss: 31.2802
Epoch 1/40, Batch 7580/10986, Loss: 29.1055
Epoch 1/40, Batch 7590/10986, Loss: 30.7832
Epoch 1/40, Batch 7600/10986, Loss: 28.9910
Epoch 1/40, Batch 7610/10986, Loss: 33.2564
Epoch 1/40, Batch 7620/10986, Loss: 40.3319
Epoch 1/40, Batch 7630/10986, Loss: 27.9799
Epoch 1/40, Batch 7640/10986, Loss: 28.0064
Epoch 1/40, Batch 7650/10986, Loss: 23.7008
Epoch 1/40, Batch 7660/10986, Loss: 35.1433
Epoch 1/40, Batch 7670/10986, Loss: 38.3855
Epoch 1/40, Batch 7680/10986, Loss: 25.9444
Epoch 1/40, Batch 7690/10986, Loss: 26.9050
Epoch 1/40, Batch 7700/10986, Loss: 42.8470
Epoch 1/40, Batch 7710/10986, Loss: 38.2907
Epoch 1/40, Batch 7720/10986, Loss: 27.9067
Epoch 1/40, Batch 7730/10986, Loss: 26.4186
Epoch 1/40, Batch 7740/10986, Loss: 26.4459
Epoch 1/40, Batch 7750/10986, Loss: 30.6921
Epoch 1/40, Batch 7760/10986, Loss: 24.1895
Epoch 1/40, Batch 7770/10986, Loss: 24.3993
Epoch 1/40, Batch 7780/10986, Loss: 23.7635
Epoch 1/40, Batch 7790/10986, Loss: 50.2713
Epoch 1/40, Batch 7800/10986, Loss: 23.3349
Epoch 1/40, Batch 7810/10986, Loss: 27.7770
Epoch 1/40, Batch 7820/10986, Loss: 41.0773
Epoch 1/40, Batch 7830/10986, Loss: 28.8213
Epoch 1/40, Batch 7840/10986, Loss: 42.5287
Epoch 1/40, Batch 7850/10986, Loss: 39.5520
Epoch 1/40, Batch 7860/10986, Loss: 38.2029
Epoch 1/40, Batch 7870/10986, Loss: 28.1533
Epoch 1/40, Batch 7880/10986, Loss: 47.2558
Epoch 1/40, Batch 7890/10986, Loss: 23.9811
Epoch 1/40, Batch 7900/10986, Loss: 35.1955
Epoch 1/40, Batch 7910/10986, Loss: 33.5797
Epoch 1/40, Batch 7920/10986, Loss: 31.2440
Epoch 1/40, Batch 7930/10986, Loss: 20.8859
Epoch 1/40, Batch 7940/10986, Loss: 39.3719
Epoch 1/40, Batch 7950/10986, Loss: 31.6075
Epoch 1/40, Batch 7960/10986, Loss: 30.6142
Epoch 1/40, Batch 7970/10986, Loss: 47.2964
Epoch 1/40, Batch 7980/10986, Loss: 43.6900
Epoch 1/40, Batch 7990/10986, Loss: 22.8825
Epoch 1/40, Batch 8000/10986, Loss: 28.4747
Epoch 1/40, Batch 8010/10986, Loss: 44.4074
Epoch 1/40, Batch 8020/10986, Loss: 23.0648
Epoch 1/40, Batch 8030/10986, Loss: 23.7330
Epoch 1/40, Batch 8040/10986, Loss: 25.7412
Epoch 1/40, Batch 8050/10986, Loss: 28.8379
Epoch 1/40, Batch 8060/10986, Loss: 22.2906
Epoch 1/40, Batch 8070/10986, Loss: 28.0363
Epoch 1/40, Batch 8080/10986, Loss: 25.7213
Epoch 1/40, Batch 8090/10986, Loss: 41.1823
Epoch 1/40, Batch 8100/10986, Loss: 26.3554
Epoch 1/40, Batch 8110/10986, Loss: 22.7099
Epoch 1/40, Batch 8120/10986, Loss: 25.4923
Epoch 1/40, Batch 8130/10986, Loss: 21.3902
Epoch 1/40, Batch 8140/10986, Loss: 22.4172
Epoch 1/40, Batch 8150/10986, Loss: 24.5483
Epoch 1/40, Batch 8160/10986, Loss: 23.4678
Epoch 1/40, Batch 8170/10986, Loss: 21.7631
Epoch 1/40, Batch 8180/10986, Loss: 22.3817
Epoch 1/40, Batch 8190/10986, Loss: 21.0551
Epoch 1/40, Batch 8200/10986, Loss: 22.6573
Epoch 1/40, Batch 8210/10986, Loss: 35.6114
Epoch 1/40, Batch 8220/10986, Loss: 32.2992
Epoch 1/40, Batch 8230/10986, Loss: 33.3416
Epoch 1/40, Batch 8240/10986, Loss: 23.6771
Epoch 1/40, Batch 8250/10986, Loss: 23.9831
Epoch 1/40, Batch 8260/10986, Loss: 22.9838
Epoch 1/40, Batch 8270/10986, Loss: 20.7778
Epoch 1/40, Batch 8280/10986, Loss: 20.6783
Epoch 1/40, Batch 8290/10986, Loss: 29.1243
Epoch 1/40, Batch 8300/10986, Loss: 19.6004
Epoch 1/40, Batch 8310/10986, Loss: 23.2211
Epoch 1/40, Batch 8320/10986, Loss: 42.8786
Epoch 1/40, Batch 8330/10986, Loss: 33.2342
Epoch 1/40, Batch 8340/10986, Loss: 26.3797
Epoch 1/40, Batch 8350/10986, Loss: 22.4072
Epoch 1/40, Batch 8360/10986, Loss: 19.5292
Epoch 1/40, Batch 8370/10986, Loss: 21.7985
Epoch 1/40, Batch 8380/10986, Loss: 22.3822
Epoch 1/40, Batch 8390/10986, Loss: 23.9736
Epoch 1/40, Batch 8400/10986, Loss: 21.4930
Epoch 1/40, Batch 8410/10986, Loss: 23.8998
Epoch 1/40, Batch 8420/10986, Loss: 25.0591
Epoch 1/40, Batch 8430/10986, Loss: 25.6392
Epoch 1/40, Batch 8440/10986, Loss: 24.7614
Epoch 1/40, Batch 8450/10986, Loss: 34.8170
Epoch 1/40, Batch 8460/10986, Loss: 35.7578
Epoch 1/40, Batch 8470/10986, Loss: 19.7638
Epoch 1/40, Batch 8480/10986, Loss: 20.5336
Epoch 1/40, Batch 8490/10986, Loss: 37.2016
Epoch 1/40, Batch 8500/10986, Loss: 28.4803
Epoch 1/40, Batch 8510/10986, Loss: 25.1237
Epoch 1/40, Batch 8520/10986, Loss: 25.0096
Epoch 1/40, Batch 8530/10986, Loss: 24.8315
Epoch 1/40, Batch 8540/10986, Loss: 28.5101
Epoch 1/40, Batch 8550/10986, Loss: 22.1192
Epoch 1/40, Batch 8560/10986, Loss: 25.8333
Epoch 1/40, Batch 8570/10986, Loss: 20.5675
Epoch 1/40, Batch 8580/10986, Loss: 24.2007
Epoch 1/40, Batch 8590/10986, Loss: 27.5690
Epoch 1/40, Batch 8600/10986, Loss: 22.2608
Epoch 1/40, Batch 8610/10986, Loss: 31.2815
Epoch 1/40, Batch 8620/10986, Loss: 21.1448
Epoch 1/40, Batch 8630/10986, Loss: 20.7956
Epoch 1/40, Batch 8640/10986, Loss: 22.6645
Epoch 1/40, Batch 8650/10986, Loss: 22.2620
Epoch 1/40, Batch 8660/10986, Loss: 19.4870
Epoch 1/40, Batch 8670/10986, Loss: 20.2246
Epoch 1/40, Batch 8680/10986, Loss: 40.4796
Epoch 1/40, Batch 8690/10986, Loss: 19.5015
Epoch 1/40, Batch 8700/10986, Loss: 19.7570
Epoch 1/40, Batch 8710/10986, Loss: 23.2859
Epoch 1/40, Batch 8720/10986, Loss: 18.9845
Epoch 1/40, Batch 8730/10986, Loss: 28.1335
Epoch 1/40, Batch 8740/10986, Loss: 35.7163
Epoch 1/40, Batch 8750/10986, Loss: 31.4279
Epoch 1/40, Batch 8760/10986, Loss: 18.5497
Epoch 1/40, Batch 8770/10986, Loss: 23.9634
Epoch 1/40, Batch 8780/10986, Loss: 20.9340
Epoch 1/40, Batch 8790/10986, Loss: 19.1083
Epoch 1/40, Batch 8800/10986, Loss: 24.3944
Epoch 1/40, Batch 8810/10986, Loss: 20.4225
Epoch 1/40, Batch 8820/10986, Loss: 22.8705
Epoch 1/40, Batch 8830/10986, Loss: 22.6590
Epoch 1/40, Batch 8840/10986, Loss: 18.8246
Epoch 1/40, Batch 8850/10986, Loss: 22.1967
Epoch 1/40, Batch 8860/10986, Loss: 22.7601
Epoch 1/40, Batch 8870/10986, Loss: 26.1225
Epoch 1/40, Batch 8880/10986, Loss: 19.4735
Epoch 1/40, Batch 8890/10986, Loss: 17.9173
Epoch 1/40, Batch 8900/10986, Loss: 17.5042
Epoch 1/40, Batch 8910/10986, Loss: 21.3436
Epoch 1/40, Batch 8920/10986, Loss: 23.2857
Epoch 1/40, Batch 8930/10986, Loss: 21.3633
Epoch 1/40, Batch 8940/10986, Loss: 25.9998
Epoch 1/40, Batch 8950/10986, Loss: 20.1731
Epoch 1/40, Batch 8960/10986, Loss: 18.9362
Epoch 1/40, Batch 8970/10986, Loss: 19.9734
Epoch 1/40, Batch 8980/10986, Loss: 17.9731
Epoch 1/40, Batch 8990/10986, Loss: 22.0275
Epoch 1/40, Batch 9000/10986, Loss: 18.1215
Epoch 1/40, Batch 9010/10986, Loss: 24.2651
Epoch 1/40, Batch 9020/10986, Loss: 26.8587
Epoch 1/40, Batch 9030/10986, Loss: 34.6428
Epoch 1/40, Batch 9040/10986, Loss: 19.8991
Epoch 1/40, Batch 9050/10986, Loss: 20.2221
Epoch 1/40, Batch 9060/10986, Loss: 19.8377
Epoch 1/40, Batch 9070/10986, Loss: 19.0266
Epoch 1/40, Batch 9080/10986, Loss: 19.1864
Epoch 1/40, Batch 9090/10986, Loss: 24.5277
Epoch 1/40, Batch 9100/10986, Loss: 31.2114
Epoch 1/40, Batch 9110/10986, Loss: 17.1983
Epoch 1/40, Batch 9120/10986, Loss: 27.3844
Epoch 1/40, Batch 9130/10986, Loss: 19.4278
Epoch 1/40, Batch 9140/10986, Loss: 22.7187
Epoch 1/40, Batch 9150/10986, Loss: 17.5879
Epoch 1/40, Batch 9160/10986, Loss: 26.0928
Epoch 1/40, Batch 9170/10986, Loss: 19.9065
Epoch 1/40, Batch 9180/10986, Loss: 27.1214
Epoch 1/40, Batch 9190/10986, Loss: 21.8218
Epoch 1/40, Batch 9200/10986, Loss: 17.7225
Epoch 1/40, Batch 9210/10986, Loss: 17.5053
Epoch 1/40, Batch 9220/10986, Loss: 22.2910
Epoch 1/40, Batch 9230/10986, Loss: 16.8833
Epoch 1/40, Batch 9240/10986, Loss: 22.1143
Epoch 1/40, Batch 9250/10986, Loss: 19.3483
Epoch 1/40, Batch 9260/10986, Loss: 17.6643
Epoch 1/40, Batch 9270/10986, Loss: 24.5520
Epoch 1/40, Batch 9280/10986, Loss: 17.7877
Epoch 1/40, Batch 9290/10986, Loss: 26.5555
Epoch 1/40, Batch 9300/10986, Loss: 19.8398
Epoch 1/40, Batch 9310/10986, Loss: 20.7353
Epoch 1/40, Batch 9320/10986, Loss: 20.8315
Epoch 1/40, Batch 9330/10986, Loss: 37.2592
Epoch 1/40, Batch 9340/10986, Loss: 20.6716
Epoch 1/40, Batch 9350/10986, Loss: 20.8010
Epoch 1/40, Batch 9360/10986, Loss: 37.3421
Epoch 1/40, Batch 9370/10986, Loss: 19.4353
Epoch 1/40, Batch 9380/10986, Loss: 19.4152
Epoch 1/40, Batch 9390/10986, Loss: 17.8417
Epoch 1/40, Batch 9400/10986, Loss: 16.4461
Epoch 1/40, Batch 9410/10986, Loss: 16.6633
Epoch 1/40, Batch 9420/10986, Loss: 34.2099
Epoch 1/40, Batch 9430/10986, Loss: 20.8177
Epoch 1/40, Batch 9440/10986, Loss: 21.7862
Epoch 1/40, Batch 9450/10986, Loss: 18.2507
Epoch 1/40, Batch 9460/10986, Loss: 17.1773
Epoch 1/40, Batch 9470/10986, Loss: 21.1627
Epoch 1/40, Batch 9480/10986, Loss: 25.9078
Epoch 1/40, Batch 9490/10986, Loss: 17.0433
Epoch 1/40, Batch 9500/10986, Loss: 16.5481
Epoch 1/40, Batch 9510/10986, Loss: 25.7714
Epoch 1/40, Batch 9520/10986, Loss: 27.3335
Epoch 1/40, Batch 9530/10986, Loss: 22.5104
Epoch 1/40, Batch 9540/10986, Loss: 19.2906
Epoch 1/40, Batch 9550/10986, Loss: 23.2150
Epoch 1/40, Batch 9560/10986, Loss: 17.7709
Epoch 1/40, Batch 9570/10986, Loss: 18.6297
Epoch 1/40, Batch 9580/10986, Loss: 16.5615
Epoch 1/40, Batch 9590/10986, Loss: 18.9262
Epoch 1/40, Batch 9600/10986, Loss: 19.0399
Epoch 1/40, Batch 9610/10986, Loss: 18.1950
Epoch 1/40, Batch 9620/10986, Loss: 27.8456
Epoch 1/40, Batch 9630/10986, Loss: 16.8566
Epoch 1/40, Batch 9640/10986, Loss: 17.1467
Epoch 1/40, Batch 9650/10986, Loss: 21.8482
Epoch 1/40, Batch 9660/10986, Loss: 18.2461
Epoch 1/40, Batch 9670/10986, Loss: 22.5939
Epoch 1/40, Batch 9680/10986, Loss: 18.1712
Epoch 1/40, Batch 9690/10986, Loss: 21.6786
Epoch 1/40, Batch 9700/10986, Loss: 21.3249
Epoch 1/40, Batch 9710/10986, Loss: 19.0639
Epoch 1/40, Batch 9720/10986, Loss: 20.7187
Epoch 1/40, Batch 9730/10986, Loss: 25.5427
Epoch 1/40, Batch 9740/10986, Loss: 19.0554
Epoch 1/40, Batch 9750/10986, Loss: 19.3115
Epoch 1/40, Batch 9760/10986, Loss: 17.7792
Epoch 1/40, Batch 9770/10986, Loss: 26.6269
Epoch 1/40, Batch 9780/10986, Loss: 17.5952
Epoch 1/40, Batch 9790/10986, Loss: 16.7140
Epoch 1/40, Batch 9800/10986, Loss: 25.2512
Epoch 1/40, Batch 9810/10986, Loss: 16.9621
Epoch 1/40, Batch 9820/10986, Loss: 17.1072
Epoch 1/40, Batch 9830/10986, Loss: 30.6278
Epoch 1/40, Batch 9840/10986, Loss: 16.0754
Epoch 1/40, Batch 9850/10986, Loss: 17.0380
Epoch 1/40, Batch 9860/10986, Loss: 28.1789
Epoch 1/40, Batch 9870/10986, Loss: 19.1023
Epoch 1/40, Batch 9880/10986, Loss: 18.7931
Epoch 1/40, Batch 9890/10986, Loss: 19.2326
Epoch 1/40, Batch 9900/10986, Loss: 33.4171
Epoch 1/40, Batch 9910/10986, Loss: 15.5975
Epoch 1/40, Batch 9920/10986, Loss: 18.5809
Epoch 1/40, Batch 9930/10986, Loss: 16.1949
Epoch 1/40, Batch 9940/10986, Loss: 16.5477
Epoch 1/40, Batch 9950/10986, Loss: 17.5913
Epoch 1/40, Batch 9960/10986, Loss: 20.9614
Epoch 1/40, Batch 9970/10986, Loss: 24.0429
Epoch 1/40, Batch 9980/10986, Loss: 20.0634
Epoch 1/40, Batch 9990/10986, Loss: 16.1399
Epoch 1/40, Batch 10000/10986, Loss: 19.3587
Epoch 1/40, Batch 10010/10986, Loss: 18.5590
Epoch 1/40, Batch 10020/10986, Loss: 16.5465
Epoch 1/40, Batch 10030/10986, Loss: 17.7483
Epoch 1/40, Batch 10040/10986, Loss: 22.9835
Epoch 1/40, Batch 10050/10986, Loss: 16.9046
Epoch 1/40, Batch 10060/10986, Loss: 22.2830
Epoch 1/40, Batch 10070/10986, Loss: 21.0199
Epoch 1/40, Batch 10080/10986, Loss: 18.2336
Epoch 1/40, Batch 10090/10986, Loss: 25.9817
Epoch 1/40, Batch 10100/10986, Loss: 16.7148
Epoch 1/40, Batch 10110/10986, Loss: 18.9426
Epoch 1/40, Batch 10120/10986, Loss: 15.6121
Epoch 1/40, Batch 10130/10986, Loss: 23.4518
Epoch 1/40, Batch 10140/10986, Loss: 18.2298
Epoch 1/40, Batch 10150/10986, Loss: 18.0449
Epoch 1/40, Batch 10160/10986, Loss: 18.3891
Epoch 1/40, Batch 10170/10986, Loss: 15.8637
Epoch 1/40, Batch 10180/10986, Loss: 17.0076
Epoch 1/40, Batch 10190/10986, Loss: 17.9392
Epoch 1/40, Batch 10200/10986, Loss: 17.9005
Epoch 1/40, Batch 10210/10986, Loss: 21.2509
Epoch 1/40, Batch 10220/10986, Loss: 16.8783
Epoch 1/40, Batch 10230/10986, Loss: 20.9392
Epoch 1/40, Batch 10240/10986, Loss: 15.4781
Epoch 1/40, Batch 10250/10986, Loss: 18.1843
Epoch 1/40, Batch 10260/10986, Loss: 33.1221
Epoch 1/40, Batch 10270/10986, Loss: 16.9674
Epoch 1/40, Batch 10280/10986, Loss: 17.2487
Epoch 1/40, Batch 10290/10986, Loss: 18.5977
Epoch 1/40, Batch 10300/10986, Loss: 15.7557
Epoch 1/40, Batch 10310/10986, Loss: 16.0068
Epoch 1/40, Batch 10320/10986, Loss: 15.1593
Epoch 1/40, Batch 10330/10986, Loss: 14.9972
Epoch 1/40, Batch 10340/10986, Loss: 30.3331
Epoch 1/40, Batch 10350/10986, Loss: 16.2492
Epoch 1/40, Batch 10360/10986, Loss: 15.6135
Epoch 1/40, Batch 10370/10986, Loss: 26.5227
Epoch 1/40, Batch 10380/10986, Loss: 18.5004
Epoch 1/40, Batch 10390/10986, Loss: 15.2248
Epoch 1/40, Batch 10400/10986, Loss: 14.6026
Epoch 1/40, Batch 10410/10986, Loss: 18.1152
Epoch 1/40, Batch 10420/10986, Loss: 29.2724
Epoch 1/40, Batch 10430/10986, Loss: 15.9534
Epoch 1/40, Batch 10440/10986, Loss: 22.4269
Epoch 1/40, Batch 10450/10986, Loss: 15.4769
Epoch 1/40, Batch 10460/10986, Loss: 17.0952
Epoch 1/40, Batch 10470/10986, Loss: 16.3603
Epoch 1/40, Batch 10480/10986, Loss: 15.8089
Epoch 1/40, Batch 10490/10986, Loss: 21.7681
Epoch 1/40, Batch 10500/10986, Loss: 24.5650
Epoch 1/40, Batch 10510/10986, Loss: 24.4058
Epoch 1/40, Batch 10520/10986, Loss: 23.7474
Epoch 1/40, Batch 10530/10986, Loss: 18.1416
Epoch 1/40, Batch 10540/10986, Loss: 16.8538
Epoch 1/40, Batch 10550/10986, Loss: 27.3695
Epoch 1/40, Batch 10560/10986, Loss: 15.5143
Epoch 1/40, Batch 10570/10986, Loss: 15.1038
Epoch 1/40, Batch 10580/10986, Loss: 21.1077
Epoch 1/40, Batch 10590/10986, Loss: 20.4543
Epoch 1/40, Batch 10600/10986, Loss: 17.7966
Epoch 1/40, Batch 10610/10986, Loss: 15.2580
Epoch 1/40, Batch 10620/10986, Loss: 17.3847
Epoch 1/40, Batch 10630/10986, Loss: 21.4354
Epoch 1/40, Batch 10640/10986, Loss: 18.0459
Epoch 1/40, Batch 10650/10986, Loss: 16.0229
Epoch 1/40, Batch 10660/10986, Loss: 28.7059
Epoch 1/40, Batch 10670/10986, Loss: 15.5629
Epoch 1/40, Batch 10680/10986, Loss: 14.6269
Epoch 1/40, Batch 10690/10986, Loss: 17.0747
Epoch 1/40, Batch 10700/10986, Loss: 14.5621
Epoch 1/40, Batch 10710/10986, Loss: 17.1029
Epoch 1/40, Batch 10720/10986, Loss: 17.2020
Epoch 1/40, Batch 10730/10986, Loss: 17.8327
Epoch 1/40, Batch 10740/10986, Loss: 17.6041
Epoch 1/40, Batch 10750/10986, Loss: 16.5347
Epoch 1/40, Batch 10760/10986, Loss: 15.8455
Epoch 1/40, Batch 10770/10986, Loss: 17.7403
Epoch 1/40, Batch 10780/10986, Loss: 27.6296
Epoch 1/40, Batch 10790/10986, Loss: 21.1610
Epoch 1/40, Batch 10800/10986, Loss: 17.9957
Epoch 1/40, Batch 10810/10986, Loss: 29.1334
Epoch 1/40, Batch 10820/10986, Loss: 20.6769
Epoch 1/40, Batch 10830/10986, Loss: 15.2547
Epoch 1/40, Batch 10840/10986, Loss: 16.6267
Epoch 1/40, Batch 10850/10986, Loss: 17.3650
Epoch 1/40, Batch 10860/10986, Loss: 14.4892
Epoch 1/40, Batch 10870/10986, Loss: 14.0808
Epoch 1/40, Batch 10880/10986, Loss: 15.1308
Epoch 1/40, Batch 10890/10986, Loss: 15.6611
Epoch 1/40, Batch 10900/10986, Loss: 14.9029
Epoch 1/40, Batch 10910/10986, Loss: 15.7062
Epoch 1/40, Batch 10920/10986, Loss: 17.0398
Epoch 1/40, Batch 10930/10986, Loss: 14.3423
Epoch 1/40, Batch 10940/10986, Loss: 20.3393
Epoch 1/40, Batch 10950/10986, Loss: 19.4777
Epoch 1/40, Batch 10960/10986, Loss: 16.8670
Epoch 1/40, Batch 10970/10986, Loss: 14.7256
Epoch 1/40, Batch 10980/10986, Loss: 15.3501
