Traceback (most recent call last):
  File "/var/scratch/tng204/thesis/bachelor_thesis/train_sparse_transformer.py", line 213, in <module>
    main() 
  File "/var/scratch/tng204/thesis/bachelor_thesis/train_sparse_transformer.py", line 175, in main
    train_loss = train_epoch(
  File "/var/scratch/tng204/thesis/bachelor_thesis/train_sparse_transformer.py", line 42, in train_epoch
    output = model(data)
  File "/var/scratch/tng204/anaconda3/envs/mltrain/lib/python3.10/site-packages/torch/nn/modules/module.py", line 1130, in _call_impl
    return forward_call(*input, **kwargs)
  File "/var/scratch/tng204/thesis/bachelor_thesis/sparse_byte_transformer.py", line 159, in forward
    x = layer(x, mask=~causal_mask)
  File "/var/scratch/tng204/anaconda3/envs/mltrain/lib/python3.10/site-packages/torch/nn/modules/module.py", line 1130, in _call_impl
    return forward_call(*input, **kwargs)
  File "/var/scratch/tng204/thesis/bachelor_thesis/sparse_attention.py", line 218, in forward
    attn_out = self.attention(x2, mask)
  File "/var/scratch/tng204/anaconda3/envs/mltrain/lib/python3.10/site-packages/torch/nn/modules/module.py", line 1130, in _call_impl
    return forward_call(*input, **kwargs)
  File "/var/scratch/tng204/thesis/bachelor_thesis/sparse_attention.py", line 133, in forward
    attention_scores = torch.matmul(query, key.transpose(2, 3)) / self.scale
RuntimeError: CUDA out of memory. Tried to allocate 8.00 GiB (GPU 0; 10.57 GiB total capacity; 2.56 GiB already allocated; 7.12 GiB free; 2.61 GiB reserved in total by PyTorch) If reserved memory is >> allocated memory try setting max_split_size_mb to avoid fragmentation.  See documentation for Memory Management and PYTORCH_CUDA_ALLOC_CONF
