Using device: cuda
Loading training data...
Loading data from data/enwik8
Training model...
Training on device: cuda
Using mixed precision training (FP16)
Using gradient accumulation with 4 steps
Effective batch size: 128
Epoch 1/5, Batch 10/2746, Loss: 5.6987
Epoch 1/5, Batch 20/2746, Loss: 5.6874
Epoch 1/5, Batch 30/2746, Loss: 5.6493
Epoch 1/5, Batch 40/2746, Loss: 5.6097
Epoch 1/5, Batch 50/2746, Loss: 5.6309
Epoch 1/5, Batch 60/2746, Loss: 5.5544
Epoch 1/5, Batch 70/2746, Loss: 5.5304
Epoch 1/5, Batch 80/2746, Loss: 5.4055
Epoch 1/5, Batch 90/2746, Loss: 5.3181
Epoch 1/5, Batch 100/2746, Loss: 5.2716
Epoch 1/5, Batch 110/2746, Loss: 5.1586
Epoch 1/5, Batch 120/2746, Loss: 5.1326
Epoch 1/5, Batch 130/2746, Loss: 5.0015
Epoch 1/5, Batch 140/2746, Loss: 5.0550
Epoch 1/5, Batch 150/2746, Loss: 4.8293
Epoch 1/5, Batch 160/2746, Loss: 4.6787
Epoch 1/5, Batch 170/2746, Loss: 4.5763
Epoch 1/5, Batch 180/2746, Loss: 4.5199
Epoch 1/5, Batch 190/2746, Loss: 4.4440
Epoch 1/5, Batch 200/2746, Loss: 4.4263
Epoch 1/5, Batch 210/2746, Loss: 4.3900
Epoch 1/5, Batch 220/2746, Loss: 4.2584
Epoch 1/5, Batch 230/2746, Loss: 4.2167
Epoch 1/5, Batch 240/2746, Loss: 4.2023
Epoch 1/5, Batch 250/2746, Loss: 4.1844
Epoch 1/5, Batch 260/2746, Loss: 4.0879
Epoch 1/5, Batch 270/2746, Loss: 4.0936
Epoch 1/5, Batch 280/2746, Loss: 4.1033
Epoch 1/5, Batch 290/2746, Loss: 4.0270
Epoch 1/5, Batch 300/2746, Loss: 3.9953
Epoch 1/5, Batch 310/2746, Loss: 3.9240
Epoch 1/5, Batch 320/2746, Loss: 3.9370
Epoch 1/5, Batch 330/2746, Loss: 3.9169
Epoch 1/5, Batch 340/2746, Loss: 3.8718
Epoch 1/5, Batch 350/2746, Loss: 3.9172
Epoch 1/5, Batch 360/2746, Loss: 3.8841
Epoch 1/5, Batch 370/2746, Loss: 3.9103
Epoch 1/5, Batch 380/2746, Loss: 3.9010
Epoch 1/5, Batch 390/2746, Loss: 3.7698
Epoch 1/5, Batch 400/2746, Loss: 3.7993
Epoch 1/5, Batch 410/2746, Loss: 3.7144
Epoch 1/5, Batch 420/2746, Loss: 3.7469
Epoch 1/5, Batch 430/2746, Loss: 3.7147
Epoch 1/5, Batch 440/2746, Loss: 3.6836
Epoch 1/5, Batch 450/2746, Loss: 3.6740
Epoch 1/5, Batch 460/2746, Loss: 3.6953
Epoch 1/5, Batch 470/2746, Loss: 3.6177
Epoch 1/5, Batch 480/2746, Loss: 3.6698
Epoch 1/5, Batch 490/2746, Loss: 3.5561
Epoch 1/5, Batch 500/2746, Loss: 3.5477
Epoch 1/5, Batch 510/2746, Loss: 3.5976
Epoch 1/5, Batch 520/2746, Loss: 3.5534
Epoch 1/5, Batch 530/2746, Loss: 3.4928
Epoch 1/5, Batch 540/2746, Loss: 3.5263
Epoch 1/5, Batch 550/2746, Loss: 3.4902
Epoch 1/5, Batch 560/2746, Loss: 3.4783
Epoch 1/5, Batch 570/2746, Loss: 3.5040
Epoch 1/5, Batch 580/2746, Loss: 3.4154
Epoch 1/5, Batch 590/2746, Loss: 3.3543
Epoch 1/5, Batch 600/2746, Loss: 3.3529
Epoch 1/5, Batch 610/2746, Loss: 3.2587
Epoch 1/5, Batch 620/2746, Loss: 3.2763
Epoch 1/5, Batch 630/2746, Loss: 3.2195
Epoch 1/5, Batch 640/2746, Loss: 3.3662
Epoch 1/5, Batch 650/2746, Loss: 3.2404
Epoch 1/5, Batch 660/2746, Loss: 3.2161
Epoch 1/5, Batch 670/2746, Loss: 3.1779
Epoch 1/5, Batch 680/2746, Loss: 3.1401
Epoch 1/5, Batch 690/2746, Loss: 3.1182
Epoch 1/5, Batch 700/2746, Loss: 3.1928
Epoch 1/5, Batch 710/2746, Loss: 3.2319
Epoch 1/5, Batch 720/2746, Loss: 3.1616
Epoch 1/5, Batch 730/2746, Loss: 3.1311
Epoch 1/5, Batch 740/2746, Loss: 3.1766
Epoch 1/5, Batch 750/2746, Loss: 3.1164
Epoch 1/5, Batch 760/2746, Loss: 3.0769
Epoch 1/5, Batch 770/2746, Loss: 3.1349
Epoch 1/5, Batch 780/2746, Loss: 3.1114
Epoch 1/5, Batch 790/2746, Loss: 3.0880
Epoch 1/5, Batch 800/2746, Loss: 3.0505
Epoch 1/5, Batch 810/2746, Loss: 3.0011
Epoch 1/5, Batch 820/2746, Loss: 3.1090
Epoch 1/5, Batch 830/2746, Loss: 3.0072
Epoch 1/5, Batch 840/2746, Loss: 3.0188
Epoch 1/5, Batch 850/2746, Loss: 3.0107
Epoch 1/5, Batch 860/2746, Loss: 3.0549
Epoch 1/5, Batch 870/2746, Loss: 2.9867
Epoch 1/5, Batch 880/2746, Loss: 3.0804
Epoch 1/5, Batch 890/2746, Loss: 2.9755
Epoch 1/5, Batch 900/2746, Loss: 3.0061
Epoch 1/5, Batch 910/2746, Loss: 3.0417
Epoch 1/5, Batch 920/2746, Loss: 2.9551
Epoch 1/5, Batch 930/2746, Loss: 2.9454
Epoch 1/5, Batch 940/2746, Loss: 2.9536
Epoch 1/5, Batch 950/2746, Loss: 2.9049
Epoch 1/5, Batch 960/2746, Loss: 2.9521
Epoch 1/5, Batch 970/2746, Loss: 2.9054
Epoch 1/5, Batch 980/2746, Loss: 2.9177
Epoch 1/5, Batch 990/2746, Loss: 2.9117
Epoch 1/5, Batch 1000/2746, Loss: 2.9840
Epoch 1/5, Batch 1010/2746, Loss: 2.9215
Epoch 1/5, Batch 1020/2746, Loss: 2.9943
Epoch 1/5, Batch 1030/2746, Loss: 2.8980
Epoch 1/5, Batch 1040/2746, Loss: 2.9434
Epoch 1/5, Batch 1050/2746, Loss: 2.9066
Epoch 1/5, Batch 1060/2746, Loss: 2.8871
Epoch 1/5, Batch 1070/2746, Loss: 3.0052
Epoch 1/5, Batch 1080/2746, Loss: 2.9230
Epoch 1/5, Batch 1090/2746, Loss: 2.8810
Epoch 1/5, Batch 1100/2746, Loss: 2.8694
Epoch 1/5, Batch 1110/2746, Loss: 2.9370
Epoch 1/5, Batch 1120/2746, Loss: 2.8407
Epoch 1/5, Batch 1130/2746, Loss: 2.8914
Epoch 1/5, Batch 1140/2746, Loss: 2.9089
Epoch 1/5, Batch 1150/2746, Loss: 2.9077
Epoch 1/5, Batch 1160/2746, Loss: 2.8768
Epoch 1/5, Batch 1170/2746, Loss: 2.9178
Epoch 1/5, Batch 1180/2746, Loss: 2.8811
Epoch 1/5, Batch 1190/2746, Loss: 2.8567
Epoch 1/5, Batch 1200/2746, Loss: 2.8663
Epoch 1/5, Batch 1210/2746, Loss: 2.8390
Epoch 1/5, Batch 1220/2746, Loss: 2.8573
Epoch 1/5, Batch 1230/2746, Loss: 2.8600
Epoch 1/5, Batch 1240/2746, Loss: 2.8624
Epoch 1/5, Batch 1250/2746, Loss: 2.8236
Epoch 1/5, Batch 1260/2746, Loss: 2.8597
Epoch 1/5, Batch 1270/2746, Loss: 2.8117
Epoch 1/5, Batch 1280/2746, Loss: 2.8017
Epoch 1/5, Batch 1290/2746, Loss: 2.9034
Epoch 1/5, Batch 1300/2746, Loss: 2.8144
Epoch 1/5, Batch 1310/2746, Loss: 2.8934
Epoch 1/5, Batch 1320/2746, Loss: 2.8579
Epoch 1/5, Batch 1330/2746, Loss: 2.8367
Epoch 1/5, Batch 1340/2746, Loss: 2.8173
Epoch 1/5, Batch 1350/2746, Loss: 2.7989
Epoch 1/5, Batch 1360/2746, Loss: 2.8200
Epoch 1/5, Batch 1370/2746, Loss: 2.8039
Epoch 1/5, Batch 1380/2746, Loss: 2.8556
Epoch 1/5, Batch 1390/2746, Loss: 2.8435
Epoch 1/5, Batch 1400/2746, Loss: 2.8915
Epoch 1/5, Batch 1410/2746, Loss: 2.7912
Epoch 1/5, Batch 1420/2746, Loss: 2.7956
Epoch 1/5, Batch 1430/2746, Loss: 2.8170
Epoch 1/5, Batch 1440/2746, Loss: 2.8192
Epoch 1/5, Batch 1450/2746, Loss: 2.7916
Epoch 1/5, Batch 1460/2746, Loss: 2.8530
Epoch 1/5, Batch 1470/2746, Loss: 2.7958
Epoch 1/5, Batch 1480/2746, Loss: 2.7795
Epoch 1/5, Batch 1490/2746, Loss: 2.9234
Epoch 1/5, Batch 1500/2746, Loss: 2.7610
Epoch 1/5, Batch 1510/2746, Loss: 2.8181
Epoch 1/5, Batch 1520/2746, Loss: 2.7943
Epoch 1/5, Batch 1530/2746, Loss: 2.7447
Epoch 1/5, Batch 1540/2746, Loss: 2.8132
Epoch 1/5, Batch 1550/2746, Loss: 2.8170
Epoch 1/5, Batch 1560/2746, Loss: 2.7826
Epoch 1/5, Batch 1570/2746, Loss: 2.7956
Epoch 1/5, Batch 1580/2746, Loss: 2.7457
Epoch 1/5, Batch 1590/2746, Loss: 2.8386
Epoch 1/5, Batch 1600/2746, Loss: 2.8102
Epoch 1/5, Batch 1610/2746, Loss: 2.7943
Epoch 1/5, Batch 1620/2746, Loss: 2.8174
Epoch 1/5, Batch 1630/2746, Loss: 2.7505
Epoch 1/5, Batch 1640/2746, Loss: 2.7131
Epoch 1/5, Batch 1650/2746, Loss: 2.7465
Epoch 1/5, Batch 1660/2746, Loss: 2.8559
Epoch 1/5, Batch 1670/2746, Loss: 2.8521
Epoch 1/5, Batch 1680/2746, Loss: 2.7973
Epoch 1/5, Batch 1690/2746, Loss: 2.8576
Epoch 1/5, Batch 1700/2746, Loss: 2.7516
Epoch 1/5, Batch 1710/2746, Loss: 2.7203
Epoch 1/5, Batch 1720/2746, Loss: 2.7784
Epoch 1/5, Batch 1730/2746, Loss: 2.7550
Epoch 1/5, Batch 1740/2746, Loss: 2.7287
Epoch 1/5, Batch 1750/2746, Loss: 2.7675
Epoch 1/5, Batch 1760/2746, Loss: 2.7524
Epoch 1/5, Batch 1770/2746, Loss: 2.7679
Epoch 1/5, Batch 1780/2746, Loss: 2.7546
Epoch 1/5, Batch 1790/2746, Loss: 2.7394
Epoch 1/5, Batch 1800/2746, Loss: 2.6945
Epoch 1/5, Batch 1810/2746, Loss: 2.7511
Epoch 1/5, Batch 1820/2746, Loss: 2.7214
Epoch 1/5, Batch 1830/2746, Loss: 2.8429
Epoch 1/5, Batch 1840/2746, Loss: 2.7443
Epoch 1/5, Batch 1850/2746, Loss: 2.7598
Epoch 1/5, Batch 1860/2746, Loss: 2.7636
Epoch 1/5, Batch 1870/2746, Loss: 2.7233
Epoch 1/5, Batch 1880/2746, Loss: 2.6989
Epoch 1/5, Batch 1890/2746, Loss: 2.6928
Epoch 1/5, Batch 1900/2746, Loss: 2.7261
Epoch 1/5, Batch 1910/2746, Loss: 2.6917
Epoch 1/5, Batch 1920/2746, Loss: 2.7494
Epoch 1/5, Batch 1930/2746, Loss: 2.7326
Epoch 1/5, Batch 1940/2746, Loss: 2.7662
Epoch 1/5, Batch 1950/2746, Loss: 2.7231
Epoch 1/5, Batch 1960/2746, Loss: 2.6866
Epoch 1/5, Batch 1970/2746, Loss: 2.7160
Epoch 1/5, Batch 1980/2746, Loss: 2.7059
Epoch 1/5, Batch 1990/2746, Loss: 2.7407
Epoch 1/5, Batch 2000/2746, Loss: 2.7174
Epoch 1/5, Batch 2010/2746, Loss: 2.7181
Epoch 1/5, Batch 2020/2746, Loss: 2.7402
Epoch 1/5, Batch 2030/2746, Loss: 2.7054
Epoch 1/5, Batch 2040/2746, Loss: 2.7048
Epoch 1/5, Batch 2050/2746, Loss: 2.6898
Epoch 1/5, Batch 2060/2746, Loss: 2.7014
Epoch 1/5, Batch 2070/2746, Loss: 2.7225
Epoch 1/5, Batch 2080/2746, Loss: 2.7184
Epoch 1/5, Batch 2090/2746, Loss: 2.7176
Epoch 1/5, Batch 2100/2746, Loss: 2.7407
Epoch 1/5, Batch 2110/2746, Loss: 2.7669
Epoch 1/5, Batch 2120/2746, Loss: 2.7319
Epoch 1/5, Batch 2130/2746, Loss: 2.7147
Epoch 1/5, Batch 2140/2746, Loss: 2.6509
Epoch 1/5, Batch 2150/2746, Loss: 2.7429
Epoch 1/5, Batch 2160/2746, Loss: 2.7307
Epoch 1/5, Batch 2170/2746, Loss: 2.7441
Epoch 1/5, Batch 2180/2746, Loss: 2.7421
Epoch 1/5, Batch 2190/2746, Loss: 2.7330
Epoch 1/5, Batch 2200/2746, Loss: 2.7140
Epoch 1/5, Batch 2210/2746, Loss: 2.7246
Epoch 1/5, Batch 2220/2746, Loss: 2.7415
Epoch 1/5, Batch 2230/2746, Loss: 2.7226
Epoch 1/5, Batch 2240/2746, Loss: 2.7110
Epoch 1/5, Batch 2250/2746, Loss: 2.7576
Epoch 1/5, Batch 2260/2746, Loss: 2.7517
Epoch 1/5, Batch 2270/2746, Loss: 2.7027
Epoch 1/5, Batch 2280/2746, Loss: 2.7419
Epoch 1/5, Batch 2290/2746, Loss: 2.7341
Epoch 1/5, Batch 2300/2746, Loss: 2.7314
Epoch 1/5, Batch 2310/2746, Loss: 2.6619
Epoch 1/5, Batch 2320/2746, Loss: 2.7014
Epoch 1/5, Batch 2330/2746, Loss: 2.7111
Epoch 1/5, Batch 2340/2746, Loss: 2.7106
Epoch 1/5, Batch 2350/2746, Loss: 2.7500
Epoch 1/5, Batch 2360/2746, Loss: 2.6971
Epoch 1/5, Batch 2370/2746, Loss: 2.7529
Epoch 1/5, Batch 2380/2746, Loss: 2.6998
Epoch 1/5, Batch 2390/2746, Loss: 2.7973
Epoch 1/5, Batch 2400/2746, Loss: 2.6998
Epoch 1/5, Batch 2410/2746, Loss: 2.6724
Epoch 1/5, Batch 2420/2746, Loss: 2.6881
Epoch 1/5, Batch 2430/2746, Loss: 2.7204
Epoch 1/5, Batch 2440/2746, Loss: 2.6734
Epoch 1/5, Batch 2450/2746, Loss: 2.6633
Epoch 1/5, Batch 2460/2746, Loss: 2.6132
Epoch 1/5, Batch 2470/2746, Loss: 2.6557
Epoch 1/5, Batch 2480/2746, Loss: 2.6794
Epoch 1/5, Batch 2490/2746, Loss: 2.6559
Epoch 1/5, Batch 2500/2746, Loss: 2.7377
Epoch 1/5, Batch 2510/2746, Loss: 2.6957
Epoch 1/5, Batch 2520/2746, Loss: 2.6795
Epoch 1/5, Batch 2530/2746, Loss: 2.6976
Epoch 1/5, Batch 2540/2746, Loss: 2.6967
Epoch 1/5, Batch 2550/2746, Loss: 2.6814
Epoch 1/5, Batch 2560/2746, Loss: 2.6889
Epoch 1/5, Batch 2570/2746, Loss: 2.6846
Epoch 1/5, Batch 2580/2746, Loss: 2.6532
Epoch 1/5, Batch 2590/2746, Loss: 2.6857
Epoch 1/5, Batch 2600/2746, Loss: 2.6404
Epoch 1/5, Batch 2610/2746, Loss: 2.7138
Epoch 1/5, Batch 2620/2746, Loss: 2.6520
Epoch 1/5, Batch 2630/2746, Loss: 2.6757
Epoch 1/5, Batch 2640/2746, Loss: 2.6750
Epoch 1/5, Batch 2650/2746, Loss: 2.7119
Epoch 1/5, Batch 2660/2746, Loss: 2.6388
Epoch 1/5, Batch 2670/2746, Loss: 2.6762
Epoch 1/5, Batch 2680/2746, Loss: 2.6885
Epoch 1/5, Batch 2690/2746, Loss: 2.6839
Epoch 1/5, Batch 2700/2746, Loss: 2.6614
Epoch 1/5, Batch 2710/2746, Loss: 2.6871
Epoch 1/5, Batch 2720/2746, Loss: 2.6449
Epoch 1/5, Batch 2730/2746, Loss: 2.6390
Epoch 1/5, Batch 2740/2746, Loss: 2.6696
New best model with validation loss: 2.6273, perplexity: 13.84
Epoch 1/5, Loss: 3.1419, Perplexity: 23.15, Val Loss: 2.6273, Val Perplexity: 13.84, Time: 6270.55s
Epoch 2/5, Batch 10/2746, Loss: 2.7445
Epoch 2/5, Batch 20/2746, Loss: 2.7378
Epoch 2/5, Batch 30/2746, Loss: 2.7414
Epoch 2/5, Batch 40/2746, Loss: 2.7023
Epoch 2/5, Batch 50/2746, Loss: 2.6889
Epoch 2/5, Batch 60/2746, Loss: 2.6693
Epoch 2/5, Batch 70/2746, Loss: 2.6794
Epoch 2/5, Batch 80/2746, Loss: 2.7384
Epoch 2/5, Batch 90/2746, Loss: 2.7047
Epoch 2/5, Batch 100/2746, Loss: 2.6903
Epoch 2/5, Batch 110/2746, Loss: 2.7297
Epoch 2/5, Batch 120/2746, Loss: 2.6717
Epoch 2/5, Batch 130/2746, Loss: 2.6663
Epoch 2/5, Batch 140/2746, Loss: 2.7305
Epoch 2/5, Batch 150/2746, Loss: 2.6708
Epoch 2/5, Batch 160/2746, Loss: 2.6379
Epoch 2/5, Batch 170/2746, Loss: 2.6674
Epoch 2/5, Batch 180/2746, Loss: 2.6643
Epoch 2/5, Batch 190/2746, Loss: 2.6748
Epoch 2/5, Batch 200/2746, Loss: 2.6473
Epoch 2/5, Batch 210/2746, Loss: 2.7072
Epoch 2/5, Batch 220/2746, Loss: 2.6206
Epoch 2/5, Batch 230/2746, Loss: 2.6553
Epoch 2/5, Batch 240/2746, Loss: 2.6388
Epoch 2/5, Batch 250/2746, Loss: 2.6404
Epoch 2/5, Batch 260/2746, Loss: 2.6480
Epoch 2/5, Batch 270/2746, Loss: 2.6766
Epoch 2/5, Batch 280/2746, Loss: 2.6883
Epoch 2/5, Batch 290/2746, Loss: 2.6631
Epoch 2/5, Batch 300/2746, Loss: 2.6700
Epoch 2/5, Batch 310/2746, Loss: 2.6282
Epoch 2/5, Batch 320/2746, Loss: 2.6291
Epoch 2/5, Batch 330/2746, Loss: 2.6602
Epoch 2/5, Batch 340/2746, Loss: 2.6140
Epoch 2/5, Batch 350/2746, Loss: 2.6429
Epoch 2/5, Batch 360/2746, Loss: 2.6221
Epoch 2/5, Batch 370/2746, Loss: 2.6867
Epoch 2/5, Batch 380/2746, Loss: 2.6137
Epoch 2/5, Batch 390/2746, Loss: 2.6457
Epoch 2/5, Batch 400/2746, Loss: 2.6865
Epoch 2/5, Batch 410/2746, Loss: 2.6047
Epoch 2/5, Batch 420/2746, Loss: 2.6109
Epoch 2/5, Batch 430/2746, Loss: 2.6390
Epoch 2/5, Batch 440/2746, Loss: 2.6393
Epoch 2/5, Batch 450/2746, Loss: 2.6453
Epoch 2/5, Batch 460/2746, Loss: 2.6759
Epoch 2/5, Batch 470/2746, Loss: 2.6641
Epoch 2/5, Batch 480/2746, Loss: 2.6977
Epoch 2/5, Batch 490/2746, Loss: 2.6486
Epoch 2/5, Batch 500/2746, Loss: 2.7146
Epoch 2/5, Batch 510/2746, Loss: 2.6468
Epoch 2/5, Batch 520/2746, Loss: 2.6424
Epoch 2/5, Batch 530/2746, Loss: 2.6755
Epoch 2/5, Batch 540/2746, Loss: 2.6844
Epoch 2/5, Batch 550/2746, Loss: 2.6558
Epoch 2/5, Batch 560/2746, Loss: 2.6245
Epoch 2/5, Batch 570/2746, Loss: 2.6973
Epoch 2/5, Batch 580/2746, Loss: 2.6608
Epoch 2/5, Batch 590/2746, Loss: 2.6432
Epoch 2/5, Batch 600/2746, Loss: 2.6552
Epoch 2/5, Batch 610/2746, Loss: 2.6348
Epoch 2/5, Batch 620/2746, Loss: 2.6859
Epoch 2/5, Batch 630/2746, Loss: 2.6456
Epoch 2/5, Batch 640/2746, Loss: 2.7305
Epoch 2/5, Batch 650/2746, Loss: 2.6533
Epoch 2/5, Batch 660/2746, Loss: 2.6669
Epoch 2/5, Batch 670/2746, Loss: 2.6641
Epoch 2/5, Batch 680/2746, Loss: 2.6558
Epoch 2/5, Batch 690/2746, Loss: 2.6375
Epoch 2/5, Batch 700/2746, Loss: 2.6440
Epoch 2/5, Batch 710/2746, Loss: 2.6428
Epoch 2/5, Batch 720/2746, Loss: 2.6581
Epoch 2/5, Batch 730/2746, Loss: 2.6558
Epoch 2/5, Batch 740/2746, Loss: 2.6840
Epoch 2/5, Batch 750/2746, Loss: 2.6305
Epoch 2/5, Batch 760/2746, Loss: 2.6287
Epoch 2/5, Batch 770/2746, Loss: 2.6263
Epoch 2/5, Batch 780/2746, Loss: 2.6637
Epoch 2/5, Batch 790/2746, Loss: 2.6839
Epoch 2/5, Batch 800/2746, Loss: 2.6767
Epoch 2/5, Batch 810/2746, Loss: 2.6292
Epoch 2/5, Batch 820/2746, Loss: 2.7009
Epoch 2/5, Batch 830/2746, Loss: 2.6477
Epoch 2/5, Batch 840/2746, Loss: 2.6444
Epoch 2/5, Batch 850/2746, Loss: 2.6352
Epoch 2/5, Batch 860/2746, Loss: 2.6557
Epoch 2/5, Batch 870/2746, Loss: 2.6588
Epoch 2/5, Batch 880/2746, Loss: 2.7182
Epoch 2/5, Batch 890/2746, Loss: 2.6649
Epoch 2/5, Batch 900/2746, Loss: 2.6531
Epoch 2/5, Batch 910/2746, Loss: 2.6617
Epoch 2/5, Batch 920/2746, Loss: 2.6294
Epoch 2/5, Batch 930/2746, Loss: 2.6502
Epoch 2/5, Batch 940/2746, Loss: 2.6581
Epoch 2/5, Batch 950/2746, Loss: 2.6558
Epoch 2/5, Batch 960/2746, Loss: 2.6740
Epoch 2/5, Batch 970/2746, Loss: 2.6562
Epoch 2/5, Batch 980/2746, Loss: 2.6296
Epoch 2/5, Batch 990/2746, Loss: 2.6634
Epoch 2/5, Batch 1000/2746, Loss: 2.7250
Epoch 2/5, Batch 1010/2746, Loss: 2.6249
Epoch 2/5, Batch 1020/2746, Loss: 2.6917
Epoch 2/5, Batch 1030/2746, Loss: 2.6445
Epoch 2/5, Batch 1040/2746, Loss: 2.6640
Epoch 2/5, Batch 1050/2746, Loss: 2.6241
Epoch 2/5, Batch 1060/2746, Loss: 2.6255
Epoch 2/5, Batch 1070/2746, Loss: 2.6707
Epoch 2/5, Batch 1080/2746, Loss: 2.6216
Epoch 2/5, Batch 1090/2746, Loss: 2.6074
Epoch 2/5, Batch 1100/2746, Loss: 2.5988
Epoch 2/5, Batch 1110/2746, Loss: 2.6696
Epoch 2/5, Batch 1120/2746, Loss: 2.6164
Epoch 2/5, Batch 1130/2746, Loss: 2.6530
Epoch 2/5, Batch 1140/2746, Loss: 2.6584
Epoch 2/5, Batch 1150/2746, Loss: 2.6723
Epoch 2/5, Batch 1160/2746, Loss: 2.6136
Epoch 2/5, Batch 1170/2746, Loss: 2.6541
Epoch 2/5, Batch 1180/2746, Loss: 2.6446
Epoch 2/5, Batch 1190/2746, Loss: 2.6483
Epoch 2/5, Batch 1200/2746, Loss: 2.5988
Epoch 2/5, Batch 1210/2746, Loss: 2.5815
Epoch 2/5, Batch 1220/2746, Loss: 2.6705
Epoch 2/5, Batch 1230/2746, Loss: 2.6320
Epoch 2/5, Batch 1240/2746, Loss: 2.6230
Epoch 2/5, Batch 1250/2746, Loss: 2.6234
Epoch 2/5, Batch 1260/2746, Loss: 2.6629
Epoch 2/5, Batch 1270/2746, Loss: 2.6060
Epoch 2/5, Batch 1280/2746, Loss: 2.6108
Epoch 2/5, Batch 1290/2746, Loss: 2.6664
Epoch 2/5, Batch 1300/2746, Loss: 2.6244
Epoch 2/5, Batch 1310/2746, Loss: 2.6831
Epoch 2/5, Batch 1320/2746, Loss: 2.6519
Epoch 2/5, Batch 1330/2746, Loss: 2.5937
Epoch 2/5, Batch 1340/2746, Loss: 2.6288
Epoch 2/5, Batch 1350/2746, Loss: 2.6208
Epoch 2/5, Batch 1360/2746, Loss: 2.6140
Epoch 2/5, Batch 1370/2746, Loss: 2.6252
Epoch 2/5, Batch 1380/2746, Loss: 2.6248
Epoch 2/5, Batch 1390/2746, Loss: 2.6517
Epoch 2/5, Batch 1400/2746, Loss: 2.6640
Epoch 2/5, Batch 1410/2746, Loss: 2.6277
Epoch 2/5, Batch 1420/2746, Loss: 2.6573
Epoch 2/5, Batch 1430/2746, Loss: 2.6312
Epoch 2/5, Batch 1440/2746, Loss: 2.6185
Epoch 2/5, Batch 1450/2746, Loss: 2.6201
Epoch 2/5, Batch 1460/2746, Loss: 2.6868
Epoch 2/5, Batch 1470/2746, Loss: 2.6325
Epoch 2/5, Batch 1480/2746, Loss: 2.6141
Epoch 2/5, Batch 1490/2746, Loss: 2.7130
Epoch 2/5, Batch 1500/2746, Loss: 2.6071
Epoch 2/5, Batch 1510/2746, Loss: 2.6592
Epoch 2/5, Batch 1520/2746, Loss: 2.6457
Epoch 2/5, Batch 1530/2746, Loss: 2.6023
Epoch 2/5, Batch 1540/2746, Loss: 2.6591
Epoch 2/5, Batch 1550/2746, Loss: 2.6652
Epoch 2/5, Batch 1560/2746, Loss: 2.6035
Epoch 2/5, Batch 1570/2746, Loss: 2.6286
Epoch 2/5, Batch 1580/2746, Loss: 2.6142
Epoch 2/5, Batch 1590/2746, Loss: 2.6621
Epoch 2/5, Batch 1600/2746, Loss: 2.6526
Epoch 2/5, Batch 1610/2746, Loss: 2.6222
Epoch 2/5, Batch 1620/2746, Loss: 2.6532
Epoch 2/5, Batch 1630/2746, Loss: 2.6015
Epoch 2/5, Batch 1640/2746, Loss: 2.5968
Epoch 2/5, Batch 1650/2746, Loss: 2.6175
Epoch 2/5, Batch 1660/2746, Loss: 2.6897
Epoch 2/5, Batch 1670/2746, Loss: 2.6710
Epoch 2/5, Batch 1680/2746, Loss: 2.6565
Epoch 2/5, Batch 1690/2746, Loss: 2.6726
Epoch 2/5, Batch 1700/2746, Loss: 2.6247
Epoch 2/5, Batch 1710/2746, Loss: 2.5999
Epoch 2/5, Batch 1720/2746, Loss: 2.6592
Epoch 2/5, Batch 1730/2746, Loss: 2.6388
Epoch 2/5, Batch 1740/2746, Loss: 2.6297
Epoch 2/5, Batch 1750/2746, Loss: 2.6203
Epoch 2/5, Batch 1760/2746, Loss: 2.6303
Epoch 2/5, Batch 1770/2746, Loss: 2.6391
Epoch 2/5, Batch 1780/2746, Loss: 2.6319
Epoch 2/5, Batch 1790/2746, Loss: 2.6041
Epoch 2/5, Batch 1800/2746, Loss: 2.5823
Epoch 2/5, Batch 1810/2746, Loss: 2.6226
Epoch 2/5, Batch 1820/2746, Loss: 2.6170
Epoch 2/5, Batch 1830/2746, Loss: 2.6824
Epoch 2/5, Batch 1840/2746, Loss: 2.6317
Epoch 2/5, Batch 1850/2746, Loss: 2.6370
Epoch 2/5, Batch 1860/2746, Loss: 2.6492
Epoch 2/5, Batch 1870/2746, Loss: 2.6071
Epoch 2/5, Batch 1880/2746, Loss: 2.6035
Epoch 2/5, Batch 1890/2746, Loss: 2.5907
Epoch 2/5, Batch 1900/2746, Loss: 2.6357
Epoch 2/5, Batch 1910/2746, Loss: 2.5949
Epoch 2/5, Batch 1920/2746, Loss: 2.6318
Epoch 2/5, Batch 1930/2746, Loss: 2.5951
Epoch 2/5, Batch 1940/2746, Loss: 2.6061
Epoch 2/5, Batch 1950/2746, Loss: 2.6248
Epoch 2/5, Batch 1960/2746, Loss: 2.5937
Epoch 2/5, Batch 1970/2746, Loss: 2.6014
Epoch 2/5, Batch 1980/2746, Loss: 2.6014
Epoch 2/5, Batch 1990/2746, Loss: 2.6388
Epoch 2/5, Batch 2000/2746, Loss: 2.5992
Epoch 2/5, Batch 2010/2746, Loss: 2.6334
Epoch 2/5, Batch 2020/2746, Loss: 2.6290
Epoch 2/5, Batch 2030/2746, Loss: 2.6086
Epoch 2/5, Batch 2040/2746, Loss: 2.5823
Epoch 2/5, Batch 2050/2746, Loss: 2.5708
Epoch 2/5, Batch 2060/2746, Loss: 2.5857
Epoch 2/5, Batch 2070/2746, Loss: 2.5913
Epoch 2/5, Batch 2080/2746, Loss: 2.5908
Epoch 2/5, Batch 2090/2746, Loss: 2.6077
Epoch 2/5, Batch 2100/2746, Loss: 2.6437
Epoch 2/5, Batch 2110/2746, Loss: 2.6675
Epoch 2/5, Batch 2120/2746, Loss: 2.6228
Epoch 2/5, Batch 2130/2746, Loss: 2.6080
Epoch 2/5, Batch 2140/2746, Loss: 2.5662
Epoch 2/5, Batch 2150/2746, Loss: 2.6615
Epoch 2/5, Batch 2160/2746, Loss: 2.6035
Epoch 2/5, Batch 2170/2746, Loss: 2.6377
Epoch 2/5, Batch 2180/2746, Loss: 2.6287
Epoch 2/5, Batch 2190/2746, Loss: 2.6393
Epoch 2/5, Batch 2200/2746, Loss: 2.6316
Epoch 2/5, Batch 2210/2746, Loss: 2.6100
Epoch 2/5, Batch 2220/2746, Loss: 2.6381
Epoch 2/5, Batch 2230/2746, Loss: 2.6386
Epoch 2/5, Batch 2240/2746, Loss: 2.6193
Epoch 2/5, Batch 2250/2746, Loss: 2.6449
Epoch 2/5, Batch 2260/2746, Loss: 2.6685
Epoch 2/5, Batch 2270/2746, Loss: 2.5905
Epoch 2/5, Batch 2280/2746, Loss: 2.6353
Epoch 2/5, Batch 2290/2746, Loss: 2.6140
Epoch 2/5, Batch 2300/2746, Loss: 2.6236
Epoch 2/5, Batch 2310/2746, Loss: 2.5828
Epoch 2/5, Batch 2320/2746, Loss: 2.6110
Epoch 2/5, Batch 2330/2746, Loss: 2.6250
Epoch 2/5, Batch 2340/2746, Loss: 2.6175
Epoch 2/5, Batch 2350/2746, Loss: 2.6591
Epoch 2/5, Batch 2360/2746, Loss: 2.6125
Epoch 2/5, Batch 2370/2746, Loss: 2.6734
Epoch 2/5, Batch 2380/2746, Loss: 2.5916
Epoch 2/5, Batch 2390/2746, Loss: 2.6819
Epoch 2/5, Batch 2400/2746, Loss: 2.6213
Epoch 2/5, Batch 2410/2746, Loss: 2.5889
Epoch 2/5, Batch 2420/2746, Loss: 2.6235
Epoch 2/5, Batch 2430/2746, Loss: 2.6412
Epoch 2/5, Batch 2440/2746, Loss: 2.5926
Epoch 2/5, Batch 2450/2746, Loss: 2.5843
Epoch 2/5, Batch 2460/2746, Loss: 2.5282
Epoch 2/5, Batch 2470/2746, Loss: 2.5711
Epoch 2/5, Batch 2480/2746, Loss: 2.6021
Epoch 2/5, Batch 2490/2746, Loss: 2.5805
Epoch 2/5, Batch 2500/2746, Loss: 2.6532
Epoch 2/5, Batch 2510/2746, Loss: 2.6270
Epoch 2/5, Batch 2520/2746, Loss: 2.6100
Epoch 2/5, Batch 2530/2746, Loss: 2.6357
Epoch 2/5, Batch 2540/2746, Loss: 2.6347
Epoch 2/5, Batch 2550/2746, Loss: 2.5972
Epoch 2/5, Batch 2560/2746, Loss: 2.6018
Epoch 2/5, Batch 2570/2746, Loss: 2.6172
Epoch 2/5, Batch 2580/2746, Loss: 2.5872
Epoch 2/5, Batch 2590/2746, Loss: 2.5845
Epoch 2/5, Batch 2600/2746, Loss: 2.5830
Epoch 2/5, Batch 2610/2746, Loss: 2.6414
Epoch 2/5, Batch 2620/2746, Loss: 2.5882
Epoch 2/5, Batch 2630/2746, Loss: 2.5903
Epoch 2/5, Batch 2640/2746, Loss: 2.5842
Epoch 2/5, Batch 2650/2746, Loss: 2.6282
Epoch 2/5, Batch 2660/2746, Loss: 2.5829
Epoch 2/5, Batch 2670/2746, Loss: 2.6184
Epoch 2/5, Batch 2680/2746, Loss: 2.6205
Epoch 2/5, Batch 2690/2746, Loss: 2.6162
Epoch 2/5, Batch 2700/2746, Loss: 2.5924
Epoch 2/5, Batch 2710/2746, Loss: 2.6287
Epoch 2/5, Batch 2720/2746, Loss: 2.5691
Epoch 2/5, Batch 2730/2746, Loss: 2.5802
Epoch 2/5, Batch 2740/2746, Loss: 2.6087
New best model with validation loss: 2.5534, perplexity: 12.85
Epoch 2/5, Loss: 2.6414, Perplexity: 14.03, Val Loss: 2.5534, Val Perplexity: 12.85, Time: 6268.50s
Epoch 3/5, Batch 10/2746, Loss: 2.6740
Epoch 3/5, Batch 20/2746, Loss: 2.6671
Epoch 3/5, Batch 30/2746, Loss: 2.6488
Epoch 3/5, Batch 40/2746, Loss: 2.6164
Epoch 3/5, Batch 50/2746, Loss: 2.6270
Epoch 3/5, Batch 60/2746, Loss: 2.6024
Epoch 3/5, Batch 70/2746, Loss: 2.6050
Epoch 3/5, Batch 80/2746, Loss: 2.6697
Epoch 3/5, Batch 90/2746, Loss: 2.6533
Epoch 3/5, Batch 100/2746, Loss: 2.6162
Epoch 3/5, Batch 110/2746, Loss: 2.6933
Epoch 3/5, Batch 120/2746, Loss: 2.6146
Epoch 3/5, Batch 130/2746, Loss: 2.5963
Epoch 3/5, Batch 140/2746, Loss: 2.6427
Epoch 3/5, Batch 150/2746, Loss: 2.5712
Epoch 3/5, Batch 160/2746, Loss: 2.5797
Epoch 3/5, Batch 170/2746, Loss: 2.6180
Epoch 3/5, Batch 180/2746, Loss: 2.5970
Epoch 3/5, Batch 190/2746, Loss: 2.6206
Epoch 3/5, Batch 200/2746, Loss: 2.5978
Epoch 3/5, Batch 210/2746, Loss: 2.6472
Epoch 3/5, Batch 220/2746, Loss: 2.5538
Epoch 3/5, Batch 230/2746, Loss: 2.6057
Epoch 3/5, Batch 240/2746, Loss: 2.5861
Epoch 3/5, Batch 250/2746, Loss: 2.6007
Epoch 3/5, Batch 260/2746, Loss: 2.5916
Epoch 3/5, Batch 270/2746, Loss: 2.6276
Epoch 3/5, Batch 280/2746, Loss: 2.6386
Epoch 3/5, Batch 290/2746, Loss: 2.6017
Epoch 3/5, Batch 300/2746, Loss: 2.6279
Epoch 3/5, Batch 310/2746, Loss: 2.5689
Epoch 3/5, Batch 320/2746, Loss: 2.5687
Epoch 3/5, Batch 330/2746, Loss: 2.5866
Epoch 3/5, Batch 340/2746, Loss: 2.5570
Epoch 3/5, Batch 350/2746, Loss: 2.5639
Epoch 3/5, Batch 360/2746, Loss: 2.5713
Epoch 3/5, Batch 370/2746, Loss: 2.6098
Epoch 3/5, Batch 380/2746, Loss: 2.5431
Epoch 3/5, Batch 390/2746, Loss: 2.5961
Epoch 3/5, Batch 400/2746, Loss: 2.6316
Epoch 3/5, Batch 410/2746, Loss: 2.5455
Epoch 3/5, Batch 420/2746, Loss: 2.5559
Epoch 3/5, Batch 430/2746, Loss: 2.5736
Epoch 3/5, Batch 440/2746, Loss: 2.5870
Epoch 3/5, Batch 450/2746, Loss: 2.5921
Epoch 3/5, Batch 460/2746, Loss: 2.6194
Epoch 3/5, Batch 470/2746, Loss: 2.6126
Epoch 3/5, Batch 480/2746, Loss: 2.6305
Epoch 3/5, Batch 490/2746, Loss: 2.5931
Epoch 3/5, Batch 500/2746, Loss: 2.6595
Epoch 3/5, Batch 510/2746, Loss: 2.5796
Epoch 3/5, Batch 520/2746, Loss: 2.5823
Epoch 3/5, Batch 530/2746, Loss: 2.6145
Epoch 3/5, Batch 540/2746, Loss: 2.6271
Epoch 3/5, Batch 550/2746, Loss: 2.5920
Epoch 3/5, Batch 560/2746, Loss: 2.5771
Epoch 3/5, Batch 570/2746, Loss: 2.6122
Epoch 3/5, Batch 580/2746, Loss: 2.5916
Epoch 3/5, Batch 590/2746, Loss: 2.5895
Epoch 3/5, Batch 600/2746, Loss: 2.5784
Epoch 3/5, Batch 610/2746, Loss: 2.5873
Epoch 3/5, Batch 620/2746, Loss: 2.6149
Epoch 3/5, Batch 630/2746, Loss: 2.5975
Epoch 3/5, Batch 640/2746, Loss: 2.6540
Epoch 3/5, Batch 650/2746, Loss: 2.6031
Epoch 3/5, Batch 660/2746, Loss: 2.6065
Epoch 3/5, Batch 670/2746, Loss: 2.6174
Epoch 3/5, Batch 680/2746, Loss: 2.5970
Epoch 3/5, Batch 690/2746, Loss: 2.5921
Epoch 3/5, Batch 700/2746, Loss: 2.5781
Epoch 3/5, Batch 710/2746, Loss: 2.5672
Epoch 3/5, Batch 720/2746, Loss: 2.5891
Epoch 3/5, Batch 730/2746, Loss: 2.5991
Epoch 3/5, Batch 740/2746, Loss: 2.6161
Epoch 3/5, Batch 750/2746, Loss: 2.5585
Epoch 3/5, Batch 760/2746, Loss: 2.5701
Epoch 3/5, Batch 770/2746, Loss: 2.5630
Epoch 3/5, Batch 780/2746, Loss: 2.6053
