2025-05-30 11:19:36,118 | INFO | Using device: cuda
2025-05-30 11:19:38,657 | INFO | Model parameters: 19,177,728
2025-05-30 11:19:38,658 | INFO | Loading training data...
2025-05-30 11:19:44,431 | INFO | Base learning rate: 3.00e-04
2025-05-30 11:19:44,431 | INFO | Minimum learning rate: 1.00e-05
2025-05-30 11:19:44,431 | INFO | Initial learning rate: 0.00e+00
2025-05-30 11:19:44,431 | INFO | Warmup steps: 2000
2025-05-30 11:19:44,431 | INFO | Total steps: 549300
2025-05-30 11:19:44,431 | INFO | Test LR at step 0: 0.00e+00
2025-05-30 11:19:44,431 | INFO | Test LR at step 1000: 1.50e-04
2025-05-30 11:19:44,431 | INFO | Test LR at step 2000: 3.10e-04
2025-05-30 11:19:44,431 | INFO | Test LR at step 274650: 1.61e-04
2025-05-30 11:19:44,431 | INFO | Test LR at step 549299: 1.00e-05
2025-05-30 11:19:44,432 | INFO | Starting training...
2025-05-30 11:19:44,433 | INFO | Input shape: torch.Size([16, 511]), Target shape: torch.Size([16, 511])
2025-05-30 11:19:44,434 | INFO | Input range: [10, 226]
2025-05-30 11:19:44,434 | INFO | Target range: [10, 226]
2025-05-30 11:19:49,262 | INFO | Output shape: torch.Size([8176, 256]), Reshaped target shape: torch.Size([8176])
2025-05-30 11:19:49,263 | INFO | Output range: [-5.71875, 5.44921875]
2025-05-30 11:19:49,263 | INFO | Sample probabilities: max=0.08805162459611893, min=5.454139318317175e-05
2025-05-30 11:19:49,265 | INFO | Raw loss value: 6.455838680267334
2025-05-30 11:19:49,265 | INFO | Batch 0 loss stats - Mean: -0.0491, Std: 1.1582
2025-05-30 11:19:49,440 | INFO | Gradient norm: 6.8968
2025-05-30 11:19:49,460 | INFO | Train batch     0/10986 | ms/batch 5027.11 | loss 6.4558 | bpb  9.31 | ppl   636.41 | lr 0.00e+00
2025-05-30 11:20:09,751 | INFO | Gradient norm: 6.6180
2025-05-30 11:20:09,764 | INFO | Train batch   100/10986 | ms/batch 250.81 | loss 6.4425 | bpb  9.29 | ppl   627.98 | lr 0.00e+00
2025-05-30 11:20:30,067 | INFO | Gradient norm: 7.0063
2025-05-30 11:20:30,080 | INFO | Train batch   200/10986 | ms/batch 227.10 | loss 6.4422 | bpb  9.29 | ppl   627.76 | lr 0.00e+00
2025-05-30 11:20:50,434 | INFO | Gradient norm: 7.1668
2025-05-30 11:20:50,446 | INFO | Train batch   300/10986 | ms/batch 219.31 | loss 6.4425 | bpb  9.29 | ppl   627.96 | lr 0.00e+00
2025-05-30 11:21:10,842 | INFO | Gradient norm: 6.8000
2025-05-30 11:21:10,854 | INFO | Train batch   400/10986 | ms/batch 215.52 | loss 6.4447 | bpb  9.30 | ppl   629.35 | lr 0.00e+00
2025-05-30 11:21:31,245 | INFO | Gradient norm: 6.9911
2025-05-30 11:21:31,257 | INFO | Train batch   500/10986 | ms/batch 213.22 | loss 6.4484 | bpb  9.30 | ppl   631.71 | lr 0.00e+00
2025-05-30 11:21:51,668 | INFO | Gradient norm: 7.4000
2025-05-30 11:21:51,681 | INFO | Train batch   600/10986 | ms/batch 211.73 | loss 6.4485 | bpb  9.30 | ppl   631.76 | lr 0.00e+00
2025-05-30 11:22:12,082 | INFO | Gradient norm: 7.3581
2025-05-30 11:22:12,095 | INFO | Train batch   700/10986 | ms/batch 210.64 | loss 6.4499 | bpb  9.31 | ppl   632.65 | lr 0.00e+00
2025-05-30 11:22:32,508 | INFO | Gradient norm: 7.1013
2025-05-30 11:22:32,520 | INFO | Train batch   800/10986 | ms/batch 209.85 | loss 6.4479 | bpb  9.30 | ppl   631.40 | lr 0.00e+00
2025-05-30 11:22:52,912 | INFO | Gradient norm: 7.4880
2025-05-30 11:22:52,925 | INFO | Train batch   900/10986 | ms/batch 209.20 | loss 6.4486 | bpb  9.30 | ppl   631.81 | lr 0.00e+00
2025-05-30 11:23:13,339 | INFO | Gradient norm: 7.1986
2025-05-30 11:23:13,351 | INFO | Train batch  1000/10986 | ms/batch 208.71 | loss 6.4485 | bpb  9.30 | ppl   631.74 | lr 0.00e+00
2025-05-30 11:23:33,747 | INFO | Gradient norm: 7.1656
2025-05-30 11:23:33,760 | INFO | Train batch  1100/10986 | ms/batch 208.29 | loss 6.4496 | bpb  9.30 | ppl   632.45 | lr 0.00e+00
2025-05-30 11:23:54,165 | INFO | Gradient norm: 7.2830
2025-05-30 11:23:54,177 | INFO | Train batch  1200/10986 | ms/batch 207.95 | loss 6.4500 | bpb  9.31 | ppl   632.68 | lr 0.00e+00
2025-05-30 11:24:14,579 | INFO | Gradient norm: 7.4110
2025-05-30 11:24:14,591 | INFO | Train batch  1300/10986 | ms/batch 207.65 | loss 6.4505 | bpb  9.31 | ppl   633.00 | lr 0.00e+00
2025-05-30 11:24:34,976 | INFO | Gradient norm: 6.4433
2025-05-30 11:24:34,989 | INFO | Train batch  1400/10986 | ms/batch 207.39 | loss 6.4499 | bpb  9.31 | ppl   632.66 | lr 0.00e+00
2025-05-30 11:24:55,390 | INFO | Gradient norm: 6.9491
2025-05-30 11:24:55,402 | INFO | Train batch  1500/10986 | ms/batch 207.17 | loss 6.4493 | bpb  9.30 | ppl   632.23 | lr 0.00e+00
2025-05-30 11:25:15,803 | INFO | Gradient norm: 6.9634
2025-05-30 11:25:15,815 | INFO | Train batch  1600/10986 | ms/batch 206.98 | loss 6.4498 | bpb  9.31 | ppl   632.55 | lr 0.00e+00
2025-05-30 11:25:36,198 | INFO | Gradient norm: 6.3048
2025-05-30 11:25:36,211 | INFO | Train batch  1700/10986 | ms/batch 206.81 | loss 6.4488 | bpb  9.30 | ppl   631.93 | lr 0.00e+00
2025-05-30 11:25:56,611 | INFO | Gradient norm: 6.8447
2025-05-30 11:25:56,623 | INFO | Train batch  1800/10986 | ms/batch 206.66 | loss 6.4477 | bpb  9.30 | ppl   631.28 | lr 0.00e+00
2025-05-30 11:26:17,011 | INFO | Gradient norm: 7.4162
2025-05-30 11:26:17,024 | INFO | Train batch  1900/10986 | ms/batch 206.52 | loss 6.4472 | bpb  9.30 | ppl   630.95 | lr 0.00e+00
2025-05-30 11:26:37,395 | INFO | Gradient norm: 6.7176
2025-05-30 11:26:37,407 | INFO | Train batch  2000/10986 | ms/batch 206.38 | loss 6.4480 | bpb  9.30 | ppl   631.43 | lr 0.00e+00
2025-05-30 11:26:57,795 | INFO | Gradient norm: 7.4399
2025-05-30 11:26:57,807 | INFO | Train batch  2100/10986 | ms/batch 206.27 | loss 6.4473 | bpb  9.30 | ppl   631.01 | lr 0.00e+00
2025-05-30 11:27:18,193 | INFO | Gradient norm: 7.2342
2025-05-30 11:27:18,205 | INFO | Train batch  2200/10986 | ms/batch 206.17 | loss 6.4471 | bpb  9.30 | ppl   630.89 | lr 0.00e+00
2025-05-30 11:27:38,577 | INFO | Gradient norm: 7.1116
2025-05-30 11:27:38,589 | INFO | Train batch  2300/10986 | ms/batch 206.07 | loss 6.4471 | bpb  9.30 | ppl   630.87 | lr 0.00e+00
2025-05-30 11:27:58,972 | INFO | Gradient norm: 7.4169
2025-05-30 11:27:58,984 | INFO | Train batch  2400/10986 | ms/batch 205.98 | loss 6.4473 | bpb  9.30 | ppl   631.00 | lr 0.00e+00
2025-05-30 11:28:19,371 | INFO | Gradient norm: 6.5798
2025-05-30 11:28:19,383 | INFO | Train batch  2500/10986 | ms/batch 205.90 | loss 6.4475 | bpb  9.30 | ppl   631.15 | lr 0.00e+00
2025-05-30 11:28:39,771 | INFO | Gradient norm: 7.2074
2025-05-30 11:28:39,783 | INFO | Train batch  2600/10986 | ms/batch 205.82 | loss 6.4477 | bpb  9.30 | ppl   631.24 | lr 0.00e+00
2025-05-30 11:29:00,155 | INFO | Gradient norm: 7.2654
2025-05-30 11:29:00,167 | INFO | Train batch  2700/10986 | ms/batch 205.75 | loss 6.4478 | bpb  9.30 | ppl   631.32 | lr 0.00e+00
2025-05-30 11:29:20,563 | INFO | Gradient norm: 7.2548
2025-05-30 11:29:20,575 | INFO | Train batch  2800/10986 | ms/batch 205.69 | loss 6.4473 | bpb  9.30 | ppl   631.00 | lr 0.00e+00
2025-05-30 11:29:40,964 | INFO | Gradient norm: 7.0501
2025-05-30 11:29:40,976 | INFO | Train batch  2900/10986 | ms/batch 205.63 | loss 6.4470 | bpb  9.30 | ppl   630.78 | lr 0.00e+00
2025-05-30 11:30:01,358 | INFO | Gradient norm: 7.5115
2025-05-30 11:30:01,373 | INFO | Train batch  3000/10986 | ms/batch 205.58 | loss 6.4469 | bpb  9.30 | ppl   630.75 | lr 0.00e+00
2025-05-30 11:30:21,769 | INFO | Gradient norm: 7.1783
2025-05-30 11:30:21,781 | INFO | Train batch  3100/10986 | ms/batch 205.53 | loss 6.4466 | bpb  9.30 | ppl   630.58 | lr 0.00e+00
2025-05-30 11:30:42,176 | INFO | Gradient norm: 6.8376
2025-05-30 11:30:42,189 | INFO | Train batch  3200/10986 | ms/batch 205.48 | loss 6.4467 | bpb  9.30 | ppl   630.64 | lr 0.00e+00
2025-05-30 11:31:02,583 | INFO | Gradient norm: 6.8070
2025-05-30 11:31:02,595 | INFO | Train batch  3300/10986 | ms/batch 205.44 | loss 6.4466 | bpb  9.30 | ppl   630.58 | lr 0.00e+00
2025-05-30 11:31:22,983 | INFO | Gradient norm: 7.0396
2025-05-30 11:31:22,995 | INFO | Train batch  3400/10986 | ms/batch 205.40 | loss 6.4464 | bpb  9.30 | ppl   630.44 | lr 0.00e+00
2025-05-30 11:31:43,390 | INFO | Gradient norm: 6.6804
2025-05-30 11:31:43,402 | INFO | Train batch  3500/10986 | ms/batch 205.36 | loss 6.4465 | bpb  9.30 | ppl   630.51 | lr 0.00e+00
2025-05-30 11:32:03,805 | INFO | Gradient norm: 6.4107
2025-05-30 11:32:03,817 | INFO | Train batch  3600/10986 | ms/batch 205.33 | loss 6.4462 | bpb  9.30 | ppl   630.29 | lr 0.00e+00
2025-05-30 11:32:24,199 | INFO | Gradient norm: 7.2285
2025-05-30 11:32:24,211 | INFO | Train batch  3700/10986 | ms/batch 205.29 | loss 6.4460 | bpb  9.30 | ppl   630.17 | lr 0.00e+00
2025-05-30 11:32:44,609 | INFO | Gradient norm: 7.1061
2025-05-30 11:32:44,621 | INFO | Train batch  3800/10986 | ms/batch 205.26 | loss 6.4459 | bpb  9.30 | ppl   630.09 | lr 0.00e+00
2025-05-30 11:33:05,016 | INFO | Gradient norm: 7.0038
2025-05-30 11:33:05,029 | INFO | Train batch  3900/10986 | ms/batch 205.23 | loss 6.4458 | bpb  9.30 | ppl   630.07 | lr 0.00e+00
2025-05-30 11:33:25,405 | INFO | Gradient norm: 6.8060
2025-05-30 11:33:25,417 | INFO | Train batch  4000/10986 | ms/batch 205.19 | loss 6.4460 | bpb  9.30 | ppl   630.18 | lr 0.00e+00
2025-05-30 11:33:45,798 | INFO | Gradient norm: 6.9897
2025-05-30 11:33:45,811 | INFO | Train batch  4100/10986 | ms/batch 205.16 | loss 6.4462 | bpb  9.30 | ppl   630.32 | lr 0.00e+00
2025-05-30 11:34:06,208 | INFO | Gradient norm: 7.0014
2025-05-30 11:34:06,220 | INFO | Train batch  4200/10986 | ms/batch 205.14 | loss 6.4459 | bpb  9.30 | ppl   630.11 | lr 0.00e+00
2025-05-30 11:34:26,598 | INFO | Gradient norm: 6.5361
2025-05-30 11:34:26,610 | INFO | Train batch  4300/10986 | ms/batch 205.11 | loss 6.4459 | bpb  9.30 | ppl   630.09 | lr 0.00e+00
2025-05-30 11:34:46,999 | INFO | Gradient norm: 7.0739
2025-05-30 11:34:47,011 | INFO | Train batch  4400/10986 | ms/batch 205.08 | loss 6.4456 | bpb  9.30 | ppl   629.90 | lr 0.00e+00
2025-05-30 11:35:07,401 | INFO | Gradient norm: 6.4835
2025-05-30 11:35:07,413 | INFO | Train batch  4500/10986 | ms/batch 205.06 | loss 6.4456 | bpb  9.30 | ppl   629.91 | lr 0.00e+00
2025-05-30 11:35:27,800 | INFO | Gradient norm: 6.8040
2025-05-30 11:35:27,812 | INFO | Train batch  4600/10986 | ms/batch 205.04 | loss 6.4455 | bpb  9.30 | ppl   629.88 | lr 0.00e+00
2025-05-30 11:35:48,201 | INFO | Gradient norm: 7.0960
2025-05-30 11:35:48,213 | INFO | Train batch  4700/10986 | ms/batch 205.02 | loss 6.4455 | bpb  9.30 | ppl   629.84 | lr 0.00e+00
2025-05-30 11:36:08,604 | INFO | Gradient norm: 6.9321
2025-05-30 11:36:08,617 | INFO | Train batch  4800/10986 | ms/batch 205.00 | loss 6.4453 | bpb  9.30 | ppl   629.72 | lr 0.00e+00
2025-05-30 11:36:29,007 | INFO | Gradient norm: 7.1737
2025-05-30 11:36:29,019 | INFO | Train batch  4900/10986 | ms/batch 204.98 | loss 6.4453 | bpb  9.30 | ppl   629.74 | lr 0.00e+00
2025-05-30 11:36:49,395 | INFO | Gradient norm: 7.1856
2025-05-30 11:36:49,408 | INFO | Train batch  5000/10986 | ms/batch 204.95 | loss 6.4453 | bpb  9.30 | ppl   629.71 | lr 0.00e+00
2025-05-30 11:37:09,807 | INFO | Gradient norm: 7.0850
2025-05-30 11:37:09,819 | INFO | Train batch  5100/10986 | ms/batch 204.94 | loss 6.4453 | bpb  9.30 | ppl   629.72 | lr 0.00e+00
2025-05-30 11:37:30,208 | INFO | Gradient norm: 7.2496
2025-05-30 11:37:30,220 | INFO | Train batch  5200/10986 | ms/batch 204.92 | loss 6.4455 | bpb  9.30 | ppl   629.88 | lr 0.00e+00
2025-05-30 11:37:50,597 | INFO | Gradient norm: 7.1271
2025-05-30 11:37:50,609 | INFO | Train batch  5300/10986 | ms/batch 204.90 | loss 6.4456 | bpb  9.30 | ppl   629.91 | lr 0.00e+00
2025-05-30 11:38:11,008 | INFO | Gradient norm: 6.9994
2025-05-30 11:38:11,020 | INFO | Train batch  5400/10986 | ms/batch 204.89 | loss 6.4457 | bpb  9.30 | ppl   629.99 | lr 0.00e+00
2025-05-30 11:38:31,409 | INFO | Gradient norm: 6.4390
2025-05-30 11:38:31,421 | INFO | Train batch  5500/10986 | ms/batch 204.87 | loss 6.4459 | bpb  9.30 | ppl   630.12 | lr 0.00e+00
2025-05-30 11:38:51,796 | INFO | Gradient norm: 7.5460
2025-05-30 11:38:51,809 | INFO | Train batch  5600/10986 | ms/batch 204.85 | loss 6.4458 | bpb  9.30 | ppl   630.04 | lr 0.00e+00
2025-05-30 11:39:12,196 | INFO | Gradient norm: 6.6992
2025-05-30 11:39:12,208 | INFO | Train batch  5700/10986 | ms/batch 204.84 | loss 6.4458 | bpb  9.30 | ppl   630.07 | lr 0.00e+00
2025-05-30 11:39:32,607 | INFO | Gradient norm: 7.5491
2025-05-30 11:39:32,619 | INFO | Train batch  5800/10986 | ms/batch 204.82 | loss 6.4458 | bpb  9.30 | ppl   630.07 | lr 0.00e+00
2025-05-30 11:39:52,993 | INFO | Gradient norm: 6.9561
2025-05-30 11:39:53,006 | INFO | Train batch  5900/10986 | ms/batch 204.81 | loss 6.4459 | bpb  9.30 | ppl   630.10 | lr 0.00e+00
2025-05-30 11:40:13,392 | INFO | Gradient norm: 7.0550
2025-05-30 11:40:13,405 | INFO | Train batch  6000/10986 | ms/batch 204.79 | loss 6.4461 | bpb  9.30 | ppl   630.22 | lr 0.00e+00
2025-05-30 11:40:33,783 | INFO | Gradient norm: 7.3925
2025-05-30 11:40:33,795 | INFO | Train batch  6100/10986 | ms/batch 204.78 | loss 6.4461 | bpb  9.30 | ppl   630.21 | lr 0.00e+00
2025-05-30 11:40:54,186 | INFO | Gradient norm: 7.0205
2025-05-30 11:40:54,198 | INFO | Train batch  6200/10986 | ms/batch 204.77 | loss 6.4463 | bpb  9.30 | ppl   630.37 | lr 0.00e+00
2025-05-30 11:41:14,580 | INFO | Gradient norm: 7.2265
2025-05-30 11:41:14,592 | INFO | Train batch  6300/10986 | ms/batch 204.75 | loss 6.4466 | bpb  9.30 | ppl   630.56 | lr 0.00e+00
2025-05-30 11:41:34,980 | INFO | Gradient norm: 7.2330
2025-05-30 11:41:34,992 | INFO | Train batch  6400/10986 | ms/batch 204.74 | loss 6.4466 | bpb  9.30 | ppl   630.55 | lr 0.00e+00
2025-05-30 11:41:55,379 | INFO | Gradient norm: 7.4925
2025-05-30 11:41:55,391 | INFO | Train batch  6500/10986 | ms/batch 204.73 | loss 6.4465 | bpb  9.30 | ppl   630.47 | lr 0.00e+00
2025-05-30 11:42:15,772 | INFO | Gradient norm: 6.5495
2025-05-30 11:42:15,784 | INFO | Train batch  6600/10986 | ms/batch 204.72 | loss 6.4463 | bpb  9.30 | ppl   630.37 | lr 0.00e+00
2025-05-30 11:42:36,176 | INFO | Gradient norm: 7.0184
2025-05-30 11:42:36,188 | INFO | Train batch  6700/10986 | ms/batch 204.71 | loss 6.4462 | bpb  9.30 | ppl   630.33 | lr 0.00e+00
2025-05-30 11:42:56,554 | INFO | Gradient norm: 7.2138
2025-05-30 11:42:56,562 | INFO | Train batch  6800/10986 | ms/batch 204.69 | loss 6.4464 | bpb  9.30 | ppl   630.40 | lr 0.00e+00
2025-05-30 11:43:16,304 | INFO | Gradient norm: 6.9863
2025-05-30 11:43:16,312 | INFO | Train batch  6900/10986 | ms/batch 204.59 | loss 6.4463 | bpb  9.30 | ppl   630.38 | lr 0.00e+00
2025-05-30 11:43:36,078 | INFO | Gradient norm: 7.0460
2025-05-30 11:43:36,085 | INFO | Train batch  7000/10986 | ms/batch 204.49 | loss 6.4461 | bpb  9.30 | ppl   630.25 | lr 0.00e+00
2025-05-30 11:43:55,846 | INFO | Gradient norm: 6.5116
2025-05-30 11:43:55,853 | INFO | Train batch  7100/10986 | ms/batch 204.40 | loss 6.4461 | bpb  9.30 | ppl   630.24 | lr 0.00e+00
2025-05-30 11:44:15,602 | INFO | Gradient norm: 6.8940
2025-05-30 11:44:15,610 | INFO | Train batch  7200/10986 | ms/batch 204.30 | loss 6.4459 | bpb  9.30 | ppl   630.14 | lr 0.00e+00
2025-05-30 11:44:35,377 | INFO | Gradient norm: 6.9747
2025-05-30 11:44:35,385 | INFO | Train batch  7300/10986 | ms/batch 204.21 | loss 6.4458 | bpb  9.30 | ppl   630.08 | lr 0.00e+00
2025-05-30 11:44:55,149 | INFO | Gradient norm: 6.9672
2025-05-30 11:44:55,157 | INFO | Train batch  7400/10986 | ms/batch 204.12 | loss 6.4460 | bpb  9.30 | ppl   630.17 | lr 0.00e+00
2025-05-30 11:45:14,909 | INFO | Gradient norm: 6.1209
2025-05-30 11:45:14,917 | INFO | Train batch  7500/10986 | ms/batch 204.04 | loss 6.4460 | bpb  9.30 | ppl   630.19 | lr 0.00e+00
2025-05-30 11:45:34,681 | INFO | Gradient norm: 6.6817
2025-05-30 11:45:34,689 | INFO | Train batch  7600/10986 | ms/batch 203.95 | loss 6.4458 | bpb  9.30 | ppl   630.07 | lr 0.00e+00
2025-05-30 11:45:54,453 | INFO | Gradient norm: 6.6752
2025-05-30 11:45:54,460 | INFO | Train batch  7700/10986 | ms/batch 203.87 | loss 6.4454 | bpb  9.30 | ppl   629.81 | lr 0.00e+00
2025-05-30 11:46:14,207 | INFO | Gradient norm: 6.6303
2025-05-30 11:46:14,215 | INFO | Train batch  7800/10986 | ms/batch 203.79 | loss 6.4450 | bpb  9.30 | ppl   629.54 | lr 0.00e+00
2025-05-30 11:46:33,973 | INFO | Gradient norm: 7.1199
2025-05-30 11:46:33,980 | INFO | Train batch  7900/10986 | ms/batch 203.71 | loss 6.4450 | bpb  9.30 | ppl   629.52 | lr 0.00e+00
2025-05-30 11:46:53,746 | INFO | Gradient norm: 6.8035
2025-05-30 11:46:53,754 | INFO | Train batch  8000/10986 | ms/batch 203.64 | loss 6.4450 | bpb  9.30 | ppl   629.56 | lr 0.00e+00
2025-05-30 11:47:13,500 | INFO | Gradient norm: 6.5881
2025-05-30 11:47:13,508 | INFO | Train batch  8100/10986 | ms/batch 203.56 | loss 6.4447 | bpb  9.30 | ppl   629.39 | lr 0.00e+00
2025-05-30 11:47:33,258 | INFO | Gradient norm: 7.0340
2025-05-30 11:47:33,265 | INFO | Train batch  8200/10986 | ms/batch 203.49 | loss 6.4446 | bpb  9.30 | ppl   629.28 | lr 0.00e+00
2025-05-30 11:47:53,014 | INFO | Gradient norm: 7.1891
2025-05-30 11:47:53,022 | INFO | Train batch  8300/10986 | ms/batch 203.42 | loss 6.4445 | bpb  9.30 | ppl   629.25 | lr 0.00e+00
2025-05-30 11:48:12,780 | INFO | Gradient norm: 6.7380
2025-05-30 11:48:12,788 | INFO | Train batch  8400/10986 | ms/batch 203.35 | loss 6.4445 | bpb  9.30 | ppl   629.21 | lr 0.00e+00
2025-05-30 11:48:32,538 | INFO | Gradient norm: 6.5061
2025-05-30 11:48:32,545 | INFO | Train batch  8500/10986 | ms/batch 203.28 | loss 6.4441 | bpb  9.30 | ppl   628.95 | lr 0.00e+00
2025-05-30 11:48:52,300 | INFO | Gradient norm: 7.1532
2025-05-30 11:48:52,308 | INFO | Train batch  8600/10986 | ms/batch 203.22 | loss 6.4440 | bpb  9.30 | ppl   628.92 | lr 0.00e+00
2025-05-30 11:49:12,062 | INFO | Gradient norm: 7.0799
2025-05-30 11:49:12,070 | INFO | Train batch  8700/10986 | ms/batch 203.15 | loss 6.4440 | bpb  9.30 | ppl   628.89 | lr 0.00e+00
2025-05-30 11:49:31,811 | INFO | Gradient norm: 6.6141
2025-05-30 11:49:31,819 | INFO | Train batch  8800/10986 | ms/batch 203.09 | loss 6.4441 | bpb  9.30 | ppl   628.95 | lr 0.00e+00
2025-05-30 11:49:51,570 | INFO | Gradient norm: 7.1512
2025-05-30 11:49:51,577 | INFO | Train batch  8900/10986 | ms/batch 203.03 | loss 6.4439 | bpb  9.30 | ppl   628.84 | lr 0.00e+00
2025-05-30 11:50:11,335 | INFO | Gradient norm: 7.2160
2025-05-30 11:50:11,343 | INFO | Train batch  9000/10986 | ms/batch 202.97 | loss 6.4439 | bpb  9.30 | ppl   628.84 | lr 0.00e+00
2025-05-30 11:50:31,081 | INFO | Gradient norm: 6.9956
2025-05-30 11:50:31,089 | INFO | Train batch  9100/10986 | ms/batch 202.91 | loss 6.4438 | bpb  9.30 | ppl   628.80 | lr 0.00e+00
2025-05-30 11:50:50,838 | INFO | Gradient norm: 7.3784
2025-05-30 11:50:50,846 | INFO | Train batch  9200/10986 | ms/batch 202.85 | loss 6.4439 | bpb  9.30 | ppl   628.84 | lr 0.00e+00
2025-05-30 11:51:10,598 | INFO | Gradient norm: 7.1777
2025-05-30 11:51:10,606 | INFO | Train batch  9300/10986 | ms/batch 202.79 | loss 6.4441 | bpb  9.30 | ppl   628.97 | lr 0.00e+00
2025-05-30 11:51:30,342 | INFO | Gradient norm: 7.7828
2025-05-30 11:51:30,350 | INFO | Train batch  9400/10986 | ms/batch 202.74 | loss 6.4440 | bpb  9.30 | ppl   628.94 | lr 0.00e+00
2025-05-30 11:51:50,096 | INFO | Gradient norm: 6.9832
2025-05-30 11:51:50,104 | INFO | Train batch  9500/10986 | ms/batch 202.68 | loss 6.4442 | bpb  9.30 | ppl   629.03 | lr 0.00e+00
2025-05-30 11:52:09,856 | INFO | Gradient norm: 6.9674
2025-05-30 11:52:09,864 | INFO | Train batch  9600/10986 | ms/batch 202.63 | loss 6.4440 | bpb  9.30 | ppl   628.95 | lr 0.00e+00
2025-05-30 11:52:29,600 | INFO | Gradient norm: 7.0699
2025-05-30 11:52:29,608 | INFO | Train batch  9700/10986 | ms/batch 202.57 | loss 6.4440 | bpb  9.30 | ppl   628.95 | lr 0.00e+00
2025-05-30 11:52:49,348 | INFO | Gradient norm: 7.1262
2025-05-30 11:52:49,356 | INFO | Train batch  9800/10986 | ms/batch 202.52 | loss 6.4441 | bpb  9.30 | ppl   628.97 | lr 0.00e+00
2025-05-30 11:53:09,107 | INFO | Gradient norm: 7.2505
2025-05-30 11:53:09,114 | INFO | Train batch  9900/10986 | ms/batch 202.47 | loss 6.4441 | bpb  9.30 | ppl   628.98 | lr 0.00e+00
2025-05-30 11:53:28,850 | INFO | Gradient norm: 7.4793
2025-05-30 11:53:28,858 | INFO | Train batch 10000/10986 | ms/batch 202.42 | loss 6.4441 | bpb  9.30 | ppl   628.98 | lr 0.00e+00
2025-05-30 11:53:48,596 | INFO | Gradient norm: 7.0928
2025-05-30 11:53:48,603 | INFO | Train batch 10100/10986 | ms/batch 202.37 | loss 6.4441 | bpb  9.30 | ppl   628.95 | lr 0.00e+00
2025-05-30 11:54:08,354 | INFO | Gradient norm: 6.8621
2025-05-30 11:54:08,362 | INFO | Train batch 10200/10986 | ms/batch 202.33 | loss 6.4441 | bpb  9.30 | ppl   628.98 | lr 0.00e+00
2025-05-30 11:54:28,094 | INFO | Gradient norm: 7.0044
2025-05-30 11:54:28,102 | INFO | Train batch 10300/10986 | ms/batch 202.28 | loss 6.4442 | bpb  9.30 | ppl   629.04 | lr 0.00e+00
2025-05-30 11:54:47,828 | INFO | Gradient norm: 7.1757
2025-05-30 11:54:47,836 | INFO | Train batch 10400/10986 | ms/batch 202.23 | loss 6.4443 | bpb  9.30 | ppl   629.12 | lr 0.00e+00
2025-05-30 11:55:07,585 | INFO | Gradient norm: 6.8854
2025-05-30 11:55:07,593 | INFO | Train batch 10500/10986 | ms/batch 202.19 | loss 6.4444 | bpb  9.30 | ppl   629.14 | lr 0.00e+00
2025-05-30 11:55:27,327 | INFO | Gradient norm: 7.4530
2025-05-30 11:55:27,335 | INFO | Train batch 10600/10986 | ms/batch 202.14 | loss 6.4443 | bpb  9.30 | ppl   629.10 | lr 0.00e+00
2025-05-30 11:55:47,070 | INFO | Gradient norm: 6.5579
2025-05-30 11:55:47,077 | INFO | Train batch 10700/10986 | ms/batch 202.10 | loss 6.4443 | bpb  9.30 | ppl   629.11 | lr 0.00e+00
2025-05-30 11:56:06,815 | INFO | Gradient norm: 6.8636
2025-05-30 11:56:06,823 | INFO | Train batch 10800/10986 | ms/batch 202.05 | loss 6.4443 | bpb  9.30 | ppl   629.08 | lr 0.00e+00
2025-05-30 11:56:26,566 | INFO | Gradient norm: 7.4672
2025-05-30 11:56:26,574 | INFO | Train batch 10900/10986 | ms/batch 202.01 | loss 6.4443 | bpb  9.30 | ppl   629.12 | lr 0.00e+00
2025-05-30 11:57:55,973 | INFO | Epoch   0 | time: 2291.54s | train bpb  9.30 | valid bpb  9.33
2025-05-30 11:57:57,378 | INFO | Saved new best model with validation bpb:  9.33
2025-05-30 11:57:57,439 | INFO | Input shape: torch.Size([16, 511]), Target shape: torch.Size([16, 511])
2025-05-30 11:57:57,440 | INFO | Input range: [10, 226]
2025-05-30 11:57:57,440 | INFO | Target range: [10, 226]
2025-05-30 11:57:57,476 | INFO | Output shape: torch.Size([8176, 256]), Reshaped target shape: torch.Size([8176])
2025-05-30 11:57:57,478 | INFO | Output range: [-5.83203125, 5.41796875]
2025-05-30 11:57:57,478 | INFO | Sample probabilities: max=0.10601317882537842, min=4.9196612962987274e-05
2025-05-30 11:57:57,478 | INFO | Raw loss value: 6.450827598571777
2025-05-30 11:57:57,478 | INFO | Batch 0 loss stats - Mean: -0.0505, Std: 1.1582
2025-05-30 11:57:57,625 | INFO | Gradient norm: 6.8902
2025-05-30 11:57:57,633 | INFO | Train batch     0/10986 | ms/batch 193.94 | loss 6.4508 | bpb  9.31 | ppl   633.23 | lr 0.00e+00
2025-05-30 11:58:17,309 | INFO | Gradient norm: 6.6167
2025-05-30 11:58:17,317 | INFO | Train batch   100/10986 | ms/batch 196.81 | loss 6.4430 | bpb  9.30 | ppl   628.29 | lr 0.00e+00
2025-05-30 11:58:37,021 | INFO | Gradient norm: 7.0156
2025-05-30 11:58:37,029 | INFO | Train batch   200/10986 | ms/batch 196.97 | loss 6.4425 | bpb  9.29 | ppl   627.96 | lr 0.00e+00
2025-05-30 11:58:56,756 | INFO | Gradient norm: 7.1692
2025-05-30 11:58:56,764 | INFO | Train batch   300/10986 | ms/batch 197.09 | loss 6.4430 | bpb  9.30 | ppl   628.26 | lr 0.00e+00
2025-05-30 11:59:16,490 | INFO | Gradient norm: 6.8094
2025-05-30 11:59:16,498 | INFO | Train batch   400/10986 | ms/batch 197.15 | loss 6.4450 | bpb  9.30 | ppl   629.56 | lr 0.00e+00
2025-05-30 11:59:36,230 | INFO | Gradient norm: 6.9924
2025-05-30 11:59:36,238 | INFO | Train batch   500/10986 | ms/batch 197.20 | loss 6.4489 | bpb  9.30 | ppl   631.98 | lr 0.00e+00
2025-05-30 11:59:55,983 | INFO | Gradient norm: 7.4043
2025-05-30 11:59:55,991 | INFO | Train batch   600/10986 | ms/batch 197.26 | loss 6.4487 | bpb  9.30 | ppl   631.87 | lr 0.00e+00
2025-05-30 12:00:15,720 | INFO | Gradient norm: 7.3824
2025-05-30 12:00:15,727 | INFO | Train batch   700/10986 | ms/batch 197.27 | loss 6.4500 | bpb  9.31 | ppl   632.72 | lr 0.00e+00
2025-05-30 12:00:35,450 | INFO | Gradient norm: 7.1093
2025-05-30 12:00:35,458 | INFO | Train batch   800/10986 | ms/batch 197.28 | loss 6.4480 | bpb  9.30 | ppl   631.43 | lr 0.00e+00
2025-05-30 12:00:55,188 | INFO | Gradient norm: 7.4975
2025-05-30 12:00:55,196 | INFO | Train batch   900/10986 | ms/batch 197.29 | loss 6.4486 | bpb  9.30 | ppl   631.84 | lr 0.00e+00
2025-05-30 12:01:14,906 | INFO | Gradient norm: 7.2035
2025-05-30 12:01:14,913 | INFO | Train batch  1000/10986 | ms/batch 197.28 | loss 6.4484 | bpb  9.30 | ppl   631.72 | lr 0.00e+00
2025-05-30 12:01:34,630 | INFO | Gradient norm: 7.1758
2025-05-30 12:01:34,638 | INFO | Train batch  1100/10986 | ms/batch 197.27 | loss 6.4495 | bpb  9.30 | ppl   632.41 | lr 0.00e+00
2025-05-30 12:01:54,363 | INFO | Gradient norm: 7.2637
2025-05-30 12:01:54,370 | INFO | Train batch  1200/10986 | ms/batch 197.28 | loss 6.4499 | bpb  9.31 | ppl   632.64 | lr 0.00e+00
2025-05-30 12:02:14,081 | INFO | Gradient norm: 7.3971
2025-05-30 12:02:14,089 | INFO | Train batch  1300/10986 | ms/batch 197.27 | loss 6.4504 | bpb  9.31 | ppl   632.95 | lr 0.00e+00
2025-05-30 12:02:33,801 | INFO | Gradient norm: 6.4507
2025-05-30 12:02:33,808 | INFO | Train batch  1400/10986 | ms/batch 197.27 | loss 6.4497 | bpb  9.30 | ppl   632.53 | lr 0.00e+00
2025-05-30 12:02:53,532 | INFO | Gradient norm: 6.9534
2025-05-30 12:02:53,540 | INFO | Train batch  1500/10986 | ms/batch 197.27 | loss 6.4491 | bpb  9.30 | ppl   632.12 | lr 0.00e+00
2025-05-30 12:03:13,251 | INFO | Gradient norm: 6.9667
2025-05-30 12:03:13,259 | INFO | Train batch  1600/10986 | ms/batch 197.26 | loss 6.4496 | bpb  9.30 | ppl   632.46 | lr 0.00e+00
2025-05-30 12:03:32,970 | INFO | Gradient norm: 6.3027
2025-05-30 12:03:32,978 | INFO | Train batch  1700/10986 | ms/batch 197.26 | loss 6.4487 | bpb  9.30 | ppl   631.86 | lr 0.00e+00
2025-05-30 12:03:52,703 | INFO | Gradient norm: 6.8601
2025-05-30 12:03:52,710 | INFO | Train batch  1800/10986 | ms/batch 197.26 | loss 6.4477 | bpb  9.30 | ppl   631.25 | lr 0.00e+00
2025-05-30 12:04:12,422 | INFO | Gradient norm: 7.4163
2025-05-30 12:04:12,430 | INFO | Train batch  1900/10986 | ms/batch 197.26 | loss 6.4472 | bpb  9.30 | ppl   630.93 | lr 0.00e+00
2025-05-30 12:04:32,141 | INFO | Gradient norm: 6.7181
2025-05-30 12:04:32,149 | INFO | Train batch  2000/10986 | ms/batch 197.26 | loss 6.4480 | bpb  9.30 | ppl   631.43 | lr 0.00e+00
2025-05-30 12:04:51,871 | INFO | Gradient norm: 7.4280
2025-05-30 12:04:51,879 | INFO | Train batch  2100/10986 | ms/batch 197.26 | loss 6.4474 | bpb  9.30 | ppl   631.04 | lr 0.00e+00
2025-05-30 12:05:11,578 | INFO | Gradient norm: 7.2247
2025-05-30 12:05:11,586 | INFO | Train batch  2200/10986 | ms/batch 197.25 | loss 6.4472 | bpb  9.30 | ppl   630.93 | lr 0.00e+00
2025-05-30 12:05:31,281 | INFO | Gradient norm: 7.1033
2025-05-30 12:05:31,288 | INFO | Train batch  2300/10986 | ms/batch 197.24 | loss 6.4472 | bpb  9.30 | ppl   630.91 | lr 0.00e+00
2025-05-30 12:05:50,998 | INFO | Gradient norm: 7.4070
2025-05-30 12:05:51,006 | INFO | Train batch  2400/10986 | ms/batch 197.24 | loss 6.4473 | bpb  9.30 | ppl   631.02 | lr 0.00e+00
2025-05-30 12:06:10,705 | INFO | Gradient norm: 6.5667
2025-05-30 12:06:10,713 | INFO | Train batch  2500/10986 | ms/batch 197.23 | loss 6.4476 | bpb  9.30 | ppl   631.17 | lr 0.00e+00
2025-05-30 12:06:30,410 | INFO | Gradient norm: 7.2142
2025-05-30 12:06:30,418 | INFO | Train batch  2600/10986 | ms/batch 197.22 | loss 6.4477 | bpb  9.30 | ppl   631.25 | lr 0.00e+00
2025-05-30 12:06:50,126 | INFO | Gradient norm: 7.2740
2025-05-30 12:06:50,134 | INFO | Train batch  2700/10986 | ms/batch 197.22 | loss 6.4478 | bpb  9.30 | ppl   631.32 | lr 0.00e+00
2025-05-30 12:07:09,830 | INFO | Gradient norm: 7.2475
2025-05-30 12:07:09,838 | INFO | Train batch  2800/10986 | ms/batch 197.22 | loss 6.4473 | bpb  9.30 | ppl   630.99 | lr 0.00e+00
2025-05-30 12:07:29,534 | INFO | Gradient norm: 7.0427
2025-05-30 12:07:29,542 | INFO | Train batch  2900/10986 | ms/batch 197.21 | loss 6.4469 | bpb  9.30 | ppl   630.74 | lr 0.00e+00
2025-05-30 12:07:49,253 | INFO | Gradient norm: 7.4999
2025-05-30 12:07:49,261 | INFO | Train batch  3000/10986 | ms/batch 197.21 | loss 6.4468 | bpb  9.30 | ppl   630.71 | lr 0.00e+00
2025-05-30 12:08:08,956 | INFO | Gradient norm: 7.1765
2025-05-30 12:08:08,964 | INFO | Train batch  3100/10986 | ms/batch 197.20 | loss 6.4465 | bpb  9.30 | ppl   630.51 | lr 0.00e+00
2025-05-30 12:08:28,657 | INFO | Gradient norm: 6.8232
2025-05-30 12:08:28,665 | INFO | Train batch  3200/10986 | ms/batch 197.20 | loss 6.4466 | bpb  9.30 | ppl   630.56 | lr 0.00e+00
2025-05-30 12:08:48,373 | INFO | Gradient norm: 6.8031
2025-05-30 12:08:48,381 | INFO | Train batch  3300/10986 | ms/batch 197.20 | loss 6.4465 | bpb  9.30 | ppl   630.48 | lr 0.00e+00
2025-05-30 12:09:08,078 | INFO | Gradient norm: 7.0551
2025-05-30 12:09:08,086 | INFO | Train batch  3400/10986 | ms/batch 197.19 | loss 6.4462 | bpb  9.30 | ppl   630.32 | lr 0.00e+00
2025-05-30 12:09:27,782 | INFO | Gradient norm: 6.6706
2025-05-30 12:09:27,790 | INFO | Train batch  3500/10986 | ms/batch 197.19 | loss 6.4463 | bpb  9.30 | ppl   630.37 | lr 0.00e+00
2025-05-30 12:09:47,498 | INFO | Gradient norm: 6.3974
2025-05-30 12:09:47,506 | INFO | Train batch  3600/10986 | ms/batch 197.19 | loss 6.4460 | bpb  9.30 | ppl   630.16 | lr 0.00e+00
2025-05-30 12:10:07,202 | INFO | Gradient norm: 7.2368
2025-05-30 12:10:07,210 | INFO | Train batch  3700/10986 | ms/batch 197.18 | loss 6.4458 | bpb  9.30 | ppl   630.05 | lr 0.00e+00
2025-05-30 12:10:26,907 | INFO | Gradient norm: 7.1173
2025-05-30 12:10:26,915 | INFO | Train batch  3800/10986 | ms/batch 197.18 | loss 6.4457 | bpb  9.30 | ppl   629.98 | lr 0.00e+00
2025-05-30 12:10:46,623 | INFO | Gradient norm: 7.0193
2025-05-30 12:10:46,630 | INFO | Train batch  3900/10986 | ms/batch 197.18 | loss 6.4456 | bpb  9.30 | ppl   629.95 | lr 0.00e+00
2025-05-30 12:11:06,327 | INFO | Gradient norm: 6.8079
2025-05-30 12:11:06,335 | INFO | Train batch  4000/10986 | ms/batch 197.17 | loss 6.4458 | bpb  9.30 | ppl   630.05 | lr 0.00e+00
2025-05-30 12:11:26,024 | INFO | Gradient norm: 6.9911
2025-05-30 12:11:26,032 | INFO | Train batch  4100/10986 | ms/batch 197.17 | loss 6.4460 | bpb  9.30 | ppl   630.20 | lr 0.00e+00
2025-05-30 12:11:45,742 | INFO | Gradient norm: 7.0057
2025-05-30 12:11:45,749 | INFO | Train batch  4200/10986 | ms/batch 197.17 | loss 6.4457 | bpb  9.30 | ppl   629.99 | lr 0.00e+00
2025-05-30 12:12:05,447 | INFO | Gradient norm: 6.5421
2025-05-30 12:12:05,455 | INFO | Train batch  4300/10986 | ms/batch 197.17 | loss 6.4457 | bpb  9.30 | ppl   629.98 | lr 0.00e+00
2025-05-30 12:12:25,150 | INFO | Gradient norm: 7.0812
2025-05-30 12:12:25,158 | INFO | Train batch  4400/10986 | ms/batch 197.16 | loss 6.4454 | bpb  9.30 | ppl   629.80 | lr 0.00e+00
2025-05-30 12:12:44,863 | INFO | Gradient norm: 6.4830
2025-05-30 12:12:44,871 | INFO | Train batch  4500/10986 | ms/batch 197.16 | loss 6.4454 | bpb  9.30 | ppl   629.80 | lr 0.00e+00
2025-05-30 12:13:04,568 | INFO | Gradient norm: 6.8150
2025-05-30 12:13:04,576 | INFO | Train batch  4600/10986 | ms/batch 197.16 | loss 6.4454 | bpb  9.30 | ppl   629.78 | lr 0.00e+00
2025-05-30 12:13:24,271 | INFO | Gradient norm: 7.1004
2025-05-30 12:13:24,279 | INFO | Train batch  4700/10986 | ms/batch 197.16 | loss 6.4453 | bpb  9.30 | ppl   629.76 | lr 0.00e+00
2025-05-30 12:13:43,989 | INFO | Gradient norm: 6.9383
2025-05-30 12:13:43,997 | INFO | Train batch  4800/10986 | ms/batch 197.16 | loss 6.4452 | bpb  9.30 | ppl   629.65 | lr 0.00e+00
2025-05-30 12:14:03,691 | INFO | Gradient norm: 7.1796
2025-05-30 12:14:03,699 | INFO | Train batch  4900/10986 | ms/batch 197.16 | loss 6.4452 | bpb  9.30 | ppl   629.67 | lr 0.00e+00
2025-05-30 12:14:23,395 | INFO | Gradient norm: 7.1724
2025-05-30 12:14:23,403 | INFO | Train batch  5000/10986 | ms/batch 197.15 | loss 6.4452 | bpb  9.30 | ppl   629.64 | lr 0.00e+00
2025-05-30 12:14:43,110 | INFO | Gradient norm: 7.0949
2025-05-30 12:14:43,118 | INFO | Train batch  5100/10986 | ms/batch 197.15 | loss 6.4452 | bpb  9.30 | ppl   629.66 | lr 0.00e+00
2025-05-30 12:15:02,811 | INFO | Gradient norm: 7.2463
2025-05-30 12:15:02,819 | INFO | Train batch  5200/10986 | ms/batch 197.15 | loss 6.4454 | bpb  9.30 | ppl   629.82 | lr 0.00e+00
2025-05-30 12:15:22,516 | INFO | Gradient norm: 7.1145
2025-05-30 12:15:22,524 | INFO | Train batch  5300/10986 | ms/batch 197.15 | loss 6.4455 | bpb  9.30 | ppl   629.84 | lr 0.00e+00
2025-05-30 12:15:42,233 | INFO | Gradient norm: 7.0073
2025-05-30 12:15:42,240 | INFO | Train batch  5400/10986 | ms/batch 197.15 | loss 6.4456 | bpb  9.30 | ppl   629.94 | lr 0.00e+00
2025-05-30 12:16:01,937 | INFO | Gradient norm: 6.4442
2025-05-30 12:16:01,944 | INFO | Train batch  5500/10986 | ms/batch 197.15 | loss 6.4458 | bpb  9.30 | ppl   630.08 | lr 0.00e+00
2025-05-30 12:16:21,642 | INFO | Gradient norm: 7.5530
2025-05-30 12:16:21,650 | INFO | Train batch  5600/10986 | ms/batch 197.15 | loss 6.4457 | bpb  9.30 | ppl   629.99 | lr 0.00e+00
2025-05-30 12:16:41,359 | INFO | Gradient norm: 6.7060
2025-05-30 12:16:41,367 | INFO | Train batch  5700/10986 | ms/batch 197.15 | loss 6.4457 | bpb  9.30 | ppl   630.01 | lr 0.00e+00
2025-05-30 12:17:01,066 | INFO | Gradient norm: 7.5498
2025-05-30 12:17:01,073 | INFO | Train batch  5800/10986 | ms/batch 197.14 | loss 6.4457 | bpb  9.30 | ppl   629.99 | lr 0.00e+00
2025-05-30 12:17:20,772 | INFO | Gradient norm: 6.9632
2025-05-30 12:17:20,780 | INFO | Train batch  5900/10986 | ms/batch 197.14 | loss 6.4458 | bpb  9.30 | ppl   630.02 | lr 0.00e+00
2025-05-30 12:17:40,490 | INFO | Gradient norm: 7.0655
2025-05-30 12:17:40,498 | INFO | Train batch  6000/10986 | ms/batch 197.14 | loss 6.4459 | bpb  9.30 | ppl   630.14 | lr 0.00e+00
2025-05-30 12:18:00,188 | INFO | Gradient norm: 7.3986
2025-05-30 12:18:00,196 | INFO | Train batch  6100/10986 | ms/batch 197.14 | loss 6.4459 | bpb  9.30 | ppl   630.14 | lr 0.00e+00
2025-05-30 12:18:19,890 | INFO | Gradient norm: 7.0238
2025-05-30 12:18:19,898 | INFO | Train batch  6200/10986 | ms/batch 197.14 | loss 6.4462 | bpb  9.30 | ppl   630.30 | lr 0.00e+00
2025-05-30 12:18:39,605 | INFO | Gradient norm: 7.2327
2025-05-30 12:18:39,613 | INFO | Train batch  6300/10986 | ms/batch 197.14 | loss 6.4465 | bpb  9.30 | ppl   630.47 | lr 0.00e+00
2025-05-30 12:18:59,310 | INFO | Gradient norm: 7.2422
2025-05-30 12:18:59,318 | INFO | Train batch  6400/10986 | ms/batch 197.14 | loss 6.4465 | bpb  9.30 | ppl   630.46 | lr 0.00e+00
2025-05-30 12:19:19,014 | INFO | Gradient norm: 7.5046
2025-05-30 12:19:19,022 | INFO | Train batch  6500/10986 | ms/batch 197.14 | loss 6.4463 | bpb  9.30 | ppl   630.40 | lr 0.00e+00
2025-05-30 12:19:38,731 | INFO | Gradient norm: 6.5456
2025-05-30 12:19:38,739 | INFO | Train batch  6600/10986 | ms/batch 197.14 | loss 6.4462 | bpb  9.30 | ppl   630.29 | lr 0.00e+00
2025-05-30 12:19:58,437 | INFO | Gradient norm: 7.0019
2025-05-30 12:19:58,445 | INFO | Train batch  6700/10986 | ms/batch 197.14 | loss 6.4461 | bpb  9.30 | ppl   630.24 | lr 0.00e+00
2025-05-30 12:20:18,134 | INFO | Gradient norm: 7.2169
2025-05-30 12:20:18,142 | INFO | Train batch  6800/10986 | ms/batch 197.13 | loss 6.4462 | bpb  9.30 | ppl   630.31 | lr 0.00e+00
2025-05-30 12:20:37,842 | INFO | Gradient norm: 6.9743
2025-05-30 12:20:37,849 | INFO | Train batch  6900/10986 | ms/batch 197.13 | loss 6.4462 | bpb  9.30 | ppl   630.29 | lr 0.00e+00
2025-05-30 12:20:57,537 | INFO | Gradient norm: 7.0420
2025-05-30 12:20:57,545 | INFO | Train batch  7000/10986 | ms/batch 197.13 | loss 6.4460 | bpb  9.30 | ppl   630.17 | lr 0.00e+00
2025-05-30 12:21:17,238 | INFO | Gradient norm: 6.5149
2025-05-30 12:21:17,246 | INFO | Train batch  7100/10986 | ms/batch 197.13 | loss 6.4460 | bpb  9.30 | ppl   630.16 | lr 0.00e+00
2025-05-30 12:21:36,948 | INFO | Gradient norm: 6.8822
2025-05-30 12:21:36,956 | INFO | Train batch  7200/10986 | ms/batch 197.13 | loss 6.4458 | bpb  9.30 | ppl   630.07 | lr 0.00e+00
2025-05-30 12:21:56,650 | INFO | Gradient norm: 6.9650
2025-05-30 12:21:56,657 | INFO | Train batch  7300/10986 | ms/batch 197.13 | loss 6.4457 | bpb  9.30 | ppl   630.01 | lr 0.00e+00
2025-05-30 12:22:16,349 | INFO | Gradient norm: 6.9679
2025-05-30 12:22:16,357 | INFO | Train batch  7400/10986 | ms/batch 197.12 | loss 6.4459 | bpb  9.30 | ppl   630.11 | lr 0.00e+00
2025-05-30 12:22:36,061 | INFO | Gradient norm: 6.1331
2025-05-30 12:22:36,069 | INFO | Train batch  7500/10986 | ms/batch 197.12 | loss 6.4459 | bpb  9.30 | ppl   630.14 | lr 0.00e+00
2025-05-30 12:22:55,761 | INFO | Gradient norm: 6.6849
2025-05-30 12:22:55,769 | INFO | Train batch  7600/10986 | ms/batch 197.12 | loss 6.4457 | bpb  9.30 | ppl   630.02 | lr 0.00e+00
2025-05-30 12:23:15,465 | INFO | Gradient norm: 6.6736
2025-05-30 12:23:15,472 | INFO | Train batch  7700/10986 | ms/batch 197.12 | loss 6.4453 | bpb  9.30 | ppl   629.75 | lr 0.00e+00
2025-05-30 12:23:35,174 | INFO | Gradient norm: 6.6167
2025-05-30 12:23:35,182 | INFO | Train batch  7800/10986 | ms/batch 197.12 | loss 6.4449 | bpb  9.30 | ppl   629.48 | lr 0.00e+00
2025-05-30 12:23:54,875 | INFO | Gradient norm: 7.1189
2025-05-30 12:23:54,882 | INFO | Train batch  7900/10986 | ms/batch 197.12 | loss 6.4449 | bpb  9.30 | ppl   629.47 | lr 0.00e+00
2025-05-30 12:24:14,573 | INFO | Gradient norm: 6.8169
2025-05-30 12:24:14,581 | INFO | Train batch  8000/10986 | ms/batch 197.12 | loss 6.4450 | bpb  9.30 | ppl   629.52 | lr 0.00e+00
2025-05-30 12:24:34,276 | INFO | Gradient norm: 6.5968
2025-05-30 12:24:34,284 | INFO | Train batch  8100/10986 | ms/batch 197.12 | loss 6.4447 | bpb  9.30 | ppl   629.35 | lr 0.00e+00
2025-05-30 12:24:53,977 | INFO | Gradient norm: 7.0178
2025-05-30 12:24:53,984 | INFO | Train batch  8200/10986 | ms/batch 197.12 | loss 6.4445 | bpb  9.30 | ppl   629.25 | lr 0.00e+00
2025-05-30 12:25:13,677 | INFO | Gradient norm: 7.1784
2025-05-30 12:25:13,685 | INFO | Train batch  8300/10986 | ms/batch 197.11 | loss 6.4445 | bpb  9.30 | ppl   629.23 | lr 0.00e+00
2025-05-30 12:25:33,390 | INFO | Gradient norm: 6.7303
2025-05-30 12:25:33,398 | INFO | Train batch  8400/10986 | ms/batch 197.11 | loss 6.4444 | bpb  9.30 | ppl   629.19 | lr 0.00e+00
2025-05-30 12:25:53,090 | INFO | Gradient norm: 6.4934
2025-05-30 12:25:53,098 | INFO | Train batch  8500/10986 | ms/batch 197.11 | loss 6.4441 | bpb  9.30 | ppl   628.95 | lr 0.00e+00
2025-05-30 12:26:12,791 | INFO | Gradient norm: 7.1387
2025-05-30 12:26:12,799 | INFO | Train batch  8600/10986 | ms/batch 197.11 | loss 6.4440 | bpb  9.30 | ppl   628.92 | lr 0.00e+00
2025-05-30 12:26:32,500 | INFO | Gradient norm: 7.0786
2025-05-30 12:26:32,508 | INFO | Train batch  8700/10986 | ms/batch 197.11 | loss 6.4440 | bpb  9.30 | ppl   628.90 | lr 0.00e+00
2025-05-30 12:26:52,201 | INFO | Gradient norm: 6.6082
2025-05-30 12:26:52,209 | INFO | Train batch  8800/10986 | ms/batch 197.11 | loss 6.4441 | bpb  9.30 | ppl   628.96 | lr 0.00e+00
2025-05-30 12:27:11,903 | INFO | Gradient norm: 7.1572
2025-05-30 12:27:11,911 | INFO | Train batch  8900/10986 | ms/batch 197.11 | loss 6.4439 | bpb  9.30 | ppl   628.85 | lr 0.00e+00
2025-05-30 12:27:31,616 | INFO | Gradient norm: 7.2317
2025-05-30 12:27:31,624 | INFO | Train batch  9000/10986 | ms/batch 197.11 | loss 6.4439 | bpb  9.30 | ppl   628.84 | lr 0.00e+00
2025-05-30 12:27:51,316 | INFO | Gradient norm: 6.9890
2025-05-30 12:27:51,324 | INFO | Train batch  9100/10986 | ms/batch 197.11 | loss 6.4438 | bpb  9.30 | ppl   628.80 | lr 0.00e+00
2025-05-30 12:28:11,020 | INFO | Gradient norm: 7.3729
2025-05-30 12:28:11,027 | INFO | Train batch  9200/10986 | ms/batch 197.11 | loss 6.4439 | bpb  9.30 | ppl   628.83 | lr 0.00e+00
2025-05-30 12:28:30,732 | INFO | Gradient norm: 7.1719
2025-05-30 12:28:30,740 | INFO | Train batch  9300/10986 | ms/batch 197.11 | loss 6.4441 | bpb  9.30 | ppl   628.97 | lr 0.00e+00
2025-05-30 12:28:50,433 | INFO | Gradient norm: 7.7869
2025-05-30 12:28:50,441 | INFO | Train batch  9400/10986 | ms/batch 197.11 | loss 6.4440 | bpb  9.30 | ppl   628.93 | lr 0.00e+00
2025-05-30 12:29:10,134 | INFO | Gradient norm: 6.9855
2025-05-30 12:29:10,142 | INFO | Train batch  9500/10986 | ms/batch 197.11 | loss 6.4442 | bpb  9.30 | ppl   629.02 | lr 0.00e+00
2025-05-30 12:29:29,841 | INFO | Gradient norm: 6.9748
2025-05-30 12:29:29,849 | INFO | Train batch  9600/10986 | ms/batch 197.11 | loss 6.4440 | bpb  9.30 | ppl   628.94 | lr 0.00e+00
2025-05-30 12:29:49,539 | INFO | Gradient norm: 7.0744
2025-05-30 12:29:49,547 | INFO | Train batch  9700/10986 | ms/batch 197.10 | loss 6.4440 | bpb  9.30 | ppl   628.93 | lr 0.00e+00
2025-05-30 12:30:09,242 | INFO | Gradient norm: 7.1313
2025-05-30 12:30:09,250 | INFO | Train batch  9800/10986 | ms/batch 197.10 | loss 6.4441 | bpb  9.30 | ppl   628.96 | lr 0.00e+00
2025-05-30 12:30:28,951 | INFO | Gradient norm: 7.2575
2025-05-30 12:30:28,959 | INFO | Train batch  9900/10986 | ms/batch 197.10 | loss 6.4441 | bpb  9.30 | ppl   628.98 | lr 0.00e+00
2025-05-30 12:30:48,648 | INFO | Gradient norm: 7.4911
2025-05-30 12:30:48,656 | INFO | Train batch 10000/10986 | ms/batch 197.10 | loss 6.4441 | bpb  9.30 | ppl   628.98 | lr 0.00e+00
2025-05-30 12:31:08,347 | INFO | Gradient norm: 7.0905
2025-05-30 12:31:08,355 | INFO | Train batch 10100/10986 | ms/batch 197.10 | loss 6.4440 | bpb  9.30 | ppl   628.94 | lr 0.00e+00
2025-05-30 12:31:28,050 | INFO | Gradient norm: 6.8555
2025-05-30 12:31:28,058 | INFO | Train batch 10200/10986 | ms/batch 197.10 | loss 6.4441 | bpb  9.30 | ppl   628.96 | lr 0.00e+00
2025-05-30 12:31:47,748 | INFO | Gradient norm: 6.9921
2025-05-30 12:31:47,756 | INFO | Train batch 10300/10986 | ms/batch 197.10 | loss 6.4442 | bpb  9.30 | ppl   629.04 | lr 0.00e+00
2025-05-30 12:32:07,452 | INFO | Gradient norm: 7.1719
2025-05-30 12:32:07,459 | INFO | Train batch 10400/10986 | ms/batch 197.10 | loss 6.4443 | bpb  9.30 | ppl   629.11 | lr 0.00e+00
2025-05-30 12:32:27,166 | INFO | Gradient norm: 6.8815
2025-05-30 12:32:27,174 | INFO | Train batch 10500/10986 | ms/batch 197.10 | loss 6.4444 | bpb  9.30 | ppl   629.14 | lr 0.00e+00
2025-05-30 12:32:46,865 | INFO | Gradient norm: 7.4496
2025-05-30 12:32:46,872 | INFO | Train batch 10600/10986 | ms/batch 197.10 | loss 6.4443 | bpb  9.30 | ppl   629.10 | lr 0.00e+00
2025-05-30 12:33:06,564 | INFO | Gradient norm: 6.5582
2025-05-30 12:33:06,571 | INFO | Train batch 10700/10986 | ms/batch 197.10 | loss 6.4443 | bpb  9.30 | ppl   629.10 | lr 0.00e+00
2025-05-30 12:33:26,273 | INFO | Gradient norm: 6.8874
2025-05-30 12:33:26,281 | INFO | Train batch 10800/10986 | ms/batch 197.10 | loss 6.4443 | bpb  9.30 | ppl   629.08 | lr 0.00e+00
2025-05-30 12:33:45,973 | INFO | Gradient norm: 7.4514
2025-05-30 12:33:45,981 | INFO | Train batch 10900/10986 | ms/batch 197.10 | loss 6.4443 | bpb  9.30 | ppl   629.12 | lr 0.00e+00
2025-05-30 12:35:14,794 | INFO | Epoch   1 | time: 2237.35s | train bpb  9.30 | valid bpb  9.33
2025-05-30 12:35:15,677 | INFO | Input shape: torch.Size([16, 511]), Target shape: torch.Size([16, 511])
2025-05-30 12:35:15,678 | INFO | Input range: [10, 226]
2025-05-30 12:35:15,678 | INFO | Target range: [10, 226]
2025-05-30 12:35:15,714 | INFO | Output shape: torch.Size([8176, 256]), Reshaped target shape: torch.Size([8176])
2025-05-30 12:35:15,716 | INFO | Output range: [-5.8203125, 5.5]
2025-05-30 12:35:15,716 | INFO | Sample probabilities: max=0.07457243651151657, min=3.534755887812935e-05
2025-05-30 12:35:15,716 | INFO | Raw loss value: 6.443957328796387
2025-05-30 12:35:15,716 | INFO | Batch 0 loss stats - Mean: -0.0506, Std: 1.1572
2025-05-30 12:35:15,863 | INFO | Gradient norm: 6.8991
2025-05-30 12:35:15,871 | INFO | Train batch     0/10986 | ms/batch 194.44 | loss 6.4440 | bpb  9.30 | ppl   628.89 | lr 0.00e+00
2025-05-30 12:35:35,555 | INFO | Gradient norm: 6.6252
2025-05-30 12:35:35,563 | INFO | Train batch   100/10986 | ms/batch 196.89 | loss 6.4418 | bpb  9.29 | ppl   627.51 | lr 0.00e+00
2025-05-30 12:35:55,246 | INFO | Gradient norm: 7.0147
2025-05-30 12:35:55,254 | INFO | Train batch   200/10986 | ms/batch 196.90 | loss 6.4414 | bpb  9.29 | ppl   627.28 | lr 0.00e+00
2025-05-30 12:36:14,942 | INFO | Gradient norm: 7.1768
2025-05-30 12:36:14,950 | INFO | Train batch   300/10986 | ms/batch 196.92 | loss 6.4419 | bpb  9.29 | ppl   627.57 | lr 0.00e+00
2025-05-30 12:36:34,649 | INFO | Gradient norm: 6.8166
2025-05-30 12:36:34,657 | INFO | Train batch   400/10986 | ms/batch 196.96 | loss 6.4442 | bpb  9.30 | ppl   629.07 | lr 0.00e+00
2025-05-30 12:36:54,348 | INFO | Gradient norm: 7.0031
2025-05-30 12:36:54,355 | INFO | Train batch   500/10986 | ms/batch 196.96 | loss 6.4480 | bpb  9.30 | ppl   631.46 | lr 0.00e+00
2025-05-30 12:37:14,048 | INFO | Gradient norm: 7.4088
2025-05-30 12:37:14,055 | INFO | Train batch   600/10986 | ms/batch 196.97 | loss 6.4482 | bpb  9.30 | ppl   631.53 | lr 0.00e+00
2025-05-30 12:37:33,756 | INFO | Gradient norm: 7.3752
2025-05-30 12:37:33,764 | INFO | Train batch   700/10986 | ms/batch 196.99 | loss 6.4495 | bpb  9.30 | ppl   632.40 | lr 0.00e+00
2025-05-30 12:37:53,456 | INFO | Gradient norm: 7.0984
2025-05-30 12:37:53,464 | INFO | Train batch   800/10986 | ms/batch 196.99 | loss 6.4475 | bpb  9.30 | ppl   631.13 | lr 0.00e+00
2025-05-30 12:38:13,155 | INFO | Gradient norm: 7.5001
2025-05-30 12:38:13,163 | INFO | Train batch   900/10986 | ms/batch 196.99 | loss 6.4483 | bpb  9.30 | ppl   631.62 | lr 0.00e+00
2025-05-30 12:38:32,864 | INFO | Gradient norm: 7.2016
2025-05-30 12:38:32,872 | INFO | Train batch  1000/10986 | ms/batch 197.00 | loss 6.4481 | bpb  9.30 | ppl   631.49 | lr 0.00e+00
2025-05-30 12:38:52,562 | INFO | Gradient norm: 7.1485
2025-05-30 12:38:52,569 | INFO | Train batch  1100/10986 | ms/batch 197.00 | loss 6.4492 | bpb  9.30 | ppl   632.21 | lr 0.00e+00
2025-05-30 12:39:12,260 | INFO | Gradient norm: 7.2825
2025-05-30 12:39:12,267 | INFO | Train batch  1200/10986 | ms/batch 196.99 | loss 6.4496 | bpb  9.30 | ppl   632.44 | lr 0.00e+00
2025-05-30 12:39:31,967 | INFO | Gradient norm: 7.3949
2025-05-30 12:39:31,975 | INFO | Train batch  1300/10986 | ms/batch 197.00 | loss 6.4502 | bpb  9.31 | ppl   632.82 | lr 0.00e+00
2025-05-30 12:39:51,664 | INFO | Gradient norm: 6.4517
2025-05-30 12:39:51,672 | INFO | Train batch  1400/10986 | ms/batch 197.00 | loss 6.4495 | bpb  9.30 | ppl   632.42 | lr 0.00e+00
2025-05-30 12:40:11,366 | INFO | Gradient norm: 6.9719
2025-05-30 12:40:11,374 | INFO | Train batch  1500/10986 | ms/batch 197.00 | loss 6.4488 | bpb  9.30 | ppl   631.97 | lr 0.00e+00
2025-05-30 12:40:31,075 | INFO | Gradient norm: 6.9618
2025-05-30 12:40:31,082 | INFO | Train batch  1600/10986 | ms/batch 197.01 | loss 6.4494 | bpb  9.30 | ppl   632.32 | lr 0.00e+00
2025-05-30 12:40:50,770 | INFO | Gradient norm: 6.3014
2025-05-30 12:40:50,778 | INFO | Train batch  1700/10986 | ms/batch 197.00 | loss 6.4485 | bpb  9.30 | ppl   631.73 | lr 0.00e+00
2025-05-30 12:41:10,467 | INFO | Gradient norm: 6.8552
2025-05-30 12:41:10,475 | INFO | Train batch  1800/10986 | ms/batch 197.00 | loss 6.4475 | bpb  9.30 | ppl   631.12 | lr 0.00e+00
2025-05-30 12:41:30,177 | INFO | Gradient norm: 7.4204
2025-05-30 12:41:30,185 | INFO | Train batch  1900/10986 | ms/batch 197.01 | loss 6.4470 | bpb  9.30 | ppl   630.79 | lr 0.00e+00
2025-05-30 12:41:49,874 | INFO | Gradient norm: 6.7103
2025-05-30 12:41:49,882 | INFO | Train batch  2000/10986 | ms/batch 197.00 | loss 6.4477 | bpb  9.30 | ppl   631.27 | lr 0.00e+00
2025-05-30 12:42:09,574 | INFO | Gradient norm: 7.4215
2025-05-30 12:42:09,582 | INFO | Train batch  2100/10986 | ms/batch 197.00 | loss 6.4471 | bpb  9.30 | ppl   630.86 | lr 0.00e+00
2025-05-30 12:42:29,280 | INFO | Gradient norm: 7.2339
2025-05-30 12:42:29,287 | INFO | Train batch  2200/10986 | ms/batch 197.01 | loss 6.4469 | bpb  9.30 | ppl   630.76 | lr 0.00e+00
2025-05-30 12:42:48,976 | INFO | Gradient norm: 7.1173
2025-05-30 12:42:48,984 | INFO | Train batch  2300/10986 | ms/batch 197.00 | loss 6.4469 | bpb  9.30 | ppl   630.75 | lr 0.00e+00
2025-05-30 12:43:08,676 | INFO | Gradient norm: 7.4038
2025-05-30 12:43:08,684 | INFO | Train batch  2400/10986 | ms/batch 197.00 | loss 6.4471 | bpb  9.30 | ppl   630.88 | lr 0.00e+00
2025-05-30 12:43:28,385 | INFO | Gradient norm: 6.5735
2025-05-30 12:43:28,393 | INFO | Train batch  2500/10986 | ms/batch 197.01 | loss 6.4474 | bpb  9.30 | ppl   631.03 | lr 0.00e+00
2025-05-30 12:43:48,083 | INFO | Gradient norm: 7.2134
2025-05-30 12:43:48,091 | INFO | Train batch  2600/10986 | ms/batch 197.01 | loss 6.4475 | bpb  9.30 | ppl   631.09 | lr 0.00e+00
2025-05-30 12:44:07,780 | INFO | Gradient norm: 7.2652
2025-05-30 12:44:07,788 | INFO | Train batch  2700/10986 | ms/batch 197.01 | loss 6.4476 | bpb  9.30 | ppl   631.17 | lr 0.00e+00
2025-05-30 12:44:27,488 | INFO | Gradient norm: 7.2544
2025-05-30 12:44:27,495 | INFO | Train batch  2800/10986 | ms/batch 197.01 | loss 6.4471 | bpb  9.30 | ppl   630.85 | lr 0.00e+00
2025-05-30 12:44:47,181 | INFO | Gradient norm: 7.0270
2025-05-30 12:44:47,189 | INFO | Train batch  2900/10986 | ms/batch 197.01 | loss 6.4467 | bpb  9.30 | ppl   630.61 | lr 0.00e+00
2025-05-30 12:45:06,881 | INFO | Gradient norm: 7.5212
2025-05-30 12:45:06,889 | INFO | Train batch  3000/10986 | ms/batch 197.01 | loss 6.4467 | bpb  9.30 | ppl   630.60 | lr 0.00e+00
2025-05-30 12:45:26,588 | INFO | Gradient norm: 7.1933
2025-05-30 12:45:26,596 | INFO | Train batch  3100/10986 | ms/batch 197.01 | loss 6.4464 | bpb  9.30 | ppl   630.43 | lr 0.00e+00
2025-05-30 12:45:46,283 | INFO | Gradient norm: 6.8349
2025-05-30 12:45:46,291 | INFO | Train batch  3200/10986 | ms/batch 197.01 | loss 6.4465 | bpb  9.30 | ppl   630.50 | lr 0.00e+00
2025-05-30 12:46:05,980 | INFO | Gradient norm: 6.8004
2025-05-30 12:46:05,988 | INFO | Train batch  3300/10986 | ms/batch 197.00 | loss 6.4464 | bpb  9.30 | ppl   630.44 | lr 0.00e+00
2025-05-30 12:46:25,690 | INFO | Gradient norm: 7.0583
2025-05-30 12:46:25,698 | INFO | Train batch  3400/10986 | ms/batch 197.01 | loss 6.4462 | bpb  9.30 | ppl   630.30 | lr 0.00e+00
2025-05-30 12:46:45,385 | INFO | Gradient norm: 6.6755
2025-05-30 12:46:45,393 | INFO | Train batch  3500/10986 | ms/batch 197.01 | loss 6.4463 | bpb  9.30 | ppl   630.35 | lr 0.00e+00
2025-05-30 12:47:05,081 | INFO | Gradient norm: 6.3939
2025-05-30 12:47:05,089 | INFO | Train batch  3600/10986 | ms/batch 197.00 | loss 6.4460 | bpb  9.30 | ppl   630.15 | lr 0.00e+00
2025-05-30 12:47:24,787 | INFO | Gradient norm: 7.2482
2025-05-30 12:47:24,795 | INFO | Train batch  3700/10986 | ms/batch 197.01 | loss 6.4458 | bpb  9.30 | ppl   630.03 | lr 0.00e+00
2025-05-30 12:47:44,482 | INFO | Gradient norm: 7.1132
2025-05-30 12:47:44,490 | INFO | Train batch  3800/10986 | ms/batch 197.00 | loss 6.4457 | bpb  9.30 | ppl   629.97 | lr 0.00e+00
2025-05-30 12:48:04,179 | INFO | Gradient norm: 7.0042
2025-05-30 12:48:04,187 | INFO | Train batch  3900/10986 | ms/batch 197.00 | loss 6.4456 | bpb  9.30 | ppl   629.95 | lr 0.00e+00
2025-05-30 12:48:23,885 | INFO | Gradient norm: 6.8115
2025-05-30 12:48:23,893 | INFO | Train batch  4000/10986 | ms/batch 197.00 | loss 6.4458 | bpb  9.30 | ppl   630.06 | lr 0.00e+00
2025-05-30 12:48:43,575 | INFO | Gradient norm: 6.9838
2025-05-30 12:48:43,583 | INFO | Train batch  4100/10986 | ms/batch 197.00 | loss 6.4460 | bpb  9.30 | ppl   630.19 | lr 0.00e+00
2025-05-30 12:49:03,272 | INFO | Gradient norm: 7.0066
2025-05-30 12:49:03,280 | INFO | Train batch  4200/10986 | ms/batch 197.00 | loss 6.4457 | bpb  9.30 | ppl   629.99 | lr 0.00e+00
2025-05-30 12:49:22,980 | INFO | Gradient norm: 6.5444
2025-05-30 12:49:22,988 | INFO | Train batch  4300/10986 | ms/batch 197.00 | loss 6.4457 | bpb  9.30 | ppl   629.99 | lr 0.00e+00
2025-05-30 12:49:42,677 | INFO | Gradient norm: 7.0715
2025-05-30 12:49:42,685 | INFO | Train batch  4400/10986 | ms/batch 197.00 | loss 6.4454 | bpb  9.30 | ppl   629.80 | lr 0.00e+00
2025-05-30 12:50:02,377 | INFO | Gradient norm: 6.4799
2025-05-30 12:50:02,385 | INFO | Train batch  4500/10986 | ms/batch 197.00 | loss 6.4454 | bpb  9.30 | ppl   629.79 | lr 0.00e+00
2025-05-30 12:50:22,080 | INFO | Gradient norm: 6.8102
2025-05-30 12:50:22,088 | INFO | Train batch  4600/10986 | ms/batch 197.00 | loss 6.4454 | bpb  9.30 | ppl   629.77 | lr 0.00e+00
2025-05-30 12:50:41,776 | INFO | Gradient norm: 7.1043
2025-05-30 12:50:41,784 | INFO | Train batch  4700/10986 | ms/batch 197.00 | loss 6.4453 | bpb  9.30 | ppl   629.74 | lr 0.00e+00
2025-05-30 12:51:01,475 | INFO | Gradient norm: 6.9334
2025-05-30 12:51:01,483 | INFO | Train batch  4800/10986 | ms/batch 197.00 | loss 6.4451 | bpb  9.30 | ppl   629.61 | lr 0.00e+00
2025-05-30 12:51:21,182 | INFO | Gradient norm: 7.1804
2025-05-30 12:51:21,190 | INFO | Train batch  4900/10986 | ms/batch 197.00 | loss 6.4451 | bpb  9.30 | ppl   629.64 | lr 0.00e+00
2025-05-30 12:51:40,879 | INFO | Gradient norm: 7.1906
2025-05-30 12:51:40,887 | INFO | Train batch  5000/10986 | ms/batch 197.00 | loss 6.4451 | bpb  9.30 | ppl   629.62 | lr 0.00e+00
slurmstepd-node078: error: *** JOB 28193 ON node078 CANCELLED AT 2025-05-30T12:51:43 ***
