Using device: cuda
Loading training data...
Loading data from data/enwik8
Training model...
Training on device: cuda
Using mixed precision training (FP16)
Using gradient accumulation with 4 steps
Effective batch size: 64
Epoch 1/40, Batch 10/10986, Loss: 10312.7510
Epoch 1/40, Batch 20/10986, Loss: 10486.2129
Epoch 1/40, Batch 30/10986, Loss: 10555.6348
Epoch 1/40, Batch 40/10986, Loss: 10543.4346
Epoch 1/40, Batch 50/10986, Loss: 10460.9277
Epoch 1/40, Batch 60/10986, Loss: 10420.1914
Epoch 1/40, Batch 70/10986, Loss: 10392.5371
Epoch 1/40, Batch 80/10986, Loss: 10453.9258
Epoch 1/40, Batch 90/10986, Loss: 10456.4688
Epoch 1/40, Batch 100/10986, Loss: 10458.5830
Epoch 1/40, Batch 110/10986, Loss: 10377.8086
Epoch 1/40, Batch 120/10986, Loss: 10439.9492
Epoch 1/40, Batch 130/10986, Loss: 10354.7812
Epoch 1/40, Batch 140/10986, Loss: 10267.1104
Epoch 1/40, Batch 150/10986, Loss: 10323.6328
Epoch 1/40, Batch 160/10986, Loss: 10444.5020
Epoch 1/40, Batch 170/10986, Loss: 10336.8623
Epoch 1/40, Batch 180/10986, Loss: 10346.6670
Epoch 1/40, Batch 190/10986, Loss: 10567.0684
Epoch 1/40, Batch 200/10986, Loss: 10388.7441
Epoch 1/40, Batch 210/10986, Loss: 10485.0449
Epoch 1/40, Batch 220/10986, Loss: 10364.4307
Epoch 1/40, Batch 230/10986, Loss: 10422.0303
Epoch 1/40, Batch 240/10986, Loss: 10299.9277
Epoch 1/40, Batch 250/10986, Loss: 10382.7773
Epoch 1/40, Batch 260/10986, Loss: 10309.0625
Epoch 1/40, Batch 270/10986, Loss: 10192.5117
Epoch 1/40, Batch 280/10986, Loss: 10178.6738
Epoch 1/40, Batch 290/10986, Loss: 10038.7822
Epoch 1/40, Batch 300/10986, Loss: 10127.5312
Epoch 1/40, Batch 310/10986, Loss: 9992.8086
Epoch 1/40, Batch 320/10986, Loss: 10057.1904
Epoch 1/40, Batch 330/10986, Loss: 10130.4121
Epoch 1/40, Batch 340/10986, Loss: 10217.5605
Epoch 1/40, Batch 350/10986, Loss: 10006.8623
Epoch 1/40, Batch 360/10986, Loss: 9996.2598
Epoch 1/40, Batch 370/10986, Loss: 9927.0557
Epoch 1/40, Batch 380/10986, Loss: 10069.5732
Epoch 1/40, Batch 390/10986, Loss: 9784.2021
Epoch 1/40, Batch 400/10986, Loss: 9829.9902
Epoch 1/40, Batch 410/10986, Loss: 9829.9863
Epoch 1/40, Batch 420/10986, Loss: 9985.8916
Epoch 1/40, Batch 430/10986, Loss: 9852.4668
Epoch 1/40, Batch 440/10986, Loss: 9702.2871
Epoch 1/40, Batch 450/10986, Loss: 9854.7998
Epoch 1/40, Batch 460/10986, Loss: 9694.3926
Epoch 1/40, Batch 470/10986, Loss: 9750.9150
Epoch 1/40, Batch 480/10986, Loss: 9634.7393
Epoch 1/40, Batch 490/10986, Loss: 9585.1562
Epoch 1/40, Batch 500/10986, Loss: 9344.9102
Epoch 1/40, Batch 510/10986, Loss: 9375.5518
Epoch 1/40, Batch 520/10986, Loss: 9406.3037
Epoch 1/40, Batch 530/10986, Loss: 9289.4053
Epoch 1/40, Batch 540/10986, Loss: 9272.2480
Epoch 1/40, Batch 550/10986, Loss: 9212.7686
Epoch 1/40, Batch 560/10986, Loss: 9024.1260
Epoch 1/40, Batch 570/10986, Loss: 8998.6055
Epoch 1/40, Batch 580/10986, Loss: 8945.1943
Epoch 1/40, Batch 590/10986, Loss: 8908.4863
Epoch 1/40, Batch 600/10986, Loss: 8718.7881
Epoch 1/40, Batch 610/10986, Loss: 8698.9043
Epoch 1/40, Batch 620/10986, Loss: 8533.4834
Epoch 1/40, Batch 630/10986, Loss: 8522.2256
Epoch 1/40, Batch 640/10986, Loss: 8438.8740
Epoch 1/40, Batch 650/10986, Loss: 8280.1963
Epoch 1/40, Batch 660/10986, Loss: 8212.3730
Epoch 1/40, Batch 670/10986, Loss: 8146.5581
Epoch 1/40, Batch 680/10986, Loss: 8107.3481
Epoch 1/40, Batch 690/10986, Loss: 8004.0093
Epoch 1/40, Batch 700/10986, Loss: 7694.3535
Epoch 1/40, Batch 710/10986, Loss: 7677.9434
Epoch 1/40, Batch 720/10986, Loss: 7621.1724
Epoch 1/40, Batch 730/10986, Loss: 7601.8271
Epoch 1/40, Batch 740/10986, Loss: 7331.9829
Epoch 1/40, Batch 750/10986, Loss: 7221.2061
Epoch 1/40, Batch 760/10986, Loss: 7280.2007
Epoch 1/40, Batch 770/10986, Loss: 7071.0835
Epoch 1/40, Batch 780/10986, Loss: 7037.6138
Epoch 1/40, Batch 790/10986, Loss: 7244.3560
Epoch 1/40, Batch 800/10986, Loss: 6757.5640
Epoch 1/40, Batch 810/10986, Loss: 6548.8003
Epoch 1/40, Batch 820/10986, Loss: 6433.7197
Epoch 1/40, Batch 830/10986, Loss: 6293.0488
Epoch 1/40, Batch 840/10986, Loss: 6248.3379
Epoch 1/40, Batch 850/10986, Loss: 6237.1016
Epoch 1/40, Batch 860/10986, Loss: 5938.9199
Epoch 1/40, Batch 870/10986, Loss: 5964.0435
Epoch 1/40, Batch 880/10986, Loss: 5870.9722
Epoch 1/40, Batch 890/10986, Loss: 5474.3833
Epoch 1/40, Batch 900/10986, Loss: 5453.7109
Epoch 1/40, Batch 910/10986, Loss: 5563.6318
Epoch 1/40, Batch 920/10986, Loss: 5364.5532
Epoch 1/40, Batch 930/10986, Loss: 5267.4995
Epoch 1/40, Batch 940/10986, Loss: 5152.8555
Epoch 1/40, Batch 950/10986, Loss: 4968.7192
Epoch 1/40, Batch 960/10986, Loss: 4856.4780
Epoch 1/40, Batch 970/10986, Loss: 4690.8931
Epoch 1/40, Batch 980/10986, Loss: 4512.6987
Epoch 1/40, Batch 990/10986, Loss: 4390.5825
Epoch 1/40, Batch 1000/10986, Loss: 4466.0630
Epoch 1/40, Batch 1010/10986, Loss: 4222.4375
Epoch 1/40, Batch 1020/10986, Loss: 4090.5996
Epoch 1/40, Batch 1030/10986, Loss: 3939.4949
Epoch 1/40, Batch 1040/10986, Loss: 3880.5818
Epoch 1/40, Batch 1050/10986, Loss: 3798.9097
Epoch 1/40, Batch 1060/10986, Loss: 3800.6738
Epoch 1/40, Batch 1070/10986, Loss: 3563.2324
Epoch 1/40, Batch 1080/10986, Loss: 3418.5359
Epoch 1/40, Batch 1090/10986, Loss: 3526.3220
Epoch 1/40, Batch 1100/10986, Loss: 3447.4116
Epoch 1/40, Batch 1110/10986, Loss: 3161.0576
Epoch 1/40, Batch 1120/10986, Loss: 3055.3442
Epoch 1/40, Batch 1130/10986, Loss: 3187.5759
Epoch 1/40, Batch 1140/10986, Loss: 3397.9846
Epoch 1/40, Batch 1150/10986, Loss: 2860.8591
Epoch 1/40, Batch 1160/10986, Loss: 2644.2605
Epoch 1/40, Batch 1170/10986, Loss: 2726.3926
Epoch 1/40, Batch 1180/10986, Loss: 2937.3677
Epoch 1/40, Batch 1190/10986, Loss: 2907.2732
Epoch 1/40, Batch 1200/10986, Loss: 2478.4434
Epoch 1/40, Batch 1210/10986, Loss: 2811.5132
Epoch 1/40, Batch 1220/10986, Loss: 2583.8748
Epoch 1/40, Batch 1230/10986, Loss: 2519.5952
Epoch 1/40, Batch 1240/10986, Loss: 2179.6326
Epoch 1/40, Batch 1250/10986, Loss: 2373.4099
Epoch 1/40, Batch 1260/10986, Loss: 2314.1704
Epoch 1/40, Batch 1270/10986, Loss: 2148.9336
Epoch 1/40, Batch 1280/10986, Loss: 2333.5774
Epoch 1/40, Batch 1290/10986, Loss: 1915.1864
Epoch 1/40, Batch 1300/10986, Loss: 1861.9645
Epoch 1/40, Batch 1310/10986, Loss: 2091.6543
Epoch 1/40, Batch 1320/10986, Loss: 1858.8533
Epoch 1/40, Batch 1330/10986, Loss: 1854.8284
Epoch 1/40, Batch 1340/10986, Loss: 1666.2563
Epoch 1/40, Batch 1350/10986, Loss: 1734.6638
Epoch 1/40, Batch 1360/10986, Loss: 1498.8805
Epoch 1/40, Batch 1370/10986, Loss: 1544.4095
Epoch 1/40, Batch 1380/10986, Loss: 1698.1434
Epoch 1/40, Batch 1390/10986, Loss: 1682.4739
Epoch 1/40, Batch 1400/10986, Loss: 1694.1952
Epoch 1/40, Batch 1410/10986, Loss: 1713.9557
Epoch 1/40, Batch 1420/10986, Loss: 1899.4626
Epoch 1/40, Batch 1430/10986, Loss: 1363.1301
Epoch 1/40, Batch 1440/10986, Loss: 1360.7122
Epoch 1/40, Batch 1450/10986, Loss: 1287.9303
Epoch 1/40, Batch 1460/10986, Loss: 1523.5828
Epoch 1/40, Batch 1470/10986, Loss: 1271.6720
Epoch 1/40, Batch 1480/10986, Loss: 1477.8743
Epoch 1/40, Batch 1490/10986, Loss: 1294.8640
Epoch 1/40, Batch 1500/10986, Loss: 1348.7405
Epoch 1/40, Batch 1510/10986, Loss: 1434.5487
Epoch 1/40, Batch 1520/10986, Loss: 1610.4412
Epoch 1/40, Batch 1530/10986, Loss: 899.4751
Epoch 1/40, Batch 1540/10986, Loss: 861.8006
Epoch 1/40, Batch 1550/10986, Loss: 994.7880
Epoch 1/40, Batch 1560/10986, Loss: 1228.6459
Epoch 1/40, Batch 1570/10986, Loss: 912.5306
Epoch 1/40, Batch 1580/10986, Loss: 1102.6251
Epoch 1/40, Batch 1590/10986, Loss: 896.9445
Epoch 1/40, Batch 1600/10986, Loss: 958.2178
Epoch 1/40, Batch 1610/10986, Loss: 1059.7600
Epoch 1/40, Batch 1620/10986, Loss: 916.1216
Epoch 1/40, Batch 1630/10986, Loss: 1213.8691
Epoch 1/40, Batch 1640/10986, Loss: 1114.8534
Epoch 1/40, Batch 1650/10986, Loss: 890.6716
Epoch 1/40, Batch 1660/10986, Loss: 975.0297
Epoch 1/40, Batch 1670/10986, Loss: 1025.0476
Epoch 1/40, Batch 1680/10986, Loss: 995.6633
Epoch 1/40, Batch 1690/10986, Loss: 1113.4041
Epoch 1/40, Batch 1700/10986, Loss: 1271.0664
Epoch 1/40, Batch 1710/10986, Loss: 995.3311
Epoch 1/40, Batch 1720/10986, Loss: 749.9371
Epoch 1/40, Batch 1730/10986, Loss: 1111.7188
Epoch 1/40, Batch 1740/10986, Loss: 835.8398
Epoch 1/40, Batch 1750/10986, Loss: 744.0120
Epoch 1/40, Batch 1760/10986, Loss: 699.1725
Epoch 1/40, Batch 1770/10986, Loss: 669.3766
Epoch 1/40, Batch 1780/10986, Loss: 730.4343
Epoch 1/40, Batch 1790/10986, Loss: 810.1526
Epoch 1/40, Batch 1800/10986, Loss: 654.7881
Epoch 1/40, Batch 1810/10986, Loss: 602.4048
Epoch 1/40, Batch 1820/10986, Loss: 625.5446
Epoch 1/40, Batch 1830/10986, Loss: 421.0341
Epoch 1/40, Batch 1840/10986, Loss: 692.1051
Epoch 1/40, Batch 1850/10986, Loss: 601.6449
Epoch 1/40, Batch 1860/10986, Loss: 754.8513
Epoch 1/40, Batch 1870/10986, Loss: 517.3535
Epoch 1/40, Batch 1880/10986, Loss: 609.4791
Epoch 1/40, Batch 1890/10986, Loss: 601.7209
Epoch 1/40, Batch 1900/10986, Loss: 384.4071
Epoch 1/40, Batch 1910/10986, Loss: 419.5255
Epoch 1/40, Batch 1920/10986, Loss: 406.8686
Epoch 1/40, Batch 1930/10986, Loss: 374.8091
Epoch 1/40, Batch 1940/10986, Loss: 322.9182
Epoch 1/40, Batch 1950/10986, Loss: 441.3928
Epoch 1/40, Batch 1960/10986, Loss: 502.6155
Epoch 1/40, Batch 1970/10986, Loss: 448.6445
Epoch 1/40, Batch 1980/10986, Loss: 389.6102
Epoch 1/40, Batch 1990/10986, Loss: 460.4032
Epoch 1/40, Batch 2000/10986, Loss: 421.9329
Epoch 1/40, Batch 2010/10986, Loss: 363.2254
Epoch 1/40, Batch 2020/10986, Loss: 439.0711
Epoch 1/40, Batch 2030/10986, Loss: 350.0881
Epoch 1/40, Batch 2040/10986, Loss: 313.6885
Epoch 1/40, Batch 2050/10986, Loss: 265.5917
Epoch 1/40, Batch 2060/10986, Loss: 398.7516
Epoch 1/40, Batch 2070/10986, Loss: 278.5736
Epoch 1/40, Batch 2080/10986, Loss: 319.2873
Epoch 1/40, Batch 2090/10986, Loss: 416.7258
Epoch 1/40, Batch 2100/10986, Loss: 293.1294
Epoch 1/40, Batch 2110/10986, Loss: 292.8480
Epoch 1/40, Batch 2120/10986, Loss: 490.9674
Epoch 1/40, Batch 2130/10986, Loss: 234.8620
Epoch 1/40, Batch 2140/10986, Loss: 388.8249
Epoch 1/40, Batch 2150/10986, Loss: 475.1267
Epoch 1/40, Batch 2160/10986, Loss: 279.2131
Epoch 1/40, Batch 2170/10986, Loss: 365.9792
Epoch 1/40, Batch 2180/10986, Loss: 360.1749
Epoch 1/40, Batch 2190/10986, Loss: 231.6465
Epoch 1/40, Batch 2200/10986, Loss: 182.5290
Epoch 1/40, Batch 2210/10986, Loss: 350.3896
Epoch 1/40, Batch 2220/10986, Loss: 221.8209
Epoch 1/40, Batch 2230/10986, Loss: 214.6842
Epoch 1/40, Batch 2240/10986, Loss: 407.8419
Epoch 1/40, Batch 2250/10986, Loss: 215.7900
Epoch 1/40, Batch 2260/10986, Loss: 270.5896
Epoch 1/40, Batch 2270/10986, Loss: 263.9698
Epoch 1/40, Batch 2280/10986, Loss: 405.9853
Epoch 1/40, Batch 2290/10986, Loss: 317.3696
Epoch 1/40, Batch 2300/10986, Loss: 259.6706
Epoch 1/40, Batch 2310/10986, Loss: 366.9787
Epoch 1/40, Batch 2320/10986, Loss: 383.8222
Epoch 1/40, Batch 2330/10986, Loss: 238.3100
Epoch 1/40, Batch 2340/10986, Loss: 204.8189
Epoch 1/40, Batch 2350/10986, Loss: 217.0183
Epoch 1/40, Batch 2360/10986, Loss: 233.2275
Epoch 1/40, Batch 2370/10986, Loss: 163.2038
Epoch 1/40, Batch 2380/10986, Loss: 240.1300
Epoch 1/40, Batch 2390/10986, Loss: 198.3810
Epoch 1/40, Batch 2400/10986, Loss: 214.0020
Epoch 1/40, Batch 2410/10986, Loss: 382.9103
Epoch 1/40, Batch 2420/10986, Loss: 169.5801
Epoch 1/40, Batch 2430/10986, Loss: 265.5615
Epoch 1/40, Batch 2440/10986, Loss: 273.7544
Epoch 1/40, Batch 2450/10986, Loss: 265.0160
Epoch 1/40, Batch 2460/10986, Loss: 164.6304
Epoch 1/40, Batch 2470/10986, Loss: 306.4712
Epoch 1/40, Batch 2480/10986, Loss: 154.7522
Epoch 1/40, Batch 2490/10986, Loss: 273.9162
Epoch 1/40, Batch 2500/10986, Loss: 252.1338
Epoch 1/40, Batch 2510/10986, Loss: 214.2637
Epoch 1/40, Batch 2520/10986, Loss: 173.3630
Epoch 1/40, Batch 2530/10986, Loss: 157.2981
Epoch 1/40, Batch 2540/10986, Loss: 244.4811
Epoch 1/40, Batch 2550/10986, Loss: 131.8812
Epoch 1/40, Batch 2560/10986, Loss: 321.4282
Epoch 1/40, Batch 2570/10986, Loss: 203.2936
Epoch 1/40, Batch 2580/10986, Loss: 140.6705
Epoch 1/40, Batch 2590/10986, Loss: 199.3986
Epoch 1/40, Batch 2600/10986, Loss: 227.0131
Epoch 1/40, Batch 2610/10986, Loss: 230.8251
Epoch 1/40, Batch 2620/10986, Loss: 141.3691
Epoch 1/40, Batch 2630/10986, Loss: 186.0518
Epoch 1/40, Batch 2640/10986, Loss: 190.0820
Epoch 1/40, Batch 2650/10986, Loss: 162.8467
Epoch 1/40, Batch 2660/10986, Loss: 132.6095
Epoch 1/40, Batch 2670/10986, Loss: 320.2422
Epoch 1/40, Batch 2680/10986, Loss: 320.2280
Epoch 1/40, Batch 2690/10986, Loss: 116.4621
Epoch 1/40, Batch 2700/10986, Loss: 175.4620
Epoch 1/40, Batch 2710/10986, Loss: 280.8667
Epoch 1/40, Batch 2720/10986, Loss: 215.1093
Epoch 1/40, Batch 2730/10986, Loss: 280.9409
Epoch 1/40, Batch 2740/10986, Loss: 147.5286
Epoch 1/40, Batch 2750/10986, Loss: 379.3167
Epoch 1/40, Batch 2760/10986, Loss: 141.1348
Epoch 1/40, Batch 2770/10986, Loss: 171.2105
Epoch 1/40, Batch 2780/10986, Loss: 116.7253
Epoch 1/40, Batch 2790/10986, Loss: 139.8127
Epoch 1/40, Batch 2800/10986, Loss: 104.5284
Epoch 1/40, Batch 2810/10986, Loss: 127.8136
Epoch 1/40, Batch 2820/10986, Loss: 167.4554
Epoch 1/40, Batch 2830/10986, Loss: 227.2157
Epoch 1/40, Batch 2840/10986, Loss: 144.2480
Epoch 1/40, Batch 2850/10986, Loss: 155.2254
Epoch 1/40, Batch 2860/10986, Loss: 246.4297
Epoch 1/40, Batch 2870/10986, Loss: 151.2854
Epoch 1/40, Batch 2880/10986, Loss: 195.4191
Epoch 1/40, Batch 2890/10986, Loss: 127.3943
Epoch 1/40, Batch 2900/10986, Loss: 199.4188
Epoch 1/40, Batch 2910/10986, Loss: 136.3560
Epoch 1/40, Batch 2920/10986, Loss: 107.5328
Epoch 1/40, Batch 2930/10986, Loss: 201.8841
Epoch 1/40, Batch 2940/10986, Loss: 185.1841
Epoch 1/40, Batch 2950/10986, Loss: 107.3460
Epoch 1/40, Batch 2960/10986, Loss: 202.1799
Epoch 1/40, Batch 2970/10986, Loss: 100.2046
Epoch 1/40, Batch 2980/10986, Loss: 130.3669
Epoch 1/40, Batch 2990/10986, Loss: 144.5875
Epoch 1/40, Batch 3000/10986, Loss: 107.1474
Epoch 1/40, Batch 3010/10986, Loss: 258.4424
Epoch 1/40, Batch 3020/10986, Loss: 120.1860
Epoch 1/40, Batch 3030/10986, Loss: 258.5461
Epoch 1/40, Batch 3040/10986, Loss: 143.7404
Epoch 1/40, Batch 3050/10986, Loss: 178.1781
Epoch 1/40, Batch 3060/10986, Loss: 324.8266
Epoch 1/40, Batch 3070/10986, Loss: 99.4267
Epoch 1/40, Batch 3080/10986, Loss: 121.4886
Epoch 1/40, Batch 3090/10986, Loss: 124.1038
Epoch 1/40, Batch 3100/10986, Loss: 147.0989
Epoch 1/40, Batch 3110/10986, Loss: 131.6797
Epoch 1/40, Batch 3120/10986, Loss: 426.3203
Epoch 1/40, Batch 3130/10986, Loss: 104.6828
Epoch 1/40, Batch 3140/10986, Loss: 198.9819
Epoch 1/40, Batch 3150/10986, Loss: 163.8485
Epoch 1/40, Batch 3160/10986, Loss: 189.2052
Epoch 1/40, Batch 3170/10986, Loss: 135.9201
Epoch 1/40, Batch 3180/10986, Loss: 167.0193
Epoch 1/40, Batch 3190/10986, Loss: 132.4582
Epoch 1/40, Batch 3200/10986, Loss: 116.3487
Epoch 1/40, Batch 3210/10986, Loss: 159.5392
Epoch 1/40, Batch 3220/10986, Loss: 107.2123
Epoch 1/40, Batch 3230/10986, Loss: 146.7581
Epoch 1/40, Batch 3240/10986, Loss: 95.5772
Epoch 1/40, Batch 3250/10986, Loss: 90.5582
Epoch 1/40, Batch 3260/10986, Loss: 87.3524
Epoch 1/40, Batch 3270/10986, Loss: 125.7327
Epoch 1/40, Batch 3280/10986, Loss: 96.0632
Epoch 1/40, Batch 3290/10986, Loss: 147.3833
Epoch 1/40, Batch 3300/10986, Loss: 110.8520
Epoch 1/40, Batch 3310/10986, Loss: 145.3130
Epoch 1/40, Batch 3320/10986, Loss: 157.3454
Epoch 1/40, Batch 3330/10986, Loss: 102.5785
Epoch 1/40, Batch 3340/10986, Loss: 136.4895
Epoch 1/40, Batch 3350/10986, Loss: 148.1549
Epoch 1/40, Batch 3360/10986, Loss: 176.8344
Epoch 1/40, Batch 3370/10986, Loss: 231.3056
Epoch 1/40, Batch 3380/10986, Loss: 169.3048
Epoch 1/40, Batch 3390/10986, Loss: 163.7103
Epoch 1/40, Batch 3400/10986, Loss: 92.5444
Epoch 1/40, Batch 3410/10986, Loss: 139.0001
Epoch 1/40, Batch 3420/10986, Loss: 96.0009
Epoch 1/40, Batch 3430/10986, Loss: 106.2511
Epoch 1/40, Batch 3440/10986, Loss: 138.8084
Epoch 1/40, Batch 3450/10986, Loss: 82.5898
Epoch 1/40, Batch 3460/10986, Loss: 94.6254
