Using device: cuda
Loading training data...
Loading data from data/enwik8
Training model...
Training on device: cuda
Using mixed precision training (FP16)
Using gradient accumulation with 4 steps
Effective batch size: 128
Epoch 1/5, Batch 10/2746, Loss: 5.5860
Epoch 1/5, Batch 20/2746, Loss: 5.5779
Epoch 1/5, Batch 30/2746, Loss: 5.5389
Epoch 1/5, Batch 40/2746, Loss: 5.4984
Epoch 1/5, Batch 50/2746, Loss: 5.4766
Epoch 1/5, Batch 60/2746, Loss: 5.4431
Epoch 1/5, Batch 70/2746, Loss: 5.4196
Epoch 1/5, Batch 80/2746, Loss: 5.2859
Epoch 1/5, Batch 90/2746, Loss: 5.2847
Epoch 1/5, Batch 100/2746, Loss: 5.2114
Epoch 1/5, Batch 110/2746, Loss: 5.0881
Epoch 1/5, Batch 120/2746, Loss: 4.9655
Epoch 1/5, Batch 130/2746, Loss: 4.9399
Epoch 1/5, Batch 140/2746, Loss: 4.8757
Epoch 1/5, Batch 150/2746, Loss: 4.6848
Epoch 1/5, Batch 160/2746, Loss: 4.5902
Epoch 1/5, Batch 170/2746, Loss: 4.5549
Epoch 1/5, Batch 180/2746, Loss: 4.4411
Epoch 1/5, Batch 190/2746, Loss: 4.4418
Epoch 1/5, Batch 200/2746, Loss: 4.2868
Epoch 1/5, Batch 210/2746, Loss: 4.2738
Epoch 1/5, Batch 220/2746, Loss: 4.2546
Epoch 1/5, Batch 230/2746, Loss: 4.1213
Epoch 1/5, Batch 240/2746, Loss: 4.0954
Epoch 1/5, Batch 250/2746, Loss: 4.0638
Epoch 1/5, Batch 260/2746, Loss: 4.0345
Epoch 1/5, Batch 270/2746, Loss: 4.0124
Epoch 1/5, Batch 280/2746, Loss: 4.1046
Epoch 1/5, Batch 290/2746, Loss: 4.0172
Epoch 1/5, Batch 300/2746, Loss: 3.9544
Epoch 1/5, Batch 310/2746, Loss: 3.8883
Epoch 1/5, Batch 320/2746, Loss: 3.8670
Epoch 1/5, Batch 330/2746, Loss: 3.8625
Epoch 1/5, Batch 340/2746, Loss: 3.9259
Epoch 1/5, Batch 350/2746, Loss: 3.8851
Epoch 1/5, Batch 360/2746, Loss: 3.8124
Epoch 1/5, Batch 370/2746, Loss: 3.8753
Epoch 1/5, Batch 380/2746, Loss: 3.8258
Epoch 1/5, Batch 390/2746, Loss: 3.7336
Epoch 1/5, Batch 400/2746, Loss: 3.7664
Epoch 1/5, Batch 410/2746, Loss: 3.6793
Epoch 1/5, Batch 420/2746, Loss: 3.7209
Epoch 1/5, Batch 430/2746, Loss: 3.7002
Epoch 1/5, Batch 440/2746, Loss: 3.6742
Epoch 1/5, Batch 450/2746, Loss: 3.6511
Epoch 1/5, Batch 460/2746, Loss: 3.6562
Epoch 1/5, Batch 470/2746, Loss: 3.5988
Epoch 1/5, Batch 480/2746, Loss: 3.6546
Epoch 1/5, Batch 490/2746, Loss: 3.5196
Epoch 1/5, Batch 500/2746, Loss: 3.5510
Epoch 1/5, Batch 510/2746, Loss: 3.5792
Epoch 1/5, Batch 520/2746, Loss: 3.5267
Epoch 1/5, Batch 530/2746, Loss: 3.4464
Epoch 1/5, Batch 540/2746, Loss: 3.4784
Epoch 1/5, Batch 550/2746, Loss: 3.4642
Epoch 1/5, Batch 560/2746, Loss: 3.4555
Epoch 1/5, Batch 570/2746, Loss: 3.4679
Epoch 1/5, Batch 580/2746, Loss: 3.3825
Epoch 1/5, Batch 590/2746, Loss: 3.3130
Epoch 1/5, Batch 600/2746, Loss: 3.2998
Epoch 1/5, Batch 610/2746, Loss: 3.2229
Epoch 1/5, Batch 620/2746, Loss: 3.2502
Epoch 1/5, Batch 630/2746, Loss: 3.1810
Epoch 1/5, Batch 640/2746, Loss: 3.3418
Epoch 1/5, Batch 650/2746, Loss: 3.1923
Epoch 1/5, Batch 660/2746, Loss: 3.1779
Epoch 1/5, Batch 670/2746, Loss: 3.1778
Epoch 1/5, Batch 680/2746, Loss: 3.1006
Epoch 1/5, Batch 690/2746, Loss: 3.0869
Epoch 1/5, Batch 700/2746, Loss: 3.1762
Epoch 1/5, Batch 710/2746, Loss: 3.2042
Epoch 1/5, Batch 720/2746, Loss: 3.1333
Epoch 1/5, Batch 730/2746, Loss: 3.1021
Epoch 1/5, Batch 740/2746, Loss: 3.1408
Epoch 1/5, Batch 750/2746, Loss: 3.0993
Epoch 1/5, Batch 760/2746, Loss: 3.0605
Epoch 1/5, Batch 770/2746, Loss: 3.0612
Epoch 1/5, Batch 780/2746, Loss: 3.0720
Epoch 1/5, Batch 790/2746, Loss: 3.0629
Epoch 1/5, Batch 800/2746, Loss: 3.0217
Epoch 1/5, Batch 810/2746, Loss: 2.9822
Epoch 1/5, Batch 820/2746, Loss: 3.0850
Epoch 1/5, Batch 830/2746, Loss: 2.9943
Epoch 1/5, Batch 840/2746, Loss: 2.9905
Epoch 1/5, Batch 850/2746, Loss: 3.0085
Epoch 1/5, Batch 860/2746, Loss: 3.0505
Epoch 1/5, Batch 870/2746, Loss: 2.9789
Epoch 1/5, Batch 880/2746, Loss: 3.0757
Epoch 1/5, Batch 890/2746, Loss: 2.9718
Epoch 1/5, Batch 900/2746, Loss: 2.9918
Epoch 1/5, Batch 910/2746, Loss: 3.0459
Epoch 1/5, Batch 920/2746, Loss: 2.9380
Epoch 1/5, Batch 930/2746, Loss: 2.9304
Epoch 1/5, Batch 940/2746, Loss: 2.9413
Epoch 1/5, Batch 950/2746, Loss: 2.9969
Epoch 1/5, Batch 960/2746, Loss: 2.9378
Epoch 1/5, Batch 970/2746, Loss: 2.8998
Epoch 1/5, Batch 980/2746, Loss: 2.9126
Epoch 1/5, Batch 990/2746, Loss: 2.8986
Epoch 1/5, Batch 1000/2746, Loss: 2.9784
Epoch 1/5, Batch 1010/2746, Loss: 2.9003
Epoch 1/5, Batch 1020/2746, Loss: 2.9531
Epoch 1/5, Batch 1030/2746, Loss: 2.8794
Epoch 1/5, Batch 1040/2746, Loss: 2.9372
Epoch 1/5, Batch 1050/2746, Loss: 2.8997
Epoch 1/5, Batch 1060/2746, Loss: 2.8873
Epoch 1/5, Batch 1070/2746, Loss: 2.9983
Epoch 1/5, Batch 1080/2746, Loss: 2.9189
Epoch 1/5, Batch 1090/2746, Loss: 2.8782
Epoch 1/5, Batch 1100/2746, Loss: 2.8570
Epoch 1/5, Batch 1110/2746, Loss: 2.9204
Epoch 1/5, Batch 1120/2746, Loss: 2.8321
Epoch 1/5, Batch 1130/2746, Loss: 2.8854
Epoch 1/5, Batch 1140/2746, Loss: 2.8982
Epoch 1/5, Batch 1150/2746, Loss: 2.8991
Epoch 1/5, Batch 1160/2746, Loss: 2.9392
Epoch 1/5, Batch 1170/2746, Loss: 2.9164
Epoch 1/5, Batch 1180/2746, Loss: 2.8681
Epoch 1/5, Batch 1190/2746, Loss: 2.8520
Epoch 1/5, Batch 1200/2746, Loss: 2.8682
Epoch 1/5, Batch 1210/2746, Loss: 2.8379
Epoch 1/5, Batch 1220/2746, Loss: 2.8593
Epoch 1/5, Batch 1230/2746, Loss: 2.8544
Epoch 1/5, Batch 1240/2746, Loss: 2.8562
Epoch 1/5, Batch 1250/2746, Loss: 2.8217
Epoch 1/5, Batch 1260/2746, Loss: 2.8436
Epoch 1/5, Batch 1270/2746, Loss: 2.8033
Epoch 1/5, Batch 1280/2746, Loss: 2.8022
Epoch 1/5, Batch 1290/2746, Loss: 2.8896
Epoch 1/5, Batch 1300/2746, Loss: 2.8019
Epoch 1/5, Batch 1310/2746, Loss: 2.9142
Epoch 1/5, Batch 1320/2746, Loss: 2.8475
Epoch 1/5, Batch 1330/2746, Loss: 2.8121
Epoch 1/5, Batch 1340/2746, Loss: 2.8117
Epoch 1/5, Batch 1350/2746, Loss: 2.7918
Epoch 1/5, Batch 1360/2746, Loss: 2.8017
Epoch 1/5, Batch 1370/2746, Loss: 2.8035
Epoch 1/5, Batch 1380/2746, Loss: 2.8538
Epoch 1/5, Batch 1390/2746, Loss: 2.8459
Epoch 1/5, Batch 1400/2746, Loss: 2.8894
Epoch 1/5, Batch 1410/2746, Loss: 2.7794
Epoch 1/5, Batch 1420/2746, Loss: 2.7911
Epoch 1/5, Batch 1430/2746, Loss: 2.8077
Epoch 1/5, Batch 1440/2746, Loss: 2.8481
Epoch 1/5, Batch 1450/2746, Loss: 2.7903
Epoch 1/5, Batch 1460/2746, Loss: 2.8565
Epoch 1/5, Batch 1470/2746, Loss: 2.8193
Epoch 1/5, Batch 1480/2746, Loss: 2.7831
Epoch 1/5, Batch 1490/2746, Loss: 2.8794
Epoch 1/5, Batch 1500/2746, Loss: 2.7550
Epoch 1/5, Batch 1510/2746, Loss: 2.8165
Epoch 1/5, Batch 1520/2746, Loss: 2.7955
Epoch 1/5, Batch 1530/2746, Loss: 2.7418
Epoch 1/5, Batch 1540/2746, Loss: 2.8035
Epoch 1/5, Batch 1550/2746, Loss: 2.8459
Epoch 1/5, Batch 1560/2746, Loss: 2.7821
Epoch 1/5, Batch 1570/2746, Loss: 2.7941
Epoch 1/5, Batch 1580/2746, Loss: 2.7424
Epoch 1/5, Batch 1590/2746, Loss: 2.8190
Epoch 1/5, Batch 1600/2746, Loss: 2.8342
Epoch 1/5, Batch 1610/2746, Loss: 2.7991
Epoch 1/5, Batch 1620/2746, Loss: 2.8176
Epoch 1/5, Batch 1630/2746, Loss: 2.7440
Epoch 1/5, Batch 1640/2746, Loss: 2.7078
Epoch 1/5, Batch 1650/2746, Loss: 2.7333
Epoch 1/5, Batch 1660/2746, Loss: 2.8578
Epoch 1/5, Batch 1670/2746, Loss: 2.8644
Epoch 1/5, Batch 1680/2746, Loss: 2.7930
Epoch 1/5, Batch 1690/2746, Loss: 2.8691
Epoch 1/5, Batch 1700/2746, Loss: 2.7539
Epoch 1/5, Batch 1710/2746, Loss: 2.7177
Epoch 1/5, Batch 1720/2746, Loss: 2.7823
Epoch 1/5, Batch 1730/2746, Loss: 2.7465
Epoch 1/5, Batch 1740/2746, Loss: 2.7257
Epoch 1/5, Batch 1750/2746, Loss: 2.7689
Epoch 1/5, Batch 1760/2746, Loss: 2.7489
Epoch 1/5, Batch 1770/2746, Loss: 2.7701
Epoch 1/5, Batch 1780/2746, Loss: 2.7556
Epoch 1/5, Batch 1790/2746, Loss: 2.7498
Epoch 1/5, Batch 1800/2746, Loss: 2.6947
Epoch 1/5, Batch 1810/2746, Loss: 2.7499
Epoch 1/5, Batch 1820/2746, Loss: 2.7165
Epoch 1/5, Batch 1830/2746, Loss: 2.8394
Epoch 1/5, Batch 1840/2746, Loss: 2.7539
Epoch 1/5, Batch 1850/2746, Loss: 2.7628
Epoch 1/5, Batch 1860/2746, Loss: 2.7605
Epoch 1/5, Batch 1870/2746, Loss: 2.7407
Epoch 1/5, Batch 1880/2746, Loss: 2.6968
Epoch 1/5, Batch 1890/2746, Loss: 2.6819
Epoch 1/5, Batch 1900/2746, Loss: 2.7327
Epoch 1/5, Batch 1910/2746, Loss: 2.6907
Epoch 1/5, Batch 1920/2746, Loss: 2.7428
Epoch 1/5, Batch 1930/2746, Loss: 2.7286
Epoch 1/5, Batch 1940/2746, Loss: 2.7648
Epoch 1/5, Batch 1950/2746, Loss: 2.7234
Epoch 1/5, Batch 1960/2746, Loss: 2.6885
Epoch 1/5, Batch 1970/2746, Loss: 2.6834
Epoch 1/5, Batch 1980/2746, Loss: 2.6971
Epoch 1/5, Batch 1990/2746, Loss: 2.7533
Epoch 1/5, Batch 2000/2746, Loss: 2.7093
Epoch 1/5, Batch 2010/2746, Loss: 2.7181
Epoch 1/5, Batch 2020/2746, Loss: 2.7419
Epoch 1/5, Batch 2030/2746, Loss: 2.7040
Epoch 1/5, Batch 2040/2746, Loss: 2.7028
Epoch 1/5, Batch 2050/2746, Loss: 2.6879
Epoch 1/5, Batch 2060/2746, Loss: 2.6988
Epoch 1/5, Batch 2070/2746, Loss: 2.7255
Epoch 1/5, Batch 2080/2746, Loss: 2.7164
Epoch 1/5, Batch 2090/2746, Loss: 2.7227
Epoch 1/5, Batch 2100/2746, Loss: 2.7295
Epoch 1/5, Batch 2110/2746, Loss: 2.7562
Epoch 1/5, Batch 2120/2746, Loss: 2.7320
Epoch 1/5, Batch 2130/2746, Loss: 2.7001
Epoch 1/5, Batch 2140/2746, Loss: 2.6492
Epoch 1/5, Batch 2150/2746, Loss: 2.7564
Epoch 1/5, Batch 2160/2746, Loss: 2.7652
Epoch 1/5, Batch 2170/2746, Loss: 2.7542
Epoch 1/5, Batch 2180/2746, Loss: 2.7364
Epoch 1/5, Batch 2190/2746, Loss: 2.7347
Epoch 1/5, Batch 2200/2746, Loss: 2.7157
Epoch 1/5, Batch 2210/2746, Loss: 2.7256
Epoch 1/5, Batch 2220/2746, Loss: 2.7360
Epoch 1/5, Batch 2230/2746, Loss: 2.7192
Epoch 1/5, Batch 2240/2746, Loss: 2.7090
Epoch 1/5, Batch 2250/2746, Loss: 2.7653
Epoch 1/5, Batch 2260/2746, Loss: 2.7592
Epoch 1/5, Batch 2270/2746, Loss: 2.7010
Epoch 1/5, Batch 2280/2746, Loss: 2.7230
Epoch 1/5, Batch 2290/2746, Loss: 2.7291
Epoch 1/5, Batch 2300/2746, Loss: 2.7254
Epoch 1/5, Batch 2310/2746, Loss: 2.6676
Epoch 1/5, Batch 2320/2746, Loss: 2.7145
Epoch 1/5, Batch 2330/2746, Loss: 2.7009
Epoch 1/5, Batch 2340/2746, Loss: 2.6980
Epoch 1/5, Batch 2350/2746, Loss: 2.7489
Epoch 1/5, Batch 2360/2746, Loss: 2.7030
Epoch 1/5, Batch 2370/2746, Loss: 2.7540
Epoch 1/5, Batch 2380/2746, Loss: 2.7084
Epoch 1/5, Batch 2390/2746, Loss: 2.8050
Epoch 1/5, Batch 2400/2746, Loss: 2.7076
Epoch 1/5, Batch 2410/2746, Loss: 2.6732
Epoch 1/5, Batch 2420/2746, Loss: 2.7042
Epoch 1/5, Batch 2430/2746, Loss: 2.7459
Epoch 1/5, Batch 2440/2746, Loss: 2.6776
Epoch 1/5, Batch 2450/2746, Loss: 2.6774
Epoch 1/5, Batch 2460/2746, Loss: 2.6210
Epoch 1/5, Batch 2470/2746, Loss: 2.6629
Epoch 1/5, Batch 2480/2746, Loss: 2.6848
Epoch 1/5, Batch 2490/2746, Loss: 2.6517
Epoch 1/5, Batch 2500/2746, Loss: 2.7258
Epoch 1/5, Batch 2510/2746, Loss: 2.6918
Epoch 1/5, Batch 2520/2746, Loss: 2.6711
Epoch 1/5, Batch 2530/2746, Loss: 2.7090
Epoch 1/5, Batch 2540/2746, Loss: 2.7124
Epoch 1/5, Batch 2550/2746, Loss: 2.7045
Epoch 1/5, Batch 2560/2746, Loss: 2.6968
Epoch 1/5, Batch 2570/2746, Loss: 2.6913
Epoch 1/5, Batch 2580/2746, Loss: 2.6486
Epoch 1/5, Batch 2590/2746, Loss: 2.6586
Epoch 1/5, Batch 2600/2746, Loss: 2.6426
Epoch 1/5, Batch 2610/2746, Loss: 2.7054
Epoch 1/5, Batch 2620/2746, Loss: 2.6436
Epoch 1/5, Batch 2630/2746, Loss: 2.6888
Epoch 1/5, Batch 2640/2746, Loss: 2.6746
Epoch 1/5, Batch 2650/2746, Loss: 2.7203
Epoch 1/5, Batch 2660/2746, Loss: 2.6373
Epoch 1/5, Batch 2670/2746, Loss: 2.6769
Epoch 1/5, Batch 2680/2746, Loss: 2.6866
Epoch 1/5, Batch 2690/2746, Loss: 2.6841
Epoch 1/5, Batch 2700/2746, Loss: 2.6597
Epoch 1/5, Batch 2710/2746, Loss: 2.6676
Epoch 1/5, Batch 2720/2746, Loss: 2.6448
Epoch 1/5, Batch 2730/2746, Loss: 2.6355
Epoch 1/5, Batch 2740/2746, Loss: 2.6791
New best model with validation loss: 2.6316, perplexity: 13.90
Epoch 1/5, Loss: 3.1258, Perplexity: 22.78, Val Loss: 2.6316, Val Perplexity: 13.90, Time: 6250.86s
Epoch 2/5, Batch 10/2746, Loss: 2.7420
Epoch 2/5, Batch 20/2746, Loss: 2.7359
Epoch 2/5, Batch 30/2746, Loss: 2.7429
Epoch 2/5, Batch 40/2746, Loss: 2.7005
Epoch 2/5, Batch 50/2746, Loss: 2.6833
Epoch 2/5, Batch 60/2746, Loss: 2.6755
Epoch 2/5, Batch 70/2746, Loss: 2.6758
Epoch 2/5, Batch 80/2746, Loss: 2.7405
Epoch 2/5, Batch 90/2746, Loss: 2.7078
Epoch 2/5, Batch 100/2746, Loss: 2.6809
Epoch 2/5, Batch 110/2746, Loss: 2.7338
Epoch 2/5, Batch 120/2746, Loss: 2.6736
Epoch 2/5, Batch 130/2746, Loss: 2.6683
Epoch 2/5, Batch 140/2746, Loss: 2.7212
Epoch 2/5, Batch 150/2746, Loss: 2.6601
Epoch 2/5, Batch 160/2746, Loss: 2.6444
Epoch 2/5, Batch 170/2746, Loss: 2.6657
Epoch 2/5, Batch 180/2746, Loss: 2.6497
Epoch 2/5, Batch 190/2746, Loss: 2.6716
Epoch 2/5, Batch 200/2746, Loss: 2.6454
Epoch 2/5, Batch 210/2746, Loss: 2.7060
Epoch 2/5, Batch 220/2746, Loss: 2.6256
Epoch 2/5, Batch 230/2746, Loss: 2.6592
Epoch 2/5, Batch 240/2746, Loss: 2.6400
Epoch 2/5, Batch 250/2746, Loss: 2.6528
Epoch 2/5, Batch 260/2746, Loss: 2.6545
Epoch 2/5, Batch 270/2746, Loss: 2.6829
Epoch 2/5, Batch 280/2746, Loss: 2.7049
Epoch 2/5, Batch 290/2746, Loss: 2.6672
Epoch 2/5, Batch 300/2746, Loss: 2.6703
Epoch 2/5, Batch 310/2746, Loss: 2.6345
Epoch 2/5, Batch 320/2746, Loss: 2.6336
Epoch 2/5, Batch 330/2746, Loss: 2.6461
Epoch 2/5, Batch 340/2746, Loss: 2.6173
Epoch 2/5, Batch 350/2746, Loss: 2.6462
Epoch 2/5, Batch 360/2746, Loss: 2.6251
Epoch 2/5, Batch 370/2746, Loss: 2.6831
Epoch 2/5, Batch 380/2746, Loss: 2.6207
Epoch 2/5, Batch 390/2746, Loss: 2.6520
Epoch 2/5, Batch 400/2746, Loss: 2.6869
Epoch 2/5, Batch 410/2746, Loss: 2.6053
Epoch 2/5, Batch 420/2746, Loss: 2.6149
Epoch 2/5, Batch 430/2746, Loss: 2.6420
Epoch 2/5, Batch 440/2746, Loss: 2.6437
Epoch 2/5, Batch 450/2746, Loss: 2.6547
Epoch 2/5, Batch 460/2746, Loss: 2.6760
Epoch 2/5, Batch 470/2746, Loss: 2.6673
Epoch 2/5, Batch 480/2746, Loss: 2.6988
Epoch 2/5, Batch 490/2746, Loss: 2.6480
Epoch 2/5, Batch 500/2746, Loss: 2.7093
Epoch 2/5, Batch 510/2746, Loss: 2.6471
Epoch 2/5, Batch 520/2746, Loss: 2.6505
Epoch 2/5, Batch 530/2746, Loss: 2.6709
Epoch 2/5, Batch 540/2746, Loss: 2.6905
Epoch 2/5, Batch 550/2746, Loss: 2.6860
Epoch 2/5, Batch 560/2746, Loss: 2.6395
Epoch 2/5, Batch 570/2746, Loss: 2.6942
Epoch 2/5, Batch 580/2746, Loss: 2.6565
Epoch 2/5, Batch 590/2746, Loss: 2.6394
Epoch 2/5, Batch 600/2746, Loss: 2.6484
Epoch 2/5, Batch 610/2746, Loss: 2.6395
Epoch 2/5, Batch 620/2746, Loss: 2.6718
Epoch 2/5, Batch 630/2746, Loss: 2.6500
Epoch 2/5, Batch 640/2746, Loss: 2.7334
Epoch 2/5, Batch 650/2746, Loss: 2.6611
Epoch 2/5, Batch 660/2746, Loss: 2.6718
Epoch 2/5, Batch 670/2746, Loss: 2.6667
Epoch 2/5, Batch 680/2746, Loss: 2.6467
Epoch 2/5, Batch 690/2746, Loss: 2.6417
Epoch 2/5, Batch 700/2746, Loss: 2.6494
Epoch 2/5, Batch 710/2746, Loss: 2.6408
Epoch 2/5, Batch 720/2746, Loss: 2.6525
Epoch 2/5, Batch 730/2746, Loss: 2.6656
Epoch 2/5, Batch 740/2746, Loss: 2.7172
Epoch 2/5, Batch 750/2746, Loss: 2.6433
Epoch 2/5, Batch 760/2746, Loss: 2.6260
Epoch 2/5, Batch 770/2746, Loss: 2.6354
Epoch 2/5, Batch 780/2746, Loss: 2.6649
Epoch 2/5, Batch 790/2746, Loss: 2.6814
Epoch 2/5, Batch 800/2746, Loss: 2.6907
Epoch 2/5, Batch 810/2746, Loss: 2.6352
Epoch 2/5, Batch 820/2746, Loss: 2.6791
Epoch 2/5, Batch 830/2746, Loss: 2.6526
Epoch 2/5, Batch 840/2746, Loss: 2.6524
Epoch 2/5, Batch 850/2746, Loss: 2.6340
Epoch 2/5, Batch 860/2746, Loss: 2.6540
Epoch 2/5, Batch 870/2746, Loss: 2.6541
Epoch 2/5, Batch 880/2746, Loss: 2.7332
Epoch 2/5, Batch 890/2746, Loss: 2.6645
Epoch 2/5, Batch 900/2746, Loss: 2.6528
Epoch 2/5, Batch 910/2746, Loss: 2.6620
Epoch 2/5, Batch 920/2746, Loss: 2.6275
Epoch 2/5, Batch 930/2746, Loss: 2.6522
Epoch 2/5, Batch 940/2746, Loss: 2.6504
Epoch 2/5, Batch 950/2746, Loss: 2.6507
Epoch 2/5, Batch 960/2746, Loss: 2.6721
Epoch 2/5, Batch 970/2746, Loss: 2.6644
Epoch 2/5, Batch 980/2746, Loss: 2.6286
Epoch 2/5, Batch 990/2746, Loss: 2.6604
Epoch 2/5, Batch 1000/2746, Loss: 2.7158
Epoch 2/5, Batch 1010/2746, Loss: 2.6274
Epoch 2/5, Batch 1020/2746, Loss: 2.6878
Epoch 2/5, Batch 1030/2746, Loss: 2.6417
Epoch 2/5, Batch 1040/2746, Loss: 2.6632
Epoch 2/5, Batch 1050/2746, Loss: 2.6265
Epoch 2/5, Batch 1060/2746, Loss: 2.6238
Epoch 2/5, Batch 1070/2746, Loss: 2.6825
Epoch 2/5, Batch 1080/2746, Loss: 2.6189
Epoch 2/5, Batch 1090/2746, Loss: 2.6064
Epoch 2/5, Batch 1100/2746, Loss: 2.5983
Epoch 2/5, Batch 1110/2746, Loss: 2.6709
Epoch 2/5, Batch 1120/2746, Loss: 2.6161
Epoch 2/5, Batch 1130/2746, Loss: 2.6486
Epoch 2/5, Batch 1140/2746, Loss: 2.6367
Epoch 2/5, Batch 1150/2746, Loss: 2.6767
Epoch 2/5, Batch 1160/2746, Loss: 2.6125
Epoch 2/5, Batch 1170/2746, Loss: 2.6494
Epoch 2/5, Batch 1180/2746, Loss: 2.6527
Epoch 2/5, Batch 1190/2746, Loss: 2.6615
Epoch 2/5, Batch 1200/2746, Loss: 2.6057
Epoch 2/5, Batch 1210/2746, Loss: 2.5802
Epoch 2/5, Batch 1220/2746, Loss: 2.6593
Epoch 2/5, Batch 1230/2746, Loss: 2.6258
Epoch 2/5, Batch 1240/2746, Loss: 2.6133
Epoch 2/5, Batch 1250/2746, Loss: 2.6154
Epoch 2/5, Batch 1260/2746, Loss: 2.6618
Epoch 2/5, Batch 1270/2746, Loss: 2.6104
Epoch 2/5, Batch 1280/2746, Loss: 2.6122
Epoch 2/5, Batch 1290/2746, Loss: 2.6686
Epoch 2/5, Batch 1300/2746, Loss: 2.6221
Epoch 2/5, Batch 1310/2746, Loss: 2.6879
Epoch 2/5, Batch 1320/2746, Loss: 2.6614
Epoch 2/5, Batch 1330/2746, Loss: 2.5914
Epoch 2/5, Batch 1340/2746, Loss: 2.6357
Epoch 2/5, Batch 1350/2746, Loss: 2.6103
Epoch 2/5, Batch 1360/2746, Loss: 2.6164
Epoch 2/5, Batch 1370/2746, Loss: 2.6190
Epoch 2/5, Batch 1380/2746, Loss: 2.6204
Epoch 2/5, Batch 1390/2746, Loss: 2.6533
Epoch 2/5, Batch 1400/2746, Loss: 2.6617
Epoch 2/5, Batch 1410/2746, Loss: 2.6350
Epoch 2/5, Batch 1420/2746, Loss: 2.6456
Epoch 2/5, Batch 1430/2746, Loss: 2.6330
Epoch 2/5, Batch 1440/2746, Loss: 2.6254
Epoch 2/5, Batch 1450/2746, Loss: 2.6136
Epoch 2/5, Batch 1460/2746, Loss: 2.6665
Epoch 2/5, Batch 1470/2746, Loss: 2.6214
Epoch 2/5, Batch 1480/2746, Loss: 2.6406
Epoch 2/5, Batch 1490/2746, Loss: 2.7164
Epoch 2/5, Batch 1500/2746, Loss: 2.6000
Epoch 2/5, Batch 1510/2746, Loss: 2.6580
Epoch 2/5, Batch 1520/2746, Loss: 2.6381
Epoch 2/5, Batch 1530/2746, Loss: 2.5998
Epoch 2/5, Batch 1540/2746, Loss: 2.6651
Epoch 2/5, Batch 1550/2746, Loss: 2.6607
Epoch 2/5, Batch 1560/2746, Loss: 2.5980
Epoch 2/5, Batch 1570/2746, Loss: 2.6311
Epoch 2/5, Batch 1580/2746, Loss: 2.6135
Epoch 2/5, Batch 1590/2746, Loss: 2.6694
Epoch 2/5, Batch 1600/2746, Loss: 2.6464
Epoch 2/5, Batch 1610/2746, Loss: 2.6213
Epoch 2/5, Batch 1620/2746, Loss: 2.6675
Epoch 2/5, Batch 1630/2746, Loss: 2.6032
Epoch 2/5, Batch 1640/2746, Loss: 2.5925
Epoch 2/5, Batch 1650/2746, Loss: 2.6161
Epoch 2/5, Batch 1660/2746, Loss: 2.6875
Epoch 2/5, Batch 1670/2746, Loss: 2.6681
Epoch 2/5, Batch 1680/2746, Loss: 2.6688
Epoch 2/5, Batch 1690/2746, Loss: 2.6804
Epoch 2/5, Batch 1700/2746, Loss: 2.6323
Epoch 2/5, Batch 1710/2746, Loss: 2.6020
Epoch 2/5, Batch 1720/2746, Loss: 2.6611
Epoch 2/5, Batch 1730/2746, Loss: 2.6380
Epoch 2/5, Batch 1740/2746, Loss: 2.6329
Epoch 2/5, Batch 1750/2746, Loss: 2.6244
Epoch 2/5, Batch 1760/2746, Loss: 2.6326
Epoch 2/5, Batch 1770/2746, Loss: 2.6306
Epoch 2/5, Batch 1780/2746, Loss: 2.6353
Epoch 2/5, Batch 1790/2746, Loss: 2.5992
Epoch 2/5, Batch 1800/2746, Loss: 2.5864
Epoch 2/5, Batch 1810/2746, Loss: 2.6261
Epoch 2/5, Batch 1820/2746, Loss: 2.6255
Epoch 2/5, Batch 1830/2746, Loss: 2.6838
Epoch 2/5, Batch 1840/2746, Loss: 2.6240
Epoch 2/5, Batch 1850/2746, Loss: 2.6353
Epoch 2/5, Batch 1860/2746, Loss: 2.6535
Epoch 2/5, Batch 1870/2746, Loss: 2.6094
Epoch 2/5, Batch 1880/2746, Loss: 2.6021
Epoch 2/5, Batch 1890/2746, Loss: 2.5913
Epoch 2/5, Batch 1900/2746, Loss: 2.6364
Epoch 2/5, Batch 1910/2746, Loss: 2.5922
Epoch 2/5, Batch 1920/2746, Loss: 2.6256
Epoch 2/5, Batch 1930/2746, Loss: 2.5920
Epoch 2/5, Batch 1940/2746, Loss: 2.6066
Epoch 2/5, Batch 1950/2746, Loss: 2.6278
Epoch 2/5, Batch 1960/2746, Loss: 2.5955
Epoch 2/5, Batch 1970/2746, Loss: 2.6078
Epoch 2/5, Batch 1980/2746, Loss: 2.5938
Epoch 2/5, Batch 1990/2746, Loss: 2.6363
Epoch 2/5, Batch 2000/2746, Loss: 2.6062
Epoch 2/5, Batch 2010/2746, Loss: 2.6310
Epoch 2/5, Batch 2020/2746, Loss: 2.6276
Epoch 2/5, Batch 2030/2746, Loss: 2.6110
Epoch 2/5, Batch 2040/2746, Loss: 2.5825
Epoch 2/5, Batch 2050/2746, Loss: 2.5651
Epoch 2/5, Batch 2060/2746, Loss: 2.5855
Epoch 2/5, Batch 2070/2746, Loss: 2.5905
Epoch 2/5, Batch 2080/2746, Loss: 2.5951
Epoch 2/5, Batch 2090/2746, Loss: 2.6102
Epoch 2/5, Batch 2100/2746, Loss: 2.6382
Epoch 2/5, Batch 2110/2746, Loss: 2.6630
Epoch 2/5, Batch 2120/2746, Loss: 2.6342
Epoch 2/5, Batch 2130/2746, Loss: 2.6189
Epoch 2/5, Batch 2140/2746, Loss: 2.5662
Epoch 2/5, Batch 2150/2746, Loss: 2.6537
Epoch 2/5, Batch 2160/2746, Loss: 2.6105
Epoch 2/5, Batch 2170/2746, Loss: 2.6398
Epoch 2/5, Batch 2180/2746, Loss: 2.6422
Epoch 2/5, Batch 2190/2746, Loss: 2.6314
Epoch 2/5, Batch 2200/2746, Loss: 2.6335
Epoch 2/5, Batch 2210/2746, Loss: 2.6044
Epoch 2/5, Batch 2220/2746, Loss: 2.6589
Epoch 2/5, Batch 2230/2746, Loss: 2.6371
Epoch 2/5, Batch 2240/2746, Loss: 2.6171
Epoch 2/5, Batch 2250/2746, Loss: 2.6646
Epoch 2/5, Batch 2260/2746, Loss: 2.6670
Epoch 2/5, Batch 2270/2746, Loss: 2.5956
Epoch 2/5, Batch 2280/2746, Loss: 2.6377
Epoch 2/5, Batch 2290/2746, Loss: 2.6152
Epoch 2/5, Batch 2300/2746, Loss: 2.6239
Epoch 2/5, Batch 2310/2746, Loss: 2.5793
Epoch 2/5, Batch 2320/2746, Loss: 2.6179
Epoch 2/5, Batch 2330/2746, Loss: 2.6277
Epoch 2/5, Batch 2340/2746, Loss: 2.6238
Epoch 2/5, Batch 2350/2746, Loss: 2.6562
Epoch 2/5, Batch 2360/2746, Loss: 2.6152
Epoch 2/5, Batch 2370/2746, Loss: 2.6727
Epoch 2/5, Batch 2380/2746, Loss: 2.5989
Epoch 2/5, Batch 2390/2746, Loss: 2.6875
Epoch 2/5, Batch 2400/2746, Loss: 2.6190
Epoch 2/5, Batch 2410/2746, Loss: 2.5910
Epoch 2/5, Batch 2420/2746, Loss: 2.6237
Epoch 2/5, Batch 2430/2746, Loss: 2.6378
Epoch 2/5, Batch 2440/2746, Loss: 2.6017
Epoch 2/5, Batch 2450/2746, Loss: 2.5901
Epoch 2/5, Batch 2460/2746, Loss: 2.5317
Epoch 2/5, Batch 2470/2746, Loss: 2.5770
Epoch 2/5, Batch 2480/2746, Loss: 2.5978
Epoch 2/5, Batch 2490/2746, Loss: 2.5835
Epoch 2/5, Batch 2500/2746, Loss: 2.6594
Epoch 2/5, Batch 2510/2746, Loss: 2.6272
Epoch 2/5, Batch 2520/2746, Loss: 2.6052
Epoch 2/5, Batch 2530/2746, Loss: 2.6385
Epoch 2/5, Batch 2540/2746, Loss: 2.6364
Epoch 2/5, Batch 2550/2746, Loss: 2.6021
Epoch 2/5, Batch 2560/2746, Loss: 2.6031
Epoch 2/5, Batch 2570/2746, Loss: 2.6125
Epoch 2/5, Batch 2580/2746, Loss: 2.5873
Epoch 2/5, Batch 2590/2746, Loss: 2.5834
Epoch 2/5, Batch 2600/2746, Loss: 2.5846
Epoch 2/5, Batch 2610/2746, Loss: 2.6397
Epoch 2/5, Batch 2620/2746, Loss: 2.5848
Epoch 2/5, Batch 2630/2746, Loss: 2.5891
Epoch 2/5, Batch 2640/2746, Loss: 2.5855
Epoch 2/5, Batch 2650/2746, Loss: 2.6268
Epoch 2/5, Batch 2660/2746, Loss: 2.5791
Epoch 2/5, Batch 2670/2746, Loss: 2.6163
Epoch 2/5, Batch 2680/2746, Loss: 2.6222
Epoch 2/5, Batch 2690/2746, Loss: 2.6174
Epoch 2/5, Batch 2700/2746, Loss: 2.5918
Epoch 2/5, Batch 2710/2746, Loss: 2.6219
Epoch 2/5, Batch 2720/2746, Loss: 2.5700
Epoch 2/5, Batch 2730/2746, Loss: 2.5857
Epoch 2/5, Batch 2740/2746, Loss: 2.6133
New best model with validation loss: 2.5546, perplexity: 12.87
Epoch 2/5, Loss: 2.6423, Perplexity: 14.05, Val Loss: 2.5546, Val Perplexity: 12.87, Time: 6261.18s
Epoch 3/5, Batch 10/2746, Loss: 2.6805
Epoch 3/5, Batch 20/2746, Loss: 2.6696
Epoch 3/5, Batch 30/2746, Loss: 2.6530
Epoch 3/5, Batch 40/2746, Loss: 2.6197
Epoch 3/5, Batch 50/2746, Loss: 2.6351
Epoch 3/5, Batch 60/2746, Loss: 2.6093
Epoch 3/5, Batch 70/2746, Loss: 2.6142
Epoch 3/5, Batch 80/2746, Loss: 2.6747
Epoch 3/5, Batch 90/2746, Loss: 2.6355
Epoch 3/5, Batch 100/2746, Loss: 2.6094
Epoch 3/5, Batch 110/2746, Loss: 2.6802
Epoch 3/5, Batch 120/2746, Loss: 2.6185
Epoch 3/5, Batch 130/2746, Loss: 2.5982
Epoch 3/5, Batch 140/2746, Loss: 2.6403
Epoch 3/5, Batch 150/2746, Loss: 2.5720
Epoch 3/5, Batch 160/2746, Loss: 2.5840
Epoch 3/5, Batch 170/2746, Loss: 2.6127
Epoch 3/5, Batch 180/2746, Loss: 2.5991
Epoch 3/5, Batch 190/2746, Loss: 2.6257
Epoch 3/5, Batch 200/2746, Loss: 2.5961
Epoch 3/5, Batch 210/2746, Loss: 2.6493
Epoch 3/5, Batch 220/2746, Loss: 2.5553
Epoch 3/5, Batch 230/2746, Loss: 2.6087
Epoch 3/5, Batch 240/2746, Loss: 2.5873
Epoch 3/5, Batch 250/2746, Loss: 2.5992
Epoch 3/5, Batch 260/2746, Loss: 2.5948
Epoch 3/5, Batch 270/2746, Loss: 2.6337
Epoch 3/5, Batch 280/2746, Loss: 2.6388
Epoch 3/5, Batch 290/2746, Loss: 2.6109
Epoch 3/5, Batch 300/2746, Loss: 2.6249
Epoch 3/5, Batch 310/2746, Loss: 2.5708
Epoch 3/5, Batch 320/2746, Loss: 2.5704
Epoch 3/5, Batch 330/2746, Loss: 2.5921
Epoch 3/5, Batch 340/2746, Loss: 2.5570
Epoch 3/5, Batch 350/2746, Loss: 2.5708
Epoch 3/5, Batch 360/2746, Loss: 2.5761
Epoch 3/5, Batch 370/2746, Loss: 2.6055
Epoch 3/5, Batch 380/2746, Loss: 2.5375
Epoch 3/5, Batch 390/2746, Loss: 2.5963
Epoch 3/5, Batch 400/2746, Loss: 2.6310
Epoch 3/5, Batch 410/2746, Loss: 2.5400
Epoch 3/5, Batch 420/2746, Loss: 2.5564
Epoch 3/5, Batch 430/2746, Loss: 2.5754
Epoch 3/5, Batch 440/2746, Loss: 2.5828
Epoch 3/5, Batch 450/2746, Loss: 2.5940
Epoch 3/5, Batch 460/2746, Loss: 2.6166
Epoch 3/5, Batch 470/2746, Loss: 2.6100
Epoch 3/5, Batch 480/2746, Loss: 2.6349
Epoch 3/5, Batch 490/2746, Loss: 2.5936
Epoch 3/5, Batch 500/2746, Loss: 2.6532
Epoch 3/5, Batch 510/2746, Loss: 2.5861
Epoch 3/5, Batch 520/2746, Loss: 2.5821
Epoch 3/5, Batch 530/2746, Loss: 2.6154
Epoch 3/5, Batch 540/2746, Loss: 2.6239
Epoch 3/5, Batch 550/2746, Loss: 2.6027
Epoch 3/5, Batch 560/2746, Loss: 2.5836
Epoch 3/5, Batch 570/2746, Loss: 2.6392
Epoch 3/5, Batch 580/2746, Loss: 2.5952
Epoch 3/5, Batch 590/2746, Loss: 2.5823
Epoch 3/5, Batch 600/2746, Loss: 2.5809
Epoch 3/5, Batch 610/2746, Loss: 2.5994
Epoch 3/5, Batch 620/2746, Loss: 2.6181
Epoch 3/5, Batch 630/2746, Loss: 2.5974
Epoch 3/5, Batch 640/2746, Loss: 2.6494
Epoch 3/5, Batch 650/2746, Loss: 2.6101
Epoch 3/5, Batch 660/2746, Loss: 2.6166
Epoch 3/5, Batch 670/2746, Loss: 2.6213
Epoch 3/5, Batch 680/2746, Loss: 2.6029
Epoch 3/5, Batch 690/2746, Loss: 2.5882
Epoch 3/5, Batch 700/2746, Loss: 2.5824
Epoch 3/5, Batch 710/2746, Loss: 2.5628
Epoch 3/5, Batch 720/2746, Loss: 2.5795
Epoch 3/5, Batch 730/2746, Loss: 2.6049
Epoch 3/5, Batch 740/2746, Loss: 2.6245
Epoch 3/5, Batch 750/2746, Loss: 2.5643
Epoch 3/5, Batch 760/2746, Loss: 2.5677
Epoch 3/5, Batch 770/2746, Loss: 2.5635
Epoch 3/5, Batch 780/2746, Loss: 2.6129
Epoch 3/5, Batch 790/2746, Loss: 2.6252
Epoch 3/5, Batch 800/2746, Loss: 2.6280
Epoch 3/5, Batch 810/2746, Loss: 2.5714
Epoch 3/5, Batch 820/2746, Loss: 2.6017
Epoch 3/5, Batch 830/2746, Loss: 2.6007
Epoch 3/5, Batch 840/2746, Loss: 2.6025
Epoch 3/5, Batch 850/2746, Loss: 2.5643
Epoch 3/5, Batch 860/2746, Loss: 2.6007
Epoch 3/5, Batch 870/2746, Loss: 2.6132
Epoch 3/5, Batch 880/2746, Loss: 2.6515
Epoch 3/5, Batch 890/2746, Loss: 2.6305
Epoch 3/5, Batch 900/2746, Loss: 2.5969
Epoch 3/5, Batch 910/2746, Loss: 2.5935
Epoch 3/5, Batch 920/2746, Loss: 2.5787
Epoch 3/5, Batch 930/2746, Loss: 2.5902
Epoch 3/5, Batch 940/2746, Loss: 2.5939
Epoch 3/5, Batch 950/2746, Loss: 2.6086
Epoch 3/5, Batch 960/2746, Loss: 2.6292
Epoch 3/5, Batch 970/2746, Loss: 2.6122
Epoch 3/5, Batch 980/2746, Loss: 2.5888
Epoch 3/5, Batch 990/2746, Loss: 2.6193
Epoch 3/5, Batch 1000/2746, Loss: 2.6722
Epoch 3/5, Batch 1010/2746, Loss: 2.5724
Epoch 3/5, Batch 1020/2746, Loss: 2.6354
Epoch 3/5, Batch 1030/2746, Loss: 2.5889
Epoch 3/5, Batch 1040/2746, Loss: 2.5990
Epoch 3/5, Batch 1050/2746, Loss: 2.5644
Epoch 3/5, Batch 1060/2746, Loss: 2.5815
Epoch 3/5, Batch 1070/2746, Loss: 2.5921
Epoch 3/5, Batch 1080/2746, Loss: 2.5734
Epoch 3/5, Batch 1090/2746, Loss: 2.5485
Epoch 3/5, Batch 1100/2746, Loss: 2.5601
Epoch 3/5, Batch 1110/2746, Loss: 2.6028
Epoch 3/5, Batch 1120/2746, Loss: 2.5778
Epoch 3/5, Batch 1130/2746, Loss: 2.5949
Epoch 3/5, Batch 1140/2746, Loss: 2.5804
Epoch 3/5, Batch 1150/2746, Loss: 2.6239
Epoch 3/5, Batch 1160/2746, Loss: 2.5574
Epoch 3/5, Batch 1170/2746, Loss: 2.5857
Epoch 3/5, Batch 1180/2746, Loss: 2.5834
Epoch 3/5, Batch 1190/2746, Loss: 2.6074
Epoch 3/5, Batch 1200/2746, Loss: 2.5421
Epoch 3/5, Batch 1210/2746, Loss: 2.5269
Epoch 3/5, Batch 1220/2746, Loss: 2.6139
Epoch 3/5, Batch 1230/2746, Loss: 2.5766
Epoch 3/5, Batch 1240/2746, Loss: 2.5588
Epoch 3/5, Batch 1250/2746, Loss: 2.5692
Epoch 3/5, Batch 1260/2746, Loss: 2.6111
Epoch 3/5, Batch 1270/2746, Loss: 2.5727
Epoch 3/5, Batch 1280/2746, Loss: 2.5758
Epoch 3/5, Batch 1290/2746, Loss: 2.6092
Epoch 3/5, Batch 1300/2746, Loss: 2.5807
Epoch 3/5, Batch 1310/2746, Loss: 2.6465
Epoch 3/5, Batch 1320/2746, Loss: 2.6054
Epoch 3/5, Batch 1330/2746, Loss: 2.5366
Epoch 3/5, Batch 1340/2746, Loss: 2.5855
Epoch 3/5, Batch 1350/2746, Loss: 2.5642
Epoch 3/5, Batch 1360/2746, Loss: 2.5630
Epoch 3/5, Batch 1370/2746, Loss: 2.5679
Epoch 3/5, Batch 1380/2746, Loss: 2.5649
Epoch 3/5, Batch 1390/2746, Loss: 2.5838
Epoch 3/5, Batch 1400/2746, Loss: 2.6198
Epoch 3/5, Batch 1410/2746, Loss: 2.5952
Epoch 3/5, Batch 1420/2746, Loss: 2.5962
Epoch 3/5, Batch 1430/2746, Loss: 2.5890
Epoch 3/5, Batch 1440/2746, Loss: 2.5711
Epoch 3/5, Batch 1450/2746, Loss: 2.5635
Epoch 3/5, Batch 1460/2746, Loss: 2.5988
Epoch 3/5, Batch 1470/2746, Loss: 2.5665
Epoch 3/5, Batch 1480/2746, Loss: 2.5751
Epoch 3/5, Batch 1490/2746, Loss: 2.6735
Epoch 3/5, Batch 1500/2746, Loss: 2.5637
Epoch 3/5, Batch 1510/2746, Loss: 2.6074
Epoch 3/5, Batch 1520/2746, Loss: 2.5972
Epoch 3/5, Batch 1530/2746, Loss: 2.5525
Epoch 3/5, Batch 1540/2746, Loss: 2.6207
Epoch 3/5, Batch 1550/2746, Loss: 2.6300
Epoch 3/5, Batch 1560/2746, Loss: 2.5584
Epoch 3/5, Batch 1570/2746, Loss: 2.5869
Epoch 3/5, Batch 1580/2746, Loss: 2.5715
Epoch 3/5, Batch 1590/2746, Loss: 2.6242
Epoch 3/5, Batch 1600/2746, Loss: 2.5945
Epoch 3/5, Batch 1610/2746, Loss: 2.5812
Epoch 3/5, Batch 1620/2746, Loss: 2.6072
Epoch 3/5, Batch 1630/2746, Loss: 2.5605
Epoch 3/5, Batch 1640/2746, Loss: 2.5617
Epoch 3/5, Batch 1650/2746, Loss: 2.5765
Epoch 3/5, Batch 1660/2746, Loss: 2.6324
Epoch 3/5, Batch 1670/2746, Loss: 2.6067
Epoch 3/5, Batch 1680/2746, Loss: 2.6170
Epoch 3/5, Batch 1690/2746, Loss: 2.6103
Epoch 3/5, Batch 1700/2746, Loss: 2.5939
Epoch 3/5, Batch 1710/2746, Loss: 2.5648
Epoch 3/5, Batch 1720/2746, Loss: 2.6159
Epoch 3/5, Batch 1730/2746, Loss: 2.6011
Epoch 3/5, Batch 1740/2746, Loss: 2.5898
Epoch 3/5, Batch 1750/2746, Loss: 2.5850
Epoch 3/5, Batch 1760/2746, Loss: 2.5832
Epoch 3/5, Batch 1770/2746, Loss: 2.5779
Epoch 3/5, Batch 1780/2746, Loss: 2.6004
Epoch 3/5, Batch 1790/2746, Loss: 2.5466
Epoch 3/5, Batch 1800/2746, Loss: 2.5487
Epoch 3/5, Batch 1810/2746, Loss: 2.5827
Epoch 3/5, Batch 1820/2746, Loss: 2.5852
Epoch 3/5, Batch 1830/2746, Loss: 2.6344
Epoch 3/5, Batch 1840/2746, Loss: 2.5780
Epoch 3/5, Batch 1850/2746, Loss: 2.5789
Epoch 3/5, Batch 1860/2746, Loss: 2.6291
Epoch 3/5, Batch 1870/2746, Loss: 2.5834
Epoch 3/5, Batch 1880/2746, Loss: 2.5668
Epoch 3/5, Batch 1890/2746, Loss: 2.5468
Epoch 3/5, Batch 1900/2746, Loss: 2.5987
Epoch 3/5, Batch 1910/2746, Loss: 2.5542
Epoch 3/5, Batch 1920/2746, Loss: 2.5750
Epoch 3/5, Batch 1930/2746, Loss: 2.5419
Epoch 3/5, Batch 1940/2746, Loss: 2.5669
Epoch 3/5, Batch 1950/2746, Loss: 2.5917
Epoch 3/5, Batch 1960/2746, Loss: 2.5587
Epoch 3/5, Batch 1970/2746, Loss: 2.5594
Epoch 3/5, Batch 1980/2746, Loss: 2.5494
Epoch 3/5, Batch 1990/2746, Loss: 2.5933
Epoch 3/5, Batch 2000/2746, Loss: 2.5613
Epoch 3/5, Batch 2010/2746, Loss: 2.6027
Epoch 3/5, Batch 2020/2746, Loss: 2.5714
Epoch 3/5, Batch 2030/2746, Loss: 2.5772
Epoch 3/5, Batch 2040/2746, Loss: 2.5391
Epoch 3/5, Batch 2050/2746, Loss: 2.5307
Epoch 3/5, Batch 2060/2746, Loss: 2.5495
Epoch 3/5, Batch 2070/2746, Loss: 2.5337
Epoch 3/5, Batch 2080/2746, Loss: 2.5411
Epoch 3/5, Batch 2090/2746, Loss: 2.5647
Epoch 3/5, Batch 2100/2746, Loss: 2.6011
Epoch 3/5, Batch 2110/2746, Loss: 2.6395
Epoch 3/5, Batch 2120/2746, Loss: 2.5636
Epoch 3/5, Batch 2130/2746, Loss: 2.5797
Epoch 3/5, Batch 2140/2746, Loss: 2.5350
Epoch 3/5, Batch 2150/2746, Loss: 2.6124
Epoch 3/5, Batch 2160/2746, Loss: 2.5576
Epoch 3/5, Batch 2170/2746, Loss: 2.5950
Epoch 3/5, Batch 2180/2746, Loss: 2.5857
Epoch 3/5, Batch 2190/2746, Loss: 2.6016
Epoch 3/5, Batch 2200/2746, Loss: 2.5988
Epoch 3/5, Batch 2210/2746, Loss: 2.5543
Epoch 3/5, Batch 2220/2746, Loss: 2.5884
Epoch 3/5, Batch 2230/2746, Loss: 2.5935
Epoch 3/5, Batch 2240/2746, Loss: 2.5875
Epoch 3/5, Batch 2250/2746, Loss: 2.5959
Epoch 3/5, Batch 2260/2746, Loss: 2.6331
Epoch 3/5, Batch 2270/2746, Loss: 2.5550
Epoch 3/5, Batch 2280/2746, Loss: 2.5969
Epoch 3/5, Batch 2290/2746, Loss: 2.5695
Epoch 3/5, Batch 2300/2746, Loss: 2.5814
Epoch 3/5, Batch 2310/2746, Loss: 2.5655
Epoch 3/5, Batch 2320/2746, Loss: 2.5768
Epoch 3/5, Batch 2330/2746, Loss: 2.5931
Epoch 3/5, Batch 2340/2746, Loss: 2.5790
Epoch 3/5, Batch 2350/2746, Loss: 2.6141
Epoch 3/5, Batch 2360/2746, Loss: 2.5893
Epoch 3/5, Batch 2370/2746, Loss: 2.6297
Epoch 3/5, Batch 2380/2746, Loss: 2.5572
Epoch 3/5, Batch 2390/2746, Loss: 2.6257
Epoch 3/5, Batch 2400/2746, Loss: 2.5719
Epoch 3/5, Batch 2410/2746, Loss: 2.5560
Epoch 3/5, Batch 2420/2746, Loss: 2.5871
Epoch 3/5, Batch 2430/2746, Loss: 2.6031
Epoch 3/5, Batch 2440/2746, Loss: 2.5645
Epoch 3/5, Batch 2450/2746, Loss: 2.5466
Epoch 3/5, Batch 2460/2746, Loss: 2.4835
Epoch 3/5, Batch 2470/2746, Loss: 2.5298
Epoch 3/5, Batch 2480/2746, Loss: 2.5524
Epoch 3/5, Batch 2490/2746, Loss: 2.5474
Epoch 3/5, Batch 2500/2746, Loss: 2.6227
Epoch 3/5, Batch 2510/2746, Loss: 2.5911
Epoch 3/5, Batch 2520/2746, Loss: 2.5677
Epoch 3/5, Batch 2530/2746, Loss: 2.6118
Epoch 3/5, Batch 2540/2746, Loss: 2.6067
Epoch 3/5, Batch 2550/2746, Loss: 2.5571
Epoch 3/5, Batch 2560/2746, Loss: 2.5461
Epoch 3/5, Batch 2570/2746, Loss: 2.5776
Epoch 3/5, Batch 2580/2746, Loss: 2.5555
Epoch 3/5, Batch 2590/2746, Loss: 2.5426
Epoch 3/5, Batch 2600/2746, Loss: 2.5479
Epoch 3/5, Batch 2610/2746, Loss: 2.6151
Epoch 3/5, Batch 2620/2746, Loss: 2.5537
Epoch 3/5, Batch 2630/2746, Loss: 2.5550
Epoch 3/5, Batch 2640/2746, Loss: 2.5378
Epoch 3/5, Batch 2650/2746, Loss: 2.5761
Epoch 3/5, Batch 2660/2746, Loss: 2.5495
Epoch 3/5, Batch 2670/2746, Loss: 2.5900
Epoch 3/5, Batch 2680/2746, Loss: 2.5958
Epoch 3/5, Batch 2690/2746, Loss: 2.5898
Epoch 3/5, Batch 2700/2746, Loss: 2.5435
Epoch 3/5, Batch 2710/2746, Loss: 2.5828
Epoch 3/5, Batch 2720/2746, Loss: 2.5428
Epoch 3/5, Batch 2730/2746, Loss: 2.5530
Epoch 3/5, Batch 2740/2746, Loss: 2.5748
New best model with validation loss: 2.5175, perplexity: 12.40
Epoch 3/5, Loss: 2.5911, Perplexity: 13.34, Val Loss: 2.5175, Val Perplexity: 12.40, Time: 6259.86s
Epoch 4/5, Batch 10/2746, Loss: 2.6578
Epoch 4/5, Batch 20/2746, Loss: 2.6348
Epoch 4/5, Batch 30/2746, Loss: 2.5995
Epoch 4/5, Batch 40/2746, Loss: 2.5763
Epoch 4/5, Batch 50/2746, Loss: 2.6082
Epoch 4/5, Batch 60/2746, Loss: 2.5813
Epoch 4/5, Batch 70/2746, Loss: 2.5732
Epoch 4/5, Batch 80/2746, Loss: 2.6338
Epoch 4/5, Batch 90/2746, Loss: 2.5968
Epoch 4/5, Batch 100/2746, Loss: 2.5816
